2025-08-22 07:55:32,146 | INFO    | scraper.cli          | Email scraper starting
2025-08-22 07:55:32,147 | INFO    | scraper.cli          | Input file: test_input.xlsx
2025-08-22 07:55:32,148 | INFO    | scraper.cli          | Output file: results.xlsx
2025-08-22 07:55:32,148 | INFO    | scraper.cli          | Workers: 16
2025-08-22 07:55:32,149 | INFO    | scraper.cli          | Domain threshold: 65
2025-08-22 07:55:32,149 | INFO    | scraper.cli          | Max pages: 30
2025-08-22 07:55:32,149 | INFO    | scraper.cli          | Process PDFs: False
2025-08-22 07:55:32,149 | INFO    | scraper.cli          | Save domain only: False
2025-08-22 07:55:32,343 | INFO    | scraper.cli          | Loaded 9 companies from test_input.xlsx
2025-08-22 07:55:32,343 | INFO    | scraper.orchestrator | ▶ Processing company: walter schmidt chemie gmbh
2025-08-22 07:55:32,344 | INFO    | scraper.orchestrator | ▶ Processing company: henan xinlianxin fertilizer co.
2025-08-22 07:55:32,346 | INFO    | scraper.orchestrator | ▶ Processing company: mitsui toatsu chemicals;  inc.
2025-08-22 07:55:32,347 | INFO    | scraper.orchestrator | ▶ Processing company: bluetec haman co.; ltd.
2025-08-22 07:55:32,347 | INFO    | scraper.orchestrator | ▶ Processing company: daf trucks n.v.
2025-08-22 07:55:32,347 | INFO    | scraper.orchestrator | ▶ Processing company: petrol rete s.r.l.
2025-08-22 07:55:32,349 | INFO    | scraper.orchestrator | ▶ Processing company: euro dam jas doo
2025-08-22 07:55:32,349 | INFO    | scraper.orchestrator | ▶ Processing company: Synsol
2025-08-22 07:55:32,352 | INFO    | scraper.orchestrator | ▶ Processing company: speedy fuels
2025-08-22 07:55:33,182 | ERROR   | scraper.google_search | Unexpected error in Google search: [SSL: WRONG_VERSION_NUMBER] wrong version number (_ssl.c:2648)
2025-08-22 07:55:33,183 | ERROR   | scraper.google_search | Unexpected error in Google search: [SSL: WRONG_VERSION_NUMBER] wrong version number (_ssl.c:2648)
2025-08-22 07:55:33,184 | ERROR   | scraper.google_search | Unexpected error in Google search: [SSL: WRONG_VERSION_NUMBER] wrong version number (_ssl.c:2648)
2025-08-22 07:55:33,185 | ERROR   | scraper.google_search | Search failed with fallback: [SSL: WRONG_VERSION_NUMBER] wrong version number (_ssl.c:2648)
2025-08-22 07:55:33,185 | ERROR   | scraper.google_search | Search failed with fallback: [SSL: WRONG_VERSION_NUMBER] wrong version number (_ssl.c:2648)
2025-08-22 07:55:33,185 | WARNING | scraper.orchestrator | No Google search results for: mitsui toatsu chemicals;  inc.
2025-08-22 07:55:33,185 | WARNING | scraper.orchestrator | No Google search results for: Synsol
2025-08-22 07:55:33,186 | ERROR   | scraper.google_search | Search failed with fallback: [SSL: WRONG_VERSION_NUMBER] wrong version number (_ssl.c:2648)
2025-08-22 07:55:33,186 | WARNING | scraper.orchestrator | No Google search results for: henan xinlianxin fertilizer co.
2025-08-22 07:56:33,232 | WARNING | scraper.google_search | Google search timed out on 'bluetec haman co.; ltd.' (attempt 1/5), retrying in 1s
2025-08-22 07:56:33,233 | WARNING | scraper.google_search | Google search timed out on 'daf trucks n.v.' (attempt 1/5), retrying in 1s
2025-08-22 07:56:33,233 | WARNING | scraper.google_search | Google search timed out on 'euro dam jas doo' (attempt 1/5), retrying in 1s
2025-08-22 07:56:33,233 | WARNING | scraper.google_search | Google search timed out on 'petrol rete s.r.l.' (attempt 1/5), retrying in 1s
2025-08-22 07:56:33,233 | WARNING | scraper.google_search | Google search timed out on 'walter schmidt chemie gmbh' (attempt 1/5), retrying in 1s
2025-08-22 07:56:33,234 | WARNING | scraper.google_search | Google search timed out on 'speedy fuels' (attempt 1/5), retrying in 1s
2025-08-22 07:56:34,998 | INFO    | scraper.orchestrator | ✓ Found domain: bluetech00.gobizkorea.com (score: 88)
2025-08-22 07:56:35,306 | ERROR   | scraper.google_search | Unexpected error in Google search: [SSL: DECRYPTION_FAILED_OR_BAD_RECORD_MAC] decryption failed or bad record mac (_ssl.c:2648)
2025-08-22 07:56:35,308 | ERROR   | scraper.google_search | Search failed with fallback: [SSL: DECRYPTION_FAILED_OR_BAD_RECORD_MAC] decryption failed or bad record mac (_ssl.c:2648)
2025-08-22 07:56:35,309 | WARNING | scraper.orchestrator | No Google search results for: euro dam jas doo
2025-08-22 07:56:35,803 | INFO    | scraper.orchestrator | ✓ Found domain: daf.com (score: 100)
2025-08-22 07:56:36,564 | INFO    | scraper.http         | HTTP GET https://daf.com → 200
2025-08-22 07:56:36,601 | INFO    | scraper.email_extractor |   0 emails on https://www.daf.com/en/sites-landing (def from text)
2025-08-22 07:56:36,678 | INFO    | scraper.hybrid_email_extractor | JS fallback for https://www.daf.com/en/sites-landing
2025-08-22 07:56:41,632 | INFO    | scraper.email_extractor |   0 emails on https://www.daf.com/en/sites-landing (def from text)
2025-08-22 07:56:41,737 | INFO    | scraper.http         | HTTP HEAD https://daf.com/sitemap.xml → 200
2025-08-22 07:56:41,816 | INFO    | scraper.http         | HTTP GET https://daf.com/sitemap.xml → 200
2025-08-22 07:56:41,816 | INFO    | scraper.sitemap      | Found sitemap via standard filenames: https://daf.com/sitemap.xml (0.16s)
2025-08-22 07:56:41,817 | WARNING | scraper.sitemap      | Error parsing https://daf.com/sitemap.xml – XML parse failed: Couldn't find a tree builder with the features you requested: xml. Do you need to install a parser library?
2025-08-22 07:56:41,817 | INFO    | scraper.orchestrator | Used sitemap for daf.com
2025-08-22 07:56:41,817 | INFO    | scraper.orchestrator | No emails found in sitemap, attempting fallback crawl: daf.com
2025-08-22 07:56:41,818 | INFO    | scraper.crawler      | Starting crawl of daf.com (limit: 30 pages, timeout: 60 seconds, workers: 4)
2025-08-22 07:56:41,956 | INFO    | scraper.http         | HTTP GET https://www.daf.com/en/sites-landing → 200
2025-08-22 07:56:41,991 | INFO    | scraper.email_extractor |   0 emails on https://www.daf.com/en/sites-landing (def from text)
2025-08-22 07:56:42,969 | INFO    | scraper.http         | HTTP GET https://parts.daf.com/ → 200
2025-08-22 07:56:43,036 | INFO    | scraper.email_extractor |   0 emails on https://parts.daf.com/en-gb/ (def from text)
2025-08-22 07:56:43,046 | INFO    | scraper.hybrid_email_extractor | JS fallback for https://parts.daf.com/en-gb/
2025-08-22 07:56:45,188 | INFO    | scraper.email_extractor |   0 emails on https://parts.daf.com/en-gb/ (def from text)
2025-08-22 07:56:47,359 | INFO    | scraper.http         | HTTP GET https://www.daf.com/en/news-and-media → 200
2025-08-22 07:56:47,420 | INFO    | scraper.email_extractor |   1 emails on https://www.daf.com/en/news-and-media (def from text)
2025-08-22 07:56:47,420 | INFO    | scraper.hybrid_email_extractor | Static pass found 1 emails in https://www.daf.com/en/news-and-media
2025-08-22 07:56:47,939 | INFO    | scraper.http         | HTTP GET https://www.daf.com/en/suppliers → 200
2025-08-22 07:56:47,978 | INFO    | scraper.email_extractor |   0 emails on https://www.daf.com/en/suppliers (def from text)
2025-08-22 07:56:48,008 | INFO    | scraper.hybrid_email_extractor | JS fallback for https://www.daf.com/en/suppliers
2025-08-22 07:56:50,072 | INFO    | scraper.email_extractor |   0 emails on https://www.daf.com/en/suppliers (def from text)
2025-08-22 07:56:50,344 | INFO    | scraper.http         | HTTP GET https://www.daf.com/en/working-at-daf → 200
2025-08-22 07:56:50,393 | INFO    | scraper.email_extractor |   0 emails on https://www.daf.com/en/working-at-daf (def from text)
2025-08-22 07:56:50,430 | INFO    | scraper.hybrid_email_extractor | JS fallback for https://www.daf.com/en/working-at-daf
2025-08-22 07:56:57,605 | INFO    | scraper.email_extractor |   0 emails on https://www.daf.com/en/working-at-daf (def from text)
2025-08-22 07:56:57,832 | INFO    | scraper.http         | HTTP GET https://www.daf.com/en → 200
2025-08-22 07:56:57,878 | INFO    | scraper.email_extractor |   0 emails on https://www.daf.com/en (def from text)
2025-08-22 07:56:57,980 | WARNING | scraper.email_extractor | Failed to clean '': invalid format (no single @)
2025-08-22 07:56:57,981 | INFO    | scraper.hybrid_email_extractor | JS fallback for https://www.daf.com/en
2025-08-22 07:57:00,317 | INFO    | scraper.email_extractor |   0 emails on https://www.daf.com/en (def from text)
2025-08-22 07:57:00,350 | WARNING | scraper.email_extractor | Failed to clean '': invalid format (no single @)
2025-08-22 07:57:00,552 | INFO    | scraper.http         | HTTP GET https://www.daf.com/nl-nl → 200
2025-08-22 07:57:00,596 | INFO    | scraper.email_extractor |   0 emails on https://www.daf.com/nl-nl (def from text)
2025-08-22 07:57:00,635 | WARNING | scraper.email_extractor | Failed to clean '': invalid format (no single @)
2025-08-22 07:57:00,635 | INFO    | scraper.hybrid_email_extractor | JS fallback for https://www.daf.com/nl-nl
2025-08-22 07:57:03,142 | INFO    | scraper.email_extractor |   0 emails on https://www.daf.com/nl-nl (def from text)
2025-08-22 07:57:03,173 | WARNING | scraper.email_extractor | Failed to clean '': invalid format (no single @)
2025-08-22 07:57:03,553 | INFO    | scraper.http         | HTTP GET https://www.daf.com/en/dealer-locator-page → 200
2025-08-22 07:57:03,573 | INFO    | scraper.email_extractor |   0 emails on https://www.daf.com/en/dealer-locator-page (def from text)
2025-08-22 07:57:03,592 | INFO    | scraper.hybrid_email_extractor | JS fallback for https://www.daf.com/en/dealer-locator-page
2025-08-22 07:57:10,398 | INFO    | scraper.email_extractor |   0 emails on https://www.daf.com/en/dealer-locator-page (def from text)
2025-08-22 07:57:12,151 | INFO    | scraper.http         | HTTP GET https://www.daf.com.au → 200
2025-08-22 07:57:12,191 | INFO    | scraper.email_extractor |   0 emails on https://www.daf.com.au/ (def from text)
2025-08-22 07:57:12,218 | INFO    | scraper.hybrid_email_extractor | JS fallback for https://www.daf.com.au/
2025-08-22 07:57:35,358 | WARNING | scraper.google_search | Google search timed out on 'petrol rete s.r.l.' (attempt 2/5), retrying in 2s
2025-08-22 07:57:35,374 | WARNING | scraper.google_search | Google search timed out on 'speedy fuels' (attempt 2/5), retrying in 2s
2025-08-22 07:57:35,374 | WARNING | scraper.google_search | Google search timed out on 'walter schmidt chemie gmbh' (attempt 2/5), retrying in 2s
2025-08-22 07:57:38,114 | INFO    | scraper.orchestrator | ✓ Found domain: bpetrol.it (score: 92)
2025-08-22 07:57:38,655 | INFO    | scraper.http         | HTTP GET https://bpetrol.it → 200
2025-08-22 07:57:38,706 | INFO    | scraper.email_extractor |   2 emails on https://www.bpetrol.it/ (def from text)
2025-08-22 07:57:38,707 | INFO    | scraper.hybrid_email_extractor | Static pass found 2 emails in https://www.bpetrol.it/
2025-08-22 07:57:39,942 | INFO    | scraper.http         | Retrying with www-prefix: https://www.bluetech00.gobizkorea.com
2025-08-22 07:57:40,141 | INFO    | scraper.http         | HTTP HEAD https://www.bpetrol.it/sitemap.xml → 200
2025-08-22 07:57:40,701 | INFO    | scraper.http         | HTTP GET https://www.bpetrol.it/sitemap.xml → 200
2025-08-22 07:57:40,701 | INFO    | scraper.sitemap      | Found sitemap via standard filenames: https://www.bpetrol.it/sitemap.xml (1.99s)
2025-08-22 07:57:40,702 | WARNING | scraper.sitemap      | Error parsing https://www.bpetrol.it/sitemap.xml – XML parse failed: Couldn't find a tree builder with the features you requested: xml. Do you need to install a parser library?
2025-08-22 07:57:40,703 | INFO    | scraper.orchestrator | Used sitemap for bpetrol.it
2025-08-22 07:57:40,703 | INFO    | scraper.orchestrator | ✓ Found 2 emails for petrol rete s.r.l.
2025-08-22 07:57:41,183 | WARNING | scraper.http         | www-prefix retry failed for https://www.bluetech00.gobizkorea.com: HTTPSConnectionPool(host='www.bluetech00.gobizkorea.com', port=443): Max retries exceeded with url: / (Caused by NameResolutionError("<urllib3.connection.HTTPSConnection object at 0x000001E0FDE56350>: Failed to resolve 'www.bluetech00.gobizkorea.com' ([Errno 11001] getaddrinfo failed)"))
2025-08-22 07:57:41,183 | INFO    | scraper.http         | Retrying with HTTP: http://bluetech00.gobizkorea.com
2025-08-22 07:57:42,354 | INFO    | scraper.email_extractor |   0 emails on https://www.daf.com.au/ (def from text)
2025-08-22 07:57:42,410 | INFO    | scraper.crawler      | Crawl of daf.com completed: 9 pages fetched, 242 unique URLs seen, 1 emails, 60.6 seconds
2025-08-22 07:57:42,411 | INFO    | scraper.orchestrator | ✓ Found 1 emails for daf trucks n.v.
2025-08-22 07:58:38,227 | WARNING | scraper.google_search | Google search timed out on 'walter schmidt chemie gmbh' (attempt 3/5), retrying in 4s
2025-08-22 07:58:38,228 | WARNING | scraper.google_search | Google search timed out on 'speedy fuels' (attempt 3/5), retrying in 4s
2025-08-22 07:58:42,975 | INFO    | scraper.orchestrator | ✓ Found domain: walter-schmidt-chemie.de (score: 89)
2025-08-22 07:58:43,383 | INFO    | scraper.orchestrator | ✓ Found domain: speedyfuels.co.uk (score: 100)
2025-08-22 07:58:43,852 | INFO    | scraper.http         | HTTP GET https://speedyfuels.co.uk → 200
2025-08-22 07:58:43,906 | INFO    | scraper.email_extractor |   0 emails on https://www.speedyfuels.co.uk/ (def from text)
2025-08-22 07:58:43,935 | INFO    | scraper.hybrid_email_extractor | JS fallback for https://www.speedyfuels.co.uk/
2025-08-22 07:58:45,344 | WARNING | scraper.http         | HTTP fallback failed for http://bluetech00.gobizkorea.com: HTTPConnectionPool(host='bluetech00.gobizkorea.com', port=80): Max retries exceeded with url: / (Caused by ConnectTimeoutError(<urllib3.connection.HTTPConnection object at 0x000001E0FDDAF110>, 'Connection to bluetech00.gobizkorea.com timed out. (connect timeout=60)'))
2025-08-22 07:58:45,759 | INFO    | scraper.email_extractor |   0 emails on https://www.speedyfuels.co.uk/ (def from text)
2025-08-22 07:58:46,552 | INFO    | scraper.http         | HTTP HEAD https://speedyfuels.co.uk/sitemap.xml → 200
2025-08-22 07:58:47,304 | INFO    | scraper.http         | HTTP GET https://speedyfuels.co.uk/sitemap.xml → 200
2025-08-22 07:58:47,304 | INFO    | scraper.sitemap      | Found sitemap via standard filenames: https://speedyfuels.co.uk/sitemap.xml (1.52s)
2025-08-22 07:58:47,306 | WARNING | scraper.sitemap      | Error parsing https://speedyfuels.co.uk/sitemap.xml – XML parse failed: Couldn't find a tree builder with the features you requested: xml. Do you need to install a parser library?
2025-08-22 07:58:47,308 | INFO    | scraper.orchestrator | Used sitemap for speedyfuels.co.uk
2025-08-22 07:58:47,308 | INFO    | scraper.orchestrator | No emails found in sitemap, attempting fallback crawl: speedyfuels.co.uk
2025-08-22 07:58:47,309 | INFO    | scraper.crawler      | Starting crawl of speedyfuels.co.uk (limit: 30 pages, timeout: 60 seconds, workers: 4)
2025-08-22 07:58:47,435 | INFO    | scraper.http         | HTTP GET https://www.speedyfuels.co.uk/ → 200
2025-08-22 07:58:47,519 | INFO    | scraper.email_extractor |   0 emails on https://www.speedyfuels.co.uk/ (def from text)
2025-08-22 07:58:47,832 | INFO    | scraper.http         | HTTP GET https://sustainability.speedyfuels.co.uk/environment/ → 200
2025-08-22 07:58:47,962 | INFO    | scraper.email_extractor |   0 emails on https://sustainability.speedyfuels.co.uk/environment/ (def from text)
2025-08-22 07:58:48,078 | INFO    | scraper.hybrid_email_extractor | JS fallback for https://sustainability.speedyfuels.co.uk/environment/
2025-08-22 07:58:49,684 | INFO    | scraper.email_extractor |   0 emails on https://sustainability.speedyfuels.co.uk/environment/ (def from text)
2025-08-22 07:58:50,167 | INFO    | scraper.http         | HTTP GET https://www.speedyfuels.co.uk/services/emergency-delivery/ → 200
2025-08-22 07:58:50,219 | INFO    | scraper.email_extractor |   0 emails on https://www.speedyfuels.co.uk/services/emergency-delivery/ (def from text)
2025-08-22 07:58:50,244 | INFO    | scraper.hybrid_email_extractor | JS fallback for https://www.speedyfuels.co.uk/services/emergency-delivery/
2025-08-22 07:58:51,657 | INFO    | scraper.email_extractor |   0 emails on https://www.speedyfuels.co.uk/services/emergency-delivery/ (def from text)
2025-08-22 07:58:51,807 | INFO    | scraper.http         | HTTP GET https://www.speedyfuels.co.uk/products/ → 200
2025-08-22 07:58:51,859 | INFO    | scraper.email_extractor |   0 emails on https://www.speedyfuels.co.uk/products/ (def from text)
2025-08-22 07:58:51,883 | INFO    | scraper.hybrid_email_extractor | JS fallback for https://www.speedyfuels.co.uk/products/
2025-08-22 07:58:53,398 | INFO    | scraper.email_extractor |   0 emails on https://www.speedyfuels.co.uk/products/ (def from text)
2025-08-22 07:58:53,555 | INFO    | scraper.http         | HTTP GET https://www.speedyfuels.co.uk/products/adblue/ → 200
2025-08-22 07:58:53,606 | INFO    | scraper.email_extractor |   0 emails on https://www.speedyfuels.co.uk/products/adblue/ (def from text)
2025-08-22 07:58:53,629 | INFO    | scraper.hybrid_email_extractor | JS fallback for https://www.speedyfuels.co.uk/products/adblue/
2025-08-22 07:58:54,971 | INFO    | scraper.email_extractor |   0 emails on https://www.speedyfuels.co.uk/products/adblue/ (def from text)
2025-08-22 07:58:56,012 | INFO    | scraper.http         | HTTP GET https://www.speedyfuels.co.uk/products/biodiesel/ → 200
2025-08-22 07:58:56,062 | INFO    | scraper.email_extractor |   0 emails on https://www.speedyfuels.co.uk/products/biodiesel/ (def from text)
2025-08-22 07:58:56,085 | INFO    | scraper.hybrid_email_extractor | JS fallback for https://www.speedyfuels.co.uk/products/biodiesel/
2025-08-22 07:58:57,493 | INFO    | scraper.email_extractor |   0 emails on https://www.speedyfuels.co.uk/products/biodiesel/ (def from text)
2025-08-22 07:58:57,639 | INFO    | scraper.http         | HTTP GET https://www.speedyfuels.co.uk/products/carbon-clean-kerosene/ → 200
2025-08-22 07:58:57,687 | INFO    | scraper.email_extractor |   0 emails on https://www.speedyfuels.co.uk/products/carbon-clean-kerosene/ (def from text)
2025-08-22 07:58:57,717 | INFO    | scraper.hybrid_email_extractor | JS fallback for https://www.speedyfuels.co.uk/products/carbon-clean-kerosene/
2025-08-22 07:58:59,043 | INFO    | scraper.email_extractor |   0 emails on https://www.speedyfuels.co.uk/products/carbon-clean-kerosene/ (def from text)
2025-08-22 07:58:59,758 | INFO    | scraper.http         | HTTP GET https://www.speedyfuels.co.uk/products/carbon-offset-fuels/ → 200
2025-08-22 07:58:59,826 | INFO    | scraper.email_extractor |   0 emails on https://www.speedyfuels.co.uk/products/carbon-offset-fuels/ (def from text)
2025-08-22 07:58:59,852 | INFO    | scraper.hybrid_email_extractor | JS fallback for https://www.speedyfuels.co.uk/products/carbon-offset-fuels/
2025-08-22 07:59:01,308 | INFO    | scraper.email_extractor |   0 emails on https://www.speedyfuels.co.uk/products/carbon-offset-fuels/ (def from text)
2025-08-22 07:59:01,458 | INFO    | scraper.http         | HTTP GET https://www.speedyfuels.co.uk/products/diesel/ → 200
2025-08-22 07:59:01,518 | INFO    | scraper.email_extractor |   0 emails on https://www.speedyfuels.co.uk/products/diesel/ (def from text)
2025-08-22 07:59:01,542 | INFO    | scraper.hybrid_email_extractor | JS fallback for https://www.speedyfuels.co.uk/products/diesel/
2025-08-22 07:59:02,977 | INFO    | scraper.email_extractor |   0 emails on https://www.speedyfuels.co.uk/products/diesel/ (def from text)
2025-08-22 07:59:03,135 | INFO    | scraper.http         | HTTP GET https://www.speedyfuels.co.uk/products/storage-tanks/ → 200
2025-08-22 07:59:03,186 | INFO    | scraper.email_extractor |   0 emails on https://www.speedyfuels.co.uk/products/storage-tanks/ (def from text)
2025-08-22 07:59:03,209 | INFO    | scraper.hybrid_email_extractor | JS fallback for https://www.speedyfuels.co.uk/products/storage-tanks/
2025-08-22 07:59:04,781 | INFO    | scraper.email_extractor |   0 emails on https://www.speedyfuels.co.uk/products/storage-tanks/ (def from text)
2025-08-22 07:59:05,057 | INFO    | scraper.http         | HTTP GET https://www.speedyfuels.co.uk/products/hvo-fuel/ → 200
2025-08-22 07:59:05,112 | INFO    | scraper.email_extractor |   0 emails on https://www.speedyfuels.co.uk/products/hvo-fuel/ (def from text)
2025-08-22 07:59:05,141 | INFO    | scraper.hybrid_email_extractor | JS fallback for https://www.speedyfuels.co.uk/products/hvo-fuel/
2025-08-22 07:59:06,459 | INFO    | scraper.email_extractor |   0 emails on https://www.speedyfuels.co.uk/products/hvo-fuel/ (def from text)
2025-08-22 07:59:06,621 | INFO    | scraper.http         | HTTP GET https://www.speedyfuels.co.uk/products/speedy-flame-industrial-heating-oil/ → 200
2025-08-22 07:59:06,672 | INFO    | scraper.email_extractor |   0 emails on https://www.speedyfuels.co.uk/products/speedy-flame-industrial-heating-oil/ (def from text)
2025-08-22 07:59:06,695 | INFO    | scraper.hybrid_email_extractor | JS fallback for https://www.speedyfuels.co.uk/products/speedy-flame-industrial-heating-oil/
2025-08-22 07:59:08,023 | INFO    | scraper.email_extractor |   0 emails on https://www.speedyfuels.co.uk/products/speedy-flame-industrial-heating-oil/ (def from text)
2025-08-22 07:59:08,198 | INFO    | scraper.http         | HTTP GET https://www.speedyfuels.co.uk/products/kerosene/ → 200
2025-08-22 07:59:08,252 | INFO    | scraper.email_extractor |   0 emails on https://www.speedyfuels.co.uk/products/kerosene/ (def from text)
2025-08-22 07:59:08,279 | INFO    | scraper.hybrid_email_extractor | JS fallback for https://www.speedyfuels.co.uk/products/kerosene/
2025-08-22 07:59:09,725 | INFO    | scraper.email_extractor |   0 emails on https://www.speedyfuels.co.uk/products/kerosene/ (def from text)
2025-08-22 07:59:09,874 | INFO    | scraper.http         | HTTP GET https://www.speedyfuels.co.uk/products/45-gallon-drums-205-litre-barrels/ → 200
2025-08-22 07:59:09,924 | INFO    | scraper.email_extractor |   0 emails on https://www.speedyfuels.co.uk/products/45-gallon-drums-205-litre-barrels/ (def from text)
2025-08-22 07:59:09,953 | INFO    | scraper.hybrid_email_extractor | JS fallback for https://www.speedyfuels.co.uk/products/45-gallon-drums-205-litre-barrels/
2025-08-22 07:59:11,336 | INFO    | scraper.email_extractor |   0 emails on https://www.speedyfuels.co.uk/products/45-gallon-drums-205-litre-barrels/ (def from text)
2025-08-22 07:59:11,485 | INFO    | scraper.http         | HTTP GET https://www.speedyfuels.co.uk/products/red-diesel/ → 200
2025-08-22 07:59:11,538 | INFO    | scraper.email_extractor |   0 emails on https://www.speedyfuels.co.uk/products/red-diesel/ (def from text)
2025-08-22 07:59:11,569 | INFO    | scraper.hybrid_email_extractor | JS fallback for https://www.speedyfuels.co.uk/products/red-diesel/
2025-08-22 07:59:13,128 | INFO    | scraper.email_extractor |   0 emails on https://www.speedyfuels.co.uk/products/red-diesel/ (def from text)
2025-08-22 07:59:13,280 | INFO    | scraper.http         | HTTP GET https://www.speedyfuels.co.uk/lubricants/ → 200
2025-08-22 07:59:13,340 | INFO    | scraper.email_extractor |   0 emails on https://www.speedyfuels.co.uk/lubricants/ (def from text)
2025-08-22 07:59:13,363 | INFO    | scraper.hybrid_email_extractor | JS fallback for https://www.speedyfuels.co.uk/lubricants/
2025-08-22 07:59:14,745 | INFO    | scraper.email_extractor |   0 emails on https://www.speedyfuels.co.uk/lubricants/ (def from text)
2025-08-22 07:59:14,897 | INFO    | scraper.http         | HTTP GET https://www.speedyfuels.co.uk/lubricants/agricultural-lubricants/ → 200
2025-08-22 07:59:14,951 | INFO    | scraper.email_extractor |   0 emails on https://www.speedyfuels.co.uk/lubricants/agricultural-lubricants/ (def from text)
2025-08-22 07:59:14,974 | INFO    | scraper.hybrid_email_extractor | JS fallback for https://www.speedyfuels.co.uk/lubricants/agricultural-lubricants/
2025-08-22 07:59:16,287 | INFO    | scraper.email_extractor |   0 emails on https://www.speedyfuels.co.uk/lubricants/agricultural-lubricants/ (def from text)
2025-08-22 07:59:16,938 | INFO    | scraper.http         | HTTP GET https://www.speedyfuels.co.uk/lubricants/automotive-lubricants/ → 200
2025-08-22 07:59:16,994 | INFO    | scraper.email_extractor |   0 emails on https://www.speedyfuels.co.uk/lubricants/automotive-lubricants/ (def from text)
2025-08-22 07:59:17,018 | INFO    | scraper.hybrid_email_extractor | JS fallback for https://www.speedyfuels.co.uk/lubricants/automotive-lubricants/
2025-08-22 07:59:18,560 | INFO    | scraper.email_extractor |   0 emails on https://www.speedyfuels.co.uk/lubricants/automotive-lubricants/ (def from text)
2025-08-22 07:59:18,709 | INFO    | scraper.http         | HTTP GET https://www.speedyfuels.co.uk/lubricants/biodegradable-lubricants/ → 200
2025-08-22 07:59:18,763 | INFO    | scraper.email_extractor |   0 emails on https://www.speedyfuels.co.uk/lubricants/biodegradable-lubricants/ (def from text)
2025-08-22 07:59:18,786 | INFO    | scraper.hybrid_email_extractor | JS fallback for https://www.speedyfuels.co.uk/lubricants/biodegradable-lubricants/
2025-08-22 07:59:20,251 | INFO    | scraper.email_extractor |   0 emails on https://www.speedyfuels.co.uk/lubricants/biodegradable-lubricants/ (def from text)
2025-08-22 07:59:20,401 | INFO    | scraper.http         | HTTP GET https://www.speedyfuels.co.uk/lubricants/commercial-lubricants/ → 200
2025-08-22 07:59:20,458 | INFO    | scraper.email_extractor |   0 emails on https://www.speedyfuels.co.uk/lubricants/commercial-lubricants/ (def from text)
2025-08-22 07:59:20,486 | INFO    | scraper.hybrid_email_extractor | JS fallback for https://www.speedyfuels.co.uk/lubricants/commercial-lubricants/
2025-08-22 07:59:21,953 | INFO    | scraper.email_extractor |   0 emails on https://www.speedyfuels.co.uk/lubricants/commercial-lubricants/ (def from text)
2025-08-22 07:59:22,709 | INFO    | scraper.http         | HTTP GET https://www.speedyfuels.co.uk/lubricants/engine-oils-supplier/ → 200
2025-08-22 07:59:22,761 | INFO    | scraper.email_extractor |   0 emails on https://www.speedyfuels.co.uk/lubricants/engine-oils-supplier/ (def from text)
2025-08-22 07:59:22,791 | INFO    | scraper.hybrid_email_extractor | JS fallback for https://www.speedyfuels.co.uk/lubricants/engine-oils-supplier/
2025-08-22 07:59:24,159 | INFO    | scraper.email_extractor |   0 emails on https://www.speedyfuels.co.uk/lubricants/engine-oils-supplier/ (def from text)
2025-08-22 07:59:24,314 | INFO    | scraper.http         | HTTP GET https://www.speedyfuels.co.uk/lubricants/hydraulic-oils/ → 200
2025-08-22 07:59:24,365 | INFO    | scraper.email_extractor |   0 emails on https://www.speedyfuels.co.uk/lubricants/hydraulic-oils/ (def from text)
2025-08-22 07:59:24,388 | INFO    | scraper.hybrid_email_extractor | JS fallback for https://www.speedyfuels.co.uk/lubricants/hydraulic-oils/
2025-08-22 07:59:25,674 | INFO    | scraper.http         | HTTP GET https://walter-schmidt-chemie.de → 200
2025-08-22 07:59:25,684 | INFO    | scraper.email_extractor |   0 emails on https://www.walter-schmidt-chemie.de/ (def from text)
2025-08-22 07:59:25,701 | INFO    | scraper.hybrid_email_extractor | JS fallback for https://www.walter-schmidt-chemie.de/
2025-08-22 07:59:25,844 | INFO    | scraper.email_extractor |   0 emails on https://www.speedyfuels.co.uk/lubricants/hydraulic-oils/ (def from text)
2025-08-22 07:59:26,511 | INFO    | scraper.http         | HTTP GET https://www.speedyfuels.co.uk/lubricants/industrial-lubricants/ → 200
2025-08-22 07:59:26,560 | INFO    | scraper.email_extractor |   0 emails on https://www.speedyfuels.co.uk/lubricants/industrial-lubricants/ (def from text)
2025-08-22 07:59:26,589 | INFO    | scraper.hybrid_email_extractor | JS fallback for https://www.speedyfuels.co.uk/lubricants/industrial-lubricants/
2025-08-22 07:59:27,625 | INFO    | scraper.email_extractor |   0 emails on https://www.walter-schmidt-chemie.de/ (def from text)
2025-08-22 07:59:29,012 | INFO    | scraper.email_extractor |   0 emails on https://www.speedyfuels.co.uk/lubricants/industrial-lubricants/ (def from text)
2025-08-22 07:59:29,650 | INFO    | scraper.http         | HTTP GET https://www.speedyfuels.co.uk/lubricants/marine-lubricants/ → 200
2025-08-22 07:59:29,701 | INFO    | scraper.email_extractor |   0 emails on https://www.speedyfuels.co.uk/lubricants/marine-lubricants/ (def from text)
2025-08-22 07:59:29,726 | INFO    | scraper.hybrid_email_extractor | JS fallback for https://www.speedyfuels.co.uk/lubricants/marine-lubricants/
2025-08-22 07:59:30,510 | INFO    | scraper.http         | HTTP HEAD https://www.walter-schmidt-chemie.de/sitemap.xml → 200
2025-08-22 07:59:31,216 | INFO    | scraper.email_extractor |   0 emails on https://www.speedyfuels.co.uk/lubricants/marine-lubricants/ (def from text)
2025-08-22 07:59:31,366 | INFO    | scraper.http         | HTTP GET https://www.speedyfuels.co.uk/lubricants/metalworking-fluids/ → 200
2025-08-22 07:59:31,418 | INFO    | scraper.email_extractor |   0 emails on https://www.speedyfuels.co.uk/lubricants/metalworking-fluids/ (def from text)
2025-08-22 07:59:31,440 | INFO    | scraper.hybrid_email_extractor | JS fallback for https://www.speedyfuels.co.uk/lubricants/metalworking-fluids/
2025-08-22 07:59:32,927 | INFO    | scraper.email_extractor |   0 emails on https://www.speedyfuels.co.uk/lubricants/metalworking-fluids/ (def from text)
2025-08-22 07:59:33,075 | INFO    | scraper.http         | HTTP GET https://www.speedyfuels.co.uk/lubricant-health-check/ → 200
2025-08-22 07:59:33,124 | INFO    | scraper.email_extractor |   0 emails on https://www.speedyfuels.co.uk/lubricant-health-check/ (def from text)
2025-08-22 07:59:33,145 | INFO    | scraper.hybrid_email_extractor | JS fallback for https://www.speedyfuels.co.uk/lubricant-health-check/
2025-08-22 07:59:33,836 | INFO    | scraper.http         | HTTP GET https://www.walter-schmidt-chemie.de/sitemap.xml → 200
2025-08-22 07:59:33,836 | INFO    | scraper.sitemap      | Found sitemap via standard filenames: https://www.walter-schmidt-chemie.de/sitemap.xml (6.20s)
2025-08-22 07:59:33,837 | WARNING | scraper.sitemap      | Error parsing https://www.walter-schmidt-chemie.de/sitemap.xml – XML parse failed: Couldn't find a tree builder with the features you requested: xml. Do you need to install a parser library?
2025-08-22 07:59:33,837 | INFO    | scraper.orchestrator | Used sitemap for walter-schmidt-chemie.de
2025-08-22 07:59:33,838 | INFO    | scraper.orchestrator | No emails found in sitemap, attempting fallback crawl: walter-schmidt-chemie.de
2025-08-22 07:59:33,838 | INFO    | scraper.crawler      | Starting crawl of walter-schmidt-chemie.de (limit: 30 pages, timeout: 60 seconds, workers: 4)
2025-08-22 07:59:33,976 | INFO    | scraper.http         | HTTP GET https://www.walter-schmidt-chemie.de/ → 200
2025-08-22 07:59:33,989 | INFO    | scraper.email_extractor |   0 emails on https://www.walter-schmidt-chemie.de/ (def from text)
2025-08-22 07:59:34,200 | INFO    | scraper.http         | HTTP GET https://www.walter-schmidt-chemie.de/en/ → 200
2025-08-22 07:59:34,217 | INFO    | scraper.email_extractor |   0 emails on https://www.walter-schmidt-chemie.de/en/ (def from text)
2025-08-22 07:59:34,227 | INFO    | scraper.hybrid_email_extractor | JS fallback for https://www.walter-schmidt-chemie.de/en/
2025-08-22 07:59:34,683 | INFO    | scraper.email_extractor |   0 emails on https://www.speedyfuels.co.uk/lubricant-health-check/ (def from text)
2025-08-22 07:59:34,827 | INFO    | scraper.http         | HTTP GET https://www.speedyfuels.co.uk/services/ → 200
2025-08-22 07:59:34,879 | INFO    | scraper.email_extractor |   0 emails on https://www.speedyfuels.co.uk/services/ (def from text)
2025-08-22 07:59:34,909 | INFO    | scraper.hybrid_email_extractor | JS fallback for https://www.speedyfuels.co.uk/services/
2025-08-22 07:59:36,366 | INFO    | scraper.email_extractor |   0 emails on https://www.walter-schmidt-chemie.de/en/ (def from text)
2025-08-22 07:59:36,797 | INFO    | scraper.http         | HTTP GET https://www.walter-schmidt-chemie.de/index.html → 200
2025-08-22 07:59:36,809 | INFO    | scraper.email_extractor |   0 emails on https://www.walter-schmidt-chemie.de/ (def from text)
2025-08-22 07:59:37,644 | INFO    | scraper.http         | HTTP GET https://www.walter-schmidt-chemie.de/unternehmen/ → 200
2025-08-22 07:59:37,655 | INFO    | scraper.email_extractor |   0 emails on https://www.walter-schmidt-chemie.de/unternehmen/unternehmensvorstellung.html (def from text)
2025-08-22 07:59:37,665 | INFO    | scraper.hybrid_email_extractor | JS fallback for https://www.walter-schmidt-chemie.de/unternehmen/unternehmensvorstellung.html
2025-08-22 07:59:37,977 | INFO    | scraper.email_extractor |   0 emails on https://www.speedyfuels.co.uk/services/ (def from text)
2025-08-22 07:59:38,135 | INFO    | scraper.http         | HTTP GET https://www.speedyfuels.co.uk/services/fuel-management/ → 200
2025-08-22 07:59:38,183 | INFO    | scraper.email_extractor |   0 emails on https://www.speedyfuels.co.uk/services/fuel-management/ (def from text)
2025-08-22 07:59:38,210 | INFO    | scraper.hybrid_email_extractor | JS fallback for https://www.speedyfuels.co.uk/services/fuel-management/
2025-08-22 07:59:39,803 | INFO    | scraper.email_extractor |   0 emails on https://www.walter-schmidt-chemie.de/unternehmen/unternehmensvorstellung.html (def from text)
2025-08-22 07:59:40,113 | INFO    | scraper.http         | HTTP GET https://www.walter-schmidt-chemie.de/unternehmen/unternehmensvorstellung.html → 200
2025-08-22 07:59:40,120 | INFO    | scraper.email_extractor |   0 emails on https://www.walter-schmidt-chemie.de/unternehmen/unternehmensvorstellung.html (def from text)
2025-08-22 07:59:40,358 | INFO    | scraper.http         | HTTP GET https://www.walter-schmidt-chemie.de/unternehmen/standorte.html → 200
2025-08-22 07:59:40,366 | INFO    | scraper.email_extractor |   0 emails on https://www.walter-schmidt-chemie.de/unternehmen/standorte.html (def from text)
2025-08-22 07:59:40,372 | INFO    | scraper.hybrid_email_extractor | JS fallback for https://www.walter-schmidt-chemie.de/unternehmen/standorte.html
2025-08-22 07:59:41,276 | INFO    | scraper.email_extractor |   0 emails on https://www.speedyfuels.co.uk/services/fuel-management/ (def from text)
2025-08-22 07:59:42,053 | INFO    | scraper.http         | HTTP GET https://www.speedyfuels.co.uk/services/fuel-polishing/ → 200
2025-08-22 07:59:42,101 | INFO    | scraper.email_extractor |   0 emails on https://www.speedyfuels.co.uk/services/fuel-polishing/ (def from text)
2025-08-22 07:59:42,130 | INFO    | scraper.hybrid_email_extractor | JS fallback for https://www.speedyfuels.co.uk/services/fuel-polishing/
2025-08-22 07:59:42,747 | INFO    | scraper.email_extractor |   0 emails on https://www.walter-schmidt-chemie.de/unternehmen/standorte.html (def from text)
2025-08-22 07:59:42,914 | INFO    | scraper.http         | HTTP GET https://www.walter-schmidt-chemie.de/unternehmen/zertifizierungen/ → 200
2025-08-22 07:59:42,925 | INFO    | scraper.email_extractor |   0 emails on https://www.walter-schmidt-chemie.de/unternehmen/zertifizierungen/ (def from text)
2025-08-22 07:59:42,936 | INFO    | scraper.hybrid_email_extractor | JS fallback for https://www.walter-schmidt-chemie.de/unternehmen/zertifizierungen/
2025-08-22 07:59:44,116 | INFO    | scraper.email_extractor |   0 emails on https://www.speedyfuels.co.uk/services/fuel-polishing/ (def from text)
2025-08-22 07:59:44,257 | INFO    | scraper.http         | HTTP GET https://www.speedyfuels.co.uk/services/fuel-testing-and-sampling/ → 200
2025-08-22 07:59:44,305 | INFO    | scraper.email_extractor |   0 emails on https://www.speedyfuels.co.uk/services/fuel-testing-and-sampling/ (def from text)
2025-08-22 07:59:44,329 | INFO    | scraper.hybrid_email_extractor | JS fallback for https://www.speedyfuels.co.uk/services/fuel-testing-and-sampling/
2025-08-22 07:59:45,763 | INFO    | scraper.email_extractor |   0 emails on https://www.walter-schmidt-chemie.de/unternehmen/zertifizierungen/ (def from text)
2025-08-22 07:59:46,171 | INFO    | scraper.http         | HTTP GET https://www.walter-schmidt-chemie.de/unternehmen/wir-arbeiten-mit.html → 200
2025-08-22 07:59:46,192 | INFO    | scraper.email_extractor |   0 emails on https://www.walter-schmidt-chemie.de/unternehmen/wir-arbeiten-mit.html (def from text)
2025-08-22 07:59:46,203 | INFO    | scraper.hybrid_email_extractor | JS fallback for https://www.walter-schmidt-chemie.de/unternehmen/wir-arbeiten-mit.html
2025-08-22 07:59:47,144 | INFO    | scraper.email_extractor |   0 emails on https://www.speedyfuels.co.uk/services/fuel-testing-and-sampling/ (def from text)
2025-08-22 07:59:47,191 | INFO    | scraper.crawler      | Crawl of speedyfuels.co.uk completed: 30 pages fetched, 204 unique URLs seen, 0 emails, 59.9 seconds
2025-08-22 07:59:47,191 | INFO    | scraper.orchestrator | ✗ No emails found for speedy fuels
2025-08-22 07:59:49,148 | INFO    | scraper.email_extractor |   0 emails on https://www.walter-schmidt-chemie.de/unternehmen/wir-arbeiten-mit.html (def from text)
2025-08-22 07:59:49,995 | INFO    | scraper.http         | HTTP GET https://www.walter-schmidt-chemie.de/produkte/ → 200
2025-08-22 07:59:50,004 | INFO    | scraper.email_extractor |   0 emails on https://www.walter-schmidt-chemie.de/produkte/produktuebersicht.html (def from text)
2025-08-22 07:59:50,014 | INFO    | scraper.hybrid_email_extractor | JS fallback for https://www.walter-schmidt-chemie.de/produkte/produktuebersicht.html
2025-08-22 07:59:50,477 | INFO    | scraper.http         | Retrying with www-prefix: https://www.bluetech00.gobizkorea.com
2025-08-22 07:59:51,495 | WARNING | scraper.http         | www-prefix retry failed for https://www.bluetech00.gobizkorea.com: HTTPSConnectionPool(host='www.bluetech00.gobizkorea.com', port=443): Max retries exceeded with url: / (Caused by NameResolutionError("<urllib3.connection.HTTPSConnection object at 0x000001E0FDE57250>: Failed to resolve 'www.bluetech00.gobizkorea.com' ([Errno 11001] getaddrinfo failed)"))
2025-08-22 07:59:51,495 | INFO    | scraper.http         | Retrying with HTTP: http://bluetech00.gobizkorea.com
2025-08-22 07:59:51,684 | INFO    | scraper.email_extractor |   0 emails on https://www.walter-schmidt-chemie.de/produkte/produktuebersicht.html (def from text)
2025-08-22 07:59:52,001 | INFO    | scraper.http         | HTTP GET https://www.walter-schmidt-chemie.de/produkte/produktsuche.html → 200
2025-08-22 07:59:52,011 | INFO    | scraper.email_extractor |   0 emails on https://www.walter-schmidt-chemie.de/produkte/produktsuche.html (def from text)
2025-08-22 07:59:52,020 | INFO    | scraper.hybrid_email_extractor | JS fallback for https://www.walter-schmidt-chemie.de/produkte/produktsuche.html
2025-08-22 07:59:53,619 | INFO    | scraper.email_extractor |   0 emails on https://www.walter-schmidt-chemie.de/produkte/produktsuche.html (def from text)
2025-08-22 07:59:53,875 | INFO    | scraper.http         | HTTP GET https://www.walter-schmidt-chemie.de/produkte/premiumprodukte/ → 200
2025-08-22 07:59:53,886 | INFO    | scraper.email_extractor |   0 emails on https://www.walter-schmidt-chemie.de/produkte/premiumprodukte/ (def from text)
2025-08-22 07:59:53,896 | INFO    | scraper.hybrid_email_extractor | JS fallback for https://www.walter-schmidt-chemie.de/produkte/premiumprodukte/
2025-08-22 07:59:55,764 | INFO    | scraper.email_extractor |   0 emails on https://www.walter-schmidt-chemie.de/produkte/premiumprodukte/ (def from text)
2025-08-22 07:59:55,998 | INFO    | scraper.http         | HTTP GET https://www.walter-schmidt-chemie.de/produkte/winterprodukte/ → 200
2025-08-22 07:59:56,012 | INFO    | scraper.email_extractor |   0 emails on https://www.walter-schmidt-chemie.de/produkte/winterprodukte/ (def from text)
2025-08-22 07:59:56,024 | INFO    | scraper.hybrid_email_extractor | JS fallback for https://www.walter-schmidt-chemie.de/produkte/winterprodukte/
2025-08-22 07:59:57,846 | INFO    | scraper.email_extractor |   0 emails on https://www.walter-schmidt-chemie.de/produkte/winterprodukte/ (def from text)
2025-08-22 07:59:58,013 | INFO    | scraper.http         | HTTP GET https://www.walter-schmidt-chemie.de/produkte/sommerprodukte/ → 200
2025-08-22 07:59:58,028 | INFO    | scraper.email_extractor |   0 emails on https://www.walter-schmidt-chemie.de/produkte/sommerprodukte/ (def from text)
2025-08-22 07:59:58,037 | INFO    | scraper.hybrid_email_extractor | JS fallback for https://www.walter-schmidt-chemie.de/produkte/sommerprodukte/
2025-08-22 07:59:59,686 | INFO    | scraper.email_extractor |   0 emails on https://www.walter-schmidt-chemie.de/produkte/sommerprodukte/ (def from text)
2025-08-22 07:59:59,910 | INFO    | scraper.http         | HTTP GET https://www.walter-schmidt-chemie.de/produkte/autopflegeprodukte/ → 200
2025-08-22 07:59:59,930 | INFO    | scraper.email_extractor |   0 emails on https://www.walter-schmidt-chemie.de/produkte/autopflegeprodukte/ (def from text)
2025-08-22 07:59:59,948 | INFO    | scraper.hybrid_email_extractor | JS fallback for https://www.walter-schmidt-chemie.de/produkte/autopflegeprodukte/
2025-08-22 08:00:01,874 | INFO    | scraper.email_extractor |   0 emails on https://www.walter-schmidt-chemie.de/produkte/autopflegeprodukte/ (def from text)
2025-08-22 08:00:02,084 | INFO    | scraper.http         | HTTP GET https://www.walter-schmidt-chemie.de/produkte/haus-garten-freizeit/ → 200
2025-08-22 08:00:02,095 | INFO    | scraper.email_extractor |   0 emails on https://www.walter-schmidt-chemie.de/produkte/haus-garten-freizeit/ (def from text)
2025-08-22 08:00:02,103 | INFO    | scraper.hybrid_email_extractor | JS fallback for https://www.walter-schmidt-chemie.de/produkte/haus-garten-freizeit/
2025-08-22 08:00:03,677 | INFO    | scraper.email_extractor |   0 emails on https://www.walter-schmidt-chemie.de/produkte/haus-garten-freizeit/ (def from text)
2025-08-22 08:00:03,912 | INFO    | scraper.http         | HTTP GET https://www.walter-schmidt-chemie.de/produkte/desinfektion/ → 200
2025-08-22 08:00:03,921 | INFO    | scraper.email_extractor |   0 emails on https://www.walter-schmidt-chemie.de/produkte/desinfektion/ (def from text)
2025-08-22 08:00:03,928 | INFO    | scraper.hybrid_email_extractor | JS fallback for https://www.walter-schmidt-chemie.de/produkte/desinfektion/
2025-08-22 08:00:05,412 | INFO    | scraper.email_extractor |   0 emails on https://www.walter-schmidt-chemie.de/produkte/desinfektion/ (def from text)
2025-08-22 08:00:06,314 | INFO    | scraper.http         | HTTP GET https://www.walter-schmidt-chemie.de/produkte/adblue/ → 200
2025-08-22 08:00:06,324 | INFO    | scraper.email_extractor |   0 emails on https://www.walter-schmidt-chemie.de/produkte/adblue/adblue.html (def from text)
2025-08-22 08:00:06,332 | INFO    | scraper.hybrid_email_extractor | JS fallback for https://www.walter-schmidt-chemie.de/produkte/adblue/adblue.html
2025-08-22 08:00:07,828 | INFO    | scraper.email_extractor |   0 emails on https://www.walter-schmidt-chemie.de/produkte/adblue/adblue.html (def from text)
2025-08-22 08:00:08,024 | INFO    | scraper.http         | HTTP GET https://www.walter-schmidt-chemie.de/produkte/professional-reiniger/ → 200
2025-08-22 08:00:08,035 | INFO    | scraper.email_extractor |   0 emails on https://www.walter-schmidt-chemie.de/produkte/professional-reiniger/ (def from text)
2025-08-22 08:00:08,045 | INFO    | scraper.hybrid_email_extractor | JS fallback for https://www.walter-schmidt-chemie.de/produkte/professional-reiniger/
2025-08-22 08:00:09,895 | INFO    | scraper.email_extractor |   0 emails on https://www.walter-schmidt-chemie.de/produkte/professional-reiniger/ (def from text)
2025-08-22 08:00:10,092 | INFO    | scraper.http         | HTTP GET https://www.walter-schmidt-chemie.de/produkte/reiniger/ → 200
2025-08-22 08:00:10,132 | INFO    | scraper.email_extractor |   0 emails on https://www.walter-schmidt-chemie.de/produkte/reiniger/ (def from text)
2025-08-22 08:00:10,150 | INFO    | scraper.hybrid_email_extractor | JS fallback for https://www.walter-schmidt-chemie.de/produkte/reiniger/
2025-08-22 08:00:12,175 | INFO    | scraper.email_extractor |   0 emails on https://www.walter-schmidt-chemie.de/produkte/reiniger/ (def from text)
2025-08-22 08:00:12,383 | INFO    | scraper.http         | HTTP GET https://www.walter-schmidt-chemie.de/produkte/putztuchrollen/ → 200
2025-08-22 08:00:12,391 | INFO    | scraper.email_extractor |   0 emails on https://www.walter-schmidt-chemie.de/produkte/putztuchrollen/ (def from text)
2025-08-22 08:00:12,397 | INFO    | scraper.hybrid_email_extractor | JS fallback for https://www.walter-schmidt-chemie.de/produkte/putztuchrollen/
2025-08-22 08:00:14,082 | INFO    | scraper.email_extractor |   0 emails on https://www.walter-schmidt-chemie.de/produkte/putztuchrollen/ (def from text)
2025-08-22 08:00:14,316 | INFO    | scraper.http         | HTTP GET https://www.walter-schmidt-chemie.de/produkte/zubehoer/ → 200
2025-08-22 08:00:14,329 | INFO    | scraper.email_extractor |   0 emails on https://www.walter-schmidt-chemie.de/produkte/zubehoer/ (def from text)
2025-08-22 08:00:14,340 | INFO    | scraper.hybrid_email_extractor | JS fallback for https://www.walter-schmidt-chemie.de/produkte/zubehoer/
2025-08-22 08:00:15,844 | INFO    | scraper.email_extractor |   0 emails on https://www.walter-schmidt-chemie.de/produkte/zubehoer/ (def from text)
2025-08-22 08:00:19,362 | INFO    | scraper.http         | HTTP GET https://www.walter-schmidt-chemie.de/produkte/sicherheitsdatenblaetter-und-inhaltstoffe.html → 200
2025-08-22 08:00:19,395 | INFO    | scraper.email_extractor |   0 emails on https://www.walter-schmidt-chemie.de/produkte/sicherheitsdatenblaetter-und-inhaltstoffe.html (def from text)
2025-08-22 08:00:19,426 | INFO    | scraper.hybrid_email_extractor | JS fallback for https://www.walter-schmidt-chemie.de/produkte/sicherheitsdatenblaetter-und-inhaltstoffe.html
2025-08-22 08:00:23,723 | INFO    | scraper.email_extractor |   0 emails on https://www.walter-schmidt-chemie.de/produkte/sicherheitsdatenblaetter-und-inhaltstoffe.html (def from text)
2025-08-22 08:00:24,635 | INFO    | scraper.http         | HTTP GET https://www.walter-schmidt-chemie.de/beteiligungsgesellschaften/ → 200
2025-08-22 08:00:24,641 | INFO    | scraper.email_extractor |   0 emails on https://www.walter-schmidt-chemie.de/beteiligungsgesellschaften/walter-schmidt-zement-gmbh.html (def from text)
2025-08-22 08:00:24,649 | INFO    | scraper.hybrid_email_extractor | JS fallback for https://www.walter-schmidt-chemie.de/beteiligungsgesellschaften/walter-schmidt-zement-gmbh.html
2025-08-22 08:00:26,179 | INFO    | scraper.email_extractor |   0 emails on https://www.walter-schmidt-chemie.de/beteiligungsgesellschaften/walter-schmidt-zement-gmbh.html (def from text)
2025-08-22 08:00:26,440 | INFO    | scraper.http         | HTTP GET https://www.walter-schmidt-chemie.de/beteiligungsgesellschaften/walter-schmidt-zement-gmbh.html → 200
2025-08-22 08:00:26,448 | INFO    | scraper.email_extractor |   0 emails on https://www.walter-schmidt-chemie.de/beteiligungsgesellschaften/walter-schmidt-zement-gmbh.html (def from text)
2025-08-22 08:00:26,648 | INFO    | scraper.http         | HTTP GET https://www.walter-schmidt-chemie.de/beteiligungsgesellschaften/walter-schmidt-cement-polska.html → 200
2025-08-22 08:00:26,663 | INFO    | scraper.email_extractor |   0 emails on https://www.walter-schmidt-chemie.de/beteiligungsgesellschaften/walter-schmidt-cement-polska.html (def from text)
2025-08-22 08:00:26,669 | INFO    | scraper.hybrid_email_extractor | JS fallback for https://www.walter-schmidt-chemie.de/beteiligungsgesellschaften/walter-schmidt-cement-polska.html
2025-08-22 08:00:28,214 | INFO    | scraper.email_extractor |   0 emails on https://www.walter-schmidt-chemie.de/beteiligungsgesellschaften/walter-schmidt-cement-polska.html (def from text)
2025-08-22 08:00:28,399 | INFO    | scraper.http         | HTTP GET https://www.walter-schmidt-chemie.de/beteiligungsgesellschaften/walter-schmidt-logistik-gmbh.html → 200
2025-08-22 08:00:28,405 | INFO    | scraper.email_extractor |   0 emails on https://www.walter-schmidt-chemie.de/beteiligungsgesellschaften/walter-schmidt-logistik-gmbh.html (def from text)
2025-08-22 08:00:28,412 | INFO    | scraper.hybrid_email_extractor | JS fallback for https://www.walter-schmidt-chemie.de/beteiligungsgesellschaften/walter-schmidt-logistik-gmbh.html
2025-08-22 08:00:30,013 | INFO    | scraper.email_extractor |   0 emails on https://www.walter-schmidt-chemie.de/beteiligungsgesellschaften/walter-schmidt-logistik-gmbh.html (def from text)
2025-08-22 08:00:30,782 | INFO    | scraper.http         | HTTP GET https://www.walter-schmidt-chemie.de/kontakt/ → 200
2025-08-22 08:00:30,793 | INFO    | scraper.email_extractor |   0 emails on https://www.walter-schmidt-chemie.de/kontakt/kontaktformular/ (def from text)
2025-08-22 08:00:30,800 | INFO    | scraper.hybrid_email_extractor | JS fallback for https://www.walter-schmidt-chemie.de/kontakt/kontaktformular/
2025-08-22 08:00:32,323 | INFO    | scraper.email_extractor |   0 emails on https://www.walter-schmidt-chemie.de/kontakt/kontaktformular/ (def from text)
2025-08-22 08:00:32,532 | INFO    | scraper.http         | HTTP GET https://www.walter-schmidt-chemie.de/kontakt/kontaktformular/ → 200
2025-08-22 08:00:32,543 | INFO    | scraper.email_extractor |   0 emails on https://www.walter-schmidt-chemie.de/kontakt/kontaktformular/ (def from text)
2025-08-22 08:00:32,734 | INFO    | scraper.http         | HTTP GET https://www.walter-schmidt-chemie.de/kontakt/impressum.html → 200
2025-08-22 08:00:32,747 | INFO    | scraper.email_extractor |   1 emails on https://www.walter-schmidt-chemie.de/kontakt/impressum.html (def from text)
2025-08-22 08:00:32,748 | INFO    | scraper.hybrid_email_extractor | Static pass found 1 emails in https://www.walter-schmidt-chemie.de/kontakt/impressum.html
2025-08-22 08:00:33,017 | INFO    | scraper.http         | HTTP GET https://www.walter-schmidt-chemie.de/kontakt/inhaltsverzeichnis.html → 200
2025-08-22 08:00:33,035 | INFO    | scraper.email_extractor |   0 emails on https://www.walter-schmidt-chemie.de/kontakt/inhaltsverzeichnis.html (def from text)
2025-08-22 08:00:33,047 | INFO    | scraper.hybrid_email_extractor | JS fallback for https://www.walter-schmidt-chemie.de/kontakt/inhaltsverzeichnis.html
2025-08-22 08:00:34,438 | INFO    | scraper.email_extractor |   0 emails on https://www.walter-schmidt-chemie.de/kontakt/inhaltsverzeichnis.html (def from text)
2025-08-22 08:00:34,469 | INFO    | scraper.crawler      | Crawl of walter-schmidt-chemie.de completed: 30 pages fetched, 1153 unique URLs seen, 1 emails, 60.6 seconds
2025-08-22 08:00:34,469 | INFO    | scraper.orchestrator | ✓ Found 1 emails for walter schmidt chemie gmbh
2025-08-22 08:00:55,862 | WARNING | scraper.http         | HTTP fallback failed for http://bluetech00.gobizkorea.com: HTTPConnectionPool(host='bluetech00.gobizkorea.com', port=80): Max retries exceeded with url: / (Caused by ConnectTimeoutError(<urllib3.connection.HTTPConnection object at 0x000001E080E9B650>, 'Connection to bluetech00.gobizkorea.com timed out. (connect timeout=60)'))
2025-08-22 08:02:00,039 | INFO    | scraper.http         | Retrying with www-prefix: https://www.bluetech00.gobizkorea.com/sitemap.xml
2025-08-22 08:02:01,293 | WARNING | scraper.http         | www-prefix retry failed for https://www.bluetech00.gobizkorea.com/sitemap.xml: HTTPSConnectionPool(host='www.bluetech00.gobizkorea.com', port=443): Max retries exceeded with url: /sitemap.xml (Caused by NameResolutionError("<urllib3.connection.HTTPSConnection object at 0x000001E0FDDADF90>: Failed to resolve 'www.bluetech00.gobizkorea.com' ([Errno 11001] getaddrinfo failed)"))
2025-08-22 08:02:01,294 | INFO    | scraper.http         | Retrying with HTTP: http://bluetech00.gobizkorea.com/sitemap.xml
2025-08-22 08:03:05,436 | WARNING | scraper.http         | HTTP fallback failed for http://bluetech00.gobizkorea.com/sitemap.xml: HTTPConnectionPool(host='bluetech00.gobizkorea.com', port=80): Max retries exceeded with url: /sitemap.xml (Caused by ConnectTimeoutError(<urllib3.connection.HTTPConnection object at 0x000001E0FDE6D6A0>, 'Connection to bluetech00.gobizkorea.com timed out. (connect timeout=60)'))
2025-08-22 08:04:10,846 | INFO    | scraper.http         | Retrying with www-prefix: https://www.bluetech00.gobizkorea.com/sitemap.xml
2025-08-22 08:04:12,090 | WARNING | scraper.http         | www-prefix retry failed for https://www.bluetech00.gobizkorea.com/sitemap.xml: HTTPSConnectionPool(host='www.bluetech00.gobizkorea.com', port=443): Max retries exceeded with url: /sitemap.xml (Caused by NameResolutionError("<urllib3.connection.HTTPSConnection object at 0x000001E08209CE10>: Failed to resolve 'www.bluetech00.gobizkorea.com' ([Errno 11001] getaddrinfo failed)"))
2025-08-22 08:04:12,090 | INFO    | scraper.http         | Retrying with HTTP: http://bluetech00.gobizkorea.com/sitemap.xml
2025-08-22 08:05:16,261 | WARNING | scraper.http         | HTTP fallback failed for http://bluetech00.gobizkorea.com/sitemap.xml: HTTPConnectionPool(host='bluetech00.gobizkorea.com', port=80): Max retries exceeded with url: /sitemap.xml (Caused by ConnectTimeoutError(<urllib3.connection.HTTPConnection object at 0x000001E0FDE6EE00>, 'Connection to bluetech00.gobizkorea.com timed out. (connect timeout=60)'))
2025-08-22 08:06:20,402 | INFO    | scraper.http         | Retrying with www-prefix: https://www.bluetech00.gobizkorea.com/sitemap_index.xml
2025-08-22 08:06:21,419 | WARNING | scraper.http         | www-prefix retry failed for https://www.bluetech00.gobizkorea.com/sitemap_index.xml: HTTPSConnectionPool(host='www.bluetech00.gobizkorea.com', port=443): Max retries exceeded with url: /sitemap_index.xml (Caused by NameResolutionError("<urllib3.connection.HTTPSConnection object at 0x000001E0FDDAE990>: Failed to resolve 'www.bluetech00.gobizkorea.com' ([Errno 11001] getaddrinfo failed)"))
2025-08-22 08:06:21,420 | INFO    | scraper.http         | Retrying with HTTP: http://bluetech00.gobizkorea.com/sitemap_index.xml
2025-08-22 08:07:25,954 | WARNING | scraper.http         | HTTP fallback failed for http://bluetech00.gobizkorea.com/sitemap_index.xml: HTTPConnectionPool(host='bluetech00.gobizkorea.com', port=80): Max retries exceeded with url: /sitemap_index.xml (Caused by ConnectTimeoutError(<urllib3.connection.HTTPConnection object at 0x000001E0FDE6F680>, 'Connection to bluetech00.gobizkorea.com timed out. (connect timeout=60)'))
2025-08-22 08:08:31,354 | INFO    | scraper.http         | Retrying with www-prefix: https://www.bluetech00.gobizkorea.com/sitemap_index.xml
2025-08-22 08:08:32,375 | WARNING | scraper.http         | www-prefix retry failed for https://www.bluetech00.gobizkorea.com/sitemap_index.xml: HTTPSConnectionPool(host='www.bluetech00.gobizkorea.com', port=443): Max retries exceeded with url: /sitemap_index.xml (Caused by NameResolutionError("<urllib3.connection.HTTPSConnection object at 0x000001E0FDE57250>: Failed to resolve 'www.bluetech00.gobizkorea.com' ([Errno 11001] getaddrinfo failed)"))
2025-08-22 08:08:32,375 | INFO    | scraper.http         | Retrying with HTTP: http://bluetech00.gobizkorea.com/sitemap_index.xml
2025-08-22 08:09:36,579 | WARNING | scraper.http         | HTTP fallback failed for http://bluetech00.gobizkorea.com/sitemap_index.xml: HTTPConnectionPool(host='bluetech00.gobizkorea.com', port=80): Max retries exceeded with url: /sitemap_index.xml (Caused by ConnectTimeoutError(<urllib3.connection.HTTPConnection object at 0x000001E0FDE6F020>, 'Connection to bluetech00.gobizkorea.com timed out. (connect timeout=60)'))
2025-08-22 08:10:40,805 | INFO    | scraper.http         | Retrying with www-prefix: https://www.bluetech00.gobizkorea.com/sitemap-index.xml
2025-08-22 08:10:41,818 | WARNING | scraper.http         | www-prefix retry failed for https://www.bluetech00.gobizkorea.com/sitemap-index.xml: HTTPSConnectionPool(host='www.bluetech00.gobizkorea.com', port=443): Max retries exceeded with url: /sitemap-index.xml (Caused by NameResolutionError("<urllib3.connection.HTTPSConnection object at 0x000001E08209D810>: Failed to resolve 'www.bluetech00.gobizkorea.com' ([Errno 11001] getaddrinfo failed)"))
2025-08-22 08:10:41,818 | INFO    | scraper.http         | Retrying with HTTP: http://bluetech00.gobizkorea.com/sitemap-index.xml
2025-08-22 08:11:45,975 | WARNING | scraper.http         | HTTP fallback failed for http://bluetech00.gobizkorea.com/sitemap-index.xml: HTTPConnectionPool(host='bluetech00.gobizkorea.com', port=80): Max retries exceeded with url: /sitemap-index.xml (Caused by ConnectTimeoutError(<urllib3.connection.HTTPConnection object at 0x000001E0FDE6EAD0>, 'Connection to bluetech00.gobizkorea.com timed out. (connect timeout=60)'))
2025-08-22 08:12:51,089 | INFO    | scraper.http         | Retrying with www-prefix: https://www.bluetech00.gobizkorea.com/sitemap-index.xml
2025-08-22 08:12:52,107 | WARNING | scraper.http         | www-prefix retry failed for https://www.bluetech00.gobizkorea.com/sitemap-index.xml: HTTPSConnectionPool(host='www.bluetech00.gobizkorea.com', port=443): Max retries exceeded with url: /sitemap-index.xml (Caused by NameResolutionError("<urllib3.connection.HTTPSConnection object at 0x000001E08209E490>: Failed to resolve 'www.bluetech00.gobizkorea.com' ([Errno 11001] getaddrinfo failed)"))
2025-08-22 08:12:52,108 | INFO    | scraper.http         | Retrying with HTTP: http://bluetech00.gobizkorea.com/sitemap-index.xml
2025-08-22 08:13:56,232 | WARNING | scraper.http         | HTTP fallback failed for http://bluetech00.gobizkorea.com/sitemap-index.xml: HTTPConnectionPool(host='bluetech00.gobizkorea.com', port=80): Max retries exceeded with url: /sitemap-index.xml (Caused by ConnectTimeoutError(<urllib3.connection.HTTPConnection object at 0x000001E0FDE6F570>, 'Connection to bluetech00.gobizkorea.com timed out. (connect timeout=60)'))
2025-08-22 08:15:00,377 | INFO    | scraper.http         | Retrying with www-prefix: https://www.bluetech00.gobizkorea.com/sitemap1.xml
2025-08-22 08:15:01,397 | WARNING | scraper.http         | www-prefix retry failed for https://www.bluetech00.gobizkorea.com/sitemap1.xml: HTTPSConnectionPool(host='www.bluetech00.gobizkorea.com', port=443): Max retries exceeded with url: /sitemap1.xml (Caused by NameResolutionError("<urllib3.connection.HTTPSConnection object at 0x000001E08209F390>: Failed to resolve 'www.bluetech00.gobizkorea.com' ([Errno 11001] getaddrinfo failed)"))
2025-08-22 08:15:01,398 | INFO    | scraper.http         | Retrying with HTTP: http://bluetech00.gobizkorea.com/sitemap1.xml
2025-08-22 08:16:05,556 | WARNING | scraper.http         | HTTP fallback failed for http://bluetech00.gobizkorea.com/sitemap1.xml: HTTPConnectionPool(host='bluetech00.gobizkorea.com', port=80): Max retries exceeded with url: /sitemap1.xml (Caused by ConnectTimeoutError(<urllib3.connection.HTTPConnection object at 0x000001E0FDE6C7C0>, 'Connection to bluetech00.gobizkorea.com timed out. (connect timeout=60)'))
2025-08-22 08:17:10,698 | INFO    | scraper.http         | Retrying with www-prefix: https://www.bluetech00.gobizkorea.com/sitemap1.xml
2025-08-22 08:17:11,717 | WARNING | scraper.http         | www-prefix retry failed for https://www.bluetech00.gobizkorea.com/sitemap1.xml: HTTPSConnectionPool(host='www.bluetech00.gobizkorea.com', port=443): Max retries exceeded with url: /sitemap1.xml (Caused by NameResolutionError("<urllib3.connection.HTTPSConnection object at 0x000001E0FDDAED50>: Failed to resolve 'www.bluetech00.gobizkorea.com' ([Errno 11001] getaddrinfo failed)"))
2025-08-22 08:17:11,717 | INFO    | scraper.http         | Retrying with HTTP: http://bluetech00.gobizkorea.com/sitemap1.xml
2025-08-22 08:18:15,851 | WARNING | scraper.http         | HTTP fallback failed for http://bluetech00.gobizkorea.com/sitemap1.xml: HTTPConnectionPool(host='bluetech00.gobizkorea.com', port=80): Max retries exceeded with url: /sitemap1.xml (Caused by ConnectTimeoutError(<urllib3.connection.HTTPConnection object at 0x000001E0FDE6E470>, 'Connection to bluetech00.gobizkorea.com timed out. (connect timeout=60)'))
2025-08-22 08:19:20,014 | INFO    | scraper.http         | Retrying with www-prefix: https://www.bluetech00.gobizkorea.com/robots.txt
2025-08-22 08:19:21,028 | WARNING | scraper.http         | www-prefix retry failed for https://www.bluetech00.gobizkorea.com/robots.txt: HTTPSConnectionPool(host='www.bluetech00.gobizkorea.com', port=443): Max retries exceeded with url: /robots.txt (Caused by NameResolutionError("<urllib3.connection.HTTPSConnection object at 0x000001E08209F4D0>: Failed to resolve 'www.bluetech00.gobizkorea.com' ([Errno 11001] getaddrinfo failed)"))
2025-08-22 08:19:21,028 | INFO    | scraper.http         | Retrying with HTTP: http://bluetech00.gobizkorea.com/robots.txt
2025-08-22 08:20:25,169 | WARNING | scraper.http         | HTTP fallback failed for http://bluetech00.gobizkorea.com/robots.txt: HTTPConnectionPool(host='bluetech00.gobizkorea.com', port=80): Max retries exceeded with url: /robots.txt (Caused by ConnectTimeoutError(<urllib3.connection.HTTPConnection object at 0x000001E0FDE6F9B0>, 'Connection to bluetech00.gobizkorea.com timed out. (connect timeout=60)'))
2025-08-22 08:21:30,337 | INFO    | scraper.http         | Retrying with www-prefix: https://www.bluetech00.gobizkorea.com/robots.txt
2025-08-22 08:21:31,354 | WARNING | scraper.http         | www-prefix retry failed for https://www.bluetech00.gobizkorea.com/robots.txt: HTTPSConnectionPool(host='www.bluetech00.gobizkorea.com', port=443): Max retries exceeded with url: /robots.txt (Caused by NameResolutionError("<urllib3.connection.HTTPSConnection object at 0x000001E08209D6D0>: Failed to resolve 'www.bluetech00.gobizkorea.com' ([Errno 11001] getaddrinfo failed)"))
2025-08-22 08:21:31,355 | INFO    | scraper.http         | Retrying with HTTP: http://bluetech00.gobizkorea.com/robots.txt
2025-08-22 08:22:35,530 | WARNING | scraper.http         | HTTP fallback failed for http://bluetech00.gobizkorea.com/robots.txt: HTTPConnectionPool(host='bluetech00.gobizkorea.com', port=80): Max retries exceeded with url: /robots.txt (Caused by ConnectTimeoutError(<urllib3.connection.HTTPConnection object at 0x000001E0FDE6D480>, 'Connection to bluetech00.gobizkorea.com timed out. (connect timeout=60)'))
2025-08-22 08:22:35,531 | WARNING | scraper.orchestrator | Error processing sitemap for bluetech00.gobizkorea.com: max_workers must be greater than 0
2025-08-22 08:22:35,531 | INFO    | scraper.orchestrator | No emails found in sitemap, attempting fallback crawl: bluetech00.gobizkorea.com
2025-08-22 08:22:35,531 | INFO    | scraper.crawler      | Starting crawl of bluetech00.gobizkorea.com (limit: 30 pages, timeout: 60 seconds, workers: 4)
2025-08-22 08:23:39,710 | INFO    | scraper.http         | Retrying with www-prefix: https://www.bluetech00.gobizkorea.com
2025-08-22 08:23:40,723 | WARNING | scraper.http         | www-prefix retry failed for https://www.bluetech00.gobizkorea.com: HTTPSConnectionPool(host='www.bluetech00.gobizkorea.com', port=443): Max retries exceeded with url: / (Caused by NameResolutionError("<urllib3.connection.HTTPSConnection object at 0x000001E08209C690>: Failed to resolve 'www.bluetech00.gobizkorea.com' ([Errno 11001] getaddrinfo failed)"))
2025-08-22 08:23:40,724 | INFO    | scraper.http         | Retrying with HTTP: http://bluetech00.gobizkorea.com
2025-08-22 08:24:44,862 | WARNING | scraper.http         | HTTP fallback failed for http://bluetech00.gobizkorea.com: HTTPConnectionPool(host='bluetech00.gobizkorea.com', port=80): Max retries exceeded with url: / (Caused by ConnectTimeoutError(<urllib3.connection.HTTPConnection object at 0x000001E0FDE6FBD0>, 'Connection to bluetech00.gobizkorea.com timed out. (connect timeout=60)'))
2025-08-22 08:25:49,998 | INFO    | scraper.http         | Retrying with www-prefix: https://www.bluetech00.gobizkorea.com
2025-08-22 08:25:51,017 | WARNING | scraper.http         | www-prefix retry failed for https://www.bluetech00.gobizkorea.com: HTTPSConnectionPool(host='www.bluetech00.gobizkorea.com', port=443): Max retries exceeded with url: / (Caused by NameResolutionError("<urllib3.connection.HTTPSConnection object at 0x000001E0815CC190>: Failed to resolve 'www.bluetech00.gobizkorea.com' ([Errno 11001] getaddrinfo failed)"))
2025-08-22 08:25:51,018 | INFO    | scraper.http         | Retrying with HTTP: http://bluetech00.gobizkorea.com
2025-08-22 08:26:55,200 | WARNING | scraper.http         | HTTP fallback failed for http://bluetech00.gobizkorea.com: HTTPConnectionPool(host='bluetech00.gobizkorea.com', port=80): Max retries exceeded with url: / (Caused by ConnectTimeoutError(<urllib3.connection.HTTPConnection object at 0x000001E0FDE6D7B0>, 'Connection to bluetech00.gobizkorea.com timed out. (connect timeout=60)'))
2025-08-22 08:26:55,201 | INFO    | scraper.crawler      | Crawl of bluetech00.gobizkorea.com completed: 0 pages fetched, 1 unique URLs seen, 0 emails, 259.7 seconds
2025-08-22 08:26:55,202 | INFO    | scraper.orchestrator | ✗ No emails found for bluetec haman co.; ltd.
2025-08-22 08:26:55,415 | INFO    | scraper.cli          | BrowserService: shutdown complete
2025-08-22 08:26:55,475 | INFO    | scraper.cli          | 
+--------------------------------------------------+
| RUN SUMMARY                                      |
+--------------------------------------------------+
| Leads           :   9
| Domain found    :   5
| No Google hits  :   4
| Domain unclear  :   0
| Sitemap used    :   4
| With e-mail     :   3
| Without e-mail  :   2
| Google errors   :   0
| Processing errors:   0
| Unique e-mails  :   4
| Runtime         : 1883.1 s
| HTTP Requests   :  89
| HTTP errors     :   0
| No-response     :   8
+--------------------------------------------------+
2025-08-22 08:26:55,476 | INFO    | scraper.cli          | Saved 4 rows -> results.xlsx
2025-08-22 08:26:55,476 | INFO    | scraper.cli          | Verbose log -> C:\Dev\Projects\Scraping_directory\THE_Email_Scraper\scraper_20250822_075531.log
