2025-08-22 12:07:39,638 | INFO    | scraper.cli          | Email scraper starting
2025-08-22 12:07:39,639 | INFO    | scraper.cli          | Input file: test_input.xlsx
2025-08-22 12:07:39,639 | INFO    | scraper.cli          | Output file: results.xlsx
2025-08-22 12:07:39,639 | INFO    | scraper.cli          | Workers: 16
2025-08-22 12:07:39,640 | INFO    | scraper.cli          | Domain threshold: 65
2025-08-22 12:07:39,641 | INFO    | scraper.cli          | Max pages: 30
2025-08-22 12:07:39,641 | INFO    | scraper.cli          | Process PDFs: False
2025-08-22 12:07:39,642 | INFO    | scraper.cli          | Save domain only: False
2025-08-22 12:07:39,821 | INFO    | scraper.cli          | Loaded 9 companies from test_input.xlsx
2025-08-22 12:07:39,822 | INFO    | scraper.orchestrator | ▶ Processing company: walter schmidt chemie gmbh
2025-08-22 12:07:39,822 | INFO    | scraper.orchestrator | ▶ Processing company: henan xinlianxin fertilizer 
2025-08-22 12:07:39,825 | INFO    | scraper.orchestrator | ▶ Processing company: mitsui toatsu chemicals 
2025-08-22 12:07:39,825 | INFO    | scraper.orchestrator | ▶ Processing company: bluetec haman
2025-08-22 12:07:39,826 | INFO    | scraper.orchestrator | ▶ Processing company: daf trucks
2025-08-22 12:07:39,826 | INFO    | scraper.orchestrator | ▶ Processing company: petrol rete 
2025-08-22 12:07:39,826 | INFO    | scraper.orchestrator | ▶ Processing company: euro dam jas doo
2025-08-22 12:07:39,831 | INFO    | scraper.orchestrator | ▶ Processing company: Synsol
2025-08-22 12:07:39,832 | INFO    | scraper.orchestrator | ▶ Processing company: speedy fuels
2025-08-22 12:07:40,584 | INFO    | scraper.orchestrator | ✓ Found domain: walter-schmidt-chemie.de (score: 89)
2025-08-22 12:07:40,900 | WARNING | scraper.google_search | Google search SSL error on 'euro dam jas doo' (attempt 1/5), retrying in 1s: [SSL: WRONG_VERSION_NUMBER] wrong version number (_ssl.c:2648)
2025-08-22 12:07:40,900 | WARNING | scraper.google_search | Google search SSL error on 'Synsol' (attempt 1/5), retrying in 1s: [SSL: WRONG_VERSION_NUMBER] wrong version number (_ssl.c:2648)
2025-08-22 12:07:40,900 | WARNING | scraper.google_search | Google search SSL error on 'mitsui toatsu chemicals ' (attempt 1/5), retrying in 1s: [SSL: WRONG_VERSION_NUMBER] wrong version number (_ssl.c:2648)
2025-08-22 12:07:40,900 | WARNING | scraper.google_search | Google search SSL error on 'bluetec haman' (attempt 1/5), retrying in 1s: [SSL: WRONG_VERSION_NUMBER] wrong version number (_ssl.c:2648)
2025-08-22 12:07:40,900 | WARNING | scraper.google_search | Google search SSL error on 'petrol rete ' (attempt 1/5), retrying in 1s: [SSL: WRONG_VERSION_NUMBER] wrong version number (_ssl.c:2648)
2025-08-22 12:07:40,900 | WARNING | scraper.google_search | Google search SSL error on 'henan xinlianxin fertilizer ' (attempt 1/5), retrying in 1s: [SSL: WRONG_VERSION_NUMBER] wrong version number (_ssl.c:2648)
2025-08-22 12:07:40,900 | WARNING | scraper.google_search | Google search SSL error on 'daf trucks' (attempt 1/5), retrying in 1s: [SSL: WRONG_VERSION_NUMBER] wrong version number (_ssl.c:2648)
2025-08-22 12:07:40,901 | WARNING | scraper.google_search | Google search SSL error on 'speedy fuels' (attempt 1/5), retrying in 1s: [SSL: WRONG_VERSION_NUMBER] wrong version number (_ssl.c:2648)
2025-08-22 12:07:41,902 | ERROR   | scraper.google_search | Unexpected error in Google search: 'NoneType' object has no attribute 'cse'
2025-08-22 12:07:41,903 | ERROR   | scraper.google_search | Search failed with fallback: 'NoneType' object has no attribute 'cse'
2025-08-22 12:07:41,903 | WARNING | scraper.orchestrator | No Google search results for: euro dam jas doo
2025-08-22 12:07:42,702 | ERROR   | scraper.google_search | Unexpected error in Google search: 'NoneType' object has no attribute 'cse'
2025-08-22 12:07:42,702 | ERROR   | scraper.google_search | Unexpected error in Google search: 'NoneType' object has no attribute 'cse'
2025-08-22 12:07:42,702 | ERROR   | scraper.google_search | Unexpected error in Google search: 'NoneType' object has no attribute 'cse'
2025-08-22 12:07:42,702 | ERROR   | scraper.google_search | Unexpected error in Google search: 'NoneType' object has no attribute 'cse'
2025-08-22 12:07:42,702 | ERROR   | scraper.google_search | Unexpected error in Google search: 'NoneType' object has no attribute 'cse'
2025-08-22 12:07:42,702 | ERROR   | scraper.google_search | Unexpected error in Google search: 'NoneType' object has no attribute 'cse'
2025-08-22 12:07:42,703 | ERROR   | scraper.google_search | Unexpected error in Google search: 'NoneType' object has no attribute 'cse'
2025-08-22 12:07:42,703 | ERROR   | scraper.google_search | Search failed with fallback: 'NoneType' object has no attribute 'cse'
2025-08-22 12:07:42,703 | ERROR   | scraper.google_search | Search failed with fallback: 'NoneType' object has no attribute 'cse'
2025-08-22 12:07:42,703 | ERROR   | scraper.google_search | Search failed with fallback: 'NoneType' object has no attribute 'cse'
2025-08-22 12:07:42,704 | ERROR   | scraper.google_search | Search failed with fallback: 'NoneType' object has no attribute 'cse'
2025-08-22 12:07:42,704 | ERROR   | scraper.google_search | Search failed with fallback: 'NoneType' object has no attribute 'cse'
2025-08-22 12:07:42,704 | ERROR   | scraper.google_search | Search failed with fallback: 'NoneType' object has no attribute 'cse'
2025-08-22 12:07:42,704 | ERROR   | scraper.google_search | Search failed with fallback: 'NoneType' object has no attribute 'cse'
2025-08-22 12:07:42,705 | WARNING | scraper.orchestrator | No Google search results for: speedy fuels
2025-08-22 12:07:42,705 | WARNING | scraper.orchestrator | No Google search results for: Synsol
2025-08-22 12:07:42,706 | WARNING | scraper.orchestrator | No Google search results for: petrol rete 
2025-08-22 12:07:42,706 | WARNING | scraper.orchestrator | No Google search results for: bluetec haman
2025-08-22 12:07:42,706 | WARNING | scraper.orchestrator | No Google search results for: henan xinlianxin fertilizer 
2025-08-22 12:07:42,706 | WARNING | scraper.orchestrator | No Google search results for: mitsui toatsu chemicals 
2025-08-22 12:07:42,707 | WARNING | scraper.orchestrator | No Google search results for: daf trucks
2025-08-22 12:08:25,921 | INFO    | scraper.http         | HTTP GET https://walter-schmidt-chemie.de → 200
2025-08-22 12:08:25,939 | INFO    | scraper.email_extractor |   0 emails on https://www.walter-schmidt-chemie.de/ (def from text)
2025-08-22 12:08:25,951 | INFO    | scraper.hybrid_email_extractor | JS fallback for https://www.walter-schmidt-chemie.de/
2025-08-22 12:08:28,531 | INFO    | scraper.email_extractor |   0 emails on https://www.walter-schmidt-chemie.de/ (def from text)
2025-08-22 12:09:19,470 | INFO    | scraper.http         | HTTP HEAD https://walter-schmidt-chemie.de/sitemap.xml → 200
2025-08-22 12:10:05,148 | INFO    | scraper.http         | HTTP GET https://walter-schmidt-chemie.de/sitemap.xml → 200
2025-08-22 12:10:05,148 | INFO    | scraper.sitemap      | Found sitemap via standard filenames: https://walter-schmidt-chemie.de/sitemap.xml (96.60s)
2025-08-22 12:10:07,231 | INFO    | scraper.http         | HTTP GET https://www.walter-schmidt-chemie.de/kontakt/inhaltsverzeichnis.html → 200
2025-08-22 12:10:07,252 | INFO    | scraper.email_extractor |   0 emails on https://www.walter-schmidt-chemie.de/kontakt/inhaltsverzeichnis.html (def from text)
2025-08-22 12:10:07,271 | INFO    | scraper.hybrid_email_extractor | Static pass found 0 on https://www.walter-schmidt-chemie.de/kontakt/inhaltsverzeichnis.html
2025-08-22 12:10:07,272 | INFO    | scraper.hybrid_email_extractor | JS fallback for https://www.walter-schmidt-chemie.de/kontakt/inhaltsverzeichnis.html
2025-08-22 12:10:09,098 | INFO    | scraper.email_extractor |   0 emails on https://www.walter-schmidt-chemie.de/kontakt/inhaltsverzeichnis.html (def from text)
2025-08-22 12:10:09,825 | INFO    | scraper.http         | HTTP GET https://www.walter-schmidt-chemie.de/kontakt/kontaktformular/nachricht-erfolgreich-versandt.html → 200
2025-08-22 12:10:09,833 | INFO    | scraper.email_extractor |   0 emails on https://www.walter-schmidt-chemie.de/kontakt/kontaktformular/nachricht-erfolgreich-versandt.html (def from text)
2025-08-22 12:10:09,840 | INFO    | scraper.hybrid_email_extractor | Static pass found 0 on https://www.walter-schmidt-chemie.de/kontakt/kontaktformular/nachricht-erfolgreich-versandt.html
2025-08-22 12:10:09,840 | INFO    | scraper.hybrid_email_extractor | JS fallback for https://www.walter-schmidt-chemie.de/kontakt/kontaktformular/nachricht-erfolgreich-versandt.html
2025-08-22 12:10:11,534 | INFO    | scraper.email_extractor |   0 emails on https://www.walter-schmidt-chemie.de/kontakt/kontaktformular/nachricht-erfolgreich-versandt.html (def from text)
2025-08-22 12:10:13,844 | INFO    | scraper.http         | HTTP GET https://www.walter-schmidt-chemie.de/kontakt/ → 200
2025-08-22 12:10:13,858 | INFO    | scraper.email_extractor |   0 emails on https://www.walter-schmidt-chemie.de/kontakt/ (def from text)
2025-08-22 12:10:13,867 | INFO    | scraper.hybrid_email_extractor | Static pass found 0 on https://www.walter-schmidt-chemie.de/kontakt/
2025-08-22 12:10:13,867 | INFO    | scraper.hybrid_email_extractor | JS fallback for https://www.walter-schmidt-chemie.de/kontakt/
2025-08-22 12:10:17,099 | INFO    | scraper.email_extractor |   0 emails on https://www.walter-schmidt-chemie.de/kontakt/ (def from text)
2025-08-22 12:10:17,453 | INFO    | scraper.http         | HTTP GET https://www.walter-schmidt-chemie.de/kontakt/kontaktformular/ → 200
2025-08-22 12:10:17,461 | INFO    | scraper.email_extractor |   0 emails on https://www.walter-schmidt-chemie.de/kontakt/kontaktformular/ (def from text)
2025-08-22 12:10:17,468 | INFO    | scraper.hybrid_email_extractor | Static pass found 0 on https://www.walter-schmidt-chemie.de/kontakt/kontaktformular/
2025-08-22 12:10:17,468 | INFO    | scraper.hybrid_email_extractor | JS fallback for https://www.walter-schmidt-chemie.de/kontakt/kontaktformular/
2025-08-22 12:10:19,158 | INFO    | scraper.email_extractor |   0 emails on https://www.walter-schmidt-chemie.de/kontakt/kontaktformular/ (def from text)
2025-08-22 12:10:20,827 | INFO    | scraper.http         | HTTP GET https://www.walter-schmidt-chemie.de/produkte/adblue/ → 200
2025-08-22 12:10:20,837 | INFO    | scraper.email_extractor |   0 emails on https://www.walter-schmidt-chemie.de/produkte/adblue/ (def from text)
2025-08-22 12:10:20,845 | INFO    | scraper.hybrid_email_extractor | Static pass found 0 on https://www.walter-schmidt-chemie.de/produkte/adblue/
2025-08-22 12:10:20,845 | INFO    | scraper.hybrid_email_extractor | JS fallback for https://www.walter-schmidt-chemie.de/produkte/adblue/
2025-08-22 12:10:23,697 | INFO    | scraper.email_extractor |   0 emails on https://www.walter-schmidt-chemie.de/produkte/adblue/ (def from text)
2025-08-22 12:10:24,922 | INFO    | scraper.http         | HTTP GET https://www.walter-schmidt-chemie.de/kontakt/kontaktformular/formhandler.html → 200
2025-08-22 12:10:24,932 | INFO    | scraper.email_extractor |   0 emails on https://www.walter-schmidt-chemie.de/kontakt/kontaktformular/formhandler.html (def from text)
2025-08-22 12:10:24,942 | INFO    | scraper.hybrid_email_extractor | Static pass found 0 on https://www.walter-schmidt-chemie.de/kontakt/kontaktformular/formhandler.html
2025-08-22 12:10:24,943 | INFO    | scraper.hybrid_email_extractor | JS fallback for https://www.walter-schmidt-chemie.de/kontakt/kontaktformular/formhandler.html
2025-08-22 12:10:27,431 | INFO    | scraper.email_extractor |   0 emails on https://www.walter-schmidt-chemie.de/kontakt/kontaktformular/formhandler.html (def from text)
2025-08-22 12:10:28,236 | INFO    | scraper.http         | HTTP GET https://www.walter-schmidt-chemie.de/kontakt/impressum.html → 200
2025-08-22 12:10:28,251 | INFO    | scraper.email_extractor |   1 emails on https://www.walter-schmidt-chemie.de/kontakt/impressum.html (def from text)
2025-08-22 12:10:28,251 | INFO    | scraper.hybrid_email_extractor | Static pass found 1 on https://www.walter-schmidt-chemie.de/kontakt/impressum.html
2025-08-22 12:10:28,459 | INFO    | scraper.http         | HTTP GET https://www.walter-schmidt-chemie.de/produkte/adblue/adblue.html → 200
2025-08-22 12:10:28,468 | INFO    | scraper.email_extractor |   0 emails on https://www.walter-schmidt-chemie.de/produkte/adblue/adblue.html (def from text)
2025-08-22 12:10:28,474 | INFO    | scraper.hybrid_email_extractor | Static pass found 0 on https://www.walter-schmidt-chemie.de/produkte/adblue/adblue.html
2025-08-22 12:10:28,474 | INFO    | scraper.hybrid_email_extractor | JS fallback for https://www.walter-schmidt-chemie.de/produkte/adblue/adblue.html
2025-08-22 12:10:30,062 | INFO    | scraper.email_extractor |   0 emails on https://www.walter-schmidt-chemie.de/produkte/adblue/adblue.html (def from text)
2025-08-22 12:10:30,597 | INFO    | scraper.http         | HTTP GET https://www.walter-schmidt-chemie.de/kontakt/meldeplattform-hinschg/ → 200
2025-08-22 12:10:30,599 | INFO    | scraper.email_extractor |   0 emails on https://www.walter-schmidt-chemie.de/kontakt/meldeplattform-hinschg/ (def from text)
2025-08-22 12:10:30,600 | INFO    | scraper.hybrid_email_extractor | Static pass found 0 on https://www.walter-schmidt-chemie.de/kontakt/meldeplattform-hinschg/
2025-08-22 12:10:30,600 | INFO    | scraper.hybrid_email_extractor | JS fallback for https://www.walter-schmidt-chemie.de/kontakt/meldeplattform-hinschg/
2025-08-22 12:10:32,739 | INFO    | scraper.email_extractor |   0 emails on https://www.walter-schmidt-chemie.de/kontakt/meldeplattform-hinschg/ (def from text)
2025-08-22 12:10:32,745 | INFO    | scraper.orchestrator | Used sitemap for walter-schmidt-chemie.de
2025-08-22 12:10:32,745 | INFO    | scraper.orchestrator | ✓ Found 1 emails for walter schmidt chemie gmbh
2025-08-22 12:10:32,844 | INFO    | scraper.cli          | BrowserService: shutdown complete
2025-08-22 12:10:32,867 | INFO    | scraper.cli          | 
+--------------------------------------------------+
| RUN SUMMARY                                      |
+--------------------------------------------------+
| Leads           :   9
| Domain found    :   1
| No Google hits  :   8
| Domain unclear  :   0
| Sitemap used    :   1
| With e-mail     :   1
| Without e-mail  :   0
| Google errors   :   0
| Processing errors:   0
| Unique e-mails  :   1
| Runtime         :  173.0 s
| HTTP Requests   :  12
| HTTP errors     :   0
| No-response     :   0
+--------------------------------------------------+
2025-08-22 12:10:32,867 | INFO    | scraper.cli          | Saved 1 rows -> results.xlsx
2025-08-22 12:10:32,868 | INFO    | scraper.cli          | Verbose log -> C:\Dev\Projects\Scraping_directory\THE_Email_Scraper\scraper_20250822_120739.log
