2025-08-22 14:18:07,806 | INFO    | scraper.cli          | Email scraper starting
2025-08-22 14:18:07,806 | INFO    | scraper.cli          | Input file: test_input.xlsx
2025-08-22 14:18:07,807 | INFO    | scraper.cli          | Output file: results.xlsx
2025-08-22 14:18:07,809 | INFO    | scraper.cli          | Workers: 16
2025-08-22 14:18:07,809 | INFO    | scraper.cli          | Domain threshold: 65
2025-08-22 14:18:07,810 | INFO    | scraper.cli          | Max pages: 30
2025-08-22 14:18:07,810 | INFO    | scraper.cli          | Process PDFs: False
2025-08-22 14:18:07,812 | INFO    | scraper.cli          | Save domain only: False
2025-08-22 14:18:08,063 | INFO    | scraper.cli          | Loaded 8 companies from test_input.xlsx
2025-08-22 14:18:08,063 | INFO    | scraper.orchestrator | Phase 1: Collecting domains for 8 companies
2025-08-22 14:18:13,969 | INFO    | scraper.orchestrator | Phase 2: Batch probing 8 unique domains
2025-08-22 14:18:13,970 | INFO    | scraper.orchestrator | Batch probing 8 domains for access patterns
2025-08-22 14:18:13,970 | INFO    | scraper.http         | Probing domain access methods for: walter-schmidt-chemie.de
2025-08-22 14:18:13,971 | INFO    | scraper.http         | Probing domain access methods for: worldfertilizer.com
2025-08-22 14:18:13,971 | INFO    | scraper.http         | Probing domain access methods for: us.mitsuichemicals.com
2025-08-22 14:18:13,972 | INFO    | scraper.http         | Probing domain access methods for: daf.com
2025-08-22 14:18:14,414 | INFO    | scraper.http         | ✓ Found working access method for daf.com: https
2025-08-22 14:18:14,414 | INFO    | scraper.http         | Probing domain access methods for: bpetrol.it
2025-08-22 14:18:14,426 | INFO    | scraper.http         | ✓ Found working access method for us.mitsuichemicals.com: https
2025-08-22 14:18:14,426 | INFO    | scraper.http         | Probing domain access methods for: eurodamjas.com
2025-08-22 14:18:14,810 | INFO    | scraper.http         | ✓ Found working access method for eurodamjas.com: https
2025-08-22 14:18:14,810 | INFO    | scraper.http         | Probing domain access methods for: synsol.ch
2025-08-22 14:18:14,861 | INFO    | scraper.http         | ✓ Found working access method for bpetrol.it: https
2025-08-22 14:18:14,862 | INFO    | scraper.http         | Probing domain access methods for: speedyfuels.co.uk
2025-08-22 14:18:15,158 | INFO    | scraper.http         | ✓ Found working access method for speedyfuels.co.uk: https
2025-08-22 14:18:15,188 | INFO    | scraper.http         | ✓ Found working access method for synsol.ch: https
2025-08-22 14:18:22,393 | INFO    | scraper.http         | ✓ Found working access method for worldfertilizer.com: https_www
2025-08-22 14:18:24,632 | INFO    | scraper.http         | ✓ Found working access method for walter-schmidt-chemie.de: https
2025-08-22 14:18:24,634 | INFO    | scraper.orchestrator | Phase 3: Processing 8 companies with valid domains
2025-08-22 14:18:24,635 | INFO    | scraper.orchestrator | ✓ Processing domain: walter-schmidt-chemie.de (score: 89) for company: walter schmidt chemie gmbh
2025-08-22 14:18:24,635 | INFO    | scraper.orchestrator | ✓ Processing domain: worldfertilizer.com (score: 80) for company: henan xinlianxin fertilizer 
2025-08-22 14:18:24,636 | INFO    | scraper.orchestrator | ✓ Processing domain: us.mitsuichemicals.com (score: 88) for company: mitsui toatsu chemicals 
2025-08-22 14:18:24,637 | INFO    | scraper.orchestrator | ✓ Processing domain: daf.com (score: 100) for company: daf trucks
2025-08-22 14:18:24,639 | INFO    | scraper.orchestrator | ✓ Processing domain: bpetrol.it (score: 92) for company: petrol rete 
2025-08-22 14:18:24,642 | INFO    | scraper.orchestrator | ✓ Processing domain: eurodamjas.com (score: 100) for company: euro dam jas doo
2025-08-22 14:18:24,645 | INFO    | scraper.orchestrator | ✓ Processing domain: synsol.ch (score: 100) for company: Synsol
2025-08-22 14:18:24,646 | INFO    | scraper.orchestrator | ✓ Processing domain: speedyfuels.co.uk (score: 100) for company: speedy fuels
2025-08-22 14:18:24,836 | INFO    | scraper.http         | HTTP GET https://synsol.ch → 200
2025-08-22 14:18:24,875 | INFO    | scraper.email_extractor |   1 emails on https://synsol.ch/ (def from text)
2025-08-22 14:18:24,875 | INFO    | scraper.hybrid_email_extractor | Static pass found 1 emails in https://synsol.ch/
2025-08-22 14:18:24,990 | INFO    | scraper.http         | HTTP GET https://speedyfuels.co.uk → 200
2025-08-22 14:18:25,043 | INFO    | scraper.email_extractor |   0 emails on https://www.speedyfuels.co.uk/ (def from text)
2025-08-22 14:18:25,074 | INFO    | scraper.hybrid_email_extractor | JS fallback for https://www.speedyfuels.co.uk/
2025-08-22 14:18:25,099 | INFO    | scraper.http         | HTTP GET https://us.mitsuichemicals.com → 200
2025-08-22 14:18:25,135 | INFO    | scraper.email_extractor |   0 emails on https://us.mitsuichemicals.com/ (def from text)
2025-08-22 14:18:25,172 | INFO    | scraper.hybrid_email_extractor | JS fallback for https://us.mitsuichemicals.com/
2025-08-22 14:18:25,174 | INFO    | scraper.http         | HTTP GET https://eurodamjas.com → 200
2025-08-22 14:18:25,190 | INFO    | scraper.hybrid_email_extractor | Static pass found 1 emails in https://eurodamjas.com/
2025-08-22 14:18:25,237 | INFO    | scraper.http         | HTTP GET https://bpetrol.it → 200
2025-08-22 14:18:25,329 | INFO    | scraper.email_extractor |   2 emails on https://www.bpetrol.it/ (def from text)
2025-08-22 14:18:25,330 | INFO    | scraper.hybrid_email_extractor | Static pass found 2 emails in https://www.bpetrol.it/
2025-08-22 14:18:25,330 | INFO    | scraper.http         | HTTP GET https://www.worldfertilizer.com → 200
2025-08-22 14:18:25,346 | INFO    | scraper.email_extractor |   1 emails on https://www.worldfertilizer.com/ (def from text)
2025-08-22 14:18:25,346 | INFO    | scraper.hybrid_email_extractor | Static pass found 1 emails in https://www.worldfertilizer.com/
2025-08-22 14:18:25,361 | INFO    | scraper.http         | HTTP GET https://daf.com → 200
2025-08-22 14:18:25,392 | INFO    | scraper.email_extractor |   0 emails on https://www.daf.com/en/sites-landing (def from text)
2025-08-22 14:18:25,392 | INFO    | scraper.http         | HTTP HEAD https://synsol.ch/sitemap.xml → 200
2025-08-22 14:18:25,419 | INFO    | scraper.hybrid_email_extractor | JS fallback for https://www.daf.com/en/sites-landing
2025-08-22 14:18:25,445 | INFO    | scraper.http         | HTTP HEAD https://www.worldfertilizer.com/sitemap.xml → 200
2025-08-22 14:18:25,451 | INFO    | scraper.http         | HTTP GET https://synsol.ch/sitemap.xml → 200
2025-08-22 14:18:25,451 | INFO    | scraper.sitemap      | Found sitemap via standard filenames: https://synsol.ch/sitemap.xml (0.58s)
2025-08-22 14:18:25,469 | INFO    | scraper.http         | HTTP GET https://synsol.ch/wp-sitemap-posts-page-1.xml → 200
2025-08-22 14:18:25,525 | INFO    | scraper.http         | HTTP GET https://www.worldfertilizer.com/sitemap.xml → 200
2025-08-22 14:18:25,525 | INFO    | scraper.sitemap      | Found sitemap via standard filenames: https://www.worldfertilizer.com/sitemap.xml (0.18s)
2025-08-22 14:18:25,539 | INFO    | scraper.http         | HTTP GET https://synsol.ch/wp-sitemap-users-1.xml → 200
2025-08-22 14:18:25,567 | INFO    | scraper.http         | HTTP GET https://synsol.ch/privacy-policy-of-synsol-ag/ → 200
2025-08-22 14:18:25,580 | INFO    | scraper.email_extractor |   0 emails on https://synsol.ch/privacy-policy-of-synsol-ag/ (def from text)
2025-08-22 14:18:25,593 | INFO    | scraper.hybrid_email_extractor | Static pass found 0 on https://synsol.ch/privacy-policy-of-synsol-ag/
2025-08-22 14:18:25,593 | INFO    | scraper.hybrid_email_extractor | JS fallback for https://synsol.ch/privacy-policy-of-synsol-ag/
2025-08-22 14:18:25,659 | INFO    | scraper.http         | HTTP HEAD https://eurodamjas.com/sitemap.xml → 200
2025-08-22 14:18:25,977 | INFO    | scraper.http         | HTTP GET https://www.worldfertilizer.com/potash/25082022/verde-announces-strategic-sales-partnership-with-lavoro/ → 200
2025-08-22 14:18:25,994 | INFO    | scraper.email_extractor |   1 emails on https://www.worldfertilizer.com/potash/25082022/verde-announces-strategic-sales-partnership-with-lavoro/ (def from text)
2025-08-22 14:18:25,994 | INFO    | scraper.hybrid_email_extractor | Static pass found 1 on https://www.worldfertilizer.com/potash/25082022/verde-announces-strategic-sales-partnership-with-lavoro/
2025-08-22 14:18:25,998 | INFO    | scraper.http         | HTTP GET https://eurodamjas.com/sitemap.xml → 200
2025-08-22 14:18:25,998 | INFO    | scraper.sitemap      | Found sitemap via standard filenames: https://eurodamjas.com/sitemap.xml (0.81s)
2025-08-22 14:18:26,172 | INFO    | scraper.http         | HTTP GET https://eurodamjas.com/wp-sitemap-posts-post-1.xml → 200
2025-08-22 14:18:26,248 | INFO    | scraper.http         | HTTP GET https://www.worldfertilizer.com/special-reports/04072022/cru-appoints-new-regional-director-of-sales-for-mena/ → 200
2025-08-22 14:18:26,266 | INFO    | scraper.email_extractor |   1 emails on https://www.worldfertilizer.com/special-reports/04072022/cru-appoints-new-regional-director-of-sales-for-mena/ (def from text)
2025-08-22 14:18:26,266 | INFO    | scraper.hybrid_email_extractor | Static pass found 1 on https://www.worldfertilizer.com/special-reports/04072022/cru-appoints-new-regional-director-of-sales-for-mena/
2025-08-22 14:18:26,311 | INFO    | scraper.http         | HTTP GET https://eurodamjas.com/wp-sitemap-posts-cspt-service-1.xml → 200
2025-08-22 14:18:26,322 | INFO    | scraper.http         | HTTP GET https://eurodamjas.com/wp-sitemap-posts-page-1.xml → 200
2025-08-22 14:18:26,362 | INFO    | scraper.http         | HTTP GET https://eurodamjas.com/wp-sitemap-posts-cspt-portfolio-1.xml → 200
2025-08-22 14:18:26,384 | INFO    | scraper.http         | HTTP GET https://eurodamjas.com/wp-sitemap-posts-cspt-team-member-1.xml → 200
2025-08-22 14:18:26,519 | INFO    | scraper.http         | HTTP GET https://eurodamjas.com/wp-sitemap-posts-cspt-testimonial-1.xml → 200
2025-08-22 14:18:26,548 | INFO    | scraper.http         | HTTP GET https://www.worldfertilizer.com/sulfur/10022022/itafos-resumes-sulfuric-acid-production-and-sales-at-arraias/ → 200
2025-08-22 14:18:26,562 | INFO    | scraper.email_extractor |   1 emails on https://www.worldfertilizer.com/sulfur/10022022/itafos-resumes-sulfuric-acid-production-and-sales-at-arraias/ (def from text)
2025-08-22 14:18:26,563 | INFO    | scraper.http         | HTTP GET https://eurodamjas.com/wp-sitemap-taxonomies-category-1.xml → 200
2025-08-22 14:18:26,563 | INFO    | scraper.hybrid_email_extractor | Static pass found 1 on https://www.worldfertilizer.com/sulfur/10022022/itafos-resumes-sulfuric-acid-production-and-sales-at-arraias/
2025-08-22 14:18:26,584 | INFO    | scraper.http         | HTTP GET https://eurodamjas.com/wp-sitemap-taxonomies-cspt-portfolio-category-1.xml → 200
2025-08-22 14:18:26,603 | INFO    | scraper.http         | HTTP GET https://eurodamjas.com/wp-sitemap-users-1.xml → 200
2025-08-22 14:18:26,745 | INFO    | scraper.http         | HTTP HEAD https://bpetrol.it/sitemap.xml → 200
2025-08-22 14:18:26,886 | INFO    | scraper.http         | HTTP GET https://eurodamjas.com/usluge/adblue/ → 200
2025-08-22 14:18:26,898 | INFO    | scraper.hybrid_email_extractor | Static pass found 1 on https://eurodamjas.com/usluge/adblue/
2025-08-22 14:18:26,924 | INFO    | scraper.http         | HTTP GET https://www.worldfertilizer.com/phosphates/10052023/kropz-plc-provides-update-on-elandsfontein-phosphate-project-sales/ → 200
2025-08-22 14:18:26,939 | INFO    | scraper.email_extractor |   1 emails on https://www.worldfertilizer.com/phosphates/10052023/kropz-plc-provides-update-on-elandsfontein-phosphate-project-sales/ (def from text)
2025-08-22 14:18:26,939 | INFO    | scraper.hybrid_email_extractor | Static pass found 1 on https://www.worldfertilizer.com/phosphates/10052023/kropz-plc-provides-update-on-elandsfontein-phosphate-project-sales/
2025-08-22 14:18:27,206 | INFO    | scraper.http         | HTTP GET https://www.worldfertilizer.com/project-news/02032023/kimre-celebrates-engineering-and-technical-sales-personnel/ → 200
2025-08-22 14:18:27,224 | INFO    | scraper.email_extractor |   1 emails on https://www.worldfertilizer.com/project-news/02032023/kimre-celebrates-engineering-and-technical-sales-personnel/ (def from text)
2025-08-22 14:18:27,224 | INFO    | scraper.hybrid_email_extractor | Static pass found 1 on https://www.worldfertilizer.com/project-news/02032023/kimre-celebrates-engineering-and-technical-sales-personnel/
2025-08-22 14:18:27,225 | INFO    | scraper.http         | HTTP GET https://eurodamjas.com/about-us-01/ → 200
2025-08-22 14:18:27,239 | INFO    | scraper.hybrid_email_extractor | Static pass found 1 on https://eurodamjas.com/about-us-01/
2025-08-22 14:18:27,320 | INFO    | scraper.http         | HTTP GET https://www.worldfertilizer.com/contact/ → 200
2025-08-22 14:18:27,329 | INFO    | scraper.email_extractor |   1 emails on https://www.worldfertilizer.com/contact/ (def from text)
2025-08-22 14:18:27,330 | INFO    | scraper.hybrid_email_extractor | Static pass found 1 on https://www.worldfertilizer.com/contact/
2025-08-22 14:18:27,466 | INFO    | scraper.http         | HTTP GET https://www.worldfertilizer.com/tag/urea-news/ → 200
2025-08-22 14:18:27,483 | INFO    | scraper.email_extractor |   1 emails on https://www.worldfertilizer.com/tag/urea-news/ (def from text)
2025-08-22 14:18:27,483 | INFO    | scraper.hybrid_email_extractor | Static pass found 1 on https://www.worldfertilizer.com/tag/urea-news/
2025-08-22 14:18:27,508 | INFO    | scraper.http         | HTTP GET https://eurodamjas.com/kontakt/ → 200
2025-08-22 14:18:27,517 | INFO    | scraper.hybrid_email_extractor | Static pass found 1 on https://eurodamjas.com/kontakt/
2025-08-22 14:18:27,539 | INFO    | scraper.http         | HTTP GET https://www.worldfertilizer.com/privacy/ → 200
2025-08-22 14:18:27,555 | INFO    | scraper.email_extractor |   2 emails on https://www.worldfertilizer.com/privacy/ (def from text)
2025-08-22 14:18:27,555 | INFO    | scraper.hybrid_email_extractor | Static pass found 2 on https://www.worldfertilizer.com/privacy/
2025-08-22 14:18:27,555 | INFO    | scraper.orchestrator | Used sitemap for worldfertilizer.com
2025-08-22 14:18:27,555 | INFO    | scraper.orchestrator | Skipping crawl for worldfertilizer.com: 2 emails already found
2025-08-22 14:18:27,555 | INFO    | scraper.orchestrator | ✓ Found 2 emails for henan xinlianxin fertilizer 
2025-08-22 14:18:27,611 | INFO    | scraper.http         | HTTP GET https://bpetrol.it/sitemap.xml → 200
2025-08-22 14:18:27,612 | INFO    | scraper.sitemap      | Found sitemap via standard filenames: https://bpetrol.it/sitemap.xml (2.28s)
2025-08-22 14:18:27,817 | INFO    | scraper.http         | HTTP GET https://eurodamjas.com/about-us-02/ → 200
2025-08-22 14:18:27,840 | INFO    | scraper.hybrid_email_extractor | Static pass found 1 on https://eurodamjas.com/about-us-02/
2025-08-22 14:18:27,841 | INFO    | scraper.orchestrator | Used sitemap for eurodamjas.com
2025-08-22 14:18:27,870 | INFO    | scraper.orchestrator | Skipping crawl for eurodamjas.com: 1 emails already found
2025-08-22 14:18:27,871 | INFO    | scraper.orchestrator | ✓ Found 1 emails for euro dam jas doo
2025-08-22 14:18:27,952 | INFO    | scraper.http         | HTTP GET https://bpetrol.it/post-sitemap.xml → 200
2025-08-22 14:18:28,374 | INFO    | scraper.http         | HTTP GET https://bpetrol.it/3d-flip-book-sitemap.xml → 200
2025-08-22 14:18:28,438 | INFO    | scraper.http         | HTTP GET https://bpetrol.it/post_tag-sitemap.xml → 200
2025-08-22 14:18:28,529 | INFO    | scraper.http         | HTTP GET https://bpetrol.it/category-sitemap.xml → 200
2025-08-22 14:18:29,401 | INFO    | scraper.http         | HTTP GET https://bpetrol.it/page-sitemap.xml → 200
2025-08-22 14:18:29,519 | INFO    | scraper.http         | HTTP GET https://bpetrol.it/privacy-policy/ → 200
2025-08-22 14:18:29,543 | INFO    | scraper.email_extractor |   3 emails on https://www.bpetrol.it/privacy-policy/ (def from text)
2025-08-22 14:18:29,543 | INFO    | scraper.hybrid_email_extractor | Static pass found 3 on https://www.bpetrol.it/privacy-policy/
2025-08-22 14:18:29,543 | INFO    | scraper.smart_discovery | Early stopping: found 3 emails (threshold: 3)
2025-08-22 14:18:29,543 | INFO    | scraper.orchestrator | Early stopping after priority pages for bpetrol.it: found 3 emails
2025-08-22 14:18:29,543 | INFO    | scraper.orchestrator | Used sitemap for bpetrol.it
2025-08-22 14:18:29,543 | INFO    | scraper.orchestrator | Skipping crawl for bpetrol.it: 3 emails already found
2025-08-22 14:18:29,544 | INFO    | scraper.orchestrator | ✓ Found 3 emails for petrol rete 
2025-08-22 14:18:29,785 | INFO    | scraper.email_extractor |   0 emails on https://www.speedyfuels.co.uk/ (def from text)
2025-08-22 14:18:30,232 | INFO    | scraper.http         | HTTP HEAD https://speedyfuels.co.uk/sitemap.xml → 200
2025-08-22 14:18:30,643 | INFO    | scraper.http         | HTTP GET https://speedyfuels.co.uk/sitemap.xml → 200
2025-08-22 14:18:30,643 | INFO    | scraper.sitemap      | Found sitemap via standard filenames: https://speedyfuels.co.uk/sitemap.xml (0.83s)
2025-08-22 14:18:30,729 | INFO    | scraper.http         | HTTP GET https://speedyfuels.co.uk/post-sitemap.xml → 200
2025-08-22 14:18:30,771 | INFO    | scraper.http         | HTTP GET https://speedyfuels.co.uk/page-sitemap.xml → 200
2025-08-22 14:18:30,907 | INFO    | scraper.http         | HTTP GET https://speedyfuels.co.uk/commercial-fuel-suppliers-uk/ → 200
2025-08-22 14:18:30,968 | INFO    | scraper.email_extractor |   0 emails on https://www.speedyfuels.co.uk/commercial-fuel-suppliers-uk/ (def from text)
2025-08-22 14:18:30,993 | INFO    | scraper.hybrid_email_extractor | Static pass found 0 on https://www.speedyfuels.co.uk/commercial-fuel-suppliers-uk/
2025-08-22 14:18:30,993 | INFO    | scraper.hybrid_email_extractor | JS fallback for https://www.speedyfuels.co.uk/commercial-fuel-suppliers-uk/
2025-08-22 14:18:32,765 | INFO    | scraper.email_extractor |   0 emails on https://us.mitsuichemicals.com/ (def from text)
2025-08-22 14:18:33,129 | INFO    | scraper.http         | HTTP HEAD https://us.mitsuichemicals.com/sitemap.xml → 200
2025-08-22 14:18:33,393 | INFO    | scraper.http         | HTTP GET https://us.mitsuichemicals.com/sitemap.xml → 200
2025-08-22 14:18:33,394 | INFO    | scraper.sitemap      | Found sitemap via standard filenames: https://us.mitsuichemicals.com/sitemap.xml (0.58s)
2025-08-22 14:18:34,131 | INFO    | scraper.http         | HTTP GET https://us.mitsuichemicals.com/siteinfo/privacy/index.htm → 200
2025-08-22 14:18:34,178 | INFO    | scraper.email_extractor |   0 emails on https://us.mitsuichemicals.com/siteinfo/privacy/index.htm (def from text)
2025-08-22 14:18:34,215 | INFO    | scraper.hybrid_email_extractor | Static pass found 0 on https://us.mitsuichemicals.com/siteinfo/privacy/index.htm
2025-08-22 14:18:34,215 | INFO    | scraper.hybrid_email_extractor | JS fallback for https://us.mitsuichemicals.com/siteinfo/privacy/index.htm
2025-08-22 14:18:34,779 | INFO    | scraper.email_extractor |   0 emails on https://www.daf.com/en/sites-landing (def from text)
2025-08-22 14:18:35,099 | INFO    | scraper.http         | HTTP HEAD https://daf.com/sitemap.xml → 200
2025-08-22 14:18:35,153 | INFO    | scraper.http         | HTTP GET https://daf.com/sitemap.xml → 200
2025-08-22 14:18:35,154 | INFO    | scraper.sitemap      | Found sitemap via standard filenames: https://daf.com/sitemap.xml (0.34s)
2025-08-22 14:18:35,236 | INFO    | scraper.http         | HTTP GET https://daf.com/en/sitemap.xml → 200
2025-08-22 14:18:35,245 | INFO    | scraper.http         | HTTP GET https://walter-schmidt-chemie.de → 200
2025-08-22 14:18:35,257 | INFO    | scraper.email_extractor |   0 emails on https://www.walter-schmidt-chemie.de/ (def from text)
2025-08-22 14:18:35,266 | INFO    | scraper.hybrid_email_extractor | JS fallback for https://www.walter-schmidt-chemie.de/
2025-08-22 14:18:35,328 | INFO    | scraper.http         | HTTP GET https://daf.com/nl-nl/sitemap.xml → 200
2025-08-22 14:18:35,660 | INFO    | scraper.http         | HTTP GET https://daf.com/en/contact → 200
2025-08-22 14:18:35,705 | INFO    | scraper.email_extractor |   0 emails on https://www.daf.com/en/contact (def from text)
2025-08-22 14:18:35,763 | INFO    | scraper.hybrid_email_extractor | Static pass found 0 on https://www.daf.com/en/contact
2025-08-22 14:18:35,764 | INFO    | scraper.hybrid_email_extractor | JS fallback for https://www.daf.com/en/contact
2025-08-22 14:18:36,262 | INFO    | scraper.email_extractor |   0 emails on https://synsol.ch/privacy-policy-of-synsol-ag/ (def from text)
2025-08-22 14:18:36,364 | INFO    | scraper.http         | HTTP GET https://synsol.ch/urea/ → 200
2025-08-22 14:18:36,387 | INFO    | scraper.email_extractor |   1 emails on https://synsol.ch/urea/ (def from text)
2025-08-22 14:18:36,387 | INFO    | scraper.hybrid_email_extractor | Static pass found 1 on https://synsol.ch/urea/
2025-08-22 14:18:36,387 | INFO    | scraper.orchestrator | Used sitemap for synsol.ch
2025-08-22 14:18:36,387 | INFO    | scraper.orchestrator | Skipping crawl for synsol.ch: 1 emails already found
2025-08-22 14:18:36,387 | INFO    | scraper.orchestrator | ✓ Found 1 emails for Synsol
2025-08-22 14:18:38,708 | INFO    | scraper.email_extractor |   0 emails on https://www.speedyfuels.co.uk/commercial-fuel-suppliers-uk/ (def from text)
2025-08-22 14:18:38,945 | INFO    | scraper.http         | HTTP GET https://speedyfuels.co.uk/privacy-policy/ → 200
2025-08-22 14:18:38,975 | INFO    | scraper.hybrid_email_extractor | Static pass found 1 on https://www.speedyfuels.co.uk/privacy-policy/
2025-08-22 14:18:39,045 | INFO    | scraper.http         | HTTP GET https://speedyfuels.co.uk/about-us/ → 200
2025-08-22 14:18:39,214 | INFO    | scraper.email_extractor |   0 emails on https://www.speedyfuels.co.uk/about-us/ (def from text)
2025-08-22 14:18:39,239 | INFO    | scraper.hybrid_email_extractor | Static pass found 0 on https://www.speedyfuels.co.uk/about-us/
2025-08-22 14:18:39,239 | INFO    | scraper.hybrid_email_extractor | JS fallback for https://www.speedyfuels.co.uk/about-us/
2025-08-22 14:18:40,459 | INFO    | scraper.email_extractor |   0 emails on https://us.mitsuichemicals.com/siteinfo/privacy/index.htm (def from text)
2025-08-22 14:18:41,134 | INFO    | scraper.http         | HTTP GET https://us.mitsuichemicals.com/contact/index.htm → 200
2025-08-22 14:18:41,151 | INFO    | scraper.email_extractor |   0 emails on https://us.mitsuichemicals.com/contact/index.htm (def from text)
2025-08-22 14:18:41,169 | INFO    | scraper.hybrid_email_extractor | Static pass found 0 on https://us.mitsuichemicals.com/contact/index.htm
2025-08-22 14:18:41,169 | INFO    | scraper.hybrid_email_extractor | JS fallback for https://us.mitsuichemicals.com/contact/index.htm
2025-08-22 14:18:42,145 | INFO    | scraper.email_extractor |   0 emails on https://www.walter-schmidt-chemie.de/ (def from text)
2025-08-22 14:18:44,681 | INFO    | scraper.email_extractor |   0 emails on https://www.daf.com/en/contact (def from text)
2025-08-22 14:18:45,214 | INFO    | scraper.http         | HTTP GET https://daf.com/en/about-daf/daf-history → 200
2025-08-22 14:18:45,255 | INFO    | scraper.email_extractor |   0 emails on https://www.daf.com/en/about-daf/daf-history (def from text)
2025-08-22 14:18:45,296 | INFO    | scraper.hybrid_email_extractor | Static pass found 0 on https://www.daf.com/en/about-daf/daf-history
2025-08-22 14:18:45,296 | INFO    | scraper.hybrid_email_extractor | JS fallback for https://www.daf.com/en/about-daf/daf-history
2025-08-22 14:18:46,123 | INFO    | scraper.email_extractor |   0 emails on https://www.speedyfuels.co.uk/about-us/ (def from text)
2025-08-22 14:18:46,260 | INFO    | scraper.http         | HTTP GET https://speedyfuels.co.uk/news/common-misconceptions-about-hvo/ → 200
2025-08-22 14:18:46,311 | INFO    | scraper.email_extractor |   0 emails on https://www.speedyfuels.co.uk/news/common-misconceptions-about-hvo/ (def from text)
2025-08-22 14:18:46,340 | INFO    | scraper.hybrid_email_extractor | Static pass found 0 on https://www.speedyfuels.co.uk/news/common-misconceptions-about-hvo/
2025-08-22 14:18:46,340 | INFO    | scraper.hybrid_email_extractor | JS fallback for https://www.speedyfuels.co.uk/news/common-misconceptions-about-hvo/
2025-08-22 14:18:48,393 | INFO    | scraper.email_extractor |   0 emails on https://us.mitsuichemicals.com/contact/index.htm (def from text)
2025-08-22 14:18:48,450 | INFO    | scraper.orchestrator | Used sitemap for us.mitsuichemicals.com
2025-08-22 14:18:48,451 | INFO    | scraper.orchestrator | No emails found in sitemap, attempting fallback crawl: us.mitsuichemicals.com
2025-08-22 14:18:48,451 | INFO    | scraper.crawler      | Start crawl us.mitsuichemicals.com (limit=30, timeout=60s, workers=16)
2025-08-22 14:18:48,711 | INFO    | scraper.http         | HTTP GET https://us.mitsuichemicals.com → 200
2025-08-22 14:18:48,756 | INFO    | scraper.email_extractor |   0 emails on https://us.mitsuichemicals.com/ (def from text)
2025-08-22 14:18:49,086 | INFO    | scraper.http         | HTTP GET https://us.mitsuichemicals.com/index.htm → 200
2025-08-22 14:18:49,133 | INFO    | scraper.email_extractor |   0 emails on https://us.mitsuichemicals.com/index.htm (def from text)
2025-08-22 14:18:49,166 | INFO    | scraper.hybrid_email_extractor | JS fallback for https://us.mitsuichemicals.com/index.htm
2025-08-22 14:18:49,790 | INFO    | scraper.email_extractor |   0 emails on https://www.daf.com/en/about-daf/daf-history (def from text)
2025-08-22 14:18:50,271 | INFO    | scraper.http         | HTTP GET https://daf.com/en/about-daf/daf-history/clever-solutions → 200
2025-08-22 14:18:50,319 | INFO    | scraper.email_extractor |   0 emails on https://www.daf.com/en/about-daf/daf-history/clever-solutions (def from text)
2025-08-22 14:18:50,352 | INFO    | scraper.hybrid_email_extractor | Static pass found 0 on https://www.daf.com/en/about-daf/daf-history/clever-solutions
2025-08-22 14:18:50,352 | INFO    | scraper.hybrid_email_extractor | JS fallback for https://www.daf.com/en/about-daf/daf-history/clever-solutions
2025-08-22 14:18:50,845 | INFO    | scraper.http         | HTTP HEAD https://walter-schmidt-chemie.de/sitemap.xml → 200
2025-08-22 14:18:51,297 | INFO    | scraper.email_extractor |   0 emails on https://www.speedyfuels.co.uk/news/common-misconceptions-about-hvo/ (def from text)
2025-08-22 14:18:51,530 | INFO    | scraper.http         | HTTP GET https://speedyfuels.co.uk/contact-us/ → 200
2025-08-22 14:18:51,558 | INFO    | scraper.hybrid_email_extractor | Static pass found 1 on https://www.speedyfuels.co.uk/contact-us/
2025-08-22 14:18:51,626 | INFO    | scraper.http         | HTTP GET https://speedyfuels.co.uk/fuel-suppliers/ → 200
2025-08-22 14:18:51,688 | INFO    | scraper.email_extractor |   0 emails on https://www.speedyfuels.co.uk/fuel-suppliers/ (def from text)
2025-08-22 14:18:51,720 | INFO    | scraper.hybrid_email_extractor | Static pass found 0 on https://www.speedyfuels.co.uk/fuel-suppliers/
2025-08-22 14:18:51,720 | INFO    | scraper.hybrid_email_extractor | JS fallback for https://www.speedyfuels.co.uk/fuel-suppliers/
2025-08-22 14:18:54,197 | INFO    | scraper.email_extractor |   0 emails on https://us.mitsuichemicals.com/index.htm (def from text)
2025-08-22 14:18:54,274 | INFO    | scraper.http         | HTTP GET https://walter-schmidt-chemie.de/sitemap.xml → 200
2025-08-22 14:18:54,275 | INFO    | scraper.sitemap      | Found sitemap via standard filenames: https://walter-schmidt-chemie.de/sitemap.xml (12.11s)
2025-08-22 14:18:54,523 | INFO    | scraper.http         | HTTP GET https://us.mitsuichemicals.com/contact/index.htm → 200
2025-08-22 14:18:54,548 | INFO    | scraper.email_extractor |   0 emails on https://us.mitsuichemicals.com/contact/index.htm (def from text)
2025-08-22 14:18:54,618 | INFO    | scraper.http         | HTTP GET https://walter-schmidt-chemie.de/kontakt/inhaltsverzeichnis.html → 200
2025-08-22 14:18:54,632 | INFO    | scraper.email_extractor |   0 emails on https://www.walter-schmidt-chemie.de/kontakt/inhaltsverzeichnis.html (def from text)
2025-08-22 14:18:54,645 | INFO    | scraper.hybrid_email_extractor | Static pass found 0 on https://www.walter-schmidt-chemie.de/kontakt/inhaltsverzeichnis.html
2025-08-22 14:18:54,646 | INFO    | scraper.hybrid_email_extractor | JS fallback for https://www.walter-schmidt-chemie.de/kontakt/inhaltsverzeichnis.html
2025-08-22 14:18:55,286 | INFO    | scraper.http         | HTTP GET https://us.mitsuichemicals.com/corporate/index.htm → 200
2025-08-22 14:18:55,309 | INFO    | scraper.email_extractor |   0 emails on https://us.mitsuichemicals.com/corporate/index.htm (def from text)
2025-08-22 14:18:55,330 | INFO    | scraper.hybrid_email_extractor | JS fallback for https://us.mitsuichemicals.com/corporate/index.htm
2025-08-22 14:18:56,435 | INFO    | scraper.email_extractor |   0 emails on https://www.daf.com/en/about-daf/daf-history/clever-solutions (def from text)
2025-08-22 14:18:56,823 | INFO    | scraper.http         | HTTP GET https://daf.com/en/about-daf → 200
2025-08-22 14:18:56,998 | INFO    | scraper.email_extractor |   0 emails on https://www.daf.com/en/about-daf (def from text)
2025-08-22 14:18:57,040 | INFO    | scraper.hybrid_email_extractor | Static pass found 0 on https://www.daf.com/en/about-daf
2025-08-22 14:18:57,041 | INFO    | scraper.hybrid_email_extractor | JS fallback for https://www.daf.com/en/about-daf
2025-08-22 14:18:57,918 | INFO    | scraper.email_extractor |   0 emails on https://www.speedyfuels.co.uk/fuel-suppliers/ (def from text)
2025-08-22 14:18:57,943 | INFO    | scraper.orchestrator | Used sitemap for speedyfuels.co.uk
2025-08-22 14:18:57,944 | INFO    | scraper.orchestrator | Skipping crawl for speedyfuels.co.uk: 2 emails already found
2025-08-22 14:18:57,944 | INFO    | scraper.orchestrator | ✓ Found 2 emails for speedy fuels
2025-08-22 14:18:59,429 | INFO    | scraper.email_extractor |   0 emails on https://www.walter-schmidt-chemie.de/kontakt/inhaltsverzeichnis.html (def from text)
2025-08-22 14:19:00,480 | INFO    | scraper.http         | HTTP GET https://walter-schmidt-chemie.de/kontakt/kontaktformular/formhandler.html → 200
2025-08-22 14:19:00,488 | INFO    | scraper.email_extractor |   0 emails on https://www.walter-schmidt-chemie.de/kontakt/kontaktformular/formhandler.html (def from text)
2025-08-22 14:19:00,495 | INFO    | scraper.hybrid_email_extractor | Static pass found 0 on https://www.walter-schmidt-chemie.de/kontakt/kontaktformular/formhandler.html
2025-08-22 14:19:00,495 | INFO    | scraper.hybrid_email_extractor | JS fallback for https://www.walter-schmidt-chemie.de/kontakt/kontaktformular/formhandler.html
2025-08-22 14:19:02,084 | INFO    | scraper.email_extractor |   0 emails on https://us.mitsuichemicals.com/corporate/index.htm (def from text)
2025-08-22 14:19:02,881 | INFO    | scraper.http         | HTTP GET https://us.mitsuichemicals.com/corporate/overview/index.htm → 200
2025-08-22 14:19:02,903 | INFO    | scraper.email_extractor |   0 emails on https://us.mitsuichemicals.com/corporate/overview/index.htm (def from text)
2025-08-22 14:19:02,926 | INFO    | scraper.hybrid_email_extractor | JS fallback for https://us.mitsuichemicals.com/corporate/overview/index.htm
2025-08-22 14:19:04,001 | INFO    | scraper.email_extractor |   0 emails on https://www.daf.com/en/about-daf (def from text)
2025-08-22 14:19:04,037 | INFO    | scraper.smart_discovery | Early stopping: no emails found after 5 pages
2025-08-22 14:19:04,038 | INFO    | scraper.orchestrator | Early stopping after priority pages for daf.com: found 0 emails
2025-08-22 14:19:04,038 | INFO    | scraper.orchestrator | Used sitemap for daf.com
2025-08-22 14:19:04,038 | INFO    | scraper.smart_discovery | Early stopping: no emails found after 5 pages
2025-08-22 14:19:04,038 | INFO    | scraper.orchestrator | ✗ No emails found for daf trucks
2025-08-22 14:19:06,395 | INFO    | scraper.email_extractor |   0 emails on https://www.walter-schmidt-chemie.de/kontakt/kontaktformular/formhandler.html (def from text)
2025-08-22 14:19:06,714 | INFO    | scraper.http         | HTTP GET https://walter-schmidt-chemie.de/kontakt/kontaktformular/nachricht-erfolgreich-versandt.html → 200
2025-08-22 14:19:06,723 | INFO    | scraper.email_extractor |   0 emails on https://www.walter-schmidt-chemie.de/kontakt/kontaktformular/nachricht-erfolgreich-versandt.html (def from text)
2025-08-22 14:19:06,730 | INFO    | scraper.hybrid_email_extractor | Static pass found 0 on https://www.walter-schmidt-chemie.de/kontakt/kontaktformular/nachricht-erfolgreich-versandt.html
2025-08-22 14:19:06,730 | INFO    | scraper.hybrid_email_extractor | JS fallback for https://www.walter-schmidt-chemie.de/kontakt/kontaktformular/nachricht-erfolgreich-versandt.html
2025-08-22 14:19:08,893 | INFO    | scraper.email_extractor |   0 emails on https://us.mitsuichemicals.com/corporate/overview/index.htm (def from text)
2025-08-22 14:19:09,609 | INFO    | scraper.http         | HTTP GET https://us.mitsuichemicals.com/corporate/america/company_locations/index.htm → 200
2025-08-22 14:19:09,631 | INFO    | scraper.email_extractor |   0 emails on https://us.mitsuichemicals.com/corporate/america/company_locations/index.htm (def from text)
2025-08-22 14:19:09,651 | INFO    | scraper.hybrid_email_extractor | JS fallback for https://us.mitsuichemicals.com/corporate/america/company_locations/index.htm
2025-08-22 14:19:10,286 | INFO    | scraper.email_extractor |   0 emails on https://www.walter-schmidt-chemie.de/kontakt/kontaktformular/nachricht-erfolgreich-versandt.html (def from text)
2025-08-22 14:19:10,295 | INFO    | scraper.smart_discovery | Early stopping: no emails found after 5 pages
2025-08-22 14:19:10,296 | INFO    | scraper.orchestrator | Early stopping after priority pages for walter-schmidt-chemie.de: found 0 emails
2025-08-22 14:19:10,296 | INFO    | scraper.orchestrator | Used sitemap for walter-schmidt-chemie.de
2025-08-22 14:19:10,296 | INFO    | scraper.smart_discovery | Early stopping: no emails found after 5 pages
2025-08-22 14:19:10,296 | INFO    | scraper.orchestrator | ✗ No emails found for walter schmidt chemie gmbh
2025-08-22 14:19:12,626 | INFO    | scraper.email_extractor |   0 emails on https://us.mitsuichemicals.com/corporate/america/company_locations/index.htm (def from text)
2025-08-22 14:19:13,356 | INFO    | scraper.http         | HTTP GET https://us.mitsuichemicals.com/corporate/legacy/index.htm → 200
2025-08-22 14:19:13,376 | INFO    | scraper.email_extractor |   0 emails on https://us.mitsuichemicals.com/corporate/legacy/index.htm (def from text)
2025-08-22 14:19:13,397 | INFO    | scraper.hybrid_email_extractor | JS fallback for https://us.mitsuichemicals.com/corporate/legacy/index.htm
2025-08-22 14:19:15,512 | INFO    | scraper.email_extractor |   0 emails on https://us.mitsuichemicals.com/corporate/legacy/index.htm (def from text)
2025-08-22 14:19:16,727 | INFO    | scraper.http         | HTTP GET https://us.mitsuichemicals.com/mca/index.htm → 200
2025-08-22 14:19:16,746 | INFO    | scraper.email_extractor |   0 emails on https://us.mitsuichemicals.com/mca/2024/index.htm (def from text)
2025-08-22 14:19:16,763 | INFO    | scraper.hybrid_email_extractor | JS fallback for https://us.mitsuichemicals.com/mca/2024/index.htm
2025-08-22 14:19:18,888 | INFO    | scraper.email_extractor |   0 emails on https://us.mitsuichemicals.com/mca/2024/index.htm (def from text)
2025-08-22 14:19:20,108 | INFO    | scraper.http         | HTTP GET https://us.mitsuichemicals.com/mci/mci-news/index.htm → 200
2025-08-22 14:19:20,149 | INFO    | scraper.email_extractor |   0 emails on https://us.mitsuichemicals.com/mci/mci-news/2025/index.htm (def from text)
2025-08-22 14:19:20,182 | INFO    | scraper.hybrid_email_extractor | JS fallback for https://us.mitsuichemicals.com/mci/mci-news/2025/index.htm
2025-08-22 14:19:22,944 | INFO    | scraper.email_extractor |   0 emails on https://us.mitsuichemicals.com/mci/mci-news/2025/index.htm (def from text)
2025-08-22 14:19:23,823 | INFO    | scraper.http         | HTTP GET https://us.mitsuichemicals.com/service/index.htm → 200
2025-08-22 14:19:23,875 | INFO    | scraper.email_extractor |   0 emails on https://us.mitsuichemicals.com/service/index.htm (def from text)
2025-08-22 14:19:23,964 | INFO    | scraper.hybrid_email_extractor | JS fallback for https://us.mitsuichemicals.com/service/index.htm
2025-08-22 14:19:26,442 | INFO    | scraper.email_extractor |   0 emails on https://us.mitsuichemicals.com/service/index.htm (def from text)
2025-08-22 14:19:26,890 | INFO    | scraper.http         | HTTP GET https://us.mitsuichemicals.com/service/life_healthcare/index.htm → 200
2025-08-22 14:19:26,915 | INFO    | scraper.email_extractor |   0 emails on https://us.mitsuichemicals.com/service/life_healthcare/index.htm (def from text)
2025-08-22 14:19:26,935 | INFO    | scraper.hybrid_email_extractor | JS fallback for https://us.mitsuichemicals.com/service/life_healthcare/index.htm
2025-08-22 14:19:29,547 | INFO    | scraper.email_extractor |   0 emails on https://us.mitsuichemicals.com/service/life_healthcare/index.htm (def from text)
2025-08-22 14:19:30,222 | INFO    | scraper.http         | HTTP GET https://us.mitsuichemicals.com/service/mobility/index.htm → 200
2025-08-22 14:19:30,245 | INFO    | scraper.email_extractor |   0 emails on https://us.mitsuichemicals.com/service/mobility/index.htm (def from text)
2025-08-22 14:19:30,271 | INFO    | scraper.hybrid_email_extractor | JS fallback for https://us.mitsuichemicals.com/service/mobility/index.htm
2025-08-22 14:19:32,804 | INFO    | scraper.email_extractor |   0 emails on https://us.mitsuichemicals.com/service/mobility/index.htm (def from text)
2025-08-22 14:19:33,127 | INFO    | scraper.http         | HTTP GET https://us.mitsuichemicals.com/service/ict/index.htm → 200
2025-08-22 14:19:33,160 | INFO    | scraper.email_extractor |   0 emails on https://us.mitsuichemicals.com/service/ict/index.htm (def from text)
2025-08-22 14:19:33,181 | INFO    | scraper.hybrid_email_extractor | JS fallback for https://us.mitsuichemicals.com/service/ict/index.htm
2025-08-22 14:19:35,020 | INFO    | scraper.email_extractor |   0 emails on https://us.mitsuichemicals.com/service/ict/index.htm (def from text)
2025-08-22 14:19:35,733 | INFO    | scraper.http         | HTTP GET https://us.mitsuichemicals.com/service/basic/index.htm → 200
2025-08-22 14:19:35,759 | INFO    | scraper.email_extractor |   0 emails on https://us.mitsuichemicals.com/service/basic/index.htm (def from text)
2025-08-22 14:19:35,778 | INFO    | scraper.hybrid_email_extractor | JS fallback for https://us.mitsuichemicals.com/service/basic/index.htm
2025-08-22 14:19:38,292 | INFO    | scraper.email_extractor |   0 emails on https://us.mitsuichemicals.com/service/basic/index.htm (def from text)
2025-08-22 14:19:39,052 | INFO    | scraper.http         | HTTP GET https://us.mitsuichemicals.com/service/new_business/index.htm → 200
2025-08-22 14:19:39,093 | INFO    | scraper.email_extractor |   0 emails on https://us.mitsuichemicals.com/service/new_business/index.htm (def from text)
2025-08-22 14:19:39,128 | INFO    | scraper.hybrid_email_extractor | JS fallback for https://us.mitsuichemicals.com/service/new_business/index.htm
2025-08-22 14:19:41,025 | INFO    | scraper.email_extractor |   0 emails on https://us.mitsuichemicals.com/service/new_business/index.htm (def from text)
2025-08-22 14:19:43,090 | INFO    | scraper.http         | HTTP GET https://us.mitsuichemicals.com/service/search/index.htm → 200
2025-08-22 14:19:43,175 | INFO    | scraper.email_extractor |   0 emails on https://us.mitsuichemicals.com/service/search/index.htm (def from text)
2025-08-22 14:19:43,252 | INFO    | scraper.hybrid_email_extractor | JS fallback for https://us.mitsuichemicals.com/service/search/index.htm
2025-08-22 14:19:46,158 | INFO    | scraper.email_extractor |   0 emails on https://us.mitsuichemicals.com/service/search/index.htm (def from text)
2025-08-22 14:19:46,952 | INFO    | scraper.http         | HTTP GET https://us.mitsuichemicals.com/service/application/index.htm → 200
2025-08-22 14:19:47,122 | INFO    | scraper.email_extractor |   0 emails on https://us.mitsuichemicals.com/service/application/index.htm (def from text)
2025-08-22 14:19:47,141 | INFO    | scraper.hybrid_email_extractor | JS fallback for https://us.mitsuichemicals.com/service/application/index.htm
2025-08-22 14:19:49,520 | INFO    | scraper.email_extractor |   0 emails on https://us.mitsuichemicals.com/service/application/index.htm (def from text)
2025-08-22 14:19:49,584 | INFO    | scraper.crawler      | Crawl of us.mitsuichemicals.com completed: 17 pages fetched, 129 unique URLs seen, 0 emails, 61.1 s
2025-08-22 14:19:49,585 | INFO    | scraper.orchestrator | ✗ No emails found for mitsui toatsu chemicals 
2025-08-22 14:19:49,587 | INFO    | scraper.orchestrator | Concurrent processing completed in 101.52 seconds
2025-08-22 14:19:49,691 | INFO    | scraper.cli          | BrowserService: shutdown complete
2025-08-22 14:19:49,713 | INFO    | scraper.cli          | 
+--------------------------------------------------+
| RUN SUMMARY                                      |
+--------------------------------------------------+
| Leads           :   8
| Domain found    :   8
| No Google hits  :   0
| Domain unclear  :   0
| Sitemap used    :   8
| With e-mail     :   5
| Without e-mail  :   3
| Google errors   :   0
| Processing errors:   0
| Unique e-mails  :   9
| Runtime         :  101.6 s
| HTTP Requests   :  91
| HTTP errors     :   0
| No-response     :   0
+--------------------------------------------------+
2025-08-22 14:19:49,713 | INFO    | scraper.cli          | Saved 9 rows -> results.xlsx
2025-08-22 14:19:49,714 | INFO    | scraper.cli          | Verbose log -> C:\Dev\Projects\Scraping_directory\THE_Email_Scraper\scraper_20250822_141807.log
