2025-08-22 14:31:34,511 | INFO    | scraper.cli          | Email scraper starting
2025-08-22 14:31:34,512 | INFO    | scraper.cli          | Input file: test_input.xlsx
2025-08-22 14:31:34,512 | INFO    | scraper.cli          | Output file: results.xlsx
2025-08-22 14:31:34,513 | INFO    | scraper.cli          | Workers: 16
2025-08-22 14:31:34,513 | INFO    | scraper.cli          | Domain threshold: 65
2025-08-22 14:31:34,514 | INFO    | scraper.cli          | Max pages: 30
2025-08-22 14:31:34,515 | INFO    | scraper.cli          | Process PDFs: False
2025-08-22 14:31:34,516 | INFO    | scraper.cli          | Save domain only: False
2025-08-22 14:31:34,746 | INFO    | scraper.cli          | Loaded 8 companies from test_input.xlsx
2025-08-22 14:31:34,746 | INFO    | scraper.orchestrator | Phase 1: Collecting domains for 8 companies
2025-08-22 14:31:40,555 | INFO    | scraper.orchestrator | Phase 2: Batch probing 8 unique domains
2025-08-22 14:31:40,556 | INFO    | scraper.orchestrator | Batch probing 8 domains for access patterns
2025-08-22 14:31:40,557 | INFO    | scraper.http_client  | Probing domain access methods for: walter-schmidt-chemie.de
2025-08-22 14:31:40,559 | INFO    | scraper.http_client  | Probing domain access methods for: worldfertilizer.com
2025-08-22 14:31:40,566 | INFO    | scraper.http_client  | Probing domain access methods for: us.mitsuichemicals.com
2025-08-22 14:31:40,569 | INFO    | scraper.http_client  | Probing domain access methods for: daf.com
2025-08-22 14:31:40,975 | INFO    | scraper.http_client  | ✓ Found working access method for us.mitsuichemicals.com: https
2025-08-22 14:31:40,975 | INFO    | scraper.http_client  | Probing domain access methods for: bpetrol.it
2025-08-22 14:31:41,064 | INFO    | scraper.http_client  | ✓ Found working access method for daf.com: https
2025-08-22 14:31:41,064 | INFO    | scraper.http_client  | Probing domain access methods for: eurodamjas.com
2025-08-22 14:31:41,323 | INFO    | scraper.http_client  | ✓ Found working access method for eurodamjas.com: https
2025-08-22 14:31:41,323 | INFO    | scraper.http_client  | Probing domain access methods for: synsol.ch
2025-08-22 14:31:41,373 | INFO    | scraper.http_client  | ✓ Found working access method for bpetrol.it: https
2025-08-22 14:31:41,374 | INFO    | scraper.http_client  | Probing domain access methods for: speedyfuels.co.uk
2025-08-22 14:31:41,529 | INFO    | scraper.http_client  | ✓ Found working access method for worldfertilizer.com: https_www
2025-08-22 14:31:41,598 | INFO    | scraper.http_client  | ✓ Found working access method for synsol.ch: https
2025-08-22 14:31:41,670 | INFO    | scraper.http_client  | ✓ Found working access method for speedyfuels.co.uk: https
2025-08-22 14:31:51,192 | INFO    | scraper.http_client  | ✓ Found working access method for walter-schmidt-chemie.de: https
2025-08-22 14:31:51,194 | INFO    | scraper.orchestrator | Phase 3: Processing 8 companies with valid domains
2025-08-22 14:31:51,194 | INFO    | scraper.orchestrator | ✓ Processing domain: walter-schmidt-chemie.de (score: 89) for company: walter schmidt chemie gmbh
2025-08-22 14:31:51,194 | INFO    | scraper.orchestrator | ✓ Processing domain: worldfertilizer.com (score: 80) for company: henan xinlianxin fertilizer 
2025-08-22 14:31:51,195 | ERROR   | scraper.performance_optimizer | Optimized request failed for https://walter-schmidt-chemie.de: Session.request() got multiple values for argument 'method'
2025-08-22 14:31:51,195 | INFO    | scraper.orchestrator | ✓ Processing domain: us.mitsuichemicals.com (score: 88) for company: mitsui toatsu chemicals 
2025-08-22 14:31:51,195 | ERROR   | scraper.performance_optimizer | Optimized request failed for https://www.worldfertilizer.com: Session.request() got multiple values for argument 'method'
2025-08-22 14:31:51,195 | INFO    | scraper.orchestrator | ✓ Processing domain: daf.com (score: 100) for company: daf trucks
2025-08-22 14:31:51,196 | INFO    | scraper.orchestrator | ✓ Processing domain: bpetrol.it (score: 92) for company: petrol rete 
2025-08-22 14:31:51,196 | ERROR   | scraper.performance_optimizer | Optimized request failed for https://us.mitsuichemicals.com: Session.request() got multiple values for argument 'method'
2025-08-22 14:31:51,197 | INFO    | scraper.orchestrator | ✓ Processing domain: eurodamjas.com (score: 100) for company: euro dam jas doo
2025-08-22 14:31:51,197 | ERROR   | scraper.performance_optimizer | Optimized request failed for https://daf.com: Session.request() got multiple values for argument 'method'
2025-08-22 14:31:51,198 | INFO    | scraper.orchestrator | ✓ Processing domain: synsol.ch (score: 100) for company: Synsol
2025-08-22 14:31:51,199 | ERROR   | scraper.performance_optimizer | Optimized request failed for https://bpetrol.it: Session.request() got multiple values for argument 'method'
2025-08-22 14:31:51,199 | INFO    | scraper.orchestrator | ✓ Processing domain: speedyfuels.co.uk (score: 100) for company: speedy fuels
2025-08-22 14:31:51,200 | ERROR   | scraper.performance_optimizer | Optimized request failed for https://eurodamjas.com: Session.request() got multiple values for argument 'method'
2025-08-22 14:31:51,202 | ERROR   | scraper.performance_optimizer | Optimized request failed for https://synsol.ch: Session.request() got multiple values for argument 'method'
2025-08-22 14:31:51,204 | ERROR   | scraper.performance_optimizer | Optimized request failed for https://speedyfuels.co.uk: Session.request() got multiple values for argument 'method'
2025-08-22 14:31:51,405 | INFO    | scraper.http_client  | HTTP GET https://synsol.ch → 200
2025-08-22 14:31:51,452 | INFO    | scraper.email_extractor |   1 emails on https://synsol.ch/ (def from text)
2025-08-22 14:31:51,452 | INFO    | scraper.hybrid_email_extractor | Static pass found 1 emails in https://synsol.ch/
2025-08-22 14:31:51,452 | ERROR   | scraper.performance_optimizer | Optimized request failed for https://synsol.ch/sitemap.xml: Session.request() got multiple values for argument 'method'
2025-08-22 14:31:51,577 | INFO    | scraper.http_client  | HTTP GET https://speedyfuels.co.uk → 200
2025-08-22 14:31:51,639 | INFO    | scraper.email_extractor |   0 emails on https://www.speedyfuels.co.uk/ (def from text)
2025-08-22 14:31:51,681 | INFO    | scraper.hybrid_email_extractor | JS fallback for https://www.speedyfuels.co.uk/
2025-08-22 14:31:51,681 | INFO    | scraper.http_client  | HTTP GET https://us.mitsuichemicals.com → 200
2025-08-22 14:31:51,720 | INFO    | scraper.email_extractor |   0 emails on https://us.mitsuichemicals.com/ (def from text)
2025-08-22 14:31:51,722 | INFO    | scraper.http_client  | HTTP GET https://daf.com → 200
2025-08-22 14:31:51,759 | INFO    | scraper.hybrid_email_extractor | JS fallback for https://us.mitsuichemicals.com/
2025-08-22 14:31:51,794 | INFO    | scraper.email_extractor |   0 emails on https://www.daf.com/en/sites-landing (def from text)
2025-08-22 14:31:51,795 | INFO    | scraper.http_client  | HTTP GET https://eurodamjas.com → 200
2025-08-22 14:31:51,869 | INFO    | scraper.hybrid_email_extractor | Static pass found 1 emails in https://eurodamjas.com/
2025-08-22 14:31:51,870 | INFO    | scraper.http_client  | HTTP GET https://www.worldfertilizer.com → 200
2025-08-22 14:31:51,888 | ERROR   | scraper.performance_optimizer | Optimized request failed for https://eurodamjas.com/sitemap.xml: Session.request() got multiple values for argument 'method'
2025-08-22 14:31:51,896 | INFO    | scraper.hybrid_email_extractor | JS fallback for https://www.daf.com/en/sites-landing
2025-08-22 14:31:51,913 | INFO    | scraper.email_extractor |   1 emails on https://www.worldfertilizer.com/ (def from text)
2025-08-22 14:31:51,915 | INFO    | scraper.hybrid_email_extractor | Static pass found 1 emails in https://www.worldfertilizer.com/
2025-08-22 14:31:51,916 | ERROR   | scraper.performance_optimizer | Optimized request failed for https://www.worldfertilizer.com/sitemap.xml: Session.request() got multiple values for argument 'method'
2025-08-22 14:31:52,017 | INFO    | scraper.http_client  | HTTP HEAD https://www.worldfertilizer.com/sitemap.xml → 200
2025-08-22 14:31:52,017 | ERROR   | scraper.performance_optimizer | Optimized request failed for https://www.worldfertilizer.com/sitemap.xml: Session.request() got multiple values for argument 'method'
2025-08-22 14:31:52,099 | INFO    | scraper.http_client  | HTTP GET https://www.worldfertilizer.com/sitemap.xml → 200
2025-08-22 14:31:52,099 | INFO    | scraper.sitemap      | Found sitemap via standard filenames: https://www.worldfertilizer.com/sitemap.xml (0.18s)
2025-08-22 14:31:52,141 | INFO    | scraper.http_client  | HTTP HEAD https://synsol.ch/sitemap.xml → 200
2025-08-22 14:31:52,141 | ERROR   | scraper.performance_optimizer | Optimized request failed for https://synsol.ch/sitemap.xml: Session.request() got multiple values for argument 'method'
2025-08-22 14:31:52,185 | INFO    | scraper.http_client  | HTTP GET https://synsol.ch/sitemap.xml → 200
2025-08-22 14:31:52,185 | INFO    | scraper.sitemap      | Found sitemap via standard filenames: https://synsol.ch/sitemap.xml (0.73s)
2025-08-22 14:31:52,187 | ERROR   | scraper.performance_optimizer | Optimized request failed for https://synsol.ch/wp-sitemap-posts-page-1.xml: Session.request() got multiple values for argument 'method'
2025-08-22 14:31:52,188 | ERROR   | scraper.performance_optimizer | Optimized request failed for https://synsol.ch/wp-sitemap-users-1.xml: Session.request() got multiple values for argument 'method'
2025-08-22 14:31:52,238 | INFO    | scraper.http_client  | HTTP GET https://synsol.ch/wp-sitemap-users-1.xml → 200
2025-08-22 14:31:52,321 | INFO    | scraper.http_client  | HTTP HEAD https://eurodamjas.com/sitemap.xml → 200
2025-08-22 14:31:52,322 | ERROR   | scraper.performance_optimizer | Optimized request failed for https://eurodamjas.com/sitemap.xml: Session.request() got multiple values for argument 'method'
2025-08-22 14:31:52,365 | ERROR   | scraper.performance_optimizer | Optimized request failed for https://www.worldfertilizer.com/potash/25082022/verde-announces-strategic-sales-partnership-with-lavoro/: Session.request() got multiple values for argument 'method'
2025-08-22 14:31:52,391 | INFO    | scraper.http_client  | HTTP GET https://synsol.ch/wp-sitemap-posts-page-1.xml → 200
2025-08-22 14:31:52,394 | ERROR   | scraper.performance_optimizer | Optimized request failed for https://synsol.ch/privacy-policy-of-synsol-ag/: Session.request() got multiple values for argument 'method'
2025-08-22 14:31:52,435 | INFO    | scraper.http_client  | HTTP GET https://synsol.ch/privacy-policy-of-synsol-ag/ → 200
2025-08-22 14:31:52,452 | INFO    | scraper.email_extractor |   0 emails on https://synsol.ch/privacy-policy-of-synsol-ag/ (def from text)
2025-08-22 14:31:52,465 | INFO    | scraper.hybrid_email_extractor | Static pass found 0 on https://synsol.ch/privacy-policy-of-synsol-ag/
2025-08-22 14:31:52,466 | INFO    | scraper.hybrid_email_extractor | JS fallback for https://synsol.ch/privacy-policy-of-synsol-ag/
2025-08-22 14:31:52,678 | INFO    | scraper.http_client  | HTTP GET https://eurodamjas.com/sitemap.xml → 200
2025-08-22 14:31:52,678 | INFO    | scraper.sitemap      | Found sitemap via standard filenames: https://eurodamjas.com/sitemap.xml (0.79s)
2025-08-22 14:31:52,680 | ERROR   | scraper.performance_optimizer | Optimized request failed for https://eurodamjas.com/wp-sitemap-posts-post-1.xml: Session.request() got multiple values for argument 'method'
2025-08-22 14:31:52,681 | ERROR   | scraper.performance_optimizer | Optimized request failed for https://eurodamjas.com/wp-sitemap-posts-page-1.xml: Session.request() got multiple values for argument 'method'
2025-08-22 14:31:52,682 | ERROR   | scraper.performance_optimizer | Optimized request failed for https://eurodamjas.com/wp-sitemap-posts-cspt-portfolio-1.xml: Session.request() got multiple values for argument 'method'
2025-08-22 14:31:52,682 | ERROR   | scraper.performance_optimizer | Optimized request failed for https://eurodamjas.com/wp-sitemap-posts-cspt-service-1.xml: Session.request() got multiple values for argument 'method'
2025-08-22 14:31:52,689 | INFO    | scraper.http_client  | HTTP GET https://www.worldfertilizer.com/potash/25082022/verde-announces-strategic-sales-partnership-with-lavoro/ → 200
2025-08-22 14:31:52,708 | INFO    | scraper.email_extractor |   1 emails on https://www.worldfertilizer.com/potash/25082022/verde-announces-strategic-sales-partnership-with-lavoro/ (def from text)
2025-08-22 14:31:52,727 | INFO    | scraper.hybrid_email_extractor | Static pass found 1 on https://www.worldfertilizer.com/potash/25082022/verde-announces-strategic-sales-partnership-with-lavoro/
2025-08-22 14:31:52,815 | ERROR   | scraper.performance_optimizer | Optimized request failed for https://www.worldfertilizer.com/phosphates/10052023/kropz-plc-provides-update-on-elandsfontein-phosphate-project-sales/: Session.request() got multiple values for argument 'method'
2025-08-22 14:31:52,854 | INFO    | scraper.http_client  | HTTP GET https://eurodamjas.com/wp-sitemap-posts-post-1.xml → 200
2025-08-22 14:31:52,854 | ERROR   | scraper.performance_optimizer | Optimized request failed for https://eurodamjas.com/wp-sitemap-posts-cspt-team-member-1.xml: Session.request() got multiple values for argument 'method'
2025-08-22 14:31:53,082 | INFO    | scraper.http_client  | HTTP GET https://eurodamjas.com/wp-sitemap-posts-page-1.xml → 200
2025-08-22 14:31:53,082 | ERROR   | scraper.performance_optimizer | Optimized request failed for https://eurodamjas.com/wp-sitemap-posts-cspt-testimonial-1.xml: Session.request() got multiple values for argument 'method'
2025-08-22 14:31:53,092 | INFO    | scraper.http_client  | HTTP GET https://eurodamjas.com/wp-sitemap-posts-cspt-team-member-1.xml → 200
2025-08-22 14:31:53,093 | ERROR   | scraper.performance_optimizer | Optimized request failed for https://eurodamjas.com/wp-sitemap-taxonomies-category-1.xml: Session.request() got multiple values for argument 'method'
2025-08-22 14:31:53,097 | INFO    | scraper.http_client  | HTTP GET https://eurodamjas.com/wp-sitemap-posts-cspt-portfolio-1.xml → 200
2025-08-22 14:31:53,097 | ERROR   | scraper.performance_optimizer | Optimized request failed for https://eurodamjas.com/wp-sitemap-taxonomies-cspt-portfolio-category-1.xml: Session.request() got multiple values for argument 'method'
2025-08-22 14:31:53,161 | INFO    | scraper.http_client  | HTTP GET https://www.worldfertilizer.com/phosphates/10052023/kropz-plc-provides-update-on-elandsfontein-phosphate-project-sales/ → 200
2025-08-22 14:31:53,187 | INFO    | scraper.email_extractor |   1 emails on https://www.worldfertilizer.com/phosphates/10052023/kropz-plc-provides-update-on-elandsfontein-phosphate-project-sales/ (def from text)
2025-08-22 14:31:53,188 | INFO    | scraper.hybrid_email_extractor | Static pass found 1 on https://www.worldfertilizer.com/phosphates/10052023/kropz-plc-provides-update-on-elandsfontein-phosphate-project-sales/
2025-08-22 14:31:53,188 | INFO    | scraper.http_client  | HTTP GET https://eurodamjas.com/wp-sitemap-posts-cspt-service-1.xml → 200
2025-08-22 14:31:53,188 | ERROR   | scraper.performance_optimizer | Optimized request failed for https://www.worldfertilizer.com/project-news/02032023/kimre-celebrates-engineering-and-technical-sales-personnel/: Session.request() got multiple values for argument 'method'
2025-08-22 14:31:53,189 | ERROR   | scraper.performance_optimizer | Optimized request failed for https://eurodamjas.com/wp-sitemap-users-1.xml: Session.request() got multiple values for argument 'method'
2025-08-22 14:31:53,325 | INFO    | scraper.http_client  | HTTP GET https://eurodamjas.com/wp-sitemap-taxonomies-cspt-portfolio-category-1.xml → 200
2025-08-22 14:31:53,335 | INFO    | scraper.http_client  | HTTP GET https://eurodamjas.com/wp-sitemap-taxonomies-category-1.xml → 200
2025-08-22 14:31:53,344 | INFO    | scraper.http_client  | HTTP GET https://eurodamjas.com/wp-sitemap-posts-cspt-testimonial-1.xml → 200
2025-08-22 14:31:53,361 | INFO    | scraper.http_client  | HTTP GET https://eurodamjas.com/wp-sitemap-users-1.xml → 200
2025-08-22 14:31:53,364 | ERROR   | scraper.performance_optimizer | Optimized request failed for https://eurodamjas.com/kontakt/: Session.request() got multiple values for argument 'method'
2025-08-22 14:31:53,507 | INFO    | scraper.http_client  | HTTP GET https://www.worldfertilizer.com/project-news/02032023/kimre-celebrates-engineering-and-technical-sales-personnel/ → 200
2025-08-22 14:31:53,523 | INFO    | scraper.email_extractor |   1 emails on https://www.worldfertilizer.com/project-news/02032023/kimre-celebrates-engineering-and-technical-sales-personnel/ (def from text)
2025-08-22 14:31:53,523 | INFO    | scraper.hybrid_email_extractor | Static pass found 1 on https://www.worldfertilizer.com/project-news/02032023/kimre-celebrates-engineering-and-technical-sales-personnel/
2025-08-22 14:31:53,524 | ERROR   | scraper.performance_optimizer | Optimized request failed for https://www.worldfertilizer.com/special-reports/04072022/cru-appoints-new-regional-director-of-sales-for-mena/: Session.request() got multiple values for argument 'method'
2025-08-22 14:31:53,641 | INFO    | scraper.http_client  | HTTP GET https://eurodamjas.com/kontakt/ → 200
2025-08-22 14:31:53,656 | INFO    | scraper.hybrid_email_extractor | Static pass found 1 on https://eurodamjas.com/kontakt/
2025-08-22 14:31:53,657 | ERROR   | scraper.performance_optimizer | Optimized request failed for https://eurodamjas.com/usluge/adblue/: Session.request() got multiple values for argument 'method'
2025-08-22 14:31:53,815 | INFO    | scraper.email_extractor |   0 emails on https://www.speedyfuels.co.uk/ (def from text)
2025-08-22 14:31:53,857 | ERROR   | scraper.performance_optimizer | Optimized request failed for https://speedyfuels.co.uk/sitemap.xml: Session.request() got multiple values for argument 'method'
2025-08-22 14:31:53,858 | INFO    | scraper.http_client  | HTTP GET https://www.worldfertilizer.com/special-reports/04072022/cru-appoints-new-regional-director-of-sales-for-mena/ → 200
2025-08-22 14:31:53,876 | INFO    | scraper.email_extractor |   1 emails on https://www.worldfertilizer.com/special-reports/04072022/cru-appoints-new-regional-director-of-sales-for-mena/ (def from text)
2025-08-22 14:31:53,876 | INFO    | scraper.hybrid_email_extractor | Static pass found 1 on https://www.worldfertilizer.com/special-reports/04072022/cru-appoints-new-regional-director-of-sales-for-mena/
2025-08-22 14:31:53,876 | ERROR   | scraper.performance_optimizer | Optimized request failed for https://www.worldfertilizer.com/contact/: Session.request() got multiple values for argument 'method'
2025-08-22 14:31:53,896 | INFO    | scraper.http_client  | HTTP GET https://eurodamjas.com/usluge/adblue/ → 200
2025-08-22 14:31:53,905 | INFO    | scraper.hybrid_email_extractor | Static pass found 1 on https://eurodamjas.com/usluge/adblue/
2025-08-22 14:31:53,906 | ERROR   | scraper.performance_optimizer | Optimized request failed for https://eurodamjas.com/about-us-01/: Session.request() got multiple values for argument 'method'
2025-08-22 14:31:53,942 | INFO    | scraper.http_client  | HTTP GET https://www.worldfertilizer.com/contact/ → 200
2025-08-22 14:31:53,954 | INFO    | scraper.email_extractor |   1 emails on https://www.worldfertilizer.com/contact/ (def from text)
2025-08-22 14:31:53,954 | INFO    | scraper.hybrid_email_extractor | Static pass found 1 on https://www.worldfertilizer.com/contact/
2025-08-22 14:31:53,955 | ERROR   | scraper.performance_optimizer | Optimized request failed for https://www.worldfertilizer.com/sulfur/10022022/itafos-resumes-sulfuric-acid-production-and-sales-at-arraias/: Session.request() got multiple values for argument 'method'
2025-08-22 14:31:54,054 | INFO    | scraper.http_client  | HTTP GET https://bpetrol.it → 200
2025-08-22 14:31:54,121 | INFO    | scraper.email_extractor |   2 emails on https://www.bpetrol.it/ (def from text)
2025-08-22 14:31:54,121 | INFO    | scraper.hybrid_email_extractor | Static pass found 2 emails in https://www.bpetrol.it/
2025-08-22 14:31:54,122 | ERROR   | scraper.performance_optimizer | Optimized request failed for https://bpetrol.it/sitemap.xml: Session.request() got multiple values for argument 'method'
2025-08-22 14:31:54,214 | INFO    | scraper.http_client  | HTTP GET https://eurodamjas.com/about-us-01/ → 200
2025-08-22 14:31:54,235 | INFO    | scraper.hybrid_email_extractor | Static pass found 1 on https://eurodamjas.com/about-us-01/
2025-08-22 14:31:54,236 | ERROR   | scraper.performance_optimizer | Optimized request failed for https://eurodamjas.com/about-us-02/: Session.request() got multiple values for argument 'method'
2025-08-22 14:31:54,312 | INFO    | scraper.http_client  | HTTP HEAD https://speedyfuels.co.uk/sitemap.xml → 200
2025-08-22 14:31:54,313 | ERROR   | scraper.performance_optimizer | Optimized request failed for https://speedyfuels.co.uk/sitemap.xml: Session.request() got multiple values for argument 'method'
2025-08-22 14:31:54,397 | INFO    | scraper.http_client  | HTTP GET https://www.worldfertilizer.com/sulfur/10022022/itafos-resumes-sulfuric-acid-production-and-sales-at-arraias/ → 200
2025-08-22 14:31:54,427 | INFO    | scraper.email_extractor |   1 emails on https://www.worldfertilizer.com/sulfur/10022022/itafos-resumes-sulfuric-acid-production-and-sales-at-arraias/ (def from text)
2025-08-22 14:31:54,428 | INFO    | scraper.hybrid_email_extractor | Static pass found 1 on https://www.worldfertilizer.com/sulfur/10022022/itafos-resumes-sulfuric-acid-production-and-sales-at-arraias/
2025-08-22 14:31:54,428 | ERROR   | scraper.performance_optimizer | Optimized request failed for https://www.worldfertilizer.com/materials-handling/02082022/shiploader-for-fertilizer-and-granulated-urea-supplied-to-fertil-ruwais-terminal/: Session.request() got multiple values for argument 'method'
2025-08-22 14:31:54,561 | INFO    | scraper.http_client  | HTTP GET https://eurodamjas.com/about-us-02/ → 200
2025-08-22 14:31:54,578 | INFO    | scraper.hybrid_email_extractor | Static pass found 1 on https://eurodamjas.com/about-us-02/
2025-08-22 14:31:54,578 | INFO    | scraper.orchestrator | Used sitemap for eurodamjas.com
2025-08-22 14:31:54,579 | INFO    | scraper.orchestrator | Skipping crawl for eurodamjas.com: 1 emails already found
2025-08-22 14:31:54,579 | INFO    | scraper.orchestrator | ✓ Found 1 emails for euro dam jas doo
2025-08-22 14:31:54,718 | INFO    | scraper.http_client  | HTTP GET https://www.worldfertilizer.com/materials-handling/02082022/shiploader-for-fertilizer-and-granulated-urea-supplied-to-fertil-ruwais-terminal/ → 200
2025-08-22 14:31:54,736 | INFO    | scraper.email_extractor |   1 emails on https://www.worldfertilizer.com/materials-handling/02082022/shiploader-for-fertilizer-and-granulated-urea-supplied-to-fertil-ruwais-terminal/ (def from text)
2025-08-22 14:31:54,737 | INFO    | scraper.http_client  | HTTP GET https://speedyfuels.co.uk/sitemap.xml → 200
2025-08-22 14:31:54,737 | INFO    | scraper.hybrid_email_extractor | Static pass found 1 on https://www.worldfertilizer.com/materials-handling/02082022/shiploader-for-fertilizer-and-granulated-urea-supplied-to-fertil-ruwais-terminal/
2025-08-22 14:31:54,737 | INFO    | scraper.sitemap      | Found sitemap via standard filenames: https://speedyfuels.co.uk/sitemap.xml (0.88s)
2025-08-22 14:31:54,737 | ERROR   | scraper.performance_optimizer | Optimized request failed for https://www.worldfertilizer.com/privacy/: Session.request() got multiple values for argument 'method'
2025-08-22 14:31:54,741 | ERROR   | scraper.performance_optimizer | Optimized request failed for https://www.speedyfuels.co.uk/post-sitemap.xml: Session.request() got multiple values for argument 'method'
2025-08-22 14:31:54,742 | ERROR   | scraper.performance_optimizer | Optimized request failed for https://www.speedyfuels.co.uk/page-sitemap.xml: Session.request() got multiple values for argument 'method'
2025-08-22 14:31:54,828 | INFO    | scraper.http_client  | HTTP HEAD https://bpetrol.it/sitemap.xml → 200
2025-08-22 14:31:54,828 | ERROR   | scraper.performance_optimizer | Optimized request failed for https://bpetrol.it/sitemap.xml: Session.request() got multiple values for argument 'method'
2025-08-22 14:31:54,828 | INFO    | scraper.http_client  | HTTP GET https://www.worldfertilizer.com/privacy/ → 200
2025-08-22 14:31:54,849 | INFO    | scraper.email_extractor |   2 emails on https://www.worldfertilizer.com/privacy/ (def from text)
2025-08-22 14:31:54,850 | INFO    | scraper.hybrid_email_extractor | Static pass found 2 on https://www.worldfertilizer.com/privacy/
2025-08-22 14:31:54,850 | INFO    | scraper.http_client  | HTTP GET https://speedyfuels.co.uk/post-sitemap.xml → 200
2025-08-22 14:31:54,850 | ERROR   | scraper.performance_optimizer | Optimized request failed for https://www.worldfertilizer.com/tag/urea-news/: Session.request() got multiple values for argument 'method'
2025-08-22 14:31:54,907 | INFO    | scraper.http_client  | HTTP GET https://speedyfuels.co.uk/page-sitemap.xml → 200
2025-08-22 14:31:54,922 | ERROR   | scraper.performance_optimizer | Optimized request failed for https://cdn.speedyfuels.co.uk/wp-content/uploads/2021/10/About-Speedy-scaled.jpg: Session.request() got multiple values for argument 'method'
2025-08-22 14:31:54,922 | ERROR   | scraper.performance_optimizer | Optimized request failed for https://www.speedyfuels.co.uk/privacy-policy/: Session.request() got multiple values for argument 'method'
2025-08-22 14:31:54,975 | INFO    | scraper.http_client  | HTTP GET https://www.worldfertilizer.com/tag/urea-news/ → 200
2025-08-22 14:31:54,995 | INFO    | scraper.email_extractor |   1 emails on https://www.worldfertilizer.com/tag/urea-news/ (def from text)
2025-08-22 14:31:54,996 | INFO    | scraper.hybrid_email_extractor | Static pass found 1 on https://www.worldfertilizer.com/tag/urea-news/
2025-08-22 14:31:54,996 | ERROR   | scraper.performance_optimizer | Optimized request failed for https://www.worldfertilizer.com/nitrogen/01022022/new-brunei-urea-melt-plant-begins-production/: Session.request() got multiple values for argument 'method'
2025-08-22 14:31:55,057 | INFO    | scraper.http_client  | HTTP GET https://speedyfuels.co.uk/privacy-policy/ → 200
2025-08-22 14:31:55,144 | INFO    | scraper.hybrid_email_extractor | Static pass found 1 on https://www.speedyfuels.co.uk/privacy-policy/
2025-08-22 14:31:55,145 | ERROR   | scraper.performance_optimizer | Optimized request failed for https://www.speedyfuels.co.uk/commercial-fuel-suppliers-uk/: Session.request() got multiple values for argument 'method'
2025-08-22 14:31:55,220 | INFO    | scraper.http_client  | HTTP GET https://speedyfuels.co.uk/commercial-fuel-suppliers-uk/ → 200
2025-08-22 14:31:55,303 | INFO    | scraper.email_extractor |   0 emails on https://www.speedyfuels.co.uk/commercial-fuel-suppliers-uk/ (def from text)
2025-08-22 14:31:55,343 | INFO    | scraper.hybrid_email_extractor | Static pass found 0 on https://www.speedyfuels.co.uk/commercial-fuel-suppliers-uk/
2025-08-22 14:31:55,343 | INFO    | scraper.hybrid_email_extractor | JS fallback for https://www.speedyfuels.co.uk/commercial-fuel-suppliers-uk/
2025-08-22 14:31:55,546 | INFO    | scraper.http_client  | HTTP GET https://www.worldfertilizer.com/nitrogen/01022022/new-brunei-urea-melt-plant-begins-production/ → 200
2025-08-22 14:31:55,563 | INFO    | scraper.email_extractor |   1 emails on https://www.worldfertilizer.com/nitrogen/01022022/new-brunei-urea-melt-plant-begins-production/ (def from text)
2025-08-22 14:31:55,563 | INFO    | scraper.hybrid_email_extractor | Static pass found 1 on https://www.worldfertilizer.com/nitrogen/01022022/new-brunei-urea-melt-plant-begins-production/
2025-08-22 14:31:55,564 | INFO    | scraper.orchestrator | Used sitemap for worldfertilizer.com
2025-08-22 14:31:55,564 | INFO    | scraper.orchestrator | Skipping crawl for worldfertilizer.com: 2 emails already found
2025-08-22 14:31:55,564 | INFO    | scraper.orchestrator | ✓ Found 2 emails for henan xinlianxin fertilizer 
2025-08-22 14:31:55,819 | INFO    | scraper.http_client  | HTTP GET https://bpetrol.it/sitemap.xml → 200
2025-08-22 14:31:55,820 | INFO    | scraper.sitemap      | Found sitemap via standard filenames: https://bpetrol.it/sitemap.xml (1.70s)
2025-08-22 14:31:55,822 | ERROR   | scraper.performance_optimizer | Optimized request failed for https://www.bpetrol.it/post-sitemap.xml: Session.request() got multiple values for argument 'method'
2025-08-22 14:31:55,822 | ERROR   | scraper.performance_optimizer | Optimized request failed for https://www.bpetrol.it/page-sitemap.xml: Session.request() got multiple values for argument 'method'
2025-08-22 14:31:55,822 | ERROR   | scraper.performance_optimizer | Optimized request failed for https://www.bpetrol.it/3d-flip-book-sitemap.xml: Session.request() got multiple values for argument 'method'
2025-08-22 14:31:55,823 | ERROR   | scraper.performance_optimizer | Optimized request failed for https://www.bpetrol.it/category-sitemap.xml: Session.request() got multiple values for argument 'method'
2025-08-22 14:31:56,036 | INFO    | scraper.http_client  | HTTP GET https://bpetrol.it/post-sitemap.xml → 200
2025-08-22 14:31:56,037 | ERROR   | scraper.performance_optimizer | Optimized request failed for https://www.bpetrol.it/post_tag-sitemap.xml: Session.request() got multiple values for argument 'method'
2025-08-22 14:31:56,223 | INFO    | scraper.http_client  | HTTP GET https://bpetrol.it/page-sitemap.xml → 200
2025-08-22 14:31:56,423 | INFO    | scraper.http_client  | HTTP GET https://bpetrol.it/3d-flip-book-sitemap.xml → 200
2025-08-22 14:31:56,477 | INFO    | scraper.http_client  | HTTP GET https://bpetrol.it/post_tag-sitemap.xml → 200
2025-08-22 14:31:56,729 | INFO    | scraper.email_extractor |   0 emails on https://us.mitsuichemicals.com/ (def from text)
2025-08-22 14:31:56,805 | INFO    | scraper.http_client  | HTTP GET https://bpetrol.it/category-sitemap.xml → 200
2025-08-22 14:31:56,811 | ERROR   | scraper.performance_optimizer | Optimized request failed for https://us.mitsuichemicals.com/sitemap.xml: Session.request() got multiple values for argument 'method'
2025-08-22 14:31:56,815 | ERROR   | scraper.performance_optimizer | Optimized request failed for https://www.bpetrol.it/privacy-policy/: Session.request() got multiple values for argument 'method'
2025-08-22 14:31:57,147 | INFO    | scraper.http_client  | HTTP HEAD https://us.mitsuichemicals.com/sitemap.xml → 200
2025-08-22 14:31:57,147 | ERROR   | scraper.performance_optimizer | Optimized request failed for https://us.mitsuichemicals.com/sitemap.xml: Session.request() got multiple values for argument 'method'
2025-08-22 14:31:57,394 | INFO    | scraper.http_client  | HTTP GET https://us.mitsuichemicals.com/sitemap.xml → 200
2025-08-22 14:31:57,394 | INFO    | scraper.sitemap      | Found sitemap via standard filenames: https://us.mitsuichemicals.com/sitemap.xml (0.58s)
2025-08-22 14:31:57,416 | ERROR   | scraper.performance_optimizer | Optimized request failed for https://us.mitsuichemicals.com/contact/index.htm: Session.request() got multiple values for argument 'method'
2025-08-22 14:31:57,657 | INFO    | scraper.http_client  | HTTP GET https://us.mitsuichemicals.com/contact/index.htm → 200
2025-08-22 14:31:57,703 | INFO    | scraper.email_extractor |   0 emails on https://us.mitsuichemicals.com/contact/index.htm (def from text)
2025-08-22 14:31:57,730 | INFO    | scraper.hybrid_email_extractor | Static pass found 0 on https://us.mitsuichemicals.com/contact/index.htm
2025-08-22 14:31:57,730 | INFO    | scraper.hybrid_email_extractor | JS fallback for https://us.mitsuichemicals.com/contact/index.htm
2025-08-22 14:31:57,887 | INFO    | scraper.http_client  | HTTP GET https://bpetrol.it/privacy-policy/ → 200
2025-08-22 14:31:57,917 | INFO    | scraper.email_extractor |   3 emails on https://www.bpetrol.it/privacy-policy/ (def from text)
2025-08-22 14:31:57,917 | INFO    | scraper.hybrid_email_extractor | Static pass found 3 on https://www.bpetrol.it/privacy-policy/
2025-08-22 14:31:57,918 | INFO    | scraper.orchestrator | Used sitemap for bpetrol.it
2025-08-22 14:31:57,918 | INFO    | scraper.orchestrator | Skipping crawl for bpetrol.it: 3 emails already found
2025-08-22 14:31:57,918 | INFO    | scraper.orchestrator | ✓ Found 3 emails for petrol rete 
2025-08-22 14:31:59,004 | INFO    | scraper.email_extractor |   0 emails on https://www.daf.com/en/sites-landing (def from text)
2025-08-22 14:31:59,051 | ERROR   | scraper.performance_optimizer | Optimized request failed for https://daf.com/sitemap.xml: Session.request() got multiple values for argument 'method'
2025-08-22 14:31:59,345 | INFO    | scraper.http_client  | HTTP HEAD https://daf.com/sitemap.xml → 200
2025-08-22 14:31:59,346 | ERROR   | scraper.performance_optimizer | Optimized request failed for https://daf.com/sitemap.xml: Session.request() got multiple values for argument 'method'
2025-08-22 14:31:59,390 | INFO    | scraper.http_client  | HTTP GET https://daf.com/sitemap.xml → 200
2025-08-22 14:31:59,390 | INFO    | scraper.sitemap      | Found sitemap via standard filenames: https://daf.com/sitemap.xml (0.34s)
2025-08-22 14:31:59,392 | ERROR   | scraper.performance_optimizer | Optimized request failed for https://www.daf.com/en/sitemap.xml: Session.request() got multiple values for argument 'method'
2025-08-22 14:31:59,393 | ERROR   | scraper.performance_optimizer | Optimized request failed for https://www.daf.com/nl-nl/sitemap.xml: Session.request() got multiple values for argument 'method'
2025-08-22 14:31:59,481 | INFO    | scraper.http_client  | HTTP GET https://daf.com/en/sitemap.xml → 200
2025-08-22 14:31:59,593 | INFO    | scraper.http_client  | HTTP GET https://daf.com/nl-nl/sitemap.xml → 200
2025-08-22 14:31:59,625 | ERROR   | scraper.performance_optimizer | Optimized request failed for https://www.daf.com/en/about-daf/daf-history/past-and-present: Session.request() got multiple values for argument 'method'
2025-08-22 14:31:59,851 | INFO    | scraper.http_client  | HTTP GET https://daf.com/en/about-daf/daf-history/past-and-present → 200
2025-08-22 14:31:59,898 | INFO    | scraper.email_extractor |   0 emails on https://www.daf.com/en/about-daf/daf-history/past-and-present (def from text)
2025-08-22 14:31:59,933 | INFO    | scraper.hybrid_email_extractor | Static pass found 0 on https://www.daf.com/en/about-daf/daf-history/past-and-present
2025-08-22 14:31:59,933 | INFO    | scraper.hybrid_email_extractor | JS fallback for https://www.daf.com/en/about-daf/daf-history/past-and-present
2025-08-22 14:32:00,176 | INFO    | scraper.email_extractor |   0 emails on https://synsol.ch/privacy-policy-of-synsol-ag/ (def from text)
2025-08-22 14:32:00,220 | ERROR   | scraper.performance_optimizer | Optimized request failed for https://synsol.ch/urea/: Session.request() got multiple values for argument 'method'
2025-08-22 14:32:00,329 | INFO    | scraper.http_client  | HTTP GET https://synsol.ch/urea/ → 200
2025-08-22 14:32:00,360 | INFO    | scraper.email_extractor |   1 emails on https://synsol.ch/urea/ (def from text)
2025-08-22 14:32:00,360 | INFO    | scraper.hybrid_email_extractor | Static pass found 1 on https://synsol.ch/urea/
2025-08-22 14:32:00,360 | INFO    | scraper.orchestrator | Used sitemap for synsol.ch
2025-08-22 14:32:00,361 | INFO    | scraper.orchestrator | Skipping crawl for synsol.ch: 1 emails already found
2025-08-22 14:32:00,361 | INFO    | scraper.orchestrator | ✓ Found 1 emails for Synsol
2025-08-22 14:32:01,867 | INFO    | scraper.email_extractor |   0 emails on https://www.speedyfuels.co.uk/commercial-fuel-suppliers-uk/ (def from text)
2025-08-22 14:32:01,868 | INFO    | scraper.http_client  | HTTP GET https://walter-schmidt-chemie.de → 200
2025-08-22 14:32:01,927 | INFO    | scraper.email_extractor |   0 emails on https://www.walter-schmidt-chemie.de/ (def from text)
2025-08-22 14:32:01,932 | ERROR   | scraper.performance_optimizer | Optimized request failed for https://www.speedyfuels.co.uk/guides/adblue-guide/: Session.request() got multiple values for argument 'method'
2025-08-22 14:32:01,947 | INFO    | scraper.hybrid_email_extractor | JS fallback for https://www.walter-schmidt-chemie.de/
2025-08-22 14:32:02,154 | INFO    | scraper.http_client  | HTTP GET https://speedyfuels.co.uk/guides/adblue-guide/ → 200
2025-08-22 14:32:02,270 | INFO    | scraper.email_extractor |   0 emails on https://www.speedyfuels.co.uk/guides/adblue-guide/ (def from text)
2025-08-22 14:32:02,483 | INFO    | scraper.hybrid_email_extractor | Static pass found 0 on https://www.speedyfuels.co.uk/guides/adblue-guide/
2025-08-22 14:32:02,484 | INFO    | scraper.hybrid_email_extractor | JS fallback for https://www.speedyfuels.co.uk/guides/adblue-guide/
2025-08-22 14:32:04,031 | INFO    | scraper.email_extractor |   0 emails on https://us.mitsuichemicals.com/contact/index.htm (def from text)
2025-08-22 14:32:04,095 | ERROR   | scraper.performance_optimizer | Optimized request failed for https://us.mitsuichemicals.com/siteinfo/privacy/index.htm: Session.request() got multiple values for argument 'method'
2025-08-22 14:32:04,340 | INFO    | scraper.http_client  | HTTP GET https://us.mitsuichemicals.com/siteinfo/privacy/index.htm → 200
2025-08-22 14:32:04,470 | INFO    | scraper.email_extractor |   0 emails on https://us.mitsuichemicals.com/siteinfo/privacy/index.htm (def from text)
2025-08-22 14:32:04,599 | INFO    | scraper.hybrid_email_extractor | Static pass found 0 on https://us.mitsuichemicals.com/siteinfo/privacy/index.htm
2025-08-22 14:32:04,600 | INFO    | scraper.hybrid_email_extractor | JS fallback for https://us.mitsuichemicals.com/siteinfo/privacy/index.htm
2025-08-22 14:32:06,032 | INFO    | scraper.email_extractor |   0 emails on https://www.daf.com/en/about-daf/daf-history/past-and-present (def from text)
2025-08-22 14:32:06,094 | ERROR   | scraper.performance_optimizer | Optimized request failed for https://www.daf.com/en/contact: Session.request() got multiple values for argument 'method'
2025-08-22 14:32:06,270 | INFO    | scraper.http_client  | HTTP GET https://daf.com/en/contact → 200
2025-08-22 14:32:06,362 | INFO    | scraper.email_extractor |   0 emails on https://www.daf.com/en/contact (def from text)
2025-08-22 14:32:06,423 | INFO    | scraper.hybrid_email_extractor | Static pass found 0 on https://www.daf.com/en/contact
2025-08-22 14:32:06,424 | INFO    | scraper.hybrid_email_extractor | JS fallback for https://www.daf.com/en/contact
2025-08-22 14:32:07,859 | INFO    | scraper.email_extractor |   0 emails on https://www.walter-schmidt-chemie.de/ (def from text)
2025-08-22 14:32:07,882 | ERROR   | scraper.performance_optimizer | Optimized request failed for https://walter-schmidt-chemie.de/sitemap.xml: Session.request() got multiple values for argument 'method'
2025-08-22 14:32:09,481 | INFO    | scraper.email_extractor |   0 emails on https://www.speedyfuels.co.uk/guides/adblue-guide/ (def from text)
2025-08-22 14:32:09,528 | ERROR   | scraper.performance_optimizer | Optimized request failed for https://www.speedyfuels.co.uk/contact-us/: Session.request() got multiple values for argument 'method'
2025-08-22 14:32:09,719 | INFO    | scraper.http_client  | HTTP GET https://speedyfuels.co.uk/contact-us/ → 200
2025-08-22 14:32:09,767 | INFO    | scraper.hybrid_email_extractor | Static pass found 1 on https://www.speedyfuels.co.uk/contact-us/
2025-08-22 14:32:09,767 | ERROR   | scraper.performance_optimizer | Optimized request failed for https://www.speedyfuels.co.uk/news/common-misconceptions-about-hvo/: Session.request() got multiple values for argument 'method'
2025-08-22 14:32:09,842 | INFO    | scraper.http_client  | HTTP GET https://speedyfuels.co.uk/news/common-misconceptions-about-hvo/ → 200
2025-08-22 14:32:09,967 | INFO    | scraper.email_extractor |   0 emails on https://www.speedyfuels.co.uk/news/common-misconceptions-about-hvo/ (def from text)
2025-08-22 14:32:10,045 | INFO    | scraper.hybrid_email_extractor | Static pass found 0 on https://www.speedyfuels.co.uk/news/common-misconceptions-about-hvo/
2025-08-22 14:32:10,046 | INFO    | scraper.hybrid_email_extractor | JS fallback for https://www.speedyfuels.co.uk/news/common-misconceptions-about-hvo/
2025-08-22 14:32:11,682 | INFO    | scraper.email_extractor |   0 emails on https://us.mitsuichemicals.com/siteinfo/privacy/index.htm (def from text)
2025-08-22 14:32:11,782 | INFO    | scraper.orchestrator | Used sitemap for us.mitsuichemicals.com
2025-08-22 14:32:11,782 | INFO    | scraper.orchestrator | No emails found in sitemap, attempting fallback crawl: us.mitsuichemicals.com
2025-08-22 14:32:11,782 | INFO    | scraper.crawler      | Start crawl us.mitsuichemicals.com (limit=30, timeout=60s, workers=16)
2025-08-22 14:32:11,783 | ERROR   | scraper.performance_optimizer | Optimized request failed for https://us.mitsuichemicals.com/: Session.request() got multiple values for argument 'method'
2025-08-22 14:32:12,024 | INFO    | scraper.http_client  | HTTP GET https://us.mitsuichemicals.com → 200
2025-08-22 14:32:12,077 | INFO    | scraper.email_extractor |   0 emails on https://us.mitsuichemicals.com/ (def from text)
2025-08-22 14:32:12,159 | ERROR   | scraper.performance_optimizer | Optimized request failed for https://us.mitsuichemicals.com/index.htm: Session.request() got multiple values for argument 'method'
2025-08-22 14:32:12,424 | INFO    | scraper.http_client  | HTTP GET https://us.mitsuichemicals.com/index.htm → 200
2025-08-22 14:32:12,489 | INFO    | scraper.email_extractor |   0 emails on https://us.mitsuichemicals.com/index.htm (def from text)
2025-08-22 14:32:12,540 | INFO    | scraper.hybrid_email_extractor | JS fallback for https://us.mitsuichemicals.com/index.htm
2025-08-22 14:32:13,964 | INFO    | scraper.email_extractor |   0 emails on https://www.daf.com/en/contact (def from text)
2025-08-22 14:32:14,043 | ERROR   | scraper.performance_optimizer | Optimized request failed for https://www.daf.com/en/about-daf/daf-history/timeline: Session.request() got multiple values for argument 'method'
2025-08-22 14:32:14,311 | INFO    | scraper.http_client  | HTTP GET https://daf.com/en/about-daf/daf-history/timeline → 200
2025-08-22 14:32:14,419 | INFO    | scraper.email_extractor |   0 emails on https://www.daf.com/en/about-daf/daf-history/timeline (def from text)
2025-08-22 14:32:14,511 | INFO    | scraper.hybrid_email_extractor | Static pass found 0 on https://www.daf.com/en/about-daf/daf-history/timeline
2025-08-22 14:32:14,511 | INFO    | scraper.hybrid_email_extractor | JS fallback for https://www.daf.com/en/about-daf/daf-history/timeline
2025-08-22 14:32:15,718 | INFO    | scraper.email_extractor |   0 emails on https://www.speedyfuels.co.uk/news/common-misconceptions-about-hvo/ (def from text)
2025-08-22 14:32:15,776 | ERROR   | scraper.performance_optimizer | Optimized request failed for https://www.speedyfuels.co.uk/products/adblue/: Session.request() got multiple values for argument 'method'
2025-08-22 14:32:16,006 | INFO    | scraper.http_client  | HTTP GET https://speedyfuels.co.uk/products/adblue/ → 200
2025-08-22 14:32:16,147 | INFO    | scraper.email_extractor |   0 emails on https://www.speedyfuels.co.uk/products/adblue/ (def from text)
2025-08-22 14:32:16,207 | INFO    | scraper.hybrid_email_extractor | Static pass found 0 on https://www.speedyfuels.co.uk/products/adblue/
2025-08-22 14:32:16,207 | INFO    | scraper.hybrid_email_extractor | JS fallback for https://www.speedyfuels.co.uk/products/adblue/
2025-08-22 14:32:16,254 | INFO    | scraper.http_client  | HTTP HEAD https://walter-schmidt-chemie.de/sitemap.xml → 200
2025-08-22 14:32:16,254 | ERROR   | scraper.performance_optimizer | Optimized request failed for https://walter-schmidt-chemie.de/sitemap.xml: Session.request() got multiple values for argument 'method'
2025-08-22 14:32:18,869 | INFO    | scraper.email_extractor |   0 emails on https://us.mitsuichemicals.com/index.htm (def from text)
2025-08-22 14:32:18,971 | ERROR   | scraper.performance_optimizer | Optimized request failed for https://us.mitsuichemicals.com/contact/index.htm: Session.request() got multiple values for argument 'method'
2025-08-22 14:32:19,205 | INFO    | scraper.http_client  | HTTP GET https://us.mitsuichemicals.com/contact/index.htm → 200
2025-08-22 14:32:19,236 | INFO    | scraper.email_extractor |   0 emails on https://us.mitsuichemicals.com/contact/index.htm (def from text)
2025-08-22 14:32:19,297 | ERROR   | scraper.performance_optimizer | Optimized request failed for https://us.mitsuichemicals.com/corporate/index.htm: Session.request() got multiple values for argument 'method'
2025-08-22 14:32:19,499 | INFO    | scraper.http_client  | HTTP GET https://walter-schmidt-chemie.de/sitemap.xml → 200
2025-08-22 14:32:19,499 | INFO    | scraper.sitemap      | Found sitemap via standard filenames: https://walter-schmidt-chemie.de/sitemap.xml (11.62s)
2025-08-22 14:32:19,540 | INFO    | scraper.http_client  | HTTP GET https://us.mitsuichemicals.com/corporate/index.htm → 200
2025-08-22 14:32:19,579 | INFO    | scraper.email_extractor |   0 emails on https://us.mitsuichemicals.com/corporate/index.htm (def from text)
2025-08-22 14:32:19,621 | INFO    | scraper.hybrid_email_extractor | JS fallback for https://us.mitsuichemicals.com/corporate/index.htm
2025-08-22 14:32:19,622 | ERROR   | scraper.performance_optimizer | Optimized request failed for https://www.walter-schmidt-chemie.de/kontakt/kontaktformular/nachricht-erfolgreich-versandt.html: Session.request() got multiple values for argument 'method'
2025-08-22 14:32:19,911 | INFO    | scraper.http_client  | HTTP GET https://walter-schmidt-chemie.de/kontakt/kontaktformular/nachricht-erfolgreich-versandt.html → 200
2025-08-22 14:32:19,918 | INFO    | scraper.email_extractor |   0 emails on https://www.walter-schmidt-chemie.de/kontakt/kontaktformular/nachricht-erfolgreich-versandt.html (def from text)
2025-08-22 14:32:19,928 | INFO    | scraper.hybrid_email_extractor | Static pass found 0 on https://www.walter-schmidt-chemie.de/kontakt/kontaktformular/nachricht-erfolgreich-versandt.html
2025-08-22 14:32:19,929 | INFO    | scraper.hybrid_email_extractor | JS fallback for https://www.walter-schmidt-chemie.de/kontakt/kontaktformular/nachricht-erfolgreich-versandt.html
2025-08-22 14:32:21,246 | INFO    | scraper.email_extractor |   0 emails on https://www.daf.com/en/about-daf/daf-history/timeline (def from text)
2025-08-22 14:32:21,281 | ERROR   | scraper.performance_optimizer | Optimized request failed for https://www.daf.com/en/about-daf/daf-history: Session.request() got multiple values for argument 'method'
2025-08-22 14:32:21,487 | INFO    | scraper.http_client  | HTTP GET https://daf.com/en/about-daf/daf-history → 200
2025-08-22 14:32:21,552 | INFO    | scraper.email_extractor |   0 emails on https://www.daf.com/en/about-daf/daf-history (def from text)
2025-08-22 14:32:21,617 | INFO    | scraper.hybrid_email_extractor | Static pass found 0 on https://www.daf.com/en/about-daf/daf-history
2025-08-22 14:32:21,617 | INFO    | scraper.hybrid_email_extractor | JS fallback for https://www.daf.com/en/about-daf/daf-history
2025-08-22 14:32:22,773 | INFO    | scraper.email_extractor |   0 emails on https://www.speedyfuels.co.uk/products/adblue/ (def from text)
2025-08-22 14:32:22,806 | ERROR   | scraper.performance_optimizer | Optimized request failed for https://www.speedyfuels.co.uk/about-us/: Session.request() got multiple values for argument 'method'
2025-08-22 14:32:23,092 | INFO    | scraper.http_client  | HTTP GET https://speedyfuels.co.uk/about-us/ → 200
2025-08-22 14:32:23,170 | INFO    | scraper.email_extractor |   0 emails on https://www.speedyfuels.co.uk/about-us/ (def from text)
2025-08-22 14:32:23,215 | INFO    | scraper.hybrid_email_extractor | Static pass found 0 on https://www.speedyfuels.co.uk/about-us/
2025-08-22 14:32:23,215 | INFO    | scraper.hybrid_email_extractor | JS fallback for https://www.speedyfuels.co.uk/about-us/
2025-08-22 14:32:25,400 | INFO    | scraper.email_extractor |   0 emails on https://us.mitsuichemicals.com/corporate/index.htm (def from text)
2025-08-22 14:32:25,483 | ERROR   | scraper.performance_optimizer | Optimized request failed for https://us.mitsuichemicals.com/corporate/overview/index.htm: Session.request() got multiple values for argument 'method'
2025-08-22 14:32:25,733 | INFO    | scraper.http_client  | HTTP GET https://us.mitsuichemicals.com/corporate/overview/index.htm → 200
2025-08-22 14:32:25,761 | INFO    | scraper.email_extractor |   0 emails on https://us.mitsuichemicals.com/corporate/overview/index.htm (def from text)
2025-08-22 14:32:25,792 | INFO    | scraper.hybrid_email_extractor | JS fallback for https://us.mitsuichemicals.com/corporate/overview/index.htm
2025-08-22 14:32:26,778 | INFO    | scraper.email_extractor |   0 emails on https://www.walter-schmidt-chemie.de/kontakt/kontaktformular/nachricht-erfolgreich-versandt.html (def from text)
2025-08-22 14:32:26,786 | ERROR   | scraper.performance_optimizer | Optimized request failed for https://www.walter-schmidt-chemie.de/kontakt/agb.pdf: Session.request() got multiple values for argument 'method'
2025-08-22 14:32:26,787 | ERROR   | scraper.performance_optimizer | Optimized request failed for https://www.walter-schmidt-chemie.de/kontakt/kontaktformular/formhandler.html: Session.request() got multiple values for argument 'method'
2025-08-22 14:32:27,671 | INFO    | scraper.http_client  | HTTP GET https://walter-schmidt-chemie.de/kontakt/kontaktformular/formhandler.html → 200
2025-08-22 14:32:27,684 | INFO    | scraper.email_extractor |   0 emails on https://www.walter-schmidt-chemie.de/kontakt/kontaktformular/formhandler.html (def from text)
2025-08-22 14:32:27,700 | INFO    | scraper.hybrid_email_extractor | Static pass found 0 on https://www.walter-schmidt-chemie.de/kontakt/kontaktformular/formhandler.html
2025-08-22 14:32:27,700 | INFO    | scraper.hybrid_email_extractor | JS fallback for https://www.walter-schmidt-chemie.de/kontakt/kontaktformular/formhandler.html
2025-08-22 14:32:28,539 | INFO    | scraper.email_extractor |   0 emails on https://www.daf.com/en/about-daf/daf-history (def from text)
2025-08-22 14:32:28,586 | INFO    | scraper.smart_discovery | Early stopping: no emails found after 5 pages
2025-08-22 14:32:28,586 | INFO    | scraper.orchestrator | Early stopping after priority pages for daf.com: found 0 emails
2025-08-22 14:32:28,587 | INFO    | scraper.orchestrator | Used sitemap for daf.com
2025-08-22 14:32:28,587 | INFO    | scraper.smart_discovery | Early stopping: no emails found after 5 pages
2025-08-22 14:32:28,587 | INFO    | scraper.orchestrator | ✗ No emails found for daf trucks
2025-08-22 14:32:30,075 | INFO    | scraper.email_extractor |   0 emails on https://www.speedyfuels.co.uk/about-us/ (def from text)
2025-08-22 14:32:30,108 | ERROR   | scraper.performance_optimizer | Optimized request failed for https://www.speedyfuels.co.uk/fuel-suppliers/: Session.request() got multiple values for argument 'method'
2025-08-22 14:32:30,317 | INFO    | scraper.http_client  | HTTP GET https://speedyfuels.co.uk/fuel-suppliers/ → 200
2025-08-22 14:32:30,394 | INFO    | scraper.email_extractor |   0 emails on https://www.speedyfuels.co.uk/fuel-suppliers/ (def from text)
2025-08-22 14:32:30,437 | INFO    | scraper.hybrid_email_extractor | Static pass found 0 on https://www.speedyfuels.co.uk/fuel-suppliers/
2025-08-22 14:32:30,437 | INFO    | scraper.hybrid_email_extractor | JS fallback for https://www.speedyfuels.co.uk/fuel-suppliers/
2025-08-22 14:32:32,133 | INFO    | scraper.email_extractor |   0 emails on https://us.mitsuichemicals.com/corporate/overview/index.htm (def from text)
2025-08-22 14:32:32,220 | ERROR   | scraper.performance_optimizer | Optimized request failed for https://us.mitsuichemicals.com/corporate/america/company_locations/index.htm: Session.request() got multiple values for argument 'method'
2025-08-22 14:32:32,484 | INFO    | scraper.http_client  | HTTP GET https://us.mitsuichemicals.com/corporate/america/company_locations/index.htm → 200
2025-08-22 14:32:32,521 | INFO    | scraper.email_extractor |   0 emails on https://us.mitsuichemicals.com/corporate/america/company_locations/index.htm (def from text)
2025-08-22 14:32:32,553 | INFO    | scraper.hybrid_email_extractor | JS fallback for https://us.mitsuichemicals.com/corporate/america/company_locations/index.htm
2025-08-22 14:32:34,333 | INFO    | scraper.email_extractor |   0 emails on https://www.walter-schmidt-chemie.de/kontakt/kontaktformular/formhandler.html (def from text)
2025-08-22 14:32:34,345 | ERROR   | scraper.performance_optimizer | Optimized request failed for https://www.walter-schmidt-chemie.de/kontakt/meldeplattform-hinschg/: Session.request() got multiple values for argument 'method'
2025-08-22 14:32:34,793 | INFO    | scraper.http_client  | HTTP GET https://walter-schmidt-chemie.de/kontakt/meldeplattform-hinschg/ → 200
2025-08-22 14:32:34,794 | INFO    | scraper.email_extractor |   0 emails on https://www.walter-schmidt-chemie.de/kontakt/meldeplattform-hinschg/ (def from text)
2025-08-22 14:32:34,795 | INFO    | scraper.hybrid_email_extractor | Static pass found 0 on https://www.walter-schmidt-chemie.de/kontakt/meldeplattform-hinschg/
2025-08-22 14:32:34,795 | INFO    | scraper.hybrid_email_extractor | JS fallback for https://www.walter-schmidt-chemie.de/kontakt/meldeplattform-hinschg/
2025-08-22 14:32:36,007 | INFO    | scraper.email_extractor |   0 emails on https://www.speedyfuels.co.uk/fuel-suppliers/ (def from text)
2025-08-22 14:32:36,047 | ERROR   | scraper.performance_optimizer | Optimized request failed for https://cdn.speedyfuels.co.uk/wp-content/uploads/2021/04/Red-Diesel-FAQ-Contact.jpg: Session.request() got multiple values for argument 'method'
2025-08-22 14:32:36,047 | INFO    | scraper.orchestrator | Used sitemap for speedyfuels.co.uk
2025-08-22 14:32:36,047 | INFO    | scraper.orchestrator | Skipping crawl for speedyfuels.co.uk: 2 emails already found
2025-08-22 14:32:36,047 | INFO    | scraper.orchestrator | ✓ Found 2 emails for speedy fuels
2025-08-22 14:32:38,324 | INFO    | scraper.email_extractor |   0 emails on https://us.mitsuichemicals.com/corporate/america/company_locations/index.htm (def from text)
2025-08-22 14:32:38,429 | ERROR   | scraper.performance_optimizer | Optimized request failed for https://us.mitsuichemicals.com/corporate/legacy/index.htm: Session.request() got multiple values for argument 'method'
2025-08-22 14:32:38,682 | INFO    | scraper.http_client  | HTTP GET https://us.mitsuichemicals.com/corporate/legacy/index.htm → 200
2025-08-22 14:32:38,712 | INFO    | scraper.email_extractor |   0 emails on https://us.mitsuichemicals.com/corporate/legacy/index.htm (def from text)
2025-08-22 14:32:38,738 | INFO    | scraper.hybrid_email_extractor | JS fallback for https://us.mitsuichemicals.com/corporate/legacy/index.htm
2025-08-22 14:32:40,408 | INFO    | scraper.email_extractor |   0 emails on https://www.walter-schmidt-chemie.de/kontakt/meldeplattform-hinschg/ (def from text)
2025-08-22 14:32:40,412 | INFO    | scraper.smart_discovery | Early stopping: no emails found after 5 pages
2025-08-22 14:32:40,413 | INFO    | scraper.orchestrator | Early stopping after priority pages for walter-schmidt-chemie.de: found 0 emails
2025-08-22 14:32:40,413 | INFO    | scraper.orchestrator | Used sitemap for walter-schmidt-chemie.de
2025-08-22 14:32:40,413 | INFO    | scraper.smart_discovery | Early stopping: no emails found after 5 pages
2025-08-22 14:32:40,413 | INFO    | scraper.orchestrator | ✗ No emails found for walter schmidt chemie gmbh
2025-08-22 14:32:42,601 | INFO    | scraper.email_extractor |   0 emails on https://us.mitsuichemicals.com/corporate/legacy/index.htm (def from text)
2025-08-22 14:32:42,685 | ERROR   | scraper.performance_optimizer | Optimized request failed for https://us.mitsuichemicals.com/mca/index.htm: Session.request() got multiple values for argument 'method'
2025-08-22 14:32:43,445 | INFO    | scraper.http_client  | HTTP GET https://us.mitsuichemicals.com/mca/index.htm → 200
2025-08-22 14:32:43,467 | INFO    | scraper.email_extractor |   0 emails on https://us.mitsuichemicals.com/mca/2024/index.htm (def from text)
2025-08-22 14:32:43,497 | INFO    | scraper.hybrid_email_extractor | JS fallback for https://us.mitsuichemicals.com/mca/2024/index.htm
2025-08-22 14:32:45,392 | INFO    | scraper.email_extractor |   0 emails on https://us.mitsuichemicals.com/mca/2024/index.htm (def from text)
2025-08-22 14:32:45,465 | ERROR   | scraper.performance_optimizer | Optimized request failed for https://us.mitsuichemicals.com/mci/mci-news/index.htm: Session.request() got multiple values for argument 'method'
2025-08-22 14:32:46,206 | INFO    | scraper.http_client  | HTTP GET https://us.mitsuichemicals.com/mci/mci-news/index.htm → 200
2025-08-22 14:32:46,270 | INFO    | scraper.email_extractor |   0 emails on https://us.mitsuichemicals.com/mci/mci-news/2025/index.htm (def from text)
2025-08-22 14:32:46,315 | INFO    | scraper.hybrid_email_extractor | JS fallback for https://us.mitsuichemicals.com/mci/mci-news/2025/index.htm
2025-08-22 14:32:48,999 | INFO    | scraper.email_extractor |   0 emails on https://us.mitsuichemicals.com/mci/mci-news/2025/index.htm (def from text)
2025-08-22 14:32:49,211 | ERROR   | scraper.performance_optimizer | Optimized request failed for https://us.mitsuichemicals.com/service/index.htm: Session.request() got multiple values for argument 'method'
2025-08-22 14:32:49,458 | INFO    | scraper.http_client  | HTTP GET https://us.mitsuichemicals.com/service/index.htm → 200
2025-08-22 14:32:49,506 | INFO    | scraper.email_extractor |   0 emails on https://us.mitsuichemicals.com/service/index.htm (def from text)
2025-08-22 14:32:49,555 | INFO    | scraper.hybrid_email_extractor | JS fallback for https://us.mitsuichemicals.com/service/index.htm
2025-08-22 14:32:52,184 | INFO    | scraper.email_extractor |   0 emails on https://us.mitsuichemicals.com/service/index.htm (def from text)
2025-08-22 14:32:52,297 | ERROR   | scraper.performance_optimizer | Optimized request failed for https://us.mitsuichemicals.com/service/life_healthcare/index.htm: Session.request() got multiple values for argument 'method'
2025-08-22 14:32:52,544 | INFO    | scraper.http_client  | HTTP GET https://us.mitsuichemicals.com/service/life_healthcare/index.htm → 200
2025-08-22 14:32:52,577 | INFO    | scraper.email_extractor |   0 emails on https://us.mitsuichemicals.com/service/life_healthcare/index.htm (def from text)
2025-08-22 14:32:52,608 | INFO    | scraper.hybrid_email_extractor | JS fallback for https://us.mitsuichemicals.com/service/life_healthcare/index.htm
2025-08-22 14:32:54,502 | INFO    | scraper.email_extractor |   0 emails on https://us.mitsuichemicals.com/service/life_healthcare/index.htm (def from text)
2025-08-22 14:32:54,576 | ERROR   | scraper.performance_optimizer | Optimized request failed for https://us.mitsuichemicals.com/service/mobility/index.htm: Session.request() got multiple values for argument 'method'
2025-08-22 14:32:54,820 | INFO    | scraper.http_client  | HTTP GET https://us.mitsuichemicals.com/service/mobility/index.htm → 200
2025-08-22 14:32:54,850 | INFO    | scraper.email_extractor |   0 emails on https://us.mitsuichemicals.com/service/mobility/index.htm (def from text)
2025-08-22 14:32:54,881 | INFO    | scraper.hybrid_email_extractor | JS fallback for https://us.mitsuichemicals.com/service/mobility/index.htm
2025-08-22 14:32:56,880 | INFO    | scraper.email_extractor |   0 emails on https://us.mitsuichemicals.com/service/mobility/index.htm (def from text)
2025-08-22 14:32:56,948 | ERROR   | scraper.performance_optimizer | Optimized request failed for https://us.mitsuichemicals.com/service/ict/index.htm: Session.request() got multiple values for argument 'method'
2025-08-22 14:32:57,196 | INFO    | scraper.http_client  | HTTP GET https://us.mitsuichemicals.com/service/ict/index.htm → 200
2025-08-22 14:32:57,235 | INFO    | scraper.email_extractor |   0 emails on https://us.mitsuichemicals.com/service/ict/index.htm (def from text)
2025-08-22 14:32:57,267 | INFO    | scraper.hybrid_email_extractor | JS fallback for https://us.mitsuichemicals.com/service/ict/index.htm
2025-08-22 14:33:00,193 | INFO    | scraper.email_extractor |   0 emails on https://us.mitsuichemicals.com/service/ict/index.htm (def from text)
2025-08-22 14:33:00,292 | ERROR   | scraper.performance_optimizer | Optimized request failed for https://us.mitsuichemicals.com/service/basic/index.htm: Session.request() got multiple values for argument 'method'
2025-08-22 14:33:00,536 | INFO    | scraper.http_client  | HTTP GET https://us.mitsuichemicals.com/service/basic/index.htm → 200
2025-08-22 14:33:00,569 | INFO    | scraper.email_extractor |   0 emails on https://us.mitsuichemicals.com/service/basic/index.htm (def from text)
2025-08-22 14:33:00,601 | INFO    | scraper.hybrid_email_extractor | JS fallback for https://us.mitsuichemicals.com/service/basic/index.htm
2025-08-22 14:33:03,333 | INFO    | scraper.email_extractor |   0 emails on https://us.mitsuichemicals.com/service/basic/index.htm (def from text)
2025-08-22 14:33:03,403 | ERROR   | scraper.performance_optimizer | Optimized request failed for https://us.mitsuichemicals.com/service/new_business/index.htm: Session.request() got multiple values for argument 'method'
2025-08-22 14:33:03,647 | INFO    | scraper.http_client  | HTTP GET https://us.mitsuichemicals.com/service/new_business/index.htm → 200
2025-08-22 14:33:03,685 | INFO    | scraper.email_extractor |   0 emails on https://us.mitsuichemicals.com/service/new_business/index.htm (def from text)
2025-08-22 14:33:03,716 | INFO    | scraper.hybrid_email_extractor | JS fallback for https://us.mitsuichemicals.com/service/new_business/index.htm
2025-08-22 14:33:06,761 | INFO    | scraper.email_extractor |   0 emails on https://us.mitsuichemicals.com/service/new_business/index.htm (def from text)
2025-08-22 14:33:06,886 | ERROR   | scraper.performance_optimizer | Optimized request failed for https://us.mitsuichemicals.com/service/search/index.htm: Session.request() got multiple values for argument 'method'
2025-08-22 14:33:07,145 | INFO    | scraper.http_client  | HTTP GET https://us.mitsuichemicals.com/service/search/index.htm → 200
2025-08-22 14:33:07,269 | INFO    | scraper.email_extractor |   0 emails on https://us.mitsuichemicals.com/service/search/index.htm (def from text)
2025-08-22 14:33:07,408 | INFO    | scraper.hybrid_email_extractor | JS fallback for https://us.mitsuichemicals.com/service/search/index.htm
2025-08-22 14:33:10,575 | INFO    | scraper.email_extractor |   0 emails on https://us.mitsuichemicals.com/service/search/index.htm (def from text)
2025-08-22 14:33:10,835 | ERROR   | scraper.performance_optimizer | Optimized request failed for https://us.mitsuichemicals.com/service/application/index.htm: Session.request() got multiple values for argument 'method'
2025-08-22 14:33:11,084 | INFO    | scraper.http_client  | HTTP GET https://us.mitsuichemicals.com/service/application/index.htm → 200
2025-08-22 14:33:11,133 | INFO    | scraper.email_extractor |   0 emails on https://us.mitsuichemicals.com/service/application/index.htm (def from text)
2025-08-22 14:33:11,167 | INFO    | scraper.hybrid_email_extractor | JS fallback for https://us.mitsuichemicals.com/service/application/index.htm
2025-08-22 14:33:13,616 | INFO    | scraper.email_extractor |   0 emails on https://us.mitsuichemicals.com/service/application/index.htm (def from text)
2025-08-22 14:33:13,734 | INFO    | scraper.crawler      | Crawl of us.mitsuichemicals.com completed: 17 pages fetched, 129 unique URLs seen, 0 emails, 62.0 s
2025-08-22 14:33:13,734 | INFO    | scraper.orchestrator | ✗ No emails found for mitsui toatsu chemicals 
2025-08-22 14:33:13,738 | INFO    | scraper.orchestrator | Concurrent processing completed in 98.99 seconds
2025-08-22 14:33:13,915 | INFO    | scraper.cli          | BrowserService: shutdown complete
2025-08-22 14:33:13,959 | INFO    | scraper.cli          | 
+--------------------------------------------------+
| RUN SUMMARY                                      |
+--------------------------------------------------+
| Leads           :   8
| Domain found    :   8
| No Google hits  :   0
| Domain unclear  :   0
| Sitemap used    :   8
| With e-mail     :   5
| Without e-mail  :   3
| Google errors   :   0
| Processing errors:   0
| Unique e-mails  :   9
| Runtime         :   99.2 s
| HTTP Requests   :  95
| HTTP errors     :   0
| No-response     :   0
+--------------------------------------------------+
2025-08-22 14:33:13,960 | INFO    | scraper.cli          | Saved 9 rows -> results.xlsx
2025-08-22 14:33:13,961 | INFO    | scraper.cli          | Verbose log -> C:\Dev\Projects\Scraping_directory\THE_Email_Scraper\scraper_20250822_143134.log
