2025-08-22 11:19:26,126 | INFO    | scraper.cli          | Email scraper starting
2025-08-22 11:19:26,126 | INFO    | scraper.cli          | Input file: test_input.xlsx
2025-08-22 11:19:26,128 | INFO    | scraper.cli          | Output file: results.xlsx
2025-08-22 11:19:26,128 | INFO    | scraper.cli          | Workers: 16
2025-08-22 11:19:26,129 | INFO    | scraper.cli          | Domain threshold: 65
2025-08-22 11:19:26,130 | INFO    | scraper.cli          | Max pages: 30
2025-08-22 11:19:26,130 | INFO    | scraper.cli          | Process PDFs: False
2025-08-22 11:19:26,130 | INFO    | scraper.cli          | Save domain only: False
2025-08-22 11:19:26,299 | INFO    | scraper.cli          | Loaded 9 companies from test_input.xlsx
2025-08-22 11:19:26,299 | INFO    | scraper.orchestrator | ▶ Processing company: walter schmidt chemie gmbh
2025-08-22 11:19:26,299 | INFO    | scraper.orchestrator | ▶ Processing company: henan xinlianxin fertilizer 
2025-08-22 11:19:26,302 | INFO    | scraper.orchestrator | ▶ Processing company: mitsui toatsu chemicals 
2025-08-22 11:19:26,303 | INFO    | scraper.orchestrator | ▶ Processing company: bluetec haman
2025-08-22 11:19:26,303 | INFO    | scraper.orchestrator | ▶ Processing company: daf trucks
2025-08-22 11:19:26,303 | INFO    | scraper.orchestrator | ▶ Processing company: petrol rete 
2025-08-22 11:19:26,304 | INFO    | scraper.orchestrator | ▶ Processing company: euro dam jas doo
2025-08-22 11:19:26,304 | INFO    | scraper.orchestrator | ▶ Processing company: Synsol
2025-08-22 11:19:26,304 | INFO    | scraper.orchestrator | ▶ Processing company: speedy fuels
2025-08-22 11:19:26,977 | INFO    | scraper.orchestrator | ✓ Found domain: walter-schmidt-chemie.de (score: 89)
2025-08-22 11:19:27,322 | ERROR   | scraper.google_search | Google SSL/TLS error (1/3): [SSL: WRONG_VERSION_NUMBER] wrong version number (_ssl.c:2648)
2025-08-22 11:19:27,322 | ERROR   | scraper.google_search | Google SSL/TLS error (2/3): [SSL: WRONG_VERSION_NUMBER] wrong version number (_ssl.c:2648)
2025-08-22 11:19:27,323 | ERROR   | scraper.google_search | Unexpected error in Google search: [SSL] internal error (_ssl.c:2648)
2025-08-22 11:19:27,323 | ERROR   | scraper.google_search | Unexpected error in Google search: [SSL: WRONG_VERSION_NUMBER] wrong version number (_ssl.c:2648)
2025-08-22 11:19:27,324 | ERROR   | scraper.google_search | Unexpected error in Google search: [SSL: WRONG_VERSION_NUMBER] wrong version number (_ssl.c:2648)
2025-08-22 11:19:27,324 | ERROR   | scraper.google_search | Search failed with fallback: [SSL] internal error (_ssl.c:2648)
2025-08-22 11:19:27,324 | ERROR   | scraper.google_search | Google SSL/TLS error (3/3): [SSL: WRONG_VERSION_NUMBER] wrong version number (_ssl.c:2648)
2025-08-22 11:19:27,324 | ERROR   | scraper.google_search | Google SSL/TLS error (4/3): [SSL: WRONG_VERSION_NUMBER] wrong version number (_ssl.c:2648)
2025-08-22 11:19:27,324 | WARNING | scraper.orchestrator | No Google search results for: euro dam jas doo
2025-08-22 11:19:27,325 | WARNING | scraper.google_search | Google search disabled after errors: repeated SSL/TLS failures (count=4)
2025-08-22 11:19:27,325 | WARNING | scraper.google_search | Google search disabled after errors: repeated SSL/TLS failures (count=4)
2025-08-22 11:19:27,325 | WARNING | scraper.orchestrator | No Google search results for: mitsui toatsu chemicals 
2025-08-22 11:19:27,325 | WARNING | scraper.orchestrator | No Google search results for: daf trucks
2025-08-22 11:19:27,385 | INFO    | scraper.orchestrator | ✓ Found domain: speedyfuels.co.uk (score: 100)
2025-08-22 11:19:27,728 | INFO    | scraper.http         | HTTP GET https://speedyfuels.co.uk → 200
2025-08-22 11:19:27,788 | INFO    | scraper.email_extractor |   0 emails on https://www.speedyfuels.co.uk/ (def from text)
2025-08-22 11:19:27,873 | INFO    | scraper.hybrid_email_extractor | JS fallback for https://www.speedyfuels.co.uk/
2025-08-22 11:19:27,874 | INFO    | scraper.orchestrator | ✓ Found domain: bpetrol.it (score: 92)
2025-08-22 11:19:29,490 | INFO    | scraper.email_extractor |   0 emails on https://www.speedyfuels.co.uk/ (def from text)
2025-08-22 11:19:30,004 | INFO    | scraper.http         | HTTP HEAD https://speedyfuels.co.uk/sitemap.xml → 200
2025-08-22 11:19:30,425 | INFO    | scraper.http         | HTTP GET https://speedyfuels.co.uk/sitemap.xml → 200
2025-08-22 11:19:30,425 | INFO    | scraper.sitemap      | Found sitemap via standard filenames: https://speedyfuels.co.uk/sitemap.xml (0.89s)
2025-08-22 11:19:30,471 | INFO    | scraper.http         | HTTP GET https://www.speedyfuels.co.uk/post-sitemap.xml → 200
2025-08-22 11:19:30,559 | INFO    | scraper.http         | HTTP GET https://bpetrol.it → 200
2025-08-22 11:19:30,612 | INFO    | scraper.email_extractor |   2 emails on https://www.bpetrol.it/ (def from text)
2025-08-22 11:19:30,612 | INFO    | scraper.hybrid_email_extractor | Static pass found 2 emails in https://www.bpetrol.it/
2025-08-22 11:19:30,613 | INFO    | scraper.http         | HTTP GET https://www.speedyfuels.co.uk/page-sitemap.xml → 200
2025-08-22 11:19:30,736 | INFO    | scraper.http         | HTTP GET https://www.speedyfuels.co.uk/fuel-suppliers/ → 200
2025-08-22 11:19:30,787 | INFO    | scraper.email_extractor |   0 emails on https://www.speedyfuels.co.uk/fuel-suppliers/ (def from text)
2025-08-22 11:19:30,811 | INFO    | scraper.hybrid_email_extractor | Static pass found 0 on https://www.speedyfuels.co.uk/fuel-suppliers/
2025-08-22 11:19:30,812 | INFO    | scraper.hybrid_email_extractor | JS fallback for https://www.speedyfuels.co.uk/fuel-suppliers/
2025-08-22 11:19:31,542 | INFO    | scraper.http         | HTTP HEAD https://bpetrol.it/sitemap.xml → 200
2025-08-22 11:19:32,123 | INFO    | scraper.http         | HTTP GET https://bpetrol.it/sitemap.xml → 200
2025-08-22 11:19:32,124 | INFO    | scraper.sitemap      | Found sitemap via standard filenames: https://bpetrol.it/sitemap.xml (1.51s)
2025-08-22 11:19:32,302 | INFO    | scraper.email_extractor |   0 emails on https://www.speedyfuels.co.uk/fuel-suppliers/ (def from text)
2025-08-22 11:19:32,303 | INFO    | scraper.http         | HTTP GET https://www.bpetrol.it/post-sitemap.xml → 200
2025-08-22 11:19:32,439 | INFO    | scraper.http         | HTTP GET https://www.speedyfuels.co.uk/products/adblue/ → 200
2025-08-22 11:19:32,491 | INFO    | scraper.email_extractor |   0 emails on https://www.speedyfuels.co.uk/products/adblue/ (def from text)
2025-08-22 11:19:32,515 | INFO    | scraper.hybrid_email_extractor | Static pass found 0 on https://www.speedyfuels.co.uk/products/adblue/
2025-08-22 11:19:32,515 | INFO    | scraper.hybrid_email_extractor | JS fallback for https://www.speedyfuels.co.uk/products/adblue/
2025-08-22 11:19:32,720 | INFO    | scraper.http         | HTTP GET https://www.bpetrol.it/3d-flip-book-sitemap.xml → 200
2025-08-22 11:19:32,852 | INFO    | scraper.http         | HTTP GET https://www.bpetrol.it/category-sitemap.xml → 200
2025-08-22 11:19:32,904 | INFO    | scraper.http         | HTTP GET https://www.bpetrol.it/post_tag-sitemap.xml → 200
2025-08-22 11:19:33,615 | INFO    | scraper.http         | HTTP GET https://www.bpetrol.it/page-sitemap.xml → 200
2025-08-22 11:19:33,917 | INFO    | scraper.email_extractor |   0 emails on https://www.speedyfuels.co.uk/products/adblue/ (def from text)
2025-08-22 11:19:34,050 | INFO    | scraper.http         | HTTP GET https://www.speedyfuels.co.uk/commercial-fuel-suppliers-uk/ → 200
2025-08-22 11:19:34,099 | INFO    | scraper.email_extractor |   0 emails on https://www.speedyfuels.co.uk/commercial-fuel-suppliers-uk/ (def from text)
2025-08-22 11:19:34,121 | INFO    | scraper.hybrid_email_extractor | Static pass found 0 on https://www.speedyfuels.co.uk/commercial-fuel-suppliers-uk/
2025-08-22 11:19:34,121 | INFO    | scraper.hybrid_email_extractor | JS fallback for https://www.speedyfuels.co.uk/commercial-fuel-suppliers-uk/
2025-08-22 11:19:34,815 | INFO    | scraper.http         | HTTP GET https://www.bpetrol.it/privacy-policy/ → 200
2025-08-22 11:19:34,837 | INFO    | scraper.email_extractor |   3 emails on https://www.bpetrol.it/privacy-policy/ (def from text)
2025-08-22 11:19:34,838 | INFO    | scraper.hybrid_email_extractor | Static pass found 3 on https://www.bpetrol.it/privacy-policy/
2025-08-22 11:19:34,838 | INFO    | scraper.orchestrator | Used sitemap for bpetrol.it
2025-08-22 11:19:34,838 | INFO    | scraper.orchestrator | ✓ Found 3 emails for petrol rete 
2025-08-22 11:19:35,665 | INFO    | scraper.email_extractor |   0 emails on https://www.speedyfuels.co.uk/commercial-fuel-suppliers-uk/ (def from text)
2025-08-22 11:19:35,807 | INFO    | scraper.http         | HTTP GET https://www.speedyfuels.co.uk/guides/adblue-guide/ → 200
2025-08-22 11:19:35,863 | INFO    | scraper.email_extractor |   0 emails on https://www.speedyfuels.co.uk/guides/adblue-guide/ (def from text)
2025-08-22 11:19:35,889 | INFO    | scraper.hybrid_email_extractor | Static pass found 0 on https://www.speedyfuels.co.uk/guides/adblue-guide/
2025-08-22 11:19:35,889 | INFO    | scraper.hybrid_email_extractor | JS fallback for https://www.speedyfuels.co.uk/guides/adblue-guide/
2025-08-22 11:19:37,384 | INFO    | scraper.email_extractor |   0 emails on https://www.speedyfuels.co.uk/guides/adblue-guide/ (def from text)
2025-08-22 11:19:37,516 | INFO    | scraper.http         | HTTP GET https://www.speedyfuels.co.uk/news/common-misconceptions-about-hvo/ → 200
2025-08-22 11:19:37,569 | INFO    | scraper.email_extractor |   0 emails on https://www.speedyfuels.co.uk/news/common-misconceptions-about-hvo/ (def from text)
2025-08-22 11:19:37,592 | INFO    | scraper.hybrid_email_extractor | Static pass found 0 on https://www.speedyfuels.co.uk/news/common-misconceptions-about-hvo/
2025-08-22 11:19:37,592 | INFO    | scraper.hybrid_email_extractor | JS fallback for https://www.speedyfuels.co.uk/news/common-misconceptions-about-hvo/
2025-08-22 11:19:39,057 | INFO    | scraper.email_extractor |   0 emails on https://www.speedyfuels.co.uk/news/common-misconceptions-about-hvo/ (def from text)
2025-08-22 11:19:39,192 | INFO    | scraper.http         | HTTP GET https://www.speedyfuels.co.uk/news/advice-on-finding-fuel-suppliers-in-the-uk/ → 200
2025-08-22 11:19:39,243 | INFO    | scraper.email_extractor |   0 emails on https://www.speedyfuels.co.uk/news/advice-on-finding-fuel-suppliers-in-the-uk/ (def from text)
2025-08-22 11:19:39,265 | INFO    | scraper.hybrid_email_extractor | Static pass found 0 on https://www.speedyfuels.co.uk/news/advice-on-finding-fuel-suppliers-in-the-uk/
2025-08-22 11:19:39,266 | INFO    | scraper.hybrid_email_extractor | JS fallback for https://www.speedyfuels.co.uk/news/advice-on-finding-fuel-suppliers-in-the-uk/
2025-08-22 11:19:40,688 | INFO    | scraper.email_extractor |   0 emails on https://www.speedyfuels.co.uk/news/advice-on-finding-fuel-suppliers-in-the-uk/ (def from text)
2025-08-22 11:19:40,836 | INFO    | scraper.http         | HTTP GET https://www.speedyfuels.co.uk/contact-us/ → 200
2025-08-22 11:19:40,863 | INFO    | scraper.hybrid_email_extractor | Static pass found 1 on https://www.speedyfuels.co.uk/contact-us/
2025-08-22 11:19:40,920 | INFO    | scraper.http         | HTTP GET https://www.speedyfuels.co.uk/about-us/ → 200
2025-08-22 11:19:40,977 | INFO    | scraper.email_extractor |   0 emails on https://www.speedyfuels.co.uk/about-us/ (def from text)
2025-08-22 11:19:41,001 | INFO    | scraper.hybrid_email_extractor | Static pass found 0 on https://www.speedyfuels.co.uk/about-us/
2025-08-22 11:19:41,001 | INFO    | scraper.hybrid_email_extractor | JS fallback for https://www.speedyfuels.co.uk/about-us/
2025-08-22 11:19:42,500 | INFO    | scraper.email_extractor |   0 emails on https://www.speedyfuels.co.uk/about-us/ (def from text)
2025-08-22 11:19:42,635 | INFO    | scraper.http         | HTTP GET https://www.speedyfuels.co.uk/news/how-to-look-after-your-adblue-storage-tanks/ → 200
2025-08-22 11:19:42,701 | INFO    | scraper.email_extractor |   0 emails on https://www.speedyfuels.co.uk/news/how-to-look-after-your-adblue-storage-tanks/ (def from text)
2025-08-22 11:19:42,724 | INFO    | scraper.hybrid_email_extractor | Static pass found 0 on https://www.speedyfuels.co.uk/news/how-to-look-after-your-adblue-storage-tanks/
2025-08-22 11:19:42,724 | INFO    | scraper.hybrid_email_extractor | JS fallback for https://www.speedyfuels.co.uk/news/how-to-look-after-your-adblue-storage-tanks/
2025-08-22 11:19:44,160 | INFO    | scraper.email_extractor |   0 emails on https://www.speedyfuels.co.uk/news/how-to-look-after-your-adblue-storage-tanks/ (def from text)
2025-08-22 11:19:44,306 | INFO    | scraper.http         | HTTP GET https://www.speedyfuels.co.uk/privacy-policy/ → 200
2025-08-22 11:19:44,336 | INFO    | scraper.hybrid_email_extractor | Static pass found 1 on https://www.speedyfuels.co.uk/privacy-policy/
2025-08-22 11:19:44,336 | INFO    | scraper.orchestrator | Used sitemap for speedyfuels.co.uk
2025-08-22 11:19:44,336 | INFO    | scraper.orchestrator | ✓ Found 2 emails for speedy fuels
2025-08-22 11:20:09,635 | INFO    | scraper.http         | HTTP GET https://walter-schmidt-chemie.de → 200
2025-08-22 11:20:09,652 | INFO    | scraper.email_extractor |   0 emails on https://www.walter-schmidt-chemie.de/ (def from text)
2025-08-22 11:20:09,661 | INFO    | scraper.hybrid_email_extractor | JS fallback for https://www.walter-schmidt-chemie.de/
2025-08-22 11:20:11,445 | INFO    | scraper.email_extractor |   0 emails on https://www.walter-schmidt-chemie.de/ (def from text)
2025-08-22 11:20:27,158 | WARNING | scraper.google_search | Google search timed out on 'henan xinlianxin fertilizer ' (attempt 1/5), retrying in 1s
2025-08-22 11:20:27,377 | WARNING | scraper.google_search | Google search timed out on 'bluetec haman' (attempt 1/5), retrying in 1s
2025-08-22 11:20:27,378 | WARNING | scraper.google_search | Google search timed out on 'Synsol' (attempt 1/5), retrying in 1s
2025-08-22 11:20:28,762 | INFO    | scraper.orchestrator | ✓ Found domain: worldfertilizer.com (score: 80)
2025-08-22 11:20:29,013 | INFO    | scraper.http         | HTTP GET https://worldfertilizer.com → 404
2025-08-22 11:20:29,014 | INFO    | scraper.http         | Retrying with www-prefix: https://www.worldfertilizer.com
2025-08-22 11:20:29,330 | INFO    | scraper.orchestrator | ✓ Found domain: bluetech00.gobizkorea.com (score: 88)
2025-08-22 11:20:29,767 | INFO    | scraper.email_extractor |   1 emails on https://www.worldfertilizer.com/ (def from text)
2025-08-22 11:20:29,767 | INFO    | scraper.hybrid_email_extractor | Static pass found 1 emails in https://www.worldfertilizer.com/
2025-08-22 11:20:29,868 | INFO    | scraper.http         | HTTP HEAD https://www.worldfertilizer.com/sitemap.xml → 200
2025-08-22 11:20:30,022 | INFO    | scraper.http         | HTTP GET https://www.worldfertilizer.com/sitemap.xml → 200
2025-08-22 11:20:30,022 | INFO    | scraper.sitemap      | Found sitemap via standard filenames: https://www.worldfertilizer.com/sitemap.xml (0.25s)
2025-08-22 11:20:30,733 | INFO    | scraper.http         | HTTP GET https://www.worldfertilizer.com/project-news/11112022/stamicarbon-selected-as-licensor-for-urea-project-in-china/ → 200
2025-08-22 11:20:30,758 | INFO    | scraper.email_extractor |   1 emails on https://www.worldfertilizer.com/project-news/11112022/stamicarbon-selected-as-licensor-for-urea-project-in-china/ (def from text)
2025-08-22 11:20:30,758 | INFO    | scraper.hybrid_email_extractor | Static pass found 1 on https://www.worldfertilizer.com/project-news/11112022/stamicarbon-selected-as-licensor-for-urea-project-in-china/
2025-08-22 11:20:31,086 | INFO    | scraper.http         | HTTP GET https://www.worldfertilizer.com/project-news/02032023/kimre-celebrates-engineering-and-technical-sales-personnel/ → 200
2025-08-22 11:20:31,103 | INFO    | scraper.email_extractor |   1 emails on https://www.worldfertilizer.com/project-news/02032023/kimre-celebrates-engineering-and-technical-sales-personnel/ (def from text)
2025-08-22 11:20:31,104 | INFO    | scraper.hybrid_email_extractor | Static pass found 1 on https://www.worldfertilizer.com/project-news/02032023/kimre-celebrates-engineering-and-technical-sales-personnel/
2025-08-22 11:20:31,450 | INFO    | scraper.http         | HTTP GET https://www.worldfertilizer.com/special-reports/04072022/cru-appoints-new-regional-director-of-sales-for-mena/ → 200
2025-08-22 11:20:31,464 | INFO    | scraper.email_extractor |   1 emails on https://www.worldfertilizer.com/special-reports/04072022/cru-appoints-new-regional-director-of-sales-for-mena/ (def from text)
2025-08-22 11:20:31,465 | INFO    | scraper.hybrid_email_extractor | Static pass found 1 on https://www.worldfertilizer.com/special-reports/04072022/cru-appoints-new-regional-director-of-sales-for-mena/
2025-08-22 11:20:31,739 | INFO    | scraper.http         | HTTP GET https://www.worldfertilizer.com/materials-handling/02082022/shiploader-for-fertilizer-and-granulated-urea-supplied-to-fertil-ruwais-terminal/ → 200
2025-08-22 11:20:31,757 | INFO    | scraper.email_extractor |   1 emails on https://www.worldfertilizer.com/materials-handling/02082022/shiploader-for-fertilizer-and-granulated-urea-supplied-to-fertil-ruwais-terminal/ (def from text)
2025-08-22 11:20:31,757 | INFO    | scraper.hybrid_email_extractor | Static pass found 1 on https://www.worldfertilizer.com/materials-handling/02082022/shiploader-for-fertilizer-and-granulated-urea-supplied-to-fertil-ruwais-terminal/
2025-08-22 11:20:32,029 | INFO    | scraper.http         | HTTP GET https://www.worldfertilizer.com/nitrogen/11112022/yara-calls-for-action-to-secure-continued-supply-of-nitrogen-essentials-such-as-adblue/ → 200
2025-08-22 11:20:32,044 | INFO    | scraper.email_extractor |   1 emails on https://www.worldfertilizer.com/nitrogen/11112022/yara-calls-for-action-to-secure-continued-supply-of-nitrogen-essentials-such-as-adblue/ (def from text)
2025-08-22 11:20:32,045 | INFO    | scraper.hybrid_email_extractor | Static pass found 1 on https://www.worldfertilizer.com/nitrogen/11112022/yara-calls-for-action-to-secure-continued-supply-of-nitrogen-essentials-such-as-adblue/
2025-08-22 11:20:32,489 | INFO    | scraper.http         | HTTP GET https://www.worldfertilizer.com/project-news/02032023/new-survey-suggests-strong-european-consumer-demand-for-sustainable-food/ → 200
2025-08-22 11:20:32,504 | INFO    | scraper.email_extractor |   1 emails on https://www.worldfertilizer.com/project-news/02032023/new-survey-suggests-strong-european-consumer-demand-for-sustainable-food/ (def from text)
2025-08-22 11:20:32,505 | INFO    | scraper.hybrid_email_extractor | Static pass found 1 on https://www.worldfertilizer.com/project-news/02032023/new-survey-suggests-strong-european-consumer-demand-for-sustainable-food/
2025-08-22 11:20:32,816 | INFO    | scraper.http         | HTTP GET https://www.worldfertilizer.com/project-news/19012022/stamicarbon-wins-licensing-and-equipment-supply-contract-for-two-urea-plants-in-china/ → 200
2025-08-22 11:20:32,836 | INFO    | scraper.email_extractor |   1 emails on https://www.worldfertilizer.com/project-news/19012022/stamicarbon-wins-licensing-and-equipment-supply-contract-for-two-urea-plants-in-china/ (def from text)
2025-08-22 11:20:32,837 | INFO    | scraper.hybrid_email_extractor | Static pass found 1 on https://www.worldfertilizer.com/project-news/19012022/stamicarbon-wins-licensing-and-equipment-supply-contract-for-two-urea-plants-in-china/
2025-08-22 11:20:33,177 | INFO    | scraper.http         | HTTP GET https://www.worldfertilizer.com/project-news/01122021/stamicarbon-provides-carbamate-condenser-for-ammonia-stripping-urea-plant/ → 200
2025-08-22 11:20:33,196 | INFO    | scraper.email_extractor |   1 emails on https://www.worldfertilizer.com/project-news/01122021/stamicarbon-provides-carbamate-condenser-for-ammonia-stripping-urea-plant/ (def from text)
2025-08-22 11:20:33,196 | INFO    | scraper.hybrid_email_extractor | Static pass found 1 on https://www.worldfertilizer.com/project-news/01122021/stamicarbon-provides-carbamate-condenser-for-ammonia-stripping-urea-plant/
2025-08-22 11:20:33,491 | INFO    | scraper.http         | HTTP GET https://www.worldfertilizer.com/nitrogen/15122021/most-of-yaras-european-ammonia-production-back-on-stream/ → 200
2025-08-22 11:20:33,511 | INFO    | scraper.email_extractor |   1 emails on https://www.worldfertilizer.com/nitrogen/15122021/most-of-yaras-european-ammonia-production-back-on-stream/ (def from text)
2025-08-22 11:20:33,514 | INFO    | scraper.hybrid_email_extractor | Static pass found 1 on https://www.worldfertilizer.com/nitrogen/15122021/most-of-yaras-european-ammonia-production-back-on-stream/
2025-08-22 11:20:33,917 | INFO    | scraper.http         | HTTP GET https://www.worldfertilizer.com/nitrogen/01092023/ypfb-to-deliver-2500-t-of-granulated-urea-to-cochabamba-granulated-fertilizers-plant/ → 200
2025-08-22 11:20:33,936 | INFO    | scraper.email_extractor |   1 emails on https://www.worldfertilizer.com/nitrogen/01092023/ypfb-to-deliver-2500-t-of-granulated-urea-to-cochabamba-granulated-fertilizers-plant/ (def from text)
2025-08-22 11:20:33,936 | INFO    | scraper.hybrid_email_extractor | Static pass found 1 on https://www.worldfertilizer.com/nitrogen/01092023/ypfb-to-deliver-2500-t-of-granulated-urea-to-cochabamba-granulated-fertilizers-plant/
2025-08-22 11:20:34,227 | INFO    | scraper.http         | HTTP GET https://www.worldfertilizer.com/project-news/02022022/strike-energys-urea-fertilizer-project-given-major-project-status/ → 200
2025-08-22 11:20:34,244 | INFO    | scraper.email_extractor |   1 emails on https://www.worldfertilizer.com/project-news/02022022/strike-energys-urea-fertilizer-project-given-major-project-status/ (def from text)
2025-08-22 11:20:34,244 | INFO    | scraper.hybrid_email_extractor | Static pass found 1 on https://www.worldfertilizer.com/project-news/02022022/strike-energys-urea-fertilizer-project-given-major-project-status/
2025-08-22 11:20:34,706 | INFO    | scraper.http         | HTTP GET https://www.worldfertilizer.com/project-news/13012022/operator-training-simulator-to-train-operators-at-gemlik-urea-melt-and-granulation-plant/ → 200
2025-08-22 11:20:34,726 | INFO    | scraper.email_extractor |   1 emails on https://www.worldfertilizer.com/project-news/13012022/operator-training-simulator-to-train-operators-at-gemlik-urea-melt-and-granulation-plant/ (def from text)
2025-08-22 11:20:34,726 | INFO    | scraper.hybrid_email_extractor | Static pass found 1 on https://www.worldfertilizer.com/project-news/13012022/operator-training-simulator-to-train-operators-at-gemlik-urea-melt-and-granulation-plant/
2025-08-22 11:20:34,799 | INFO    | scraper.http         | HTTP GET https://www.worldfertilizer.com/contact/ → 200
2025-08-22 11:20:34,812 | INFO    | scraper.email_extractor |   1 emails on https://www.worldfertilizer.com/contact/ (def from text)
2025-08-22 11:20:34,812 | INFO    | scraper.hybrid_email_extractor | Static pass found 1 on https://www.worldfertilizer.com/contact/
2025-08-22 11:20:35,105 | INFO    | scraper.http         | HTTP GET https://www.worldfertilizer.com/phosphates/10052023/kropz-plc-provides-update-on-elandsfontein-phosphate-project-sales/ → 200
2025-08-22 11:20:35,128 | INFO    | scraper.email_extractor |   1 emails on https://www.worldfertilizer.com/phosphates/10052023/kropz-plc-provides-update-on-elandsfontein-phosphate-project-sales/ (def from text)
2025-08-22 11:20:35,128 | INFO    | scraper.hybrid_email_extractor | Static pass found 1 on https://www.worldfertilizer.com/phosphates/10052023/kropz-plc-provides-update-on-elandsfontein-phosphate-project-sales/
2025-08-22 11:20:35,966 | INFO    | scraper.http         | HTTP GET https://www.worldfertilizer.com/nitrogen/26062023/neurizer-announces-significant-milestone-in-the-approval-process-for-new-urea-project/ → 200
2025-08-22 11:20:35,984 | INFO    | scraper.email_extractor |   1 emails on https://www.worldfertilizer.com/nitrogen/26062023/neurizer-announces-significant-milestone-in-the-approval-process-for-new-urea-project/ (def from text)
2025-08-22 11:20:35,984 | INFO    | scraper.hybrid_email_extractor | Static pass found 1 on https://www.worldfertilizer.com/nitrogen/26062023/neurizer-announces-significant-milestone-in-the-approval-process-for-new-urea-project/
2025-08-22 11:20:36,359 | INFO    | scraper.http         | HTTP GET https://www.worldfertilizer.com/sulfur/10022022/itafos-resumes-sulfuric-acid-production-and-sales-at-arraias/ → 200
2025-08-22 11:20:36,374 | INFO    | scraper.email_extractor |   1 emails on https://www.worldfertilizer.com/sulfur/10022022/itafos-resumes-sulfuric-acid-production-and-sales-at-arraias/ (def from text)
2025-08-22 11:20:36,374 | INFO    | scraper.hybrid_email_extractor | Static pass found 1 on https://www.worldfertilizer.com/sulfur/10022022/itafos-resumes-sulfuric-acid-production-and-sales-at-arraias/
2025-08-22 11:20:36,773 | INFO    | scraper.http         | HTTP GET https://www.worldfertilizer.com/project-news/08082022/maire-tecnimont-selected-as-urea-licensor-for-project-in-sub-saharan-africa/ → 200
2025-08-22 11:20:36,791 | INFO    | scraper.email_extractor |   1 emails on https://www.worldfertilizer.com/project-news/08082022/maire-tecnimont-selected-as-urea-licensor-for-project-in-sub-saharan-africa/ (def from text)
2025-08-22 11:20:36,791 | INFO    | scraper.hybrid_email_extractor | Static pass found 1 on https://www.worldfertilizer.com/project-news/08082022/maire-tecnimont-selected-as-urea-licensor-for-project-in-sub-saharan-africa/
2025-08-22 11:20:37,154 | INFO    | scraper.http         | HTTP GET https://www.worldfertilizer.com/potash/25082022/verde-announces-strategic-sales-partnership-with-lavoro/ → 200
2025-08-22 11:20:37,172 | INFO    | scraper.email_extractor |   1 emails on https://www.worldfertilizer.com/potash/25082022/verde-announces-strategic-sales-partnership-with-lavoro/ (def from text)
2025-08-22 11:20:37,173 | INFO    | scraper.hybrid_email_extractor | Static pass found 1 on https://www.worldfertilizer.com/potash/25082022/verde-announces-strategic-sales-partnership-with-lavoro/
2025-08-22 11:20:37,457 | INFO    | scraper.http         | HTTP GET https://www.worldfertilizer.com/nitrogen/16032023/fitch-ratings-cuts-near-term-ammonia-urea-and-potash-fertiliser-price-assumptions/ → 200
2025-08-22 11:20:37,472 | INFO    | scraper.email_extractor |   1 emails on https://www.worldfertilizer.com/nitrogen/16032023/fitch-ratings-cuts-near-term-ammonia-urea-and-potash-fertiliser-price-assumptions/ (def from text)
2025-08-22 11:20:37,472 | INFO    | scraper.hybrid_email_extractor | Static pass found 1 on https://www.worldfertilizer.com/nitrogen/16032023/fitch-ratings-cuts-near-term-ammonia-urea-and-potash-fertiliser-price-assumptions/
2025-08-22 11:20:37,534 | INFO    | scraper.http         | HTTP GET https://www.worldfertilizer.com/privacy/ → 200
2025-08-22 11:20:37,553 | INFO    | scraper.email_extractor |   2 emails on https://www.worldfertilizer.com/privacy/ (def from text)
2025-08-22 11:20:37,554 | INFO    | scraper.hybrid_email_extractor | Static pass found 2 on https://www.worldfertilizer.com/privacy/
2025-08-22 11:20:37,859 | INFO    | scraper.http         | HTTP GET https://www.worldfertilizer.com/nitrogen/01022022/new-brunei-urea-melt-plant-begins-production/ → 200
2025-08-22 11:20:37,877 | INFO    | scraper.email_extractor |   1 emails on https://www.worldfertilizer.com/nitrogen/01022022/new-brunei-urea-melt-plant-begins-production/ (def from text)
2025-08-22 11:20:37,877 | INFO    | scraper.hybrid_email_extractor | Static pass found 1 on https://www.worldfertilizer.com/nitrogen/01022022/new-brunei-urea-melt-plant-begins-production/
2025-08-22 11:20:38,283 | INFO    | scraper.http         | HTTP GET https://www.worldfertilizer.com/project-news/06062022/kima-approves-amicable-settlement-with-technemont-regarding-ammonia-and-urea-project/ → 200
2025-08-22 11:20:38,301 | INFO    | scraper.email_extractor |   1 emails on https://www.worldfertilizer.com/project-news/06062022/kima-approves-amicable-settlement-with-technemont-regarding-ammonia-and-urea-project/ (def from text)
2025-08-22 11:20:38,302 | INFO    | scraper.hybrid_email_extractor | Static pass found 1 on https://www.worldfertilizer.com/project-news/06062022/kima-approves-amicable-settlement-with-technemont-regarding-ammonia-and-urea-project/
2025-08-22 11:20:38,794 | INFO    | scraper.http         | HTTP GET https://www.worldfertilizer.com/environment/11052022/fertilizers-europe-share-a-statement-on-the-application-of-the-eu-fertilizing-product-regulation/ → 200
2025-08-22 11:20:38,812 | INFO    | scraper.email_extractor |   1 emails on https://www.worldfertilizer.com/environment/11052022/fertilizers-europe-share-a-statement-on-the-application-of-the-eu-fertilizing-product-regulation/ (def from text)
2025-08-22 11:20:38,813 | INFO    | scraper.hybrid_email_extractor | Static pass found 1 on https://www.worldfertilizer.com/environment/11052022/fertilizers-europe-share-a-statement-on-the-application-of-the-eu-fertilizing-product-regulation/
2025-08-22 11:20:39,263 | INFO    | scraper.http         | HTTP GET https://www.worldfertilizer.com/nitrogen/26012023/tcnicas-reunidas-selected-as-contractor-to-develop-new-ammonium-urea-nitric-acid-and-ammonium-nitrate-complex/ → 200
2025-08-22 11:20:39,283 | INFO    | scraper.email_extractor |   1 emails on https://www.worldfertilizer.com/nitrogen/26012023/tcnicas-reunidas-selected-as-contractor-to-develop-new-ammonium-urea-nitric-acid-and-ammonium-nitrate-complex/ (def from text)
2025-08-22 11:20:39,284 | INFO    | scraper.hybrid_email_extractor | Static pass found 1 on https://www.worldfertilizer.com/nitrogen/26012023/tcnicas-reunidas-selected-as-contractor-to-develop-new-ammonium-urea-nitric-acid-and-ammonium-nitrate-complex/
2025-08-22 11:20:39,481 | INFO    | scraper.http         | HTTP GET https://www.worldfertilizer.com/tag/urea-news/ → 200
2025-08-22 11:20:39,499 | INFO    | scraper.email_extractor |   1 emails on https://www.worldfertilizer.com/tag/urea-news/ (def from text)
2025-08-22 11:20:39,500 | INFO    | scraper.hybrid_email_extractor | Static pass found 1 on https://www.worldfertilizer.com/tag/urea-news/
2025-08-22 11:20:39,879 | INFO    | scraper.http         | HTTP GET https://www.worldfertilizer.com/project-news/10052023/construction-of-perdaman-chemicals-fertilisers-urea-plant-begins/ → 200
2025-08-22 11:20:39,894 | INFO    | scraper.email_extractor |   1 emails on https://www.worldfertilizer.com/project-news/10052023/construction-of-perdaman-chemicals-fertilisers-urea-plant-begins/ (def from text)
2025-08-22 11:20:39,894 | INFO    | scraper.hybrid_email_extractor | Static pass found 1 on https://www.worldfertilizer.com/project-news/10052023/construction-of-perdaman-chemicals-fertilisers-urea-plant-begins/
2025-08-22 11:20:40,224 | INFO    | scraper.http         | HTTP GET https://www.worldfertilizer.com/project-news/11112021/stamicarbon-delivers-high-pressure-stripper-and-pool-reactor-for-urea-plant-in-russia/ → 200
2025-08-22 11:20:40,235 | INFO    | scraper.email_extractor |   1 emails on https://www.worldfertilizer.com/project-news/11112021/stamicarbon-delivers-high-pressure-stripper-and-pool-reactor-for-urea-plant-in-russia/ (def from text)
2025-08-22 11:20:40,235 | INFO    | scraper.hybrid_email_extractor | Static pass found 1 on https://www.worldfertilizer.com/project-news/11112021/stamicarbon-delivers-high-pressure-stripper-and-pool-reactor-for-urea-plant-in-russia/
2025-08-22 11:20:40,623 | INFO    | scraper.http         | HTTP GET https://www.worldfertilizer.com/project-news/28042022/stamicarbon-is-selected-as-urea-licensor-for-neurizers-project-in-australia/ → 200
2025-08-22 11:20:40,640 | INFO    | scraper.email_extractor |   1 emails on https://www.worldfertilizer.com/project-news/28042022/stamicarbon-is-selected-as-urea-licensor-for-neurizers-project-in-australia/ (def from text)
2025-08-22 11:20:40,640 | INFO    | scraper.hybrid_email_extractor | Static pass found 1 on https://www.worldfertilizer.com/project-news/28042022/stamicarbon-is-selected-as-urea-licensor-for-neurizers-project-in-australia/
2025-08-22 11:20:40,990 | INFO    | scraper.http         | HTTP GET https://www.worldfertilizer.com/project-news/04022022/perdaman-urea-project-receives-government-financing/ → 200
2025-08-22 11:20:41,008 | INFO    | scraper.email_extractor |   1 emails on https://www.worldfertilizer.com/project-news/04022022/perdaman-urea-project-receives-government-financing/ (def from text)
2025-08-22 11:20:41,008 | INFO    | scraper.hybrid_email_extractor | Static pass found 1 on https://www.worldfertilizer.com/project-news/04022022/perdaman-urea-project-receives-government-financing/
2025-08-22 11:20:41,329 | INFO    | scraper.http         | HTTP GET https://www.worldfertilizer.com/special-reports/20072023/the-grupa-azoty-group-successfully-passes-fertilizers-europe-audit-for-fertilizer-products/ → 200
2025-08-22 11:20:41,353 | INFO    | scraper.email_extractor |   1 emails on https://www.worldfertilizer.com/special-reports/20072023/the-grupa-azoty-group-successfully-passes-fertilizers-europe-audit-for-fertilizer-products/ (def from text)
2025-08-22 11:20:41,353 | INFO    | scraper.hybrid_email_extractor | Static pass found 1 on https://www.worldfertilizer.com/special-reports/20072023/the-grupa-azoty-group-successfully-passes-fertilizers-europe-audit-for-fertilizer-products/
2025-08-22 11:20:41,353 | INFO    | scraper.orchestrator | Used sitemap for worldfertilizer.com
2025-08-22 11:20:41,354 | INFO    | scraper.orchestrator | ✓ Found 2 emails for henan xinlianxin fertilizer 
2025-08-22 11:20:57,181 | INFO    | scraper.http         | HTTP HEAD https://walter-schmidt-chemie.de/sitemap.xml → 200
2025-08-22 11:21:29,047 | WARNING | scraper.google_search | Google search timed out on 'Synsol' (attempt 2/5), retrying in 2s
2025-08-22 11:21:31,567 | INFO    | scraper.orchestrator | ✓ Found domain: synsol.ch (score: 100)
2025-08-22 11:21:31,669 | INFO    | scraper.http         | HTTP GET https://synsol.ch → 200
2025-08-22 11:21:31,710 | INFO    | scraper.email_extractor |   1 emails on https://synsol.ch/ (def from text)
2025-08-22 11:21:31,711 | INFO    | scraper.hybrid_email_extractor | Static pass found 1 emails in https://synsol.ch/
2025-08-22 11:21:32,456 | INFO    | scraper.http         | HTTP HEAD https://synsol.ch/sitemap.xml → 200
2025-08-22 11:21:32,490 | INFO    | scraper.http         | HTTP GET https://synsol.ch/sitemap.xml → 200
2025-08-22 11:21:32,490 | INFO    | scraper.sitemap      | Found sitemap via standard filenames: https://synsol.ch/sitemap.xml (0.78s)
2025-08-22 11:21:32,533 | INFO    | scraper.http         | HTTP GET https://synsol.ch/wp-sitemap-posts-page-1.xml → 200
2025-08-22 11:21:32,570 | INFO    | scraper.http         | HTTP GET https://synsol.ch/wp-sitemap-users-1.xml → 200
2025-08-22 11:21:32,597 | INFO    | scraper.http         | HTTP GET https://synsol.ch/privacy-policy-of-synsol-ag/ → 200
2025-08-22 11:21:32,612 | INFO    | scraper.email_extractor |   0 emails on https://synsol.ch/privacy-policy-of-synsol-ag/ (def from text)
2025-08-22 11:21:32,622 | INFO    | scraper.hybrid_email_extractor | Static pass found 0 on https://synsol.ch/privacy-policy-of-synsol-ag/
2025-08-22 11:21:32,622 | INFO    | scraper.hybrid_email_extractor | JS fallback for https://synsol.ch/privacy-policy-of-synsol-ag/
2025-08-22 11:21:33,483 | INFO    | scraper.http         | Retrying with www-prefix: https://www.bluetech00.gobizkorea.com
2025-08-22 11:21:33,924 | INFO    | scraper.email_extractor |   0 emails on https://synsol.ch/privacy-policy-of-synsol-ag/ (def from text)
2025-08-22 11:21:33,970 | INFO    | scraper.http         | HTTP GET https://synsol.ch/urea/ → 200
2025-08-22 11:21:33,990 | INFO    | scraper.email_extractor |   1 emails on https://synsol.ch/urea/ (def from text)
2025-08-22 11:21:33,991 | INFO    | scraper.hybrid_email_extractor | Static pass found 1 on https://synsol.ch/urea/
2025-08-22 11:21:33,991 | INFO    | scraper.orchestrator | Used sitemap for synsol.ch
2025-08-22 11:21:33,991 | INFO    | scraper.orchestrator | ✓ Found 1 emails for Synsol
2025-08-22 11:21:34,497 | WARNING | scraper.http         | www-prefix retry failed for https://www.bluetech00.gobizkorea.com: HTTPSConnectionPool(host='www.bluetech00.gobizkorea.com', port=443): Max retries exceeded with url: / (Caused by NameResolutionError("<urllib3.connection.HTTPSConnection object at 0x000001ECA137AE90>: Failed to resolve 'www.bluetech00.gobizkorea.com' ([Errno 11001] getaddrinfo failed)"))
2025-08-22 11:21:34,498 | INFO    | scraper.http         | Retrying with HTTP: http://bluetech00.gobizkorea.com
2025-08-22 11:21:43,434 | INFO    | scraper.http         | HTTP GET https://walter-schmidt-chemie.de/sitemap.xml → 200
2025-08-22 11:21:43,435 | INFO    | scraper.sitemap      | Found sitemap via standard filenames: https://walter-schmidt-chemie.de/sitemap.xml (91.98s)
2025-08-22 11:21:43,673 | INFO    | scraper.http         | HTTP GET https://www.walter-schmidt-chemie.de/kontakt/impressum.html → 200
2025-08-22 11:21:43,682 | INFO    | scraper.email_extractor |   1 emails on https://www.walter-schmidt-chemie.de/kontakt/impressum.html (def from text)
2025-08-22 11:21:43,682 | INFO    | scraper.hybrid_email_extractor | Static pass found 1 on https://www.walter-schmidt-chemie.de/kontakt/impressum.html
2025-08-22 11:21:43,982 | INFO    | scraper.http         | HTTP GET https://www.walter-schmidt-chemie.de/kontakt/kontaktformular/ → 200
2025-08-22 11:21:43,992 | INFO    | scraper.email_extractor |   0 emails on https://www.walter-schmidt-chemie.de/kontakt/kontaktformular/ (def from text)
2025-08-22 11:21:44,000 | INFO    | scraper.hybrid_email_extractor | Static pass found 0 on https://www.walter-schmidt-chemie.de/kontakt/kontaktformular/
2025-08-22 11:21:44,000 | INFO    | scraper.hybrid_email_extractor | JS fallback for https://www.walter-schmidt-chemie.de/kontakt/kontaktformular/
2025-08-22 11:21:45,608 | INFO    | scraper.email_extractor |   0 emails on https://www.walter-schmidt-chemie.de/kontakt/kontaktformular/ (def from text)
2025-08-22 11:21:46,058 | INFO    | scraper.http         | HTTP GET https://www.walter-schmidt-chemie.de/kontakt/meldeplattform-hinschg/ → 200
2025-08-22 11:21:46,060 | INFO    | scraper.email_extractor |   0 emails on https://www.walter-schmidt-chemie.de/kontakt/meldeplattform-hinschg/ (def from text)
2025-08-22 11:21:46,062 | INFO    | scraper.hybrid_email_extractor | Static pass found 0 on https://www.walter-schmidt-chemie.de/kontakt/meldeplattform-hinschg/
2025-08-22 11:21:46,062 | INFO    | scraper.hybrid_email_extractor | JS fallback for https://www.walter-schmidt-chemie.de/kontakt/meldeplattform-hinschg/
2025-08-22 11:21:48,171 | INFO    | scraper.email_extractor |   0 emails on https://www.walter-schmidt-chemie.de/kontakt/meldeplattform-hinschg/ (def from text)
2025-08-22 11:21:48,579 | INFO    | scraper.http         | HTTP GET https://www.walter-schmidt-chemie.de/kontakt/kontaktformular/formhandler.html → 200
2025-08-22 11:21:48,591 | INFO    | scraper.email_extractor |   0 emails on https://www.walter-schmidt-chemie.de/kontakt/kontaktformular/formhandler.html (def from text)
2025-08-22 11:21:48,598 | INFO    | scraper.hybrid_email_extractor | Static pass found 0 on https://www.walter-schmidt-chemie.de/kontakt/kontaktformular/formhandler.html
2025-08-22 11:21:48,598 | INFO    | scraper.hybrid_email_extractor | JS fallback for https://www.walter-schmidt-chemie.de/kontakt/kontaktformular/formhandler.html
2025-08-22 11:21:50,377 | INFO    | scraper.email_extractor |   0 emails on https://www.walter-schmidt-chemie.de/kontakt/kontaktformular/formhandler.html (def from text)
2025-08-22 11:21:51,322 | INFO    | scraper.http         | HTTP GET https://www.walter-schmidt-chemie.de/kontakt/ → 200
2025-08-22 11:21:51,329 | INFO    | scraper.email_extractor |   0 emails on https://www.walter-schmidt-chemie.de/kontakt/ (def from text)
2025-08-22 11:21:51,341 | INFO    | scraper.hybrid_email_extractor | Static pass found 0 on https://www.walter-schmidt-chemie.de/kontakt/
2025-08-22 11:21:51,341 | INFO    | scraper.hybrid_email_extractor | JS fallback for https://www.walter-schmidt-chemie.de/kontakt/
2025-08-22 11:21:53,540 | INFO    | scraper.email_extractor |   0 emails on https://www.walter-schmidt-chemie.de/kontakt/ (def from text)
2025-08-22 11:21:53,768 | INFO    | scraper.http         | HTTP GET https://www.walter-schmidt-chemie.de/produkte/adblue/adblue.html → 200
2025-08-22 11:21:53,777 | INFO    | scraper.email_extractor |   0 emails on https://www.walter-schmidt-chemie.de/produkte/adblue/adblue.html (def from text)
2025-08-22 11:21:53,786 | INFO    | scraper.hybrid_email_extractor | Static pass found 0 on https://www.walter-schmidt-chemie.de/produkte/adblue/adblue.html
2025-08-22 11:21:53,787 | INFO    | scraper.hybrid_email_extractor | JS fallback for https://www.walter-schmidt-chemie.de/produkte/adblue/adblue.html
2025-08-22 11:21:55,323 | INFO    | scraper.email_extractor |   0 emails on https://www.walter-schmidt-chemie.de/produkte/adblue/adblue.html (def from text)
2025-08-22 11:21:56,157 | INFO    | scraper.http         | HTTP GET https://www.walter-schmidt-chemie.de/produkte/adblue/ → 200
2025-08-22 11:21:56,169 | INFO    | scraper.email_extractor |   0 emails on https://www.walter-schmidt-chemie.de/produkte/adblue/ (def from text)
2025-08-22 11:21:56,176 | INFO    | scraper.hybrid_email_extractor | Static pass found 0 on https://www.walter-schmidt-chemie.de/produkte/adblue/
2025-08-22 11:21:56,177 | INFO    | scraper.hybrid_email_extractor | JS fallback for https://www.walter-schmidt-chemie.de/produkte/adblue/
2025-08-22 11:21:58,226 | INFO    | scraper.email_extractor |   0 emails on https://www.walter-schmidt-chemie.de/produkte/adblue/ (def from text)
2025-08-22 11:21:58,457 | INFO    | scraper.http         | HTTP GET https://www.walter-schmidt-chemie.de/kontakt/inhaltsverzeichnis.html → 200
2025-08-22 11:21:58,472 | INFO    | scraper.email_extractor |   0 emails on https://www.walter-schmidt-chemie.de/kontakt/inhaltsverzeichnis.html (def from text)
2025-08-22 11:21:58,486 | INFO    | scraper.hybrid_email_extractor | Static pass found 0 on https://www.walter-schmidt-chemie.de/kontakt/inhaltsverzeichnis.html
2025-08-22 11:21:58,486 | INFO    | scraper.hybrid_email_extractor | JS fallback for https://www.walter-schmidt-chemie.de/kontakt/inhaltsverzeichnis.html
2025-08-22 11:22:00,073 | INFO    | scraper.email_extractor |   0 emails on https://www.walter-schmidt-chemie.de/kontakt/inhaltsverzeichnis.html (def from text)
2025-08-22 11:22:00,353 | INFO    | scraper.http         | HTTP GET https://www.walter-schmidt-chemie.de/kontakt/kontaktformular/nachricht-erfolgreich-versandt.html → 200
2025-08-22 11:22:00,361 | INFO    | scraper.email_extractor |   0 emails on https://www.walter-schmidt-chemie.de/kontakt/kontaktformular/nachricht-erfolgreich-versandt.html (def from text)
2025-08-22 11:22:00,369 | INFO    | scraper.hybrid_email_extractor | Static pass found 0 on https://www.walter-schmidt-chemie.de/kontakt/kontaktformular/nachricht-erfolgreich-versandt.html
2025-08-22 11:22:00,369 | INFO    | scraper.hybrid_email_extractor | JS fallback for https://www.walter-schmidt-chemie.de/kontakt/kontaktformular/nachricht-erfolgreich-versandt.html
2025-08-22 11:22:01,918 | INFO    | scraper.email_extractor |   0 emails on https://www.walter-schmidt-chemie.de/kontakt/kontaktformular/nachricht-erfolgreich-versandt.html (def from text)
2025-08-22 11:22:01,924 | INFO    | scraper.orchestrator | Used sitemap for walter-schmidt-chemie.de
2025-08-22 11:22:01,924 | INFO    | scraper.orchestrator | ✓ Found 1 emails for walter schmidt chemie gmbh
2025-08-22 11:22:38,636 | WARNING | scraper.http         | HTTP fallback failed for http://bluetech00.gobizkorea.com: HTTPConnectionPool(host='bluetech00.gobizkorea.com', port=80): Max retries exceeded with url: / (Caused by ConnectTimeoutError(<urllib3.connection.HTTPConnection object at 0x000001ECA1379F90>, 'Connection to bluetech00.gobizkorea.com timed out. (connect timeout=60)'))
2025-08-22 11:23:43,772 | INFO    | scraper.http         | Retrying with www-prefix: https://www.bluetech00.gobizkorea.com
2025-08-22 11:23:44,784 | WARNING | scraper.http         | www-prefix retry failed for https://www.bluetech00.gobizkorea.com: HTTPSConnectionPool(host='www.bluetech00.gobizkorea.com', port=443): Max retries exceeded with url: / (Caused by NameResolutionError("<urllib3.connection.HTTPSConnection object at 0x000001ECA1379810>: Failed to resolve 'www.bluetech00.gobizkorea.com' ([Errno 11001] getaddrinfo failed)"))
2025-08-22 11:23:44,785 | INFO    | scraper.http         | Retrying with HTTP: http://bluetech00.gobizkorea.com
2025-08-22 11:24:48,956 | WARNING | scraper.http         | HTTP fallback failed for http://bluetech00.gobizkorea.com: HTTPConnectionPool(host='bluetech00.gobizkorea.com', port=80): Max retries exceeded with url: / (Caused by ConnectTimeoutError(<urllib3.connection.HTTPConnection object at 0x000001ECA19A70B0>, 'Connection to bluetech00.gobizkorea.com timed out. (connect timeout=60)'))
2025-08-22 11:25:53,075 | INFO    | scraper.http         | Retrying with www-prefix: https://www.bluetech00.gobizkorea.com/sitemap.xml
2025-08-22 11:25:54,094 | WARNING | scraper.http         | www-prefix retry failed for https://www.bluetech00.gobizkorea.com/sitemap.xml: HTTPSConnectionPool(host='www.bluetech00.gobizkorea.com', port=443): Max retries exceeded with url: /sitemap.xml (Caused by NameResolutionError("<urllib3.connection.HTTPSConnection object at 0x000001EC9FB28F50>: Failed to resolve 'www.bluetech00.gobizkorea.com' ([Errno 11001] getaddrinfo failed)"))
2025-08-22 11:25:54,095 | INFO    | scraper.http         | Retrying with HTTP: http://bluetech00.gobizkorea.com/sitemap.xml
2025-08-22 11:26:58,224 | WARNING | scraper.http         | HTTP fallback failed for http://bluetech00.gobizkorea.com/sitemap.xml: HTTPConnectionPool(host='bluetech00.gobizkorea.com', port=80): Max retries exceeded with url: /sitemap.xml (Caused by ConnectTimeoutError(<urllib3.connection.HTTPConnection object at 0x000001ECA147B8A0>, 'Connection to bluetech00.gobizkorea.com timed out. (connect timeout=60)'))
2025-08-22 11:28:03,330 | INFO    | scraper.http         | Retrying with www-prefix: https://www.bluetech00.gobizkorea.com/sitemap.xml
2025-08-22 11:28:04,341 | WARNING | scraper.http         | www-prefix retry failed for https://www.bluetech00.gobizkorea.com/sitemap.xml: HTTPSConnectionPool(host='www.bluetech00.gobizkorea.com', port=443): Max retries exceeded with url: /sitemap.xml (Caused by NameResolutionError("<urllib3.connection.HTTPSConnection object at 0x000001EC9FB2B250>: Failed to resolve 'www.bluetech00.gobizkorea.com' ([Errno 11001] getaddrinfo failed)"))
2025-08-22 11:28:04,341 | INFO    | scraper.http         | Retrying with HTTP: http://bluetech00.gobizkorea.com/sitemap.xml
2025-08-22 11:29:08,512 | WARNING | scraper.http         | HTTP fallback failed for http://bluetech00.gobizkorea.com/sitemap.xml: HTTPConnectionPool(host='bluetech00.gobizkorea.com', port=80): Max retries exceeded with url: /sitemap.xml (Caused by ConnectTimeoutError(<urllib3.connection.HTTPConnection object at 0x000001ECA147A9C0>, 'Connection to bluetech00.gobizkorea.com timed out. (connect timeout=60)'))
2025-08-22 11:30:12,655 | INFO    | scraper.http         | Retrying with www-prefix: https://www.bluetech00.gobizkorea.com/sitemap_index.xml
2025-08-22 11:30:13,664 | WARNING | scraper.http         | www-prefix retry failed for https://www.bluetech00.gobizkorea.com/sitemap_index.xml: HTTPSConnectionPool(host='www.bluetech00.gobizkorea.com', port=443): Max retries exceeded with url: /sitemap_index.xml (Caused by NameResolutionError("<urllib3.connection.HTTPSConnection object at 0x000001ECA137B250>: Failed to resolve 'www.bluetech00.gobizkorea.com' ([Errno 11001] getaddrinfo failed)"))
2025-08-22 11:30:13,664 | INFO    | scraper.http         | Retrying with HTTP: http://bluetech00.gobizkorea.com/sitemap_index.xml
2025-08-22 11:31:17,846 | WARNING | scraper.http         | HTTP fallback failed for http://bluetech00.gobizkorea.com/sitemap_index.xml: HTTPConnectionPool(host='bluetech00.gobizkorea.com', port=80): Max retries exceeded with url: /sitemap_index.xml (Caused by ConnectTimeoutError(<urllib3.connection.HTTPConnection object at 0x000001ECA147AE00>, 'Connection to bluetech00.gobizkorea.com timed out. (connect timeout=60)'))
2025-08-22 11:32:23,048 | INFO    | scraper.http         | Retrying with www-prefix: https://www.bluetech00.gobizkorea.com/sitemap_index.xml
2025-08-22 11:32:24,059 | WARNING | scraper.http         | www-prefix retry failed for https://www.bluetech00.gobizkorea.com/sitemap_index.xml: HTTPSConnectionPool(host='www.bluetech00.gobizkorea.com', port=443): Max retries exceeded with url: /sitemap_index.xml (Caused by NameResolutionError("<urllib3.connection.HTTPSConnection object at 0x000001ECA13782D0>: Failed to resolve 'www.bluetech00.gobizkorea.com' ([Errno 11001] getaddrinfo failed)"))
2025-08-22 11:32:24,059 | INFO    | scraper.http         | Retrying with HTTP: http://bluetech00.gobizkorea.com/sitemap_index.xml
2025-08-22 11:33:28,214 | WARNING | scraper.http         | HTTP fallback failed for http://bluetech00.gobizkorea.com/sitemap_index.xml: HTTPConnectionPool(host='bluetech00.gobizkorea.com', port=80): Max retries exceeded with url: /sitemap_index.xml (Caused by ConnectTimeoutError(<urllib3.connection.HTTPConnection object at 0x000001ECA147BF00>, 'Connection to bluetech00.gobizkorea.com timed out. (connect timeout=60)'))
