2025-08-22 10:56:07,549 | INFO    | scraper.cli          | Email scraper starting
2025-08-22 10:56:07,550 | INFO    | scraper.cli          | Input file: test_input.xlsx
2025-08-22 10:56:07,550 | INFO    | scraper.cli          | Output file: results.xlsx
2025-08-22 10:56:07,550 | INFO    | scraper.cli          | Workers: 16
2025-08-22 10:56:07,550 | INFO    | scraper.cli          | Domain threshold: 65
2025-08-22 10:56:07,551 | INFO    | scraper.cli          | Max pages: 30
2025-08-22 10:56:07,551 | INFO    | scraper.cli          | Process PDFs: False
2025-08-22 10:56:07,551 | INFO    | scraper.cli          | Save domain only: False
2025-08-22 10:56:07,720 | INFO    | scraper.cli          | Loaded 9 companies from test_input.xlsx
2025-08-22 10:56:07,721 | INFO    | scraper.orchestrator | ▶ Processing company: walter schmidt chemie gmbh
2025-08-22 10:56:07,721 | INFO    | scraper.orchestrator | ▶ Processing company: henan xinlianxin fertilizer 
2025-08-22 10:56:07,724 | INFO    | scraper.orchestrator | ▶ Processing company: mitsui toatsu chemicals 
2025-08-22 10:56:07,725 | INFO    | scraper.orchestrator | ▶ Processing company: bluetec haman
2025-08-22 10:56:07,725 | INFO    | scraper.orchestrator | ▶ Processing company: daf trucks
2025-08-22 10:56:07,725 | INFO    | scraper.orchestrator | ▶ Processing company: petrol rete 
2025-08-22 10:56:07,726 | INFO    | scraper.orchestrator | ▶ Processing company: euro dam jas doo
2025-08-22 10:56:07,727 | INFO    | scraper.orchestrator | ▶ Processing company: Synsol
2025-08-22 10:56:07,731 | INFO    | scraper.orchestrator | ▶ Processing company: speedy fuels
2025-08-22 10:56:08,393 | INFO    | scraper.orchestrator | ✓ Found domain: walter-schmidt-chemie.de (score: 89)
2025-08-22 10:56:08,707 | ERROR   | scraper.google_search | Unexpected error in Google search: [SSL: WRONG_VERSION_NUMBER] wrong version number (_ssl.c:2648)
2025-08-22 10:56:08,707 | ERROR   | scraper.google_search | Unexpected error in Google search: [SSL: WRONG_VERSION_NUMBER] wrong version number (_ssl.c:2648)
2025-08-22 10:56:08,708 | ERROR   | scraper.google_search | Unexpected error in Google search: [SSL: WRONG_VERSION_NUMBER] wrong version number (_ssl.c:2648)
2025-08-22 10:56:08,708 | ERROR   | scraper.google_search | Unexpected error in Google search: [SSL: WRONG_VERSION_NUMBER] wrong version number (_ssl.c:2648)
2025-08-22 10:56:08,708 | ERROR   | scraper.google_search | Search failed with fallback: [SSL: WRONG_VERSION_NUMBER] wrong version number (_ssl.c:2648)
2025-08-22 10:56:08,708 | ERROR   | scraper.google_search | Unexpected error in Google search: [SSL: ENCRYPTED_LENGTH_TOO_LONG] encrypted length too long (_ssl.c:2648)
2025-08-22 10:56:08,709 | ERROR   | scraper.google_search | Search failed with fallback: [SSL: WRONG_VERSION_NUMBER] wrong version number (_ssl.c:2648)
2025-08-22 10:56:08,709 | ERROR   | scraper.google_search | Search failed with fallback: [SSL: WRONG_VERSION_NUMBER] wrong version number (_ssl.c:2648)
2025-08-22 10:56:08,709 | ERROR   | scraper.google_search | Search failed with fallback: [SSL: WRONG_VERSION_NUMBER] wrong version number (_ssl.c:2648)
2025-08-22 10:56:08,710 | WARNING | scraper.orchestrator | No Google search results for: speedy fuels
2025-08-22 10:56:08,710 | ERROR   | scraper.google_search | Search failed with fallback: [SSL: ENCRYPTED_LENGTH_TOO_LONG] encrypted length too long (_ssl.c:2648)
2025-08-22 10:56:08,710 | WARNING | scraper.orchestrator | No Google search results for: petrol rete 
2025-08-22 10:56:08,710 | WARNING | scraper.orchestrator | No Google search results for: bluetec haman
2025-08-22 10:56:08,710 | WARNING | scraper.orchestrator | No Google search results for: Synsol
2025-08-22 10:56:08,711 | WARNING | scraper.orchestrator | No Google search results for: daf trucks
2025-08-22 10:56:08,756 | INFO    | scraper.orchestrator | ✓ Found domain: eurodamjas.com (score: 100)
2025-08-22 10:56:09,076 | INFO    | scraper.orchestrator | ✓ Found domain: us.mitsuichemicals.com (score: 88)
2025-08-22 10:56:09,176 | INFO    | scraper.http         | HTTP GET https://eurodamjas.com → 200
2025-08-22 10:56:09,194 | INFO    | scraper.hybrid_email_extractor | Static pass found 1 emails in https://eurodamjas.com/
2025-08-22 10:56:09,560 | INFO    | scraper.http         | HTTP HEAD https://eurodamjas.com/sitemap.xml → 200
2025-08-22 10:56:09,600 | INFO    | scraper.http         | HTTP GET https://us.mitsuichemicals.com → 200
2025-08-22 10:56:09,629 | INFO    | scraper.email_extractor |   0 emails on https://us.mitsuichemicals.com/ (def from text)
2025-08-22 10:56:09,700 | INFO    | scraper.hybrid_email_extractor | JS fallback for https://us.mitsuichemicals.com/
2025-08-22 10:56:12,153 | INFO    | scraper.email_extractor |   0 emails on https://us.mitsuichemicals.com/ (def from text)
2025-08-22 10:56:12,476 | INFO    | scraper.http         | HTTP HEAD https://us.mitsuichemicals.com/sitemap.xml → 200
2025-08-22 10:56:12,725 | INFO    | scraper.http         | HTTP GET https://us.mitsuichemicals.com/sitemap.xml → 200
2025-08-22 10:56:12,726 | INFO    | scraper.sitemap      | Found sitemap via standard filenames: https://us.mitsuichemicals.com/sitemap.xml (0.50s)
2025-08-22 10:56:12,997 | INFO    | scraper.http         | HTTP GET https://us.mitsuichemicals.com/contact/index.htm → 200
2025-08-22 10:56:13,020 | INFO    | scraper.email_extractor |   0 emails on https://us.mitsuichemicals.com/contact/index.htm (def from text)
2025-08-22 10:56:13,046 | INFO    | scraper.hybrid_email_extractor | Static pass found 0 on https://us.mitsuichemicals.com/contact/index.htm
2025-08-22 10:56:13,046 | INFO    | scraper.hybrid_email_extractor | JS fallback for https://us.mitsuichemicals.com/contact/index.htm
2025-08-22 10:56:16,090 | INFO    | scraper.email_extractor |   0 emails on https://us.mitsuichemicals.com/contact/index.htm (def from text)
2025-08-22 10:56:16,488 | INFO    | scraper.http         | HTTP GET https://us.mitsuichemicals.com/siteinfo/privacy/index.htm → 200
2025-08-22 10:56:16,527 | INFO    | scraper.email_extractor |   0 emails on https://us.mitsuichemicals.com/siteinfo/privacy/index.htm (def from text)
2025-08-22 10:56:16,567 | INFO    | scraper.hybrid_email_extractor | Static pass found 0 on https://us.mitsuichemicals.com/siteinfo/privacy/index.htm
2025-08-22 10:56:16,567 | INFO    | scraper.hybrid_email_extractor | JS fallback for https://us.mitsuichemicals.com/siteinfo/privacy/index.htm
2025-08-22 10:56:19,289 | INFO    | scraper.email_extractor |   0 emails on https://us.mitsuichemicals.com/siteinfo/privacy/index.htm (def from text)
2025-08-22 10:56:19,360 | INFO    | scraper.orchestrator | Used sitemap for us.mitsuichemicals.com
2025-08-22 10:56:19,361 | INFO    | scraper.orchestrator | No emails found in sitemap, attempting fallback crawl: us.mitsuichemicals.com
2025-08-22 10:56:19,361 | INFO    | scraper.crawler      | Starting crawl of us.mitsuichemicals.com (limit: 30 pages, timeout: 60 seconds, workers: 4)
2025-08-22 10:56:19,605 | INFO    | scraper.http         | HTTP GET https://us.mitsuichemicals.com/ → 200
2025-08-22 10:56:19,649 | INFO    | scraper.email_extractor |   0 emails on https://us.mitsuichemicals.com/ (def from text)
2025-08-22 10:56:19,955 | INFO    | scraper.http         | HTTP GET https://us.mitsuichemicals.com/index.htm → 200
2025-08-22 10:56:19,991 | INFO    | scraper.email_extractor |   0 emails on https://us.mitsuichemicals.com/index.htm (def from text)
2025-08-22 10:56:20,022 | INFO    | scraper.hybrid_email_extractor | JS fallback for https://us.mitsuichemicals.com/index.htm
2025-08-22 10:56:23,296 | INFO    | scraper.email_extractor |   0 emails on https://us.mitsuichemicals.com/index.htm (def from text)
2025-08-22 10:56:23,624 | INFO    | scraper.http         | HTTP GET https://us.mitsuichemicals.com/contact/index.htm → 200
2025-08-22 10:56:23,650 | INFO    | scraper.email_extractor |   0 emails on https://us.mitsuichemicals.com/contact/index.htm (def from text)
2025-08-22 10:56:23,939 | INFO    | scraper.http         | HTTP GET https://us.mitsuichemicals.com/corporate/index.htm → 200
2025-08-22 10:56:23,965 | INFO    | scraper.email_extractor |   0 emails on https://us.mitsuichemicals.com/corporate/index.htm (def from text)
2025-08-22 10:56:23,990 | INFO    | scraper.hybrid_email_extractor | JS fallback for https://us.mitsuichemicals.com/corporate/index.htm
2025-08-22 10:56:26,637 | INFO    | scraper.email_extractor |   0 emails on https://us.mitsuichemicals.com/corporate/index.htm (def from text)
2025-08-22 10:56:26,968 | INFO    | scraper.http         | HTTP GET https://us.mitsuichemicals.com/corporate/overview/index.htm → 200
2025-08-22 10:56:26,995 | INFO    | scraper.email_extractor |   0 emails on https://us.mitsuichemicals.com/corporate/overview/index.htm (def from text)
2025-08-22 10:56:27,012 | INFO    | scraper.hybrid_email_extractor | JS fallback for https://us.mitsuichemicals.com/corporate/overview/index.htm
2025-08-22 10:56:29,091 | INFO    | scraper.email_extractor |   0 emails on https://us.mitsuichemicals.com/corporate/overview/index.htm (def from text)
2025-08-22 10:56:29,417 | INFO    | scraper.http         | HTTP GET https://us.mitsuichemicals.com/corporate/america/company_locations/index.htm → 200
2025-08-22 10:56:29,441 | INFO    | scraper.email_extractor |   0 emails on https://us.mitsuichemicals.com/corporate/america/company_locations/index.htm (def from text)
2025-08-22 10:56:29,462 | INFO    | scraper.hybrid_email_extractor | JS fallback for https://us.mitsuichemicals.com/corporate/america/company_locations/index.htm
2025-08-22 10:56:32,187 | INFO    | scraper.email_extractor |   0 emails on https://us.mitsuichemicals.com/corporate/america/company_locations/index.htm (def from text)
2025-08-22 10:56:32,538 | INFO    | scraper.http         | HTTP GET https://us.mitsuichemicals.com/corporate/legacy/index.htm → 200
2025-08-22 10:56:32,563 | INFO    | scraper.email_extractor |   0 emails on https://us.mitsuichemicals.com/corporate/legacy/index.htm (def from text)
2025-08-22 10:56:32,580 | INFO    | scraper.hybrid_email_extractor | JS fallback for https://us.mitsuichemicals.com/corporate/legacy/index.htm
2025-08-22 10:56:35,354 | INFO    | scraper.email_extractor |   0 emails on https://us.mitsuichemicals.com/corporate/legacy/index.htm (def from text)
2025-08-22 10:56:36,251 | INFO    | scraper.http         | HTTP GET https://us.mitsuichemicals.com/mca/index.htm → 200
2025-08-22 10:56:36,273 | INFO    | scraper.email_extractor |   0 emails on https://us.mitsuichemicals.com/mca/2024/index.htm (def from text)
2025-08-22 10:56:36,289 | INFO    | scraper.hybrid_email_extractor | JS fallback for https://us.mitsuichemicals.com/mca/2024/index.htm
2025-08-22 10:56:38,390 | INFO    | scraper.email_extractor |   0 emails on https://us.mitsuichemicals.com/mca/2024/index.htm (def from text)
2025-08-22 10:56:39,236 | INFO    | scraper.http         | HTTP GET https://us.mitsuichemicals.com/mci/mci-news/index.htm → 200
2025-08-22 10:56:39,304 | INFO    | scraper.email_extractor |   0 emails on https://us.mitsuichemicals.com/mci/mci-news/2025/index.htm (def from text)
2025-08-22 10:56:39,350 | INFO    | scraper.hybrid_email_extractor | JS fallback for https://us.mitsuichemicals.com/mci/mci-news/2025/index.htm
2025-08-22 10:56:41,935 | INFO    | scraper.email_extractor |   0 emails on https://us.mitsuichemicals.com/mci/mci-news/2025/index.htm (def from text)
2025-08-22 10:56:42,312 | INFO    | scraper.http         | HTTP GET https://us.mitsuichemicals.com/service/index.htm → 200
2025-08-22 10:56:42,359 | INFO    | scraper.email_extractor |   0 emails on https://us.mitsuichemicals.com/service/index.htm (def from text)
2025-08-22 10:56:42,404 | INFO    | scraper.hybrid_email_extractor | JS fallback for https://us.mitsuichemicals.com/service/index.htm
2025-08-22 10:56:45,258 | INFO    | scraper.email_extractor |   0 emails on https://us.mitsuichemicals.com/service/index.htm (def from text)
2025-08-22 10:56:46,000 | INFO    | scraper.http         | HTTP GET https://us.mitsuichemicals.com/service/life_healthcare/index.htm → 200
2025-08-22 10:56:46,034 | INFO    | scraper.email_extractor |   0 emails on https://us.mitsuichemicals.com/service/life_healthcare/index.htm (def from text)
2025-08-22 10:56:46,065 | INFO    | scraper.hybrid_email_extractor | JS fallback for https://us.mitsuichemicals.com/service/life_healthcare/index.htm
2025-08-22 10:56:48,836 | INFO    | scraper.email_extractor |   0 emails on https://us.mitsuichemicals.com/service/life_healthcare/index.htm (def from text)
2025-08-22 10:56:49,169 | INFO    | scraper.http         | HTTP GET https://us.mitsuichemicals.com/service/mobility/index.htm → 200
2025-08-22 10:56:49,203 | INFO    | scraper.email_extractor |   0 emails on https://us.mitsuichemicals.com/service/mobility/index.htm (def from text)
2025-08-22 10:56:49,237 | INFO    | scraper.hybrid_email_extractor | JS fallback for https://us.mitsuichemicals.com/service/mobility/index.htm
2025-08-22 10:56:51,099 | INFO    | scraper.http         | HTTP GET https://walter-schmidt-chemie.de → 200
2025-08-22 10:56:51,111 | INFO    | scraper.email_extractor |   0 emails on https://www.walter-schmidt-chemie.de/ (def from text)
2025-08-22 10:56:51,125 | INFO    | scraper.hybrid_email_extractor | JS fallback for https://www.walter-schmidt-chemie.de/
2025-08-22 10:56:51,764 | INFO    | scraper.email_extractor |   0 emails on https://us.mitsuichemicals.com/service/mobility/index.htm (def from text)
2025-08-22 10:56:52,480 | INFO    | scraper.http         | HTTP GET https://us.mitsuichemicals.com/service/ict/index.htm → 200
2025-08-22 10:56:52,520 | INFO    | scraper.email_extractor |   0 emails on https://us.mitsuichemicals.com/service/ict/index.htm (def from text)
2025-08-22 10:56:52,558 | INFO    | scraper.hybrid_email_extractor | JS fallback for https://us.mitsuichemicals.com/service/ict/index.htm
2025-08-22 10:56:53,500 | INFO    | scraper.email_extractor |   0 emails on https://www.walter-schmidt-chemie.de/ (def from text)
2025-08-22 10:56:55,666 | INFO    | scraper.email_extractor |   0 emails on https://us.mitsuichemicals.com/service/ict/index.htm (def from text)
2025-08-22 10:56:56,357 | INFO    | scraper.http         | HTTP GET https://us.mitsuichemicals.com/service/basic/index.htm → 200
2025-08-22 10:56:56,377 | INFO    | scraper.email_extractor |   0 emails on https://us.mitsuichemicals.com/service/basic/index.htm (def from text)
2025-08-22 10:56:56,397 | INFO    | scraper.hybrid_email_extractor | JS fallback for https://us.mitsuichemicals.com/service/basic/index.htm
2025-08-22 10:56:58,614 | INFO    | scraper.email_extractor |   0 emails on https://us.mitsuichemicals.com/service/basic/index.htm (def from text)
2025-08-22 10:56:58,922 | INFO    | scraper.http         | HTTP GET https://us.mitsuichemicals.com/service/new_business/index.htm → 200
2025-08-22 10:56:59,051 | INFO    | scraper.email_extractor |   0 emails on https://us.mitsuichemicals.com/service/new_business/index.htm (def from text)
2025-08-22 10:56:59,076 | INFO    | scraper.hybrid_email_extractor | JS fallback for https://us.mitsuichemicals.com/service/new_business/index.htm
2025-08-22 10:57:01,346 | INFO    | scraper.email_extractor |   0 emails on https://us.mitsuichemicals.com/service/new_business/index.htm (def from text)
2025-08-22 10:57:03,670 | INFO    | scraper.http         | HTTP GET https://us.mitsuichemicals.com/service/search/index.htm → 200
2025-08-22 10:57:03,764 | INFO    | scraper.email_extractor |   0 emails on https://us.mitsuichemicals.com/service/search/index.htm (def from text)
2025-08-22 10:57:03,838 | INFO    | scraper.hybrid_email_extractor | JS fallback for https://us.mitsuichemicals.com/service/search/index.htm
2025-08-22 10:57:06,324 | INFO    | scraper.email_extractor |   0 emails on https://us.mitsuichemicals.com/service/search/index.htm (def from text)
2025-08-22 10:57:07,069 | INFO    | scraper.http         | HTTP GET https://us.mitsuichemicals.com/service/application/index.htm → 200
2025-08-22 10:57:07,092 | INFO    | scraper.email_extractor |   0 emails on https://us.mitsuichemicals.com/service/application/index.htm (def from text)
2025-08-22 10:57:07,110 | INFO    | scraper.hybrid_email_extractor | JS fallback for https://us.mitsuichemicals.com/service/application/index.htm
2025-08-22 10:57:08,591 | WARNING | scraper.google_search | Google search timed out on 'henan xinlianxin fertilizer ' (attempt 1/5), retrying in 1s
2025-08-22 10:57:09,425 | INFO    | scraper.email_extractor |   0 emails on https://us.mitsuichemicals.com/service/application/index.htm (def from text)
2025-08-22 10:57:10,081 | INFO    | scraper.http         | HTTP GET https://eurodamjas.com/sitemap.xml → 200
2025-08-22 10:57:10,081 | INFO    | scraper.sitemap      | Found sitemap via standard filenames: https://eurodamjas.com/sitemap.xml (60.89s)
2025-08-22 10:57:10,183 | INFO    | scraper.http         | HTTP GET https://us.mitsuichemicals.com/service/exhibition/index.htm → 200
2025-08-22 10:57:10,200 | INFO    | scraper.email_extractor |   0 emails on https://us.mitsuichemicals.com/service/exhibition/index.htm (def from text)
2025-08-22 10:57:10,200 | INFO    | scraper.orchestrator | ✓ Found domain: worldfertilizer.com (score: 80)
2025-08-22 10:57:10,220 | INFO    | scraper.hybrid_email_extractor | JS fallback for https://us.mitsuichemicals.com/service/exhibition/index.htm
2025-08-22 10:57:10,251 | INFO    | scraper.http         | HTTP GET https://eurodamjas.com/wp-sitemap-posts-post-1.xml → 200
2025-08-22 10:57:10,417 | INFO    | scraper.http         | HTTP GET https://worldfertilizer.com → 404
2025-08-22 10:57:10,417 | INFO    | scraper.http         | Retrying with www-prefix: https://www.worldfertilizer.com
2025-08-22 10:57:10,448 | INFO    | scraper.http         | HTTP GET https://eurodamjas.com/wp-sitemap-posts-cspt-service-1.xml → 200
2025-08-22 10:57:10,507 | INFO    | scraper.http         | HTTP GET https://eurodamjas.com/wp-sitemap-posts-cspt-portfolio-1.xml → 200
2025-08-22 10:57:10,519 | INFO    | scraper.http         | HTTP GET https://eurodamjas.com/wp-sitemap-posts-cspt-team-member-1.xml → 200
2025-08-22 10:57:10,531 | INFO    | scraper.http         | HTTP GET https://eurodamjas.com/wp-sitemap-posts-page-1.xml → 200
2025-08-22 10:57:10,696 | INFO    | scraper.http         | HTTP GET https://eurodamjas.com/wp-sitemap-posts-cspt-testimonial-1.xml → 200
2025-08-22 10:57:10,738 | INFO    | scraper.http         | HTTP GET https://eurodamjas.com/wp-sitemap-taxonomies-category-1.xml → 200
2025-08-22 10:57:10,772 | INFO    | scraper.http         | HTTP GET https://eurodamjas.com/wp-sitemap-users-1.xml → 200
2025-08-22 10:57:10,778 | INFO    | scraper.http         | HTTP GET https://eurodamjas.com/wp-sitemap-taxonomies-cspt-portfolio-category-1.xml → 200
2025-08-22 10:57:11,189 | INFO    | scraper.email_extractor |   1 emails on https://www.worldfertilizer.com/ (def from text)
2025-08-22 10:57:11,189 | INFO    | scraper.hybrid_email_extractor | Static pass found 1 emails in https://www.worldfertilizer.com/
2025-08-22 10:57:11,194 | INFO    | scraper.http         | HTTP GET https://eurodamjas.com/about-us-01/ → 200
2025-08-22 10:57:11,217 | INFO    | scraper.hybrid_email_extractor | Static pass found 1 on https://eurodamjas.com/about-us-01/
2025-08-22 10:57:11,290 | INFO    | scraper.http         | HTTP HEAD https://www.worldfertilizer.com/sitemap.xml → 200
2025-08-22 10:57:11,365 | INFO    | scraper.http         | HTTP GET https://www.worldfertilizer.com/sitemap.xml → 200
2025-08-22 10:57:11,365 | INFO    | scraper.sitemap      | Found sitemap via standard filenames: https://www.worldfertilizer.com/sitemap.xml (0.18s)
2025-08-22 10:57:11,581 | INFO    | scraper.http         | HTTP GET https://eurodamjas.com/about-us-02/ → 200
2025-08-22 10:57:11,598 | INFO    | scraper.hybrid_email_extractor | Static pass found 1 on https://eurodamjas.com/about-us-02/
2025-08-22 10:57:11,940 | INFO    | scraper.http         | HTTP GET https://eurodamjas.com/kontakt/ → 200
2025-08-22 10:57:11,956 | INFO    | scraper.hybrid_email_extractor | Static pass found 1 on https://eurodamjas.com/kontakt/
2025-08-22 10:57:11,956 | INFO    | scraper.http         | HTTP GET https://www.worldfertilizer.com/project-news/08082022/maire-tecnimont-selected-as-urea-licensor-for-project-in-sub-saharan-africa/ → 200
2025-08-22 10:57:11,974 | INFO    | scraper.email_extractor |   1 emails on https://www.worldfertilizer.com/project-news/08082022/maire-tecnimont-selected-as-urea-licensor-for-project-in-sub-saharan-africa/ (def from text)
2025-08-22 10:57:11,975 | INFO    | scraper.hybrid_email_extractor | Static pass found 1 on https://www.worldfertilizer.com/project-news/08082022/maire-tecnimont-selected-as-urea-licensor-for-project-in-sub-saharan-africa/
2025-08-22 10:57:12,428 | INFO    | scraper.email_extractor |   0 emails on https://us.mitsuichemicals.com/service/exhibition/index.htm (def from text)
2025-08-22 10:57:12,429 | INFO    | scraper.http         | HTTP GET https://www.worldfertilizer.com/project-news/11112021/stamicarbon-delivers-high-pressure-stripper-and-pool-reactor-for-urea-plant-in-russia/ → 200
2025-08-22 10:57:12,429 | INFO    | scraper.http         | HTTP GET https://eurodamjas.com/usluge/adblue/ → 200
2025-08-22 10:57:12,473 | INFO    | scraper.email_extractor |   1 emails on https://www.worldfertilizer.com/project-news/11112021/stamicarbon-delivers-high-pressure-stripper-and-pool-reactor-for-urea-plant-in-russia/ (def from text)
2025-08-22 10:57:12,512 | INFO    | scraper.hybrid_email_extractor | Static pass found 1 on https://eurodamjas.com/usluge/adblue/
2025-08-22 10:57:12,512 | INFO    | scraper.hybrid_email_extractor | Static pass found 1 on https://www.worldfertilizer.com/project-news/11112021/stamicarbon-delivers-high-pressure-stripper-and-pool-reactor-for-urea-plant-in-russia/
2025-08-22 10:57:12,512 | INFO    | scraper.orchestrator | Used sitemap for eurodamjas.com
2025-08-22 10:57:12,514 | INFO    | scraper.orchestrator | ✓ Found 1 emails for euro dam jas doo
2025-08-22 10:57:12,790 | INFO    | scraper.http         | HTTP GET https://us.mitsuichemicals.com/career/index.htm → 200
2025-08-22 10:57:12,970 | INFO    | scraper.email_extractor |   0 emails on https://us.mitsuichemicals.com/career/index.htm (def from text)
2025-08-22 10:57:12,990 | INFO    | scraper.hybrid_email_extractor | JS fallback for https://us.mitsuichemicals.com/career/index.htm
2025-08-22 10:57:12,992 | INFO    | scraper.http         | HTTP GET https://www.worldfertilizer.com/project-news/10052023/construction-of-perdaman-chemicals-fertilisers-urea-plant-begins/ → 200
2025-08-22 10:57:13,008 | INFO    | scraper.email_extractor |   1 emails on https://www.worldfertilizer.com/project-news/10052023/construction-of-perdaman-chemicals-fertilisers-urea-plant-begins/ (def from text)
2025-08-22 10:57:13,009 | INFO    | scraper.hybrid_email_extractor | Static pass found 1 on https://www.worldfertilizer.com/project-news/10052023/construction-of-perdaman-chemicals-fertilisers-urea-plant-begins/
2025-08-22 10:57:13,083 | INFO    | scraper.http         | HTTP GET https://www.worldfertilizer.com/privacy/ → 200
2025-08-22 10:57:13,099 | INFO    | scraper.email_extractor |   2 emails on https://www.worldfertilizer.com/privacy/ (def from text)
2025-08-22 10:57:13,100 | INFO    | scraper.hybrid_email_extractor | Static pass found 2 on https://www.worldfertilizer.com/privacy/
2025-08-22 10:57:13,683 | INFO    | scraper.http         | HTTP GET https://www.worldfertilizer.com/project-news/28042022/stamicarbon-is-selected-as-urea-licensor-for-neurizers-project-in-australia/ → 200
2025-08-22 10:57:13,701 | INFO    | scraper.email_extractor |   1 emails on https://www.worldfertilizer.com/project-news/28042022/stamicarbon-is-selected-as-urea-licensor-for-neurizers-project-in-australia/ (def from text)
2025-08-22 10:57:13,701 | INFO    | scraper.hybrid_email_extractor | Static pass found 1 on https://www.worldfertilizer.com/project-news/28042022/stamicarbon-is-selected-as-urea-licensor-for-neurizers-project-in-australia/
2025-08-22 10:57:13,837 | INFO    | scraper.http         | HTTP GET https://www.worldfertilizer.com/tag/urea-news/ → 200
2025-08-22 10:57:13,867 | INFO    | scraper.email_extractor |   1 emails on https://www.worldfertilizer.com/tag/urea-news/ (def from text)
2025-08-22 10:57:13,867 | INFO    | scraper.hybrid_email_extractor | Static pass found 1 on https://www.worldfertilizer.com/tag/urea-news/
2025-08-22 10:57:14,270 | INFO    | scraper.http         | HTTP GET https://www.worldfertilizer.com/project-news/02032023/new-survey-suggests-strong-european-consumer-demand-for-sustainable-food/ → 200
2025-08-22 10:57:14,287 | INFO    | scraper.email_extractor |   1 emails on https://www.worldfertilizer.com/project-news/02032023/new-survey-suggests-strong-european-consumer-demand-for-sustainable-food/ (def from text)
2025-08-22 10:57:14,287 | INFO    | scraper.hybrid_email_extractor | Static pass found 1 on https://www.worldfertilizer.com/project-news/02032023/new-survey-suggests-strong-european-consumer-demand-for-sustainable-food/
2025-08-22 10:57:14,703 | INFO    | scraper.http         | HTTP GET https://www.worldfertilizer.com/nitrogen/11112022/yara-calls-for-action-to-secure-continued-supply-of-nitrogen-essentials-such-as-adblue/ → 200
2025-08-22 10:57:14,726 | INFO    | scraper.email_extractor |   1 emails on https://www.worldfertilizer.com/nitrogen/11112022/yara-calls-for-action-to-secure-continued-supply-of-nitrogen-essentials-such-as-adblue/ (def from text)
2025-08-22 10:57:14,727 | INFO    | scraper.hybrid_email_extractor | Static pass found 1 on https://www.worldfertilizer.com/nitrogen/11112022/yara-calls-for-action-to-secure-continued-supply-of-nitrogen-essentials-such-as-adblue/
2025-08-22 10:57:15,180 | INFO    | scraper.email_extractor |   0 emails on https://us.mitsuichemicals.com/career/index.htm (def from text)
2025-08-22 10:57:15,258 | INFO    | scraper.http         | HTTP GET https://www.worldfertilizer.com/nitrogen/15122021/most-of-yaras-european-ammonia-production-back-on-stream/ → 200
2025-08-22 10:57:15,299 | INFO    | scraper.email_extractor |   1 emails on https://www.worldfertilizer.com/nitrogen/15122021/most-of-yaras-european-ammonia-production-back-on-stream/ (def from text)
2025-08-22 10:57:15,299 | INFO    | scraper.hybrid_email_extractor | Static pass found 1 on https://www.worldfertilizer.com/nitrogen/15122021/most-of-yaras-european-ammonia-production-back-on-stream/
2025-08-22 10:57:15,798 | INFO    | scraper.http         | HTTP GET https://www.worldfertilizer.com/nitrogen/01092023/ypfb-to-deliver-2500-t-of-granulated-urea-to-cochabamba-granulated-fertilizers-plant/ → 200
2025-08-22 10:57:15,813 | INFO    | scraper.email_extractor |   1 emails on https://www.worldfertilizer.com/nitrogen/01092023/ypfb-to-deliver-2500-t-of-granulated-urea-to-cochabamba-granulated-fertilizers-plant/ (def from text)
2025-08-22 10:57:15,814 | INFO    | scraper.hybrid_email_extractor | Static pass found 1 on https://www.worldfertilizer.com/nitrogen/01092023/ypfb-to-deliver-2500-t-of-granulated-urea-to-cochabamba-granulated-fertilizers-plant/
2025-08-22 10:57:15,939 | INFO    | scraper.http         | HTTP GET https://us.mitsuichemicals.com/career/chooseus/index.htm → 200
2025-08-22 10:57:15,963 | INFO    | scraper.email_extractor |   0 emails on https://us.mitsuichemicals.com/career/chooseus/index.htm (def from text)
2025-08-22 10:57:15,980 | INFO    | scraper.hybrid_email_extractor | JS fallback for https://us.mitsuichemicals.com/career/chooseus/index.htm
2025-08-22 10:57:16,120 | INFO    | scraper.http         | HTTP GET https://www.worldfertilizer.com/project-news/02032023/kimre-celebrates-engineering-and-technical-sales-personnel/ → 200
2025-08-22 10:57:16,138 | INFO    | scraper.email_extractor |   1 emails on https://www.worldfertilizer.com/project-news/02032023/kimre-celebrates-engineering-and-technical-sales-personnel/ (def from text)
2025-08-22 10:57:16,138 | INFO    | scraper.hybrid_email_extractor | Static pass found 1 on https://www.worldfertilizer.com/project-news/02032023/kimre-celebrates-engineering-and-technical-sales-personnel/
2025-08-22 10:57:16,445 | INFO    | scraper.http         | HTTP GET https://www.worldfertilizer.com/project-news/01122021/stamicarbon-provides-carbamate-condenser-for-ammonia-stripping-urea-plant/ → 200
2025-08-22 10:57:16,462 | INFO    | scraper.email_extractor |   1 emails on https://www.worldfertilizer.com/project-news/01122021/stamicarbon-provides-carbamate-condenser-for-ammonia-stripping-urea-plant/ (def from text)
2025-08-22 10:57:16,463 | INFO    | scraper.hybrid_email_extractor | Static pass found 1 on https://www.worldfertilizer.com/project-news/01122021/stamicarbon-provides-carbamate-condenser-for-ammonia-stripping-urea-plant/
2025-08-22 10:57:17,067 | INFO    | scraper.http         | HTTP GET https://www.worldfertilizer.com/materials-handling/02082022/shiploader-for-fertilizer-and-granulated-urea-supplied-to-fertil-ruwais-terminal/ → 200
2025-08-22 10:57:17,084 | INFO    | scraper.email_extractor |   1 emails on https://www.worldfertilizer.com/materials-handling/02082022/shiploader-for-fertilizer-and-granulated-urea-supplied-to-fertil-ruwais-terminal/ (def from text)
2025-08-22 10:57:17,084 | INFO    | scraper.hybrid_email_extractor | Static pass found 1 on https://www.worldfertilizer.com/materials-handling/02082022/shiploader-for-fertilizer-and-granulated-urea-supplied-to-fertil-ruwais-terminal/
2025-08-22 10:57:17,414 | INFO    | scraper.http         | HTTP GET https://www.worldfertilizer.com/potash/25082022/verde-announces-strategic-sales-partnership-with-lavoro/ → 200
2025-08-22 10:57:17,439 | INFO    | scraper.email_extractor |   1 emails on https://www.worldfertilizer.com/potash/25082022/verde-announces-strategic-sales-partnership-with-lavoro/ (def from text)
2025-08-22 10:57:17,440 | INFO    | scraper.hybrid_email_extractor | Static pass found 1 on https://www.worldfertilizer.com/potash/25082022/verde-announces-strategic-sales-partnership-with-lavoro/
2025-08-22 10:57:17,782 | INFO    | scraper.email_extractor |   0 emails on https://us.mitsuichemicals.com/career/chooseus/index.htm (def from text)
2025-08-22 10:57:17,843 | INFO    | scraper.http         | HTTP GET https://www.worldfertilizer.com/project-news/06062022/kima-approves-amicable-settlement-with-technemont-regarding-ammonia-and-urea-project/ → 200
2025-08-22 10:57:17,858 | INFO    | scraper.email_extractor |   1 emails on https://www.worldfertilizer.com/project-news/06062022/kima-approves-amicable-settlement-with-technemont-regarding-ammonia-and-urea-project/ (def from text)
2025-08-22 10:57:17,859 | INFO    | scraper.hybrid_email_extractor | Static pass found 1 on https://www.worldfertilizer.com/project-news/06062022/kima-approves-amicable-settlement-with-technemont-regarding-ammonia-and-urea-project/
2025-08-22 10:57:18,097 | INFO    | scraper.http         | HTTP GET https://us.mitsuichemicals.com/career/offer/index.htm → 200
2025-08-22 10:57:18,126 | INFO    | scraper.email_extractor |   0 emails on https://us.mitsuichemicals.com/career/offer/index.htm (def from text)
2025-08-22 10:57:18,147 | INFO    | scraper.hybrid_email_extractor | JS fallback for https://us.mitsuichemicals.com/career/offer/index.htm
2025-08-22 10:57:18,192 | INFO    | scraper.http         | HTTP GET https://www.worldfertilizer.com/nitrogen/26062023/neurizer-announces-significant-milestone-in-the-approval-process-for-new-urea-project/ → 200
2025-08-22 10:57:18,216 | INFO    | scraper.email_extractor |   1 emails on https://www.worldfertilizer.com/nitrogen/26062023/neurizer-announces-significant-milestone-in-the-approval-process-for-new-urea-project/ (def from text)
2025-08-22 10:57:18,216 | INFO    | scraper.hybrid_email_extractor | Static pass found 1 on https://www.worldfertilizer.com/nitrogen/26062023/neurizer-announces-significant-milestone-in-the-approval-process-for-new-urea-project/
2025-08-22 10:57:18,276 | INFO    | scraper.http         | HTTP GET https://www.worldfertilizer.com/contact/ → 200
2025-08-22 10:57:18,289 | INFO    | scraper.email_extractor |   1 emails on https://www.worldfertilizer.com/contact/ (def from text)
2025-08-22 10:57:18,289 | INFO    | scraper.hybrid_email_extractor | Static pass found 1 on https://www.worldfertilizer.com/contact/
2025-08-22 10:57:18,652 | INFO    | scraper.http         | HTTP GET https://www.worldfertilizer.com/special-reports/20072023/the-grupa-azoty-group-successfully-passes-fertilizers-europe-audit-for-fertilizer-products/ → 200
2025-08-22 10:57:18,670 | INFO    | scraper.email_extractor |   1 emails on https://www.worldfertilizer.com/special-reports/20072023/the-grupa-azoty-group-successfully-passes-fertilizers-europe-audit-for-fertilizer-products/ (def from text)
2025-08-22 10:57:18,670 | INFO    | scraper.hybrid_email_extractor | Static pass found 1 on https://www.worldfertilizer.com/special-reports/20072023/the-grupa-azoty-group-successfully-passes-fertilizers-europe-audit-for-fertilizer-products/
2025-08-22 10:57:19,108 | INFO    | scraper.http         | HTTP GET https://www.worldfertilizer.com/project-news/04022022/perdaman-urea-project-receives-government-financing/ → 200
2025-08-22 10:57:19,129 | INFO    | scraper.email_extractor |   1 emails on https://www.worldfertilizer.com/project-news/04022022/perdaman-urea-project-receives-government-financing/ (def from text)
2025-08-22 10:57:19,129 | INFO    | scraper.hybrid_email_extractor | Static pass found 1 on https://www.worldfertilizer.com/project-news/04022022/perdaman-urea-project-receives-government-financing/
2025-08-22 10:57:19,528 | INFO    | scraper.http         | HTTP GET https://www.worldfertilizer.com/project-news/02022022/strike-energys-urea-fertilizer-project-given-major-project-status/ → 200
2025-08-22 10:57:19,546 | INFO    | scraper.email_extractor |   1 emails on https://www.worldfertilizer.com/project-news/02022022/strike-energys-urea-fertilizer-project-given-major-project-status/ (def from text)
2025-08-22 10:57:19,547 | INFO    | scraper.hybrid_email_extractor | Static pass found 1 on https://www.worldfertilizer.com/project-news/02022022/strike-energys-urea-fertilizer-project-given-major-project-status/
2025-08-22 10:57:19,902 | INFO    | scraper.email_extractor |   0 emails on https://us.mitsuichemicals.com/career/offer/index.htm (def from text)
2025-08-22 10:57:19,916 | INFO    | scraper.http         | HTTP GET https://www.worldfertilizer.com/project-news/13012022/operator-training-simulator-to-train-operators-at-gemlik-urea-melt-and-granulation-plant/ → 200
2025-08-22 10:57:19,981 | INFO    | scraper.email_extractor |   1 emails on https://www.worldfertilizer.com/project-news/13012022/operator-training-simulator-to-train-operators-at-gemlik-urea-melt-and-granulation-plant/ (def from text)
2025-08-22 10:57:19,984 | INFO    | scraper.hybrid_email_extractor | Static pass found 1 on https://www.worldfertilizer.com/project-news/13012022/operator-training-simulator-to-train-operators-at-gemlik-urea-melt-and-granulation-plant/
2025-08-22 10:57:19,984 | INFO    | scraper.crawler      | Crawl of us.mitsuichemicals.com completed: 21 pages fetched, 130 unique URLs seen, 0 emails, 60.6 seconds
2025-08-22 10:57:19,985 | INFO    | scraper.orchestrator | ✗ No emails found for mitsui toatsu chemicals 
2025-08-22 10:57:20,455 | INFO    | scraper.http         | HTTP GET https://www.worldfertilizer.com/nitrogen/26012023/tcnicas-reunidas-selected-as-contractor-to-develop-new-ammonium-urea-nitric-acid-and-ammonium-nitrate-complex/ → 200
2025-08-22 10:57:20,478 | INFO    | scraper.email_extractor |   1 emails on https://www.worldfertilizer.com/nitrogen/26012023/tcnicas-reunidas-selected-as-contractor-to-develop-new-ammonium-urea-nitric-acid-and-ammonium-nitrate-complex/ (def from text)
2025-08-22 10:57:20,478 | INFO    | scraper.hybrid_email_extractor | Static pass found 1 on https://www.worldfertilizer.com/nitrogen/26012023/tcnicas-reunidas-selected-as-contractor-to-develop-new-ammonium-urea-nitric-acid-and-ammonium-nitrate-complex/
2025-08-22 10:57:21,306 | INFO    | scraper.http         | HTTP GET https://www.worldfertilizer.com/nitrogen/16032023/fitch-ratings-cuts-near-term-ammonia-urea-and-potash-fertiliser-price-assumptions/ → 200
2025-08-22 10:57:21,326 | INFO    | scraper.email_extractor |   1 emails on https://www.worldfertilizer.com/nitrogen/16032023/fitch-ratings-cuts-near-term-ammonia-urea-and-potash-fertiliser-price-assumptions/ (def from text)
2025-08-22 10:57:21,326 | INFO    | scraper.hybrid_email_extractor | Static pass found 1 on https://www.worldfertilizer.com/nitrogen/16032023/fitch-ratings-cuts-near-term-ammonia-urea-and-potash-fertiliser-price-assumptions/
2025-08-22 10:57:21,732 | INFO    | scraper.http         | HTTP GET https://www.worldfertilizer.com/environment/11052022/fertilizers-europe-share-a-statement-on-the-application-of-the-eu-fertilizing-product-regulation/ → 200
2025-08-22 10:57:21,750 | INFO    | scraper.email_extractor |   1 emails on https://www.worldfertilizer.com/environment/11052022/fertilizers-europe-share-a-statement-on-the-application-of-the-eu-fertilizing-product-regulation/ (def from text)
2025-08-22 10:57:21,750 | INFO    | scraper.hybrid_email_extractor | Static pass found 1 on https://www.worldfertilizer.com/environment/11052022/fertilizers-europe-share-a-statement-on-the-application-of-the-eu-fertilizing-product-regulation/
2025-08-22 10:57:23,626 | INFO    | scraper.http         | HTTP GET https://www.worldfertilizer.com/project-news/11112022/stamicarbon-selected-as-licensor-for-urea-project-in-china/ → 200
2025-08-22 10:57:23,646 | INFO    | scraper.email_extractor |   1 emails on https://www.worldfertilizer.com/project-news/11112022/stamicarbon-selected-as-licensor-for-urea-project-in-china/ (def from text)
2025-08-22 10:57:23,646 | INFO    | scraper.hybrid_email_extractor | Static pass found 1 on https://www.worldfertilizer.com/project-news/11112022/stamicarbon-selected-as-licensor-for-urea-project-in-china/
2025-08-22 10:57:24,334 | INFO    | scraper.http         | HTTP GET https://www.worldfertilizer.com/nitrogen/01022022/new-brunei-urea-melt-plant-begins-production/ → 200
2025-08-22 10:57:24,354 | INFO    | scraper.email_extractor |   1 emails on https://www.worldfertilizer.com/nitrogen/01022022/new-brunei-urea-melt-plant-begins-production/ (def from text)
2025-08-22 10:57:24,354 | INFO    | scraper.hybrid_email_extractor | Static pass found 1 on https://www.worldfertilizer.com/nitrogen/01022022/new-brunei-urea-melt-plant-begins-production/
2025-08-22 10:57:24,618 | INFO    | scraper.http         | HTTP GET https://www.worldfertilizer.com/special-reports/04072022/cru-appoints-new-regional-director-of-sales-for-mena/ → 200
2025-08-22 10:57:24,635 | INFO    | scraper.email_extractor |   1 emails on https://www.worldfertilizer.com/special-reports/04072022/cru-appoints-new-regional-director-of-sales-for-mena/ (def from text)
2025-08-22 10:57:24,635 | INFO    | scraper.hybrid_email_extractor | Static pass found 1 on https://www.worldfertilizer.com/special-reports/04072022/cru-appoints-new-regional-director-of-sales-for-mena/
2025-08-22 10:57:24,988 | INFO    | scraper.http         | HTTP GET https://www.worldfertilizer.com/phosphates/10052023/kropz-plc-provides-update-on-elandsfontein-phosphate-project-sales/ → 200
2025-08-22 10:57:25,003 | INFO    | scraper.email_extractor |   1 emails on https://www.worldfertilizer.com/phosphates/10052023/kropz-plc-provides-update-on-elandsfontein-phosphate-project-sales/ (def from text)
2025-08-22 10:57:25,003 | INFO    | scraper.hybrid_email_extractor | Static pass found 1 on https://www.worldfertilizer.com/phosphates/10052023/kropz-plc-provides-update-on-elandsfontein-phosphate-project-sales/
2025-08-22 10:57:25,381 | INFO    | scraper.http         | HTTP GET https://www.worldfertilizer.com/sulfur/10022022/itafos-resumes-sulfuric-acid-production-and-sales-at-arraias/ → 200
2025-08-22 10:57:25,401 | INFO    | scraper.email_extractor |   1 emails on https://www.worldfertilizer.com/sulfur/10022022/itafos-resumes-sulfuric-acid-production-and-sales-at-arraias/ (def from text)
2025-08-22 10:57:25,402 | INFO    | scraper.hybrid_email_extractor | Static pass found 1 on https://www.worldfertilizer.com/sulfur/10022022/itafos-resumes-sulfuric-acid-production-and-sales-at-arraias/
2025-08-22 10:57:25,740 | INFO    | scraper.http         | HTTP GET https://www.worldfertilizer.com/project-news/19012022/stamicarbon-wins-licensing-and-equipment-supply-contract-for-two-urea-plants-in-china/ → 200
2025-08-22 10:57:25,764 | INFO    | scraper.email_extractor |   1 emails on https://www.worldfertilizer.com/project-news/19012022/stamicarbon-wins-licensing-and-equipment-supply-contract-for-two-urea-plants-in-china/ (def from text)
2025-08-22 10:57:25,767 | INFO    | scraper.hybrid_email_extractor | Static pass found 1 on https://www.worldfertilizer.com/project-news/19012022/stamicarbon-wins-licensing-and-equipment-supply-contract-for-two-urea-plants-in-china/
2025-08-22 10:57:25,767 | INFO    | scraper.orchestrator | Used sitemap for worldfertilizer.com
2025-08-22 10:57:25,767 | INFO    | scraper.orchestrator | ✓ Found 2 emails for henan xinlianxin fertilizer 
2025-08-22 10:57:39,393 | INFO    | scraper.http         | HTTP HEAD https://walter-schmidt-chemie.de/sitemap.xml → 200
2025-08-22 10:58:25,164 | INFO    | scraper.http         | HTTP GET https://walter-schmidt-chemie.de/sitemap.xml → 200
2025-08-22 10:58:25,165 | INFO    | scraper.sitemap      | Found sitemap via standard filenames: https://walter-schmidt-chemie.de/sitemap.xml (91.65s)
2025-08-22 10:58:25,432 | INFO    | scraper.http         | HTTP GET https://www.walter-schmidt-chemie.de/produkte/adblue/adblue.html → 200
2025-08-22 10:58:25,443 | INFO    | scraper.email_extractor |   0 emails on https://www.walter-schmidt-chemie.de/produkte/adblue/adblue.html (def from text)
2025-08-22 10:58:25,452 | INFO    | scraper.hybrid_email_extractor | Static pass found 0 on https://www.walter-schmidt-chemie.de/produkte/adblue/adblue.html
2025-08-22 10:58:25,452 | INFO    | scraper.hybrid_email_extractor | JS fallback for https://www.walter-schmidt-chemie.de/produkte/adblue/adblue.html
2025-08-22 10:58:27,024 | INFO    | scraper.email_extractor |   0 emails on https://www.walter-schmidt-chemie.de/produkte/adblue/adblue.html (def from text)
2025-08-22 10:58:27,293 | INFO    | scraper.http         | HTTP GET https://www.walter-schmidt-chemie.de/kontakt/impressum.html → 200
2025-08-22 10:58:27,305 | INFO    | scraper.email_extractor |   1 emails on https://www.walter-schmidt-chemie.de/kontakt/impressum.html (def from text)
2025-08-22 10:58:27,306 | INFO    | scraper.hybrid_email_extractor | Static pass found 1 on https://www.walter-schmidt-chemie.de/kontakt/impressum.html
2025-08-22 10:58:28,288 | INFO    | scraper.http         | HTTP GET https://www.walter-schmidt-chemie.de/kontakt/ → 200
2025-08-22 10:58:28,299 | INFO    | scraper.email_extractor |   0 emails on https://www.walter-schmidt-chemie.de/kontakt/ (def from text)
2025-08-22 10:58:28,308 | INFO    | scraper.hybrid_email_extractor | Static pass found 0 on https://www.walter-schmidt-chemie.de/kontakt/
2025-08-22 10:58:28,308 | INFO    | scraper.hybrid_email_extractor | JS fallback for https://www.walter-schmidt-chemie.de/kontakt/
2025-08-22 10:58:30,382 | INFO    | scraper.email_extractor |   0 emails on https://www.walter-schmidt-chemie.de/kontakt/ (def from text)
2025-08-22 10:58:30,834 | INFO    | scraper.http         | HTTP GET https://www.walter-schmidt-chemie.de/kontakt/meldeplattform-hinschg/ → 200
2025-08-22 10:58:30,836 | INFO    | scraper.email_extractor |   0 emails on https://www.walter-schmidt-chemie.de/kontakt/meldeplattform-hinschg/ (def from text)
2025-08-22 10:58:30,837 | INFO    | scraper.hybrid_email_extractor | Static pass found 0 on https://www.walter-schmidt-chemie.de/kontakt/meldeplattform-hinschg/
2025-08-22 10:58:30,837 | INFO    | scraper.hybrid_email_extractor | JS fallback for https://www.walter-schmidt-chemie.de/kontakt/meldeplattform-hinschg/
2025-08-22 10:58:32,981 | INFO    | scraper.email_extractor |   0 emails on https://www.walter-schmidt-chemie.de/kontakt/meldeplattform-hinschg/ (def from text)
2025-08-22 10:58:33,212 | INFO    | scraper.http         | HTTP GET https://www.walter-schmidt-chemie.de/kontakt/kontaktformular/nachricht-erfolgreich-versandt.html → 200
2025-08-22 10:58:33,221 | INFO    | scraper.email_extractor |   0 emails on https://www.walter-schmidt-chemie.de/kontakt/kontaktformular/nachricht-erfolgreich-versandt.html (def from text)
2025-08-22 10:58:33,226 | INFO    | scraper.hybrid_email_extractor | Static pass found 0 on https://www.walter-schmidt-chemie.de/kontakt/kontaktformular/nachricht-erfolgreich-versandt.html
2025-08-22 10:58:33,227 | INFO    | scraper.hybrid_email_extractor | JS fallback for https://www.walter-schmidt-chemie.de/kontakt/kontaktformular/nachricht-erfolgreich-versandt.html
2025-08-22 10:58:34,746 | INFO    | scraper.email_extractor |   0 emails on https://www.walter-schmidt-chemie.de/kontakt/kontaktformular/nachricht-erfolgreich-versandt.html (def from text)
2025-08-22 10:58:34,989 | INFO    | scraper.http         | HTTP GET https://www.walter-schmidt-chemie.de/kontakt/kontaktformular/ → 200
2025-08-22 10:58:35,000 | INFO    | scraper.email_extractor |   0 emails on https://www.walter-schmidt-chemie.de/kontakt/kontaktformular/ (def from text)
2025-08-22 10:58:35,008 | INFO    | scraper.hybrid_email_extractor | Static pass found 0 on https://www.walter-schmidt-chemie.de/kontakt/kontaktformular/
2025-08-22 10:58:35,008 | INFO    | scraper.hybrid_email_extractor | JS fallback for https://www.walter-schmidt-chemie.de/kontakt/kontaktformular/
2025-08-22 10:58:36,563 | INFO    | scraper.email_extractor |   0 emails on https://www.walter-schmidt-chemie.de/kontakt/kontaktformular/ (def from text)
2025-08-22 10:58:37,611 | INFO    | scraper.http         | HTTP GET https://www.walter-schmidt-chemie.de/produkte/adblue/ → 200
2025-08-22 10:58:37,621 | INFO    | scraper.email_extractor |   0 emails on https://www.walter-schmidt-chemie.de/produkte/adblue/ (def from text)
2025-08-22 10:58:37,627 | INFO    | scraper.hybrid_email_extractor | Static pass found 0 on https://www.walter-schmidt-chemie.de/produkte/adblue/
2025-08-22 10:58:37,627 | INFO    | scraper.hybrid_email_extractor | JS fallback for https://www.walter-schmidt-chemie.de/produkte/adblue/
2025-08-22 10:58:39,822 | INFO    | scraper.email_extractor |   0 emails on https://www.walter-schmidt-chemie.de/produkte/adblue/ (def from text)
2025-08-22 10:58:40,290 | INFO    | scraper.http         | HTTP GET https://www.walter-schmidt-chemie.de/kontakt/kontaktformular/formhandler.html → 200
2025-08-22 10:58:40,298 | INFO    | scraper.email_extractor |   0 emails on https://www.walter-schmidt-chemie.de/kontakt/kontaktformular/formhandler.html (def from text)
2025-08-22 10:58:40,308 | INFO    | scraper.hybrid_email_extractor | Static pass found 0 on https://www.walter-schmidt-chemie.de/kontakt/kontaktformular/formhandler.html
2025-08-22 10:58:40,308 | INFO    | scraper.hybrid_email_extractor | JS fallback for https://www.walter-schmidt-chemie.de/kontakt/kontaktformular/formhandler.html
2025-08-22 10:58:42,175 | INFO    | scraper.email_extractor |   0 emails on https://www.walter-schmidt-chemie.de/kontakt/kontaktformular/formhandler.html (def from text)
2025-08-22 10:58:42,469 | INFO    | scraper.http         | HTTP GET https://www.walter-schmidt-chemie.de/kontakt/inhaltsverzeichnis.html → 200
2025-08-22 10:58:42,489 | INFO    | scraper.email_extractor |   0 emails on https://www.walter-schmidt-chemie.de/kontakt/inhaltsverzeichnis.html (def from text)
2025-08-22 10:58:42,506 | INFO    | scraper.hybrid_email_extractor | Static pass found 0 on https://www.walter-schmidt-chemie.de/kontakt/inhaltsverzeichnis.html
2025-08-22 10:58:42,506 | INFO    | scraper.hybrid_email_extractor | JS fallback for https://www.walter-schmidt-chemie.de/kontakt/inhaltsverzeichnis.html
2025-08-22 10:58:44,052 | INFO    | scraper.email_extractor |   0 emails on https://www.walter-schmidt-chemie.de/kontakt/inhaltsverzeichnis.html (def from text)
2025-08-22 10:58:44,068 | INFO    | scraper.orchestrator | Used sitemap for walter-schmidt-chemie.de
2025-08-22 10:58:44,069 | INFO    | scraper.orchestrator | ✓ Found 1 emails for walter schmidt chemie gmbh
2025-08-22 10:58:44,182 | INFO    | scraper.cli          | BrowserService: shutdown complete
2025-08-22 10:58:44,207 | INFO    | scraper.cli          | 
+--------------------------------------------------+
| RUN SUMMARY                                      |
+--------------------------------------------------+
| Leads           :   9
| Domain found    :   4
| No Google hits  :   5
| Domain unclear  :   0
| Sitemap used    :   4
| With e-mail     :   3
| Without e-mail  :   1
| Google errors   :   0
| Processing errors:   0
| Unique e-mails  :   4
| Runtime         :  156.5 s
| HTTP Requests   :  87
| HTTP errors     :   0
| No-response     :   0
+--------------------------------------------------+
2025-08-22 10:58:44,207 | INFO    | scraper.cli          | Saved 4 rows -> results.xlsx
2025-08-22 10:58:44,208 | INFO    | scraper.cli          | Verbose log -> C:\Dev\Projects\Scraping_directory\THE_Email_Scraper\scraper_20250822_105607.log
