2025-08-22 11:55:33,297 | INFO    | scraper.cli          | Email scraper starting
2025-08-22 11:55:33,299 | INFO    | scraper.cli          | Input file: test_input.xlsx
2025-08-22 11:55:33,300 | INFO    | scraper.cli          | Output file: results.xlsx
2025-08-22 11:55:33,300 | INFO    | scraper.cli          | Workers: 16
2025-08-22 11:55:33,300 | INFO    | scraper.cli          | Domain threshold: 65
2025-08-22 11:55:33,301 | INFO    | scraper.cli          | Max pages: 30
2025-08-22 11:55:33,301 | INFO    | scraper.cli          | Process PDFs: False
2025-08-22 11:55:33,302 | INFO    | scraper.cli          | Save domain only: False
2025-08-22 11:55:33,515 | INFO    | scraper.cli          | Loaded 9 companies from test_input.xlsx
2025-08-22 11:55:33,516 | INFO    | scraper.orchestrator | ▶ Processing company: walter schmidt chemie gmbh
2025-08-22 11:55:33,516 | INFO    | scraper.orchestrator | ▶ Processing company: henan xinlianxin fertilizer 
2025-08-22 11:55:33,520 | INFO    | scraper.orchestrator | ▶ Processing company: mitsui toatsu chemicals 
2025-08-22 11:55:33,520 | INFO    | scraper.orchestrator | ▶ Processing company: bluetec haman
2025-08-22 11:55:33,520 | INFO    | scraper.orchestrator | ▶ Processing company: daf trucks
2025-08-22 11:55:33,521 | INFO    | scraper.orchestrator | ▶ Processing company: petrol rete 
2025-08-22 11:55:33,521 | INFO    | scraper.orchestrator | ▶ Processing company: euro dam jas doo
2025-08-22 11:55:33,521 | INFO    | scraper.orchestrator | ▶ Processing company: Synsol
2025-08-22 11:55:33,522 | INFO    | scraper.orchestrator | ▶ Processing company: speedy fuels
2025-08-22 11:55:34,215 | INFO    | scraper.orchestrator | ✓ Found domain: walter-schmidt-chemie.de (score: 89)
2025-08-22 11:55:34,546 | INFO    | scraper.orchestrator | ✓ Found domain: speedyfuels.co.uk (score: 100)
2025-08-22 11:55:34,590 | ERROR   | scraper.google_search | Unexpected error in Google search: [SSL: ENCRYPTED_LENGTH_TOO_LONG] encrypted length too long (_ssl.c:2648)
2025-08-22 11:55:34,596 | ERROR   | scraper.google_search | Unexpected error in Google search: IncompleteRead(14 bytes read)
2025-08-22 11:55:34,596 | ERROR   | scraper.google_search | Unexpected error in Google search: [SSL: WRONG_VERSION_NUMBER] wrong version number (_ssl.c:2648)
2025-08-22 11:55:34,597 | ERROR   | scraper.google_search | Unexpected error in Google search: [SSL: WRONG_VERSION_NUMBER] wrong version number (_ssl.c:2648)
2025-08-22 11:55:34,597 | ERROR   | scraper.google_search | Search failed with fallback: [SSL: ENCRYPTED_LENGTH_TOO_LONG] encrypted length too long (_ssl.c:2648)
2025-08-22 11:55:34,597 | ERROR   | scraper.google_search | Search failed with fallback: [SSL: WRONG_VERSION_NUMBER] wrong version number (_ssl.c:2648)
2025-08-22 11:55:34,598 | ERROR   | scraper.google_search | Search failed with fallback: IncompleteRead(14 bytes read)
2025-08-22 11:55:34,598 | ERROR   | scraper.google_search | Search failed with fallback: [SSL: WRONG_VERSION_NUMBER] wrong version number (_ssl.c:2648)
2025-08-22 11:55:34,598 | WARNING | scraper.orchestrator | No Google search results for: petrol rete 
2025-08-22 11:55:34,598 | WARNING | scraper.orchestrator | No Google search results for: henan xinlianxin fertilizer 
2025-08-22 11:55:34,598 | WARNING | scraper.orchestrator | No Google search results for: bluetec haman
2025-08-22 11:55:34,598 | WARNING | scraper.orchestrator | No Google search results for: mitsui toatsu chemicals 
2025-08-22 11:55:34,879 | INFO    | scraper.orchestrator | ✓ Found domain: synsol.ch (score: 100)
2025-08-22 11:55:34,885 | INFO    | scraper.http         | HTTP GET https://speedyfuels.co.uk → 200
2025-08-22 11:55:34,983 | INFO    | scraper.email_extractor |   0 emails on https://www.speedyfuels.co.uk/ (def from text)
2025-08-22 11:55:35,061 | INFO    | scraper.hybrid_email_extractor | JS fallback for https://www.speedyfuels.co.uk/
2025-08-22 11:55:35,062 | INFO    | scraper.http         | HTTP GET https://synsol.ch → 200
2025-08-22 11:55:35,100 | INFO    | scraper.email_extractor |   1 emails on https://synsol.ch/ (def from text)
2025-08-22 11:55:35,101 | INFO    | scraper.hybrid_email_extractor | Static pass found 1 emails in https://synsol.ch/
2025-08-22 11:55:36,015 | INFO    | scraper.http         | HTTP HEAD https://www.synsol.ch/sitemap.xml → 200
2025-08-22 11:55:36,065 | INFO    | scraper.http         | HTTP GET https://www.synsol.ch/sitemap.xml → 200
2025-08-22 11:55:36,065 | INFO    | scraper.sitemap      | Found sitemap via standard filenames: https://www.synsol.ch/sitemap.xml (0.96s)
2025-08-22 11:55:36,115 | INFO    | scraper.http         | HTTP GET https://synsol.ch/wp-sitemap-posts-page-1.xml → 200
2025-08-22 11:55:36,147 | INFO    | scraper.http         | HTTP GET https://synsol.ch/wp-sitemap-users-1.xml → 200
2025-08-22 11:55:36,174 | INFO    | scraper.http         | HTTP GET https://synsol.ch/urea/ → 200
2025-08-22 11:55:36,201 | INFO    | scraper.email_extractor |   1 emails on https://synsol.ch/urea/ (def from text)
2025-08-22 11:55:36,202 | INFO    | scraper.hybrid_email_extractor | Static pass found 1 on https://synsol.ch/urea/
2025-08-22 11:55:36,225 | INFO    | scraper.http         | HTTP GET https://synsol.ch/privacy-policy-of-synsol-ag/ → 200
2025-08-22 11:55:36,239 | INFO    | scraper.email_extractor |   0 emails on https://synsol.ch/privacy-policy-of-synsol-ag/ (def from text)
2025-08-22 11:55:36,250 | INFO    | scraper.hybrid_email_extractor | Static pass found 0 on https://synsol.ch/privacy-policy-of-synsol-ag/
2025-08-22 11:55:36,250 | INFO    | scraper.hybrid_email_extractor | JS fallback for https://synsol.ch/privacy-policy-of-synsol-ag/
2025-08-22 11:55:37,330 | INFO    | scraper.email_extractor |   0 emails on https://www.speedyfuels.co.uk/ (def from text)
2025-08-22 11:55:37,791 | INFO    | scraper.http         | HTTP HEAD https://speedyfuels.co.uk/sitemap.xml → 200
2025-08-22 11:55:38,198 | INFO    | scraper.http         | HTTP GET https://speedyfuels.co.uk/sitemap.xml → 200
2025-08-22 11:55:38,199 | INFO    | scraper.sitemap      | Found sitemap via standard filenames: https://speedyfuels.co.uk/sitemap.xml (0.83s)
2025-08-22 11:55:38,242 | INFO    | scraper.http         | HTTP GET https://www.speedyfuels.co.uk/post-sitemap.xml → 200
2025-08-22 11:55:38,379 | INFO    | scraper.http         | HTTP GET https://www.speedyfuels.co.uk/page-sitemap.xml → 200
2025-08-22 11:55:38,506 | INFO    | scraper.http         | HTTP GET https://www.speedyfuels.co.uk/products/adblue/ → 200
2025-08-22 11:55:38,556 | INFO    | scraper.email_extractor |   0 emails on https://www.speedyfuels.co.uk/products/adblue/ (def from text)
2025-08-22 11:55:38,596 | INFO    | scraper.hybrid_email_extractor | Static pass found 0 on https://www.speedyfuels.co.uk/products/adblue/
2025-08-22 11:55:38,596 | INFO    | scraper.hybrid_email_extractor | JS fallback for https://www.speedyfuels.co.uk/products/adblue/
2025-08-22 11:55:38,616 | INFO    | scraper.email_extractor |   0 emails on https://synsol.ch/privacy-policy-of-synsol-ag/ (def from text)
2025-08-22 11:55:38,630 | INFO    | scraper.orchestrator | Used sitemap for synsol.ch
2025-08-22 11:55:38,630 | INFO    | scraper.orchestrator | ✓ Found 1 emails for Synsol
2025-08-22 11:55:40,196 | INFO    | scraper.email_extractor |   0 emails on https://www.speedyfuels.co.uk/products/adblue/ (def from text)
2025-08-22 11:55:40,342 | INFO    | scraper.http         | HTTP GET https://www.speedyfuels.co.uk/contact-us/ → 200
2025-08-22 11:55:40,368 | INFO    | scraper.hybrid_email_extractor | Static pass found 1 on https://www.speedyfuels.co.uk/contact-us/
2025-08-22 11:55:40,423 | INFO    | scraper.http         | HTTP GET https://www.speedyfuels.co.uk/about-us/ → 200
2025-08-22 11:55:40,482 | INFO    | scraper.email_extractor |   0 emails on https://www.speedyfuels.co.uk/about-us/ (def from text)
2025-08-22 11:55:40,508 | INFO    | scraper.hybrid_email_extractor | Static pass found 0 on https://www.speedyfuels.co.uk/about-us/
2025-08-22 11:55:40,508 | INFO    | scraper.hybrid_email_extractor | JS fallback for https://www.speedyfuels.co.uk/about-us/
2025-08-22 11:55:41,824 | INFO    | scraper.email_extractor |   0 emails on https://www.speedyfuels.co.uk/about-us/ (def from text)
2025-08-22 11:55:41,948 | INFO    | scraper.http         | HTTP GET https://www.speedyfuels.co.uk/fuel-suppliers/ → 200
2025-08-22 11:55:42,009 | INFO    | scraper.email_extractor |   0 emails on https://www.speedyfuels.co.uk/fuel-suppliers/ (def from text)
2025-08-22 11:55:42,032 | INFO    | scraper.hybrid_email_extractor | Static pass found 0 on https://www.speedyfuels.co.uk/fuel-suppliers/
2025-08-22 11:55:42,032 | INFO    | scraper.hybrid_email_extractor | JS fallback for https://www.speedyfuels.co.uk/fuel-suppliers/
2025-08-22 11:55:43,470 | INFO    | scraper.email_extractor |   0 emails on https://www.speedyfuels.co.uk/fuel-suppliers/ (def from text)
2025-08-22 11:55:43,610 | INFO    | scraper.http         | HTTP GET https://www.speedyfuels.co.uk/guides/adblue-guide/ → 200
2025-08-22 11:55:43,679 | INFO    | scraper.email_extractor |   0 emails on https://www.speedyfuels.co.uk/guides/adblue-guide/ (def from text)
2025-08-22 11:55:43,707 | INFO    | scraper.hybrid_email_extractor | Static pass found 0 on https://www.speedyfuels.co.uk/guides/adblue-guide/
2025-08-22 11:55:43,708 | INFO    | scraper.hybrid_email_extractor | JS fallback for https://www.speedyfuels.co.uk/guides/adblue-guide/
2025-08-22 11:55:45,209 | INFO    | scraper.email_extractor |   0 emails on https://www.speedyfuels.co.uk/guides/adblue-guide/ (def from text)
2025-08-22 11:55:45,337 | INFO    | scraper.http         | HTTP GET https://www.speedyfuels.co.uk/commercial-fuel-suppliers-uk/ → 200
2025-08-22 11:55:45,385 | INFO    | scraper.email_extractor |   0 emails on https://www.speedyfuels.co.uk/commercial-fuel-suppliers-uk/ (def from text)
2025-08-22 11:55:45,412 | INFO    | scraper.hybrid_email_extractor | Static pass found 0 on https://www.speedyfuels.co.uk/commercial-fuel-suppliers-uk/
2025-08-22 11:55:45,413 | INFO    | scraper.hybrid_email_extractor | JS fallback for https://www.speedyfuels.co.uk/commercial-fuel-suppliers-uk/
2025-08-22 11:55:46,942 | INFO    | scraper.email_extractor |   0 emails on https://www.speedyfuels.co.uk/commercial-fuel-suppliers-uk/ (def from text)
2025-08-22 11:55:47,065 | INFO    | scraper.http         | HTTP GET https://www.speedyfuels.co.uk/news/advice-on-finding-fuel-suppliers-in-the-uk/ → 200
2025-08-22 11:55:47,113 | INFO    | scraper.email_extractor |   0 emails on https://www.speedyfuels.co.uk/news/advice-on-finding-fuel-suppliers-in-the-uk/ (def from text)
2025-08-22 11:55:47,143 | INFO    | scraper.hybrid_email_extractor | Static pass found 0 on https://www.speedyfuels.co.uk/news/advice-on-finding-fuel-suppliers-in-the-uk/
2025-08-22 11:55:47,143 | INFO    | scraper.hybrid_email_extractor | JS fallback for https://www.speedyfuels.co.uk/news/advice-on-finding-fuel-suppliers-in-the-uk/
2025-08-22 11:55:48,547 | INFO    | scraper.email_extractor |   0 emails on https://www.speedyfuels.co.uk/news/advice-on-finding-fuel-suppliers-in-the-uk/ (def from text)
2025-08-22 11:55:48,689 | INFO    | scraper.http         | HTTP GET https://www.speedyfuels.co.uk/privacy-policy/ → 200
2025-08-22 11:55:48,722 | INFO    | scraper.hybrid_email_extractor | Static pass found 1 on https://www.speedyfuels.co.uk/privacy-policy/
2025-08-22 11:55:48,779 | INFO    | scraper.http         | HTTP GET https://www.speedyfuels.co.uk/news/common-misconceptions-about-hvo/ → 200
2025-08-22 11:55:48,831 | INFO    | scraper.email_extractor |   0 emails on https://www.speedyfuels.co.uk/news/common-misconceptions-about-hvo/ (def from text)
2025-08-22 11:55:48,854 | INFO    | scraper.hybrid_email_extractor | Static pass found 0 on https://www.speedyfuels.co.uk/news/common-misconceptions-about-hvo/
2025-08-22 11:55:48,855 | INFO    | scraper.hybrid_email_extractor | JS fallback for https://www.speedyfuels.co.uk/news/common-misconceptions-about-hvo/
2025-08-22 11:55:50,343 | INFO    | scraper.email_extractor |   0 emails on https://www.speedyfuels.co.uk/news/common-misconceptions-about-hvo/ (def from text)
2025-08-22 11:55:50,470 | INFO    | scraper.http         | HTTP GET https://www.speedyfuels.co.uk/news/how-to-look-after-your-adblue-storage-tanks/ → 200
2025-08-22 11:55:50,522 | INFO    | scraper.email_extractor |   0 emails on https://www.speedyfuels.co.uk/news/how-to-look-after-your-adblue-storage-tanks/ (def from text)
2025-08-22 11:55:50,548 | INFO    | scraper.hybrid_email_extractor | Static pass found 0 on https://www.speedyfuels.co.uk/news/how-to-look-after-your-adblue-storage-tanks/
2025-08-22 11:55:50,549 | INFO    | scraper.hybrid_email_extractor | JS fallback for https://www.speedyfuels.co.uk/news/how-to-look-after-your-adblue-storage-tanks/
2025-08-22 11:55:51,953 | INFO    | scraper.email_extractor |   0 emails on https://www.speedyfuels.co.uk/news/how-to-look-after-your-adblue-storage-tanks/ (def from text)
2025-08-22 11:55:51,993 | INFO    | scraper.orchestrator | Used sitemap for speedyfuels.co.uk
2025-08-22 11:55:51,993 | INFO    | scraper.orchestrator | ✓ Found 2 emails for speedy fuels
2025-08-22 11:56:16,861 | INFO    | scraper.http         | HTTP GET https://walter-schmidt-chemie.de → 200
2025-08-22 11:56:16,878 | INFO    | scraper.email_extractor |   0 emails on https://www.walter-schmidt-chemie.de/ (def from text)
2025-08-22 11:56:16,888 | INFO    | scraper.hybrid_email_extractor | JS fallback for https://www.walter-schmidt-chemie.de/
2025-08-22 11:56:18,724 | INFO    | scraper.email_extractor |   0 emails on https://www.walter-schmidt-chemie.de/ (def from text)
2025-08-22 11:56:22,335 | INFO    | scraper.http         | HTTP HEAD https://www.walter-schmidt-chemie.de/sitemap.xml → 200
2025-08-22 11:56:26,101 | INFO    | scraper.http         | HTTP GET https://www.walter-schmidt-chemie.de/sitemap.xml → 200
2025-08-22 11:56:26,102 | INFO    | scraper.sitemap      | Found sitemap via standard filenames: https://www.walter-schmidt-chemie.de/sitemap.xml (7.37s)
2025-08-22 11:56:27,005 | INFO    | scraper.http         | HTTP GET https://www.walter-schmidt-chemie.de/kontakt/ → 200
2025-08-22 11:56:27,018 | INFO    | scraper.email_extractor |   0 emails on https://www.walter-schmidt-chemie.de/kontakt/ (def from text)
2025-08-22 11:56:27,028 | INFO    | scraper.hybrid_email_extractor | Static pass found 0 on https://www.walter-schmidt-chemie.de/kontakt/
2025-08-22 11:56:27,028 | INFO    | scraper.hybrid_email_extractor | JS fallback for https://www.walter-schmidt-chemie.de/kontakt/
2025-08-22 11:56:29,314 | INFO    | scraper.email_extractor |   0 emails on https://www.walter-schmidt-chemie.de/kontakt/ (def from text)
2025-08-22 11:56:29,481 | INFO    | scraper.http         | HTTP GET https://www.walter-schmidt-chemie.de/produkte/adblue/adblue.html → 200
2025-08-22 11:56:29,490 | INFO    | scraper.email_extractor |   0 emails on https://www.walter-schmidt-chemie.de/produkte/adblue/adblue.html (def from text)
2025-08-22 11:56:29,498 | INFO    | scraper.hybrid_email_extractor | Static pass found 0 on https://www.walter-schmidt-chemie.de/produkte/adblue/adblue.html
2025-08-22 11:56:29,499 | INFO    | scraper.hybrid_email_extractor | JS fallback for https://www.walter-schmidt-chemie.de/produkte/adblue/adblue.html
2025-08-22 11:56:31,137 | INFO    | scraper.email_extractor |   0 emails on https://www.walter-schmidt-chemie.de/produkte/adblue/adblue.html (def from text)
2025-08-22 11:56:31,524 | INFO    | scraper.http         | HTTP GET https://www.walter-schmidt-chemie.de/kontakt/meldeplattform-hinschg/ → 200
2025-08-22 11:56:31,525 | INFO    | scraper.email_extractor |   0 emails on https://www.walter-schmidt-chemie.de/kontakt/meldeplattform-hinschg/ (def from text)
2025-08-22 11:56:31,526 | INFO    | scraper.hybrid_email_extractor | Static pass found 0 on https://www.walter-schmidt-chemie.de/kontakt/meldeplattform-hinschg/
2025-08-22 11:56:31,526 | INFO    | scraper.hybrid_email_extractor | JS fallback for https://www.walter-schmidt-chemie.de/kontakt/meldeplattform-hinschg/
2025-08-22 11:56:33,686 | INFO    | scraper.email_extractor |   0 emails on https://www.walter-schmidt-chemie.de/kontakt/meldeplattform-hinschg/ (def from text)
2025-08-22 11:56:33,922 | INFO    | scraper.http         | HTTP GET https://www.walter-schmidt-chemie.de/kontakt/kontaktformular/nachricht-erfolgreich-versandt.html → 200
2025-08-22 11:56:33,930 | INFO    | scraper.email_extractor |   0 emails on https://www.walter-schmidt-chemie.de/kontakt/kontaktformular/nachricht-erfolgreich-versandt.html (def from text)
2025-08-22 11:56:33,941 | INFO    | scraper.hybrid_email_extractor | Static pass found 0 on https://www.walter-schmidt-chemie.de/kontakt/kontaktformular/nachricht-erfolgreich-versandt.html
2025-08-22 11:56:33,941 | INFO    | scraper.hybrid_email_extractor | JS fallback for https://www.walter-schmidt-chemie.de/kontakt/kontaktformular/nachricht-erfolgreich-versandt.html
2025-08-22 11:56:34,366 | WARNING | scraper.google_search | Google search timed out on 'euro dam jas doo' (attempt 1/5), retrying in 1s
2025-08-22 11:56:34,642 | WARNING | scraper.google_search | Google search timed out on 'daf trucks' (attempt 1/5), retrying in 1s
2025-08-22 11:56:35,437 | INFO    | scraper.email_extractor |   0 emails on https://www.walter-schmidt-chemie.de/kontakt/kontaktformular/nachricht-erfolgreich-versandt.html (def from text)
2025-08-22 11:56:35,761 | INFO    | scraper.http         | HTTP GET https://www.walter-schmidt-chemie.de/kontakt/kontaktformular/ → 200
2025-08-22 11:56:35,772 | INFO    | scraper.email_extractor |   0 emails on https://www.walter-schmidt-chemie.de/kontakt/kontaktformular/ (def from text)
2025-08-22 11:56:35,779 | INFO    | scraper.hybrid_email_extractor | Static pass found 0 on https://www.walter-schmidt-chemie.de/kontakt/kontaktformular/
2025-08-22 11:56:35,779 | INFO    | scraper.hybrid_email_extractor | JS fallback for https://www.walter-schmidt-chemie.de/kontakt/kontaktformular/
2025-08-22 11:56:35,929 | INFO    | scraper.orchestrator | ✓ Found domain: eurodamjas.com (score: 100)
2025-08-22 11:56:36,358 | INFO    | scraper.orchestrator | ✓ Found domain: daf.com (score: 100)
2025-08-22 11:56:36,382 | INFO    | scraper.http         | HTTP GET https://eurodamjas.com → 200
2025-08-22 11:56:36,401 | INFO    | scraper.hybrid_email_extractor | Static pass found 1 emails in https://eurodamjas.com/
2025-08-22 11:56:36,978 | INFO    | scraper.http         | HTTP HEAD https://eurodamjas.com/sitemap.xml → 200
2025-08-22 11:56:37,022 | INFO    | scraper.http         | HTTP GET https://daf.com → 200
2025-08-22 11:56:37,074 | INFO    | scraper.email_extractor |   0 emails on https://www.daf.com/en/sites-landing (def from text)
2025-08-22 11:56:37,126 | INFO    | scraper.hybrid_email_extractor | JS fallback for https://www.daf.com/en/sites-landing
2025-08-22 11:56:37,300 | INFO    | scraper.http         | HTTP GET https://eurodamjas.com/sitemap.xml → 200
2025-08-22 11:56:37,300 | INFO    | scraper.sitemap      | Found sitemap via standard filenames: https://eurodamjas.com/sitemap.xml (0.90s)
2025-08-22 11:56:37,350 | INFO    | scraper.email_extractor |   0 emails on https://www.walter-schmidt-chemie.de/kontakt/kontaktformular/ (def from text)
2025-08-22 11:56:37,720 | INFO    | scraper.http         | HTTP GET https://eurodamjas.com/wp-sitemap-posts-cspt-service-1.xml → 200
2025-08-22 11:56:37,723 | INFO    | scraper.http         | HTTP GET https://eurodamjas.com/wp-sitemap-posts-page-1.xml → 200
2025-08-22 11:56:37,741 | INFO    | scraper.http         | HTTP GET https://eurodamjas.com/wp-sitemap-posts-cspt-portfolio-1.xml → 200
2025-08-22 11:56:37,919 | INFO    | scraper.http         | HTTP GET https://eurodamjas.com/wp-sitemap-posts-cspt-testimonial-1.xml → 200
2025-08-22 11:56:37,922 | INFO    | scraper.http         | HTTP GET https://eurodamjas.com/wp-sitemap-posts-cspt-team-member-1.xml → 200
2025-08-22 11:56:37,950 | INFO    | scraper.http         | HTTP GET https://eurodamjas.com/wp-sitemap-taxonomies-category-1.xml → 200
2025-08-22 11:56:38,109 | INFO    | scraper.http         | HTTP GET https://eurodamjas.com/wp-sitemap-taxonomies-cspt-portfolio-category-1.xml → 200
2025-08-22 11:56:38,129 | INFO    | scraper.http         | HTTP GET https://eurodamjas.com/wp-sitemap-users-1.xml → 200
2025-08-22 11:56:38,437 | INFO    | scraper.http         | HTTP GET https://www.walter-schmidt-chemie.de/produkte/adblue/ → 200
2025-08-22 11:56:38,453 | INFO    | scraper.email_extractor |   0 emails on https://www.walter-schmidt-chemie.de/produkte/adblue/ (def from text)
2025-08-22 11:56:38,465 | INFO    | scraper.hybrid_email_extractor | Static pass found 0 on https://www.walter-schmidt-chemie.de/produkte/adblue/
2025-08-22 11:56:38,465 | INFO    | scraper.hybrid_email_extractor | JS fallback for https://www.walter-schmidt-chemie.de/produkte/adblue/
2025-08-22 11:56:39,970 | INFO    | scraper.email_extractor |   0 emails on https://www.daf.com/en/sites-landing (def from text)
2025-08-22 11:56:40,311 | INFO    | scraper.http         | HTTP HEAD https://daf.com/sitemap.xml → 200
2025-08-22 11:56:40,376 | INFO    | scraper.http         | HTTP GET https://daf.com/sitemap.xml → 200
2025-08-22 11:56:40,377 | INFO    | scraper.sitemap      | Found sitemap via standard filenames: https://daf.com/sitemap.xml (0.36s)
2025-08-22 11:56:40,454 | INFO    | scraper.http         | HTTP GET https://www.daf.com/en/sitemap.xml → 200
2025-08-22 11:56:40,521 | INFO    | scraper.http         | HTTP GET https://www.daf.com/nl-nl/sitemap.xml → 200
2025-08-22 11:56:40,856 | INFO    | scraper.http         | HTTP GET https://www.daf.com/en/about-daf/daf-history → 200
2025-08-22 11:56:40,933 | INFO    | scraper.email_extractor |   0 emails on https://www.daf.com/en/about-daf/daf-history (def from text)
2025-08-22 11:56:41,006 | WARNING | scraper.email_extractor | Failed to clean '': invalid format (no single @)
2025-08-22 11:56:41,006 | INFO    | scraper.hybrid_email_extractor | Static pass found 0 on https://www.daf.com/en/about-daf/daf-history
2025-08-22 11:56:41,007 | INFO    | scraper.hybrid_email_extractor | JS fallback for https://www.daf.com/en/about-daf/daf-history
2025-08-22 11:56:42,247 | INFO    | scraper.email_extractor |   0 emails on https://www.walter-schmidt-chemie.de/produkte/adblue/ (def from text)
2025-08-22 11:56:42,769 | INFO    | scraper.http         | HTTP GET https://www.walter-schmidt-chemie.de/kontakt/kontaktformular/formhandler.html → 200
2025-08-22 11:56:42,779 | INFO    | scraper.email_extractor |   0 emails on https://www.walter-schmidt-chemie.de/kontakt/kontaktformular/formhandler.html (def from text)
2025-08-22 11:56:42,789 | INFO    | scraper.hybrid_email_extractor | Static pass found 0 on https://www.walter-schmidt-chemie.de/kontakt/kontaktformular/formhandler.html
2025-08-22 11:56:42,789 | INFO    | scraper.hybrid_email_extractor | JS fallback for https://www.walter-schmidt-chemie.de/kontakt/kontaktformular/formhandler.html
2025-08-22 11:56:44,506 | INFO    | scraper.email_extractor |   0 emails on https://www.daf.com/en/about-daf/daf-history (def from text)
2025-08-22 11:56:44,542 | WARNING | scraper.email_extractor | Failed to clean '': invalid format (no single @)
2025-08-22 11:56:45,122 | INFO    | scraper.http         | HTTP GET https://www.daf.com/en/about-daf → 200
2025-08-22 11:56:45,156 | INFO    | scraper.email_extractor |   0 emails on https://www.daf.com/en/about-daf (def from text)
2025-08-22 11:56:45,187 | WARNING | scraper.email_extractor | Failed to clean '': invalid format (no single @)
2025-08-22 11:56:45,187 | INFO    | scraper.hybrid_email_extractor | Static pass found 0 on https://www.daf.com/en/about-daf
2025-08-22 11:56:45,187 | INFO    | scraper.hybrid_email_extractor | JS fallback for https://www.daf.com/en/about-daf
2025-08-22 11:56:46,271 | INFO    | scraper.email_extractor |   0 emails on https://www.walter-schmidt-chemie.de/kontakt/kontaktformular/formhandler.html (def from text)
2025-08-22 11:56:46,481 | INFO    | scraper.http         | HTTP GET https://www.walter-schmidt-chemie.de/kontakt/impressum.html → 200
2025-08-22 11:56:46,492 | INFO    | scraper.email_extractor |   1 emails on https://www.walter-schmidt-chemie.de/kontakt/impressum.html (def from text)
2025-08-22 11:56:46,492 | INFO    | scraper.hybrid_email_extractor | Static pass found 1 on https://www.walter-schmidt-chemie.de/kontakt/impressum.html
2025-08-22 11:56:46,761 | INFO    | scraper.http         | HTTP GET https://www.walter-schmidt-chemie.de/kontakt/inhaltsverzeichnis.html → 200
2025-08-22 11:56:46,778 | INFO    | scraper.email_extractor |   0 emails on https://www.walter-schmidt-chemie.de/kontakt/inhaltsverzeichnis.html (def from text)
2025-08-22 11:56:46,791 | INFO    | scraper.hybrid_email_extractor | Static pass found 0 on https://www.walter-schmidt-chemie.de/kontakt/inhaltsverzeichnis.html
2025-08-22 11:56:46,791 | INFO    | scraper.hybrid_email_extractor | JS fallback for https://www.walter-schmidt-chemie.de/kontakt/inhaltsverzeichnis.html
2025-08-22 11:56:48,419 | INFO    | scraper.email_extractor |   0 emails on https://www.daf.com/en/about-daf (def from text)
2025-08-22 11:56:48,454 | WARNING | scraper.email_extractor | Failed to clean '': invalid format (no single @)
2025-08-22 11:56:48,599 | INFO    | scraper.http         | HTTP GET https://www.daf.com/en/about-daf/facts-and-figures → 200
2025-08-22 11:56:48,632 | INFO    | scraper.email_extractor |   0 emails on https://www.daf.com/en/about-daf/facts-and-figures (def from text)
2025-08-22 11:56:48,660 | WARNING | scraper.email_extractor | Failed to clean '': invalid format (no single @)
2025-08-22 11:56:48,660 | INFO    | scraper.hybrid_email_extractor | Static pass found 0 on https://www.daf.com/en/about-daf/facts-and-figures
2025-08-22 11:56:48,660 | INFO    | scraper.hybrid_email_extractor | JS fallback for https://www.daf.com/en/about-daf/facts-and-figures
2025-08-22 11:56:49,885 | INFO    | scraper.email_extractor |   0 emails on https://www.walter-schmidt-chemie.de/kontakt/inhaltsverzeichnis.html (def from text)
2025-08-22 11:56:49,904 | INFO    | scraper.orchestrator | Used sitemap for walter-schmidt-chemie.de
2025-08-22 11:56:49,904 | INFO    | scraper.orchestrator | ✓ Found 1 emails for walter schmidt chemie gmbh
2025-08-22 11:56:51,848 | INFO    | scraper.email_extractor |   0 emails on https://www.daf.com/en/about-daf/facts-and-figures (def from text)
2025-08-22 11:56:51,871 | WARNING | scraper.email_extractor | Failed to clean '': invalid format (no single @)
2025-08-22 11:56:52,281 | INFO    | scraper.http         | HTTP GET https://www.daf.com/en/about-daf/sustainability/environment-emission-reduction/sustainable-production-facilities- → 200
2025-08-22 11:56:52,318 | INFO    | scraper.email_extractor |   0 emails on https://www.daf.com/en/about-daf/sustainability/environment-emission-reduction/sustainable-production-facilities- (def from text)
2025-08-22 11:56:52,347 | INFO    | scraper.hybrid_email_extractor | Static pass found 0 on https://www.daf.com/en/about-daf/sustainability/environment-emission-reduction/sustainable-production-facilities-
2025-08-22 11:56:52,348 | INFO    | scraper.hybrid_email_extractor | JS fallback for https://www.daf.com/en/about-daf/sustainability/environment-emission-reduction/sustainable-production-facilities-
2025-08-22 11:56:54,394 | INFO    | scraper.email_extractor |   0 emails on https://www.daf.com/en/about-daf/sustainability/environment-emission-reduction/sustainable-production-facilities- (def from text)
2025-08-22 11:56:54,711 | INFO    | scraper.http         | HTTP GET https://www.daf.com/en/contact → 200
2025-08-22 11:56:54,755 | INFO    | scraper.email_extractor |   0 emails on https://www.daf.com/en/contact (def from text)
2025-08-22 11:56:54,797 | INFO    | scraper.hybrid_email_extractor | Static pass found 0 on https://www.daf.com/en/contact
2025-08-22 11:56:54,797 | INFO    | scraper.hybrid_email_extractor | JS fallback for https://www.daf.com/en/contact
2025-08-22 11:56:56,665 | INFO    | scraper.email_extractor |   0 emails on https://www.daf.com/en/contact (def from text)
2025-08-22 11:56:57,293 | INFO    | scraper.http         | HTTP GET https://www.daf.com/en/about-daf/sustainability/environment-emission-reduction/sustainable-sourcing → 200
2025-08-22 11:56:57,326 | INFO    | scraper.email_extractor |   0 emails on https://www.daf.com/en/about-daf/sustainability/environment-emission-reduction/sustainable-sourcing (def from text)
2025-08-22 11:56:57,362 | INFO    | scraper.hybrid_email_extractor | Static pass found 0 on https://www.daf.com/en/about-daf/sustainability/environment-emission-reduction/sustainable-sourcing
2025-08-22 11:56:57,362 | INFO    | scraper.hybrid_email_extractor | JS fallback for https://www.daf.com/en/about-daf/sustainability/environment-emission-reduction/sustainable-sourcing
2025-08-22 11:56:58,961 | INFO    | scraper.email_extractor |   0 emails on https://www.daf.com/en/about-daf/sustainability/environment-emission-reduction/sustainable-sourcing (def from text)
2025-08-22 11:56:59,402 | INFO    | scraper.http         | HTTP GET https://www.daf.com/en/about-daf/quality → 200
2025-08-22 11:56:59,434 | INFO    | scraper.email_extractor |   0 emails on https://www.daf.com/en/about-daf/quality (def from text)
2025-08-22 11:56:59,461 | INFO    | scraper.hybrid_email_extractor | Static pass found 0 on https://www.daf.com/en/about-daf/quality
2025-08-22 11:56:59,461 | INFO    | scraper.hybrid_email_extractor | JS fallback for https://www.daf.com/en/about-daf/quality
2025-08-22 11:57:03,984 | INFO    | scraper.email_extractor |   0 emails on https://www.daf.com/en/about-daf/quality (def from text)
2025-08-22 11:57:04,745 | INFO    | scraper.http         | HTTP GET https://www.daf.com/en/about-daf/sustainability/daf-environmental-policy → 200
2025-08-22 11:57:04,784 | INFO    | scraper.email_extractor |   0 emails on https://www.daf.com/en/about-daf/sustainability/daf-environmental-policy (def from text)
2025-08-22 11:57:04,848 | WARNING | scraper.email_extractor | Failed to clean '': invalid format (no single @)
2025-08-22 11:57:04,849 | INFO    | scraper.hybrid_email_extractor | Static pass found 0 on https://www.daf.com/en/about-daf/sustainability/daf-environmental-policy
2025-08-22 11:57:04,849 | INFO    | scraper.hybrid_email_extractor | JS fallback for https://www.daf.com/en/about-daf/sustainability/daf-environmental-policy
2025-08-22 11:57:09,644 | INFO    | scraper.email_extractor |   0 emails on https://www.daf.com/en/about-daf/sustainability/daf-environmental-policy (def from text)
2025-08-22 11:57:09,753 | WARNING | scraper.email_extractor | Failed to clean '': invalid format (no single @)
2025-08-22 11:57:10,179 | INFO    | scraper.http         | HTTP GET https://www.daf.com/en/about-daf/sustainability/environment-emission-reduction/sustainable-transport-solutions → 200
2025-08-22 11:57:10,230 | INFO    | scraper.email_extractor |   0 emails on https://www.daf.com/en/about-daf/sustainability/environment-emission-reduction/sustainable-transport-solutions (def from text)
2025-08-22 11:57:10,263 | INFO    | scraper.hybrid_email_extractor | Static pass found 0 on https://www.daf.com/en/about-daf/sustainability/environment-emission-reduction/sustainable-transport-solutions
2025-08-22 11:57:10,264 | INFO    | scraper.hybrid_email_extractor | JS fallback for https://www.daf.com/en/about-daf/sustainability/environment-emission-reduction/sustainable-transport-solutions
2025-08-22 11:57:12,365 | INFO    | scraper.email_extractor |   0 emails on https://www.daf.com/en/about-daf/sustainability/environment-emission-reduction/sustainable-transport-solutions (def from text)
2025-08-22 11:57:12,772 | INFO    | scraper.http         | HTTP GET https://www.daf.com/en/about-daf/sustainability/environment-emission-reduction/sustainable-transport-solutions/alternative-fuels-and-drivelines → 200
2025-08-22 11:57:12,806 | INFO    | scraper.email_extractor |   0 emails on https://www.daf.com/en/about-daf/sustainability/environment-emission-reduction/sustainable-transport-solutions/alternative-fuels-and-drivelines (def from text)
2025-08-22 11:57:12,836 | INFO    | scraper.hybrid_email_extractor | Static pass found 0 on https://www.daf.com/en/about-daf/sustainability/environment-emission-reduction/sustainable-transport-solutions/alternative-fuels-and-drivelines
2025-08-22 11:57:12,837 | INFO    | scraper.hybrid_email_extractor | JS fallback for https://www.daf.com/en/about-daf/sustainability/environment-emission-reduction/sustainable-transport-solutions/alternative-fuels-and-drivelines
2025-08-22 11:57:14,664 | INFO    | scraper.email_extractor |   0 emails on https://www.daf.com/en/about-daf/sustainability/environment-emission-reduction/sustainable-transport-solutions/alternative-fuels-and-drivelines (def from text)
2025-08-22 11:57:14,976 | INFO    | scraper.http         | HTTP GET https://www.daf.com/en/about-daf/daf-worldwide/world-class-technology → 200
2025-08-22 11:57:15,006 | INFO    | scraper.email_extractor |   0 emails on https://www.daf.com/en/about-daf/daf-worldwide/world-class-technology (def from text)
2025-08-22 11:57:15,033 | INFO    | scraper.hybrid_email_extractor | Static pass found 0 on https://www.daf.com/en/about-daf/daf-worldwide/world-class-technology
2025-08-22 11:57:15,033 | INFO    | scraper.hybrid_email_extractor | JS fallback for https://www.daf.com/en/about-daf/daf-worldwide/world-class-technology
2025-08-22 11:57:24,144 | INFO    | scraper.email_extractor |   0 emails on https://www.daf.com/en/about-daf/daf-worldwide/world-class-technology (def from text)
2025-08-22 11:57:24,581 | INFO    | scraper.http         | HTTP GET https://www.daf.com/en/about-daf/sustainability/environment-circularity/circular-products → 200
2025-08-22 11:57:24,619 | INFO    | scraper.email_extractor |   0 emails on https://www.daf.com/en/about-daf/sustainability/environment-circularity/circular-products (def from text)
2025-08-22 11:57:24,648 | INFO    | scraper.hybrid_email_extractor | Static pass found 0 on https://www.daf.com/en/about-daf/sustainability/environment-circularity/circular-products
2025-08-22 11:57:24,648 | INFO    | scraper.hybrid_email_extractor | JS fallback for https://www.daf.com/en/about-daf/sustainability/environment-circularity/circular-products
2025-08-22 11:57:26,951 | INFO    | scraper.email_extractor |   0 emails on https://www.daf.com/en/about-daf/sustainability/environment-circularity/circular-products (def from text)
2025-08-22 11:57:27,386 | INFO    | scraper.http         | HTTP GET https://www.daf.com/en/about-daf/sustainability/responsible-business → 200
2025-08-22 11:57:27,428 | INFO    | scraper.email_extractor |   0 emails on https://www.daf.com/en/about-daf/sustainability/responsible-business (def from text)
2025-08-22 11:57:27,458 | INFO    | scraper.hybrid_email_extractor | Static pass found 0 on https://www.daf.com/en/about-daf/sustainability/responsible-business
2025-08-22 11:57:27,458 | INFO    | scraper.hybrid_email_extractor | JS fallback for https://www.daf.com/en/about-daf/sustainability/responsible-business
2025-08-22 11:57:30,150 | INFO    | scraper.email_extractor |   0 emails on https://www.daf.com/en/about-daf/sustainability/responsible-business (def from text)
2025-08-22 11:57:30,568 | INFO    | scraper.http         | HTTP GET https://www.daf.com/en/about-daf/sustainability/care-for-people → 200
2025-08-22 11:57:30,612 | INFO    | scraper.email_extractor |   0 emails on https://www.daf.com/en/about-daf/sustainability/care-for-people (def from text)
2025-08-22 11:57:30,647 | INFO    | scraper.hybrid_email_extractor | Static pass found 0 on https://www.daf.com/en/about-daf/sustainability/care-for-people
2025-08-22 11:57:30,647 | INFO    | scraper.hybrid_email_extractor | JS fallback for https://www.daf.com/en/about-daf/sustainability/care-for-people
2025-08-22 11:57:33,579 | INFO    | scraper.email_extractor |   0 emails on https://www.daf.com/en/about-daf/sustainability/care-for-people (def from text)
2025-08-22 11:57:33,887 | INFO    | scraper.http         | HTTP GET https://www.daf.com/en/suppliers → 200
2025-08-22 11:57:33,923 | INFO    | scraper.email_extractor |   0 emails on https://www.daf.com/en/suppliers (def from text)
2025-08-22 11:57:33,962 | INFO    | scraper.hybrid_email_extractor | Static pass found 0 on https://www.daf.com/en/suppliers
2025-08-22 11:57:33,963 | INFO    | scraper.hybrid_email_extractor | JS fallback for https://www.daf.com/en/suppliers
2025-08-22 11:57:37,751 | INFO    | scraper.email_extractor |   0 emails on https://www.daf.com/en/suppliers (def from text)
2025-08-22 11:57:37,777 | INFO    | scraper.http         | HTTP GET https://eurodamjas.com/wp-sitemap-posts-post-1.xml → 200
2025-08-22 11:57:38,118 | INFO    | scraper.http         | HTTP GET https://www.daf.com/en/about-daf/daf-history/timeline → 200
2025-08-22 11:57:38,187 | INFO    | scraper.email_extractor |   0 emails on https://www.daf.com/en/about-daf/daf-history/timeline (def from text)
2025-08-22 11:57:38,241 | INFO    | scraper.hybrid_email_extractor | Static pass found 0 on https://www.daf.com/en/about-daf/daf-history/timeline
2025-08-22 11:57:38,241 | INFO    | scraper.http         | HTTP GET https://eurodamjas.com/kontakt/ → 200
2025-08-22 11:57:38,241 | INFO    | scraper.hybrid_email_extractor | JS fallback for https://www.daf.com/en/about-daf/daf-history/timeline
2025-08-22 11:57:38,254 | INFO    | scraper.hybrid_email_extractor | Static pass found 1 on https://eurodamjas.com/kontakt/
2025-08-22 11:57:38,784 | INFO    | scraper.http         | HTTP GET https://eurodamjas.com/usluge/adblue/ → 200
2025-08-22 11:57:38,797 | INFO    | scraper.hybrid_email_extractor | Static pass found 1 on https://eurodamjas.com/usluge/adblue/
2025-08-22 11:57:39,411 | INFO    | scraper.http         | HTTP GET https://eurodamjas.com/about-us-02/ → 200
2025-08-22 11:57:39,436 | INFO    | scraper.hybrid_email_extractor | Static pass found 1 on https://eurodamjas.com/about-us-02/
2025-08-22 11:57:40,018 | INFO    | scraper.http         | HTTP GET https://eurodamjas.com/about-us-01/ → 200
2025-08-22 11:57:40,044 | INFO    | scraper.hybrid_email_extractor | Static pass found 1 on https://eurodamjas.com/about-us-01/
2025-08-22 11:57:40,044 | INFO    | scraper.orchestrator | Used sitemap for eurodamjas.com
2025-08-22 11:57:40,044 | INFO    | scraper.orchestrator | ✓ Found 1 emails for euro dam jas doo
2025-08-22 11:57:40,578 | INFO    | scraper.email_extractor |   0 emails on https://www.daf.com/en/about-daf/daf-history/timeline (def from text)
2025-08-22 11:57:40,847 | INFO    | scraper.http         | HTTP GET https://www.daf.com/en/about-daf/daf-history/clever-solutions → 200
2025-08-22 11:57:40,888 | INFO    | scraper.email_extractor |   0 emails on https://www.daf.com/en/about-daf/daf-history/clever-solutions (def from text)
2025-08-22 11:57:40,929 | INFO    | scraper.hybrid_email_extractor | Static pass found 0 on https://www.daf.com/en/about-daf/daf-history/clever-solutions
2025-08-22 11:57:40,929 | INFO    | scraper.hybrid_email_extractor | JS fallback for https://www.daf.com/en/about-daf/daf-history/clever-solutions
2025-08-22 11:57:43,397 | INFO    | scraper.email_extractor |   0 emails on https://www.daf.com/en/about-daf/daf-history/clever-solutions (def from text)
2025-08-22 11:57:44,233 | INFO    | scraper.http         | HTTP GET https://www.daf.com/en/about-daf/board-of-management → 200
2025-08-22 11:57:44,284 | INFO    | scraper.email_extractor |   0 emails on https://www.daf.com/en/about-daf/board-of-management (def from text)
2025-08-22 11:57:44,328 | INFO    | scraper.hybrid_email_extractor | Static pass found 0 on https://www.daf.com/en/about-daf/board-of-management
2025-08-22 11:57:44,328 | INFO    | scraper.hybrid_email_extractor | JS fallback for https://www.daf.com/en/about-daf/board-of-management
2025-08-22 11:57:47,271 | INFO    | scraper.email_extractor |   0 emails on https://www.daf.com/en/about-daf/board-of-management (def from text)
2025-08-22 11:57:47,742 | INFO    | scraper.http         | HTTP GET https://www.daf.com/en/about-daf/sustainability/legislation → 200
2025-08-22 11:57:47,787 | INFO    | scraper.email_extractor |   0 emails on https://www.daf.com/en/about-daf/sustainability/legislation (def from text)
2025-08-22 11:57:47,834 | INFO    | scraper.hybrid_email_extractor | Static pass found 0 on https://www.daf.com/en/about-daf/sustainability/legislation
2025-08-22 11:57:47,834 | INFO    | scraper.hybrid_email_extractor | JS fallback for https://www.daf.com/en/about-daf/sustainability/legislation
2025-08-22 11:57:49,831 | INFO    | scraper.email_extractor |   0 emails on https://www.daf.com/en/about-daf/sustainability/legislation (def from text)
2025-08-22 11:57:50,237 | INFO    | scraper.http         | HTTP GET https://www.daf.com/en/about-daf/sustainability/reach → 200
2025-08-22 11:57:50,291 | INFO    | scraper.email_extractor |   0 emails on https://www.daf.com/en/about-daf/sustainability/reach (def from text)
2025-08-22 11:57:50,338 | INFO    | scraper.hybrid_email_extractor | Static pass found 0 on https://www.daf.com/en/about-daf/sustainability/reach
2025-08-22 11:57:50,338 | INFO    | scraper.hybrid_email_extractor | JS fallback for https://www.daf.com/en/about-daf/sustainability/reach
2025-08-22 11:57:53,301 | INFO    | scraper.email_extractor |   0 emails on https://www.daf.com/en/about-daf/sustainability/reach (def from text)
2025-08-22 11:57:53,794 | INFO    | scraper.http         | HTTP GET https://www.daf.com/en/about-daf/sustainability/united-nations-sustainable-development-goals → 200
2025-08-22 11:57:53,835 | INFO    | scraper.email_extractor |   0 emails on https://www.daf.com/en/about-daf/sustainability/united-nations-sustainable-development-goals (def from text)
2025-08-22 11:57:53,875 | INFO    | scraper.hybrid_email_extractor | Static pass found 0 on https://www.daf.com/en/about-daf/sustainability/united-nations-sustainable-development-goals
2025-08-22 11:57:53,875 | INFO    | scraper.hybrid_email_extractor | JS fallback for https://www.daf.com/en/about-daf/sustainability/united-nations-sustainable-development-goals
2025-08-22 11:57:57,709 | INFO    | scraper.email_extractor |   0 emails on https://www.daf.com/en/about-daf/sustainability/united-nations-sustainable-development-goals (def from text)
2025-08-22 11:57:58,152 | INFO    | scraper.http         | HTTP GET https://www.daf.com/en/about-daf/daf-worldwide → 200
2025-08-22 11:57:58,197 | INFO    | scraper.email_extractor |   0 emails on https://www.daf.com/en/about-daf/daf-worldwide (def from text)
2025-08-22 11:57:58,241 | INFO    | scraper.hybrid_email_extractor | Static pass found 0 on https://www.daf.com/en/about-daf/daf-worldwide
2025-08-22 11:57:58,241 | INFO    | scraper.hybrid_email_extractor | JS fallback for https://www.daf.com/en/about-daf/daf-worldwide
2025-08-22 11:58:00,802 | INFO    | scraper.email_extractor |   0 emails on https://www.daf.com/en/about-daf/daf-worldwide (def from text)
2025-08-22 11:58:01,149 | INFO    | scraper.http         | HTTP GET https://www.daf.com/en/about-daf/sustainability/environment-circularity → 200
2025-08-22 11:58:01,206 | INFO    | scraper.email_extractor |   0 emails on https://www.daf.com/en/about-daf/sustainability/environment-circularity (def from text)
2025-08-22 11:58:01,252 | INFO    | scraper.hybrid_email_extractor | Static pass found 0 on https://www.daf.com/en/about-daf/sustainability/environment-circularity
2025-08-22 11:58:01,253 | INFO    | scraper.hybrid_email_extractor | JS fallback for https://www.daf.com/en/about-daf/sustainability/environment-circularity
2025-08-22 11:58:03,722 | INFO    | scraper.email_extractor |   0 emails on https://www.daf.com/en/about-daf/sustainability/environment-circularity (def from text)
2025-08-22 11:58:04,019 | INFO    | scraper.http         | HTTP GET https://www.daf.com/en/about-daf/daf-worldwide/dealer-network → 200
2025-08-22 11:58:04,064 | INFO    | scraper.email_extractor |   0 emails on https://www.daf.com/en/about-daf/daf-worldwide/dealer-network (def from text)
2025-08-22 11:58:04,106 | INFO    | scraper.hybrid_email_extractor | Static pass found 0 on https://www.daf.com/en/about-daf/daf-worldwide/dealer-network
2025-08-22 11:58:04,106 | INFO    | scraper.hybrid_email_extractor | JS fallback for https://www.daf.com/en/about-daf/daf-worldwide/dealer-network
2025-08-22 11:58:07,128 | INFO    | scraper.email_extractor |   0 emails on https://www.daf.com/en/about-daf/daf-worldwide/dealer-network (def from text)
2025-08-22 11:58:07,495 | INFO    | scraper.http         | HTTP GET https://www.daf.com/en/about-daf/daf-history/past-and-present → 200
2025-08-22 11:58:07,535 | INFO    | scraper.email_extractor |   0 emails on https://www.daf.com/en/about-daf/daf-history/past-and-present (def from text)
2025-08-22 11:58:07,580 | INFO    | scraper.hybrid_email_extractor | Static pass found 0 on https://www.daf.com/en/about-daf/daf-history/past-and-present
2025-08-22 11:58:07,580 | INFO    | scraper.hybrid_email_extractor | JS fallback for https://www.daf.com/en/about-daf/daf-history/past-and-present
2025-08-22 11:58:09,923 | INFO    | scraper.email_extractor |   0 emails on https://www.daf.com/en/about-daf/daf-history/past-and-present (def from text)
2025-08-22 11:58:10,085 | INFO    | scraper.http         | HTTP GET https://www.daf.com/en/about-daf/innovation → 302
2025-08-22 11:58:10,085 | INFO    | scraper.http         | Retrying with HTTP: http://www.daf.com/en/about-daf/innovation
2025-08-22 11:58:10,189 | INFO    | scraper.email_extractor |   0 emails on https://www.daf.com/en/about-daf/innovation (def from text)
2025-08-22 11:58:10,190 | INFO    | scraper.hybrid_email_extractor | Static pass found 0 on https://www.daf.com/en/about-daf/innovation
2025-08-22 11:58:10,190 | INFO    | scraper.hybrid_email_extractor | JS fallback for https://www.daf.com/en/about-daf/innovation
2025-08-22 11:58:10,899 | INFO    | scraper.email_extractor |   0 emails on https://www.daf.com/en/about-daf/innovation (def from text)
2025-08-22 11:58:11,948 | INFO    | scraper.http         | HTTP GET https://www.daf.com/en/about-daf/sustainability/environment-circularity/circular-processes → 200
2025-08-22 11:58:12,012 | INFO    | scraper.email_extractor |   0 emails on https://www.daf.com/en/about-daf/sustainability/environment-circularity/circular-processes (def from text)
2025-08-22 11:58:12,056 | INFO    | scraper.hybrid_email_extractor | Static pass found 0 on https://www.daf.com/en/about-daf/sustainability/environment-circularity/circular-processes
2025-08-22 11:58:12,056 | INFO    | scraper.hybrid_email_extractor | JS fallback for https://www.daf.com/en/about-daf/sustainability/environment-circularity/circular-processes
2025-08-22 11:58:14,744 | INFO    | scraper.email_extractor |   0 emails on https://www.daf.com/en/about-daf/sustainability/environment-circularity/circular-processes (def from text)
2025-08-22 11:58:15,022 | INFO    | scraper.http         | HTTP GET https://www.daf.com/en/about-daf/daf-worldwide/production-locations → 200
2025-08-22 11:58:15,067 | INFO    | scraper.email_extractor |   0 emails on https://www.daf.com/en/about-daf/daf-worldwide/production-locations (def from text)
2025-08-22 11:58:15,100 | INFO    | scraper.hybrid_email_extractor | Static pass found 0 on https://www.daf.com/en/about-daf/daf-worldwide/production-locations
2025-08-22 11:58:15,101 | INFO    | scraper.hybrid_email_extractor | JS fallback for https://www.daf.com/en/about-daf/daf-worldwide/production-locations
2025-08-22 11:58:16,784 | INFO    | scraper.email_extractor |   0 emails on https://www.daf.com/en/about-daf/daf-worldwide/production-locations (def from text)
2025-08-22 11:58:17,298 | INFO    | scraper.http         | HTTP GET https://www.daf.com/en/about-daf/sustainability/environment-emission-reduction → 200
2025-08-22 11:58:17,343 | INFO    | scraper.email_extractor |   0 emails on https://www.daf.com/en/about-daf/sustainability/environment-emission-reduction (def from text)
2025-08-22 11:58:17,387 | INFO    | scraper.hybrid_email_extractor | Static pass found 0 on https://www.daf.com/en/about-daf/sustainability/environment-emission-reduction
2025-08-22 11:58:17,388 | INFO    | scraper.hybrid_email_extractor | JS fallback for https://www.daf.com/en/about-daf/sustainability/environment-emission-reduction
2025-08-22 11:58:19,980 | INFO    | scraper.email_extractor |   0 emails on https://www.daf.com/en/about-daf/sustainability/environment-emission-reduction (def from text)
2025-08-22 11:58:20,276 | INFO    | scraper.http         | HTTP GET https://www.daf.com/en/about-daf/sustainability → 200
2025-08-22 11:58:20,312 | INFO    | scraper.email_extractor |   0 emails on https://www.daf.com/en/about-daf/sustainability (def from text)
2025-08-22 11:58:20,358 | INFO    | scraper.hybrid_email_extractor | Static pass found 0 on https://www.daf.com/en/about-daf/sustainability
2025-08-22 11:58:20,358 | INFO    | scraper.hybrid_email_extractor | JS fallback for https://www.daf.com/en/about-daf/sustainability
2025-08-22 11:58:22,566 | INFO    | scraper.email_extractor |   0 emails on https://www.daf.com/en/about-daf/sustainability (def from text)
2025-08-22 11:58:22,597 | INFO    | scraper.orchestrator | Used sitemap for daf.com
2025-08-22 11:58:22,598 | INFO    | scraper.orchestrator | No emails found in sitemap, attempting fallback crawl: daf.com
2025-08-22 11:58:22,598 | INFO    | scraper.crawler      | Starting crawl of daf.com (limit: 30 pages, timeout: 60 seconds, workers: 4)
2025-08-22 11:58:22,759 | INFO    | scraper.http         | HTTP GET https://www.daf.com/en/sites-landing → 200
2025-08-22 11:58:22,802 | INFO    | scraper.email_extractor |   0 emails on https://www.daf.com/en/sites-landing (def from text)
2025-08-22 11:58:23,496 | INFO    | scraper.http         | HTTP GET https://parts.daf.com/ → 200
2025-08-22 11:58:23,610 | INFO    | scraper.email_extractor |   0 emails on https://parts.daf.com/en-gb/ (def from text)
2025-08-22 11:58:23,626 | INFO    | scraper.hybrid_email_extractor | JS fallback for https://parts.daf.com/en-gb/
2025-08-22 11:58:26,510 | INFO    | scraper.email_extractor |   0 emails on https://parts.daf.com/en-gb/ (def from text)
2025-08-22 11:58:29,549 | INFO    | scraper.http         | HTTP GET https://www.daf.com/en/news-and-media → 200
2025-08-22 11:58:29,738 | INFO    | scraper.email_extractor |   1 emails on https://www.daf.com/en/news-and-media (def from text)
2025-08-22 11:58:29,739 | INFO    | scraper.hybrid_email_extractor | Static pass found 1 emails in https://www.daf.com/en/news-and-media
2025-08-22 11:58:30,271 | INFO    | scraper.http         | HTTP GET https://www.daf.com/en/suppliers → 200
2025-08-22 11:58:30,324 | INFO    | scraper.email_extractor |   0 emails on https://www.daf.com/en/suppliers (def from text)
2025-08-22 11:58:30,803 | INFO    | scraper.http         | HTTP GET https://www.daf.com/en/working-at-daf → 200
2025-08-22 11:58:30,854 | INFO    | scraper.email_extractor |   0 emails on https://www.daf.com/en/working-at-daf (def from text)
2025-08-22 11:58:30,905 | INFO    | scraper.hybrid_email_extractor | JS fallback for https://www.daf.com/en/working-at-daf
2025-08-22 11:58:35,179 | INFO    | scraper.email_extractor |   0 emails on https://www.daf.com/en/working-at-daf (def from text)
2025-08-22 11:58:35,655 | INFO    | scraper.http         | HTTP GET https://www.daf.com/en → 200
2025-08-22 11:58:35,721 | INFO    | scraper.email_extractor |   0 emails on https://www.daf.com/en (def from text)
2025-08-22 11:58:35,777 | WARNING | scraper.email_extractor | Failed to clean '': invalid format (no single @)
2025-08-22 11:58:35,777 | INFO    | scraper.hybrid_email_extractor | JS fallback for https://www.daf.com/en
2025-08-22 11:58:38,702 | INFO    | scraper.email_extractor |   0 emails on https://www.daf.com/en (def from text)
2025-08-22 11:58:38,764 | WARNING | scraper.email_extractor | Failed to clean '': invalid format (no single @)
2025-08-22 11:58:39,791 | INFO    | scraper.http         | HTTP GET https://www.daf.com/nl-nl → 200
2025-08-22 11:58:39,848 | INFO    | scraper.email_extractor |   0 emails on https://www.daf.com/nl-nl (def from text)
2025-08-22 11:58:39,906 | WARNING | scraper.email_extractor | Failed to clean '': invalid format (no single @)
2025-08-22 11:58:39,906 | INFO    | scraper.hybrid_email_extractor | JS fallback for https://www.daf.com/nl-nl
2025-08-22 11:58:42,074 | INFO    | scraper.email_extractor |   0 emails on https://www.daf.com/nl-nl (def from text)
2025-08-22 11:58:42,115 | WARNING | scraper.email_extractor | Failed to clean '': invalid format (no single @)
2025-08-22 11:58:42,463 | INFO    | scraper.http         | HTTP GET https://www.daf.com/en/dealer-locator-page → 200
2025-08-22 11:58:42,491 | INFO    | scraper.email_extractor |   0 emails on https://www.daf.com/en/dealer-locator-page (def from text)
2025-08-22 11:58:42,515 | INFO    | scraper.hybrid_email_extractor | JS fallback for https://www.daf.com/en/dealer-locator-page
2025-08-22 11:58:49,847 | INFO    | scraper.email_extractor |   0 emails on https://www.daf.com/en/dealer-locator-page (def from text)
2025-08-22 11:58:51,780 | INFO    | scraper.http         | HTTP GET https://www.daf.com.au → 200
2025-08-22 11:58:51,818 | INFO    | scraper.email_extractor |   0 emails on https://www.daf.com.au/ (def from text)
2025-08-22 11:58:51,845 | INFO    | scraper.hybrid_email_extractor | JS fallback for https://www.daf.com.au/
2025-08-22 11:58:57,703 | INFO    | scraper.email_extractor |   0 emails on https://www.daf.com.au/ (def from text)
2025-08-22 11:58:59,105 | INFO    | scraper.http         | HTTP GET https://www.daf.com.tw?MarketCode=TW → 200
2025-08-22 11:58:59,111 | INFO    | scraper.email_extractor |   0 emails on https://www.daf.com.tw/?MarketCode=TW (def from text)
2025-08-22 11:58:59,118 | INFO    | scraper.hybrid_email_extractor | JS fallback for https://www.daf.com.tw/?MarketCode=TW
2025-08-22 11:59:00,452 | INFO    | scraper.http         | HTTP GET https://readytogo.daf.com/en → 200
2025-08-22 11:59:00,479 | INFO    | scraper.email_extractor |   0 emails on https://readytogo.daf.com/en (def from text)
2025-08-22 11:59:00,498 | INFO    | scraper.hybrid_email_extractor | JS fallback for https://readytogo.daf.com/en
2025-08-22 11:59:03,123 | INFO    | scraper.email_extractor |   0 emails on https://readytogo.daf.com/en (def from text)
2025-08-22 11:59:03,503 | INFO    | scraper.http         | HTTP GET https://www.daf.com/en/driver-information/driver-manuals → 200
2025-08-22 11:59:03,551 | INFO    | scraper.email_extractor |   0 emails on https://www.daf.com/en/driver-information/driver-manuals (def from text)
2025-08-22 11:59:03,591 | INFO    | scraper.hybrid_email_extractor | JS fallback for https://www.daf.com/en/driver-information/driver-manuals
2025-08-22 11:59:05,203 | INFO    | scraper.email_extractor |   0 emails on https://www.daf.com/en/driver-information/driver-manuals (def from text)
2025-08-22 11:59:05,494 | INFO    | scraper.http         | HTTP GET https://rmi.daf.com → 200
2025-08-22 11:59:05,532 | INFO    | scraper.email_extractor |   0 emails on https://rmi.daf.com/en (def from text)
2025-08-22 11:59:05,564 | INFO    | scraper.hybrid_email_extractor | JS fallback for https://rmi.daf.com/en
2025-08-22 11:59:08,015 | INFO    | scraper.email_extractor |   0 emails on https://rmi.daf.com/en (def from text)
2025-08-22 11:59:08,379 | INFO    | scraper.http         | HTTP GET https://pti.daf.com → 200
2025-08-22 11:59:08,407 | INFO    | scraper.email_extractor |   0 emails on https://pti.daf.com/ (def from text)
2025-08-22 11:59:08,430 | INFO    | scraper.hybrid_email_extractor | JS fallback for https://pti.daf.com/
2025-08-22 11:59:10,324 | INFO    | scraper.email_extractor |   0 emails on https://pti.daf.com/ (def from text)
2025-08-22 11:59:10,491 | INFO    | scraper.http         | HTTP GET https://www.daf.com/en/about-daf → 200
2025-08-22 11:59:10,539 | INFO    | scraper.email_extractor |   0 emails on https://www.daf.com/en/about-daf (def from text)
2025-08-22 11:59:10,593 | WARNING | scraper.email_extractor | Failed to clean '': invalid format (no single @)
2025-08-22 11:59:11,184 | INFO    | scraper.http         | HTTP GET https://www.daf.com/en/products-and-services → 200
2025-08-22 11:59:11,285 | INFO    | scraper.email_extractor |   0 emails on https://www.daf.com/en/products-and-services (def from text)
2025-08-22 11:59:11,359 | WARNING | scraper.email_extractor | Failed to clean '': invalid format (no single @)
2025-08-22 11:59:11,360 | INFO    | scraper.hybrid_email_extractor | JS fallback for https://www.daf.com/en/products-and-services
2025-08-22 11:59:13,641 | INFO    | scraper.email_extractor |   0 emails on https://www.daf.com/en/products-and-services (def from text)
2025-08-22 11:59:13,716 | WARNING | scraper.email_extractor | Failed to clean '': invalid format (no single @)
2025-08-22 11:59:13,914 | INFO    | scraper.http         | HTTP GET https://www.daf.com/en/contact → 200
2025-08-22 11:59:13,999 | INFO    | scraper.email_extractor |   0 emails on https://www.daf.com/en/contact (def from text)
2025-08-22 11:59:14,352 | INFO    | scraper.http         | HTTP GET https://www.daf.com/en/contact/pems-testing-service-contact-page → 200
2025-08-22 11:59:14,397 | INFO    | scraper.email_extractor |   0 emails on https://www.daf.com/en/contact/pems-testing-service-contact-page (def from text)
2025-08-22 11:59:14,433 | INFO    | scraper.hybrid_email_extractor | JS fallback for https://www.daf.com/en/contact/pems-testing-service-contact-page
2025-08-22 11:59:16,739 | INFO    | scraper.email_extractor |   0 emails on https://www.daf.com/en/contact/pems-testing-service-contact-page (def from text)
2025-08-22 11:59:17,404 | INFO    | scraper.http         | HTTP GET https://www.daf.com/en/legal/code-of-conduct → 200
2025-08-22 11:59:17,449 | INFO    | scraper.email_extractor |   0 emails on https://www.daf.com/en/legal/code-of-conduct (def from text)
2025-08-22 11:59:17,729 | INFO    | scraper.hybrid_email_extractor | JS fallback for https://www.daf.com/en/legal/code-of-conduct
2025-08-22 11:59:20,881 | INFO    | scraper.email_extractor |   0 emails on https://www.daf.com/en/legal/code-of-conduct (def from text)
2025-08-22 11:59:21,272 | INFO    | scraper.http         | HTTP GET https://www.daf.com/en/working-at-daf/onboarding → 200
2025-08-22 11:59:21,323 | INFO    | scraper.email_extractor |   0 emails on https://www.daf.com/en/working-at-daf/onboarding (def from text)
2025-08-22 11:59:21,363 | INFO    | scraper.hybrid_email_extractor | JS fallback for https://www.daf.com/en/working-at-daf/onboarding
2025-08-22 11:59:23,579 | INFO    | scraper.email_extractor |   0 emails on https://www.daf.com/en/working-at-daf/onboarding (def from text)
2025-08-22 11:59:23,652 | INFO    | scraper.crawler      | Crawl of daf.com completed: 20 pages fetched, 382 unique URLs seen, 1 emails, 61.1 seconds
2025-08-22 11:59:23,652 | INFO    | scraper.orchestrator | ✓ Found 1 emails for daf trucks
2025-08-22 11:59:23,850 | INFO    | scraper.cli          | BrowserService: shutdown complete
2025-08-22 11:59:23,896 | INFO    | scraper.cli          | 
+--------------------------------------------------+
| RUN SUMMARY                                      |
+--------------------------------------------------+
| Leads           :   9
| Domain found    :   5
| No Google hits  :   4
| Domain unclear  :   0
| Sitemap used    :   5
| With e-mail     :   5
| Without e-mail  :   0
| Google errors   :   0
| Processing errors:   0
| Unique e-mails  :   6
| Runtime         :  230.4 s
| HTTP Requests   : 106
| HTTP errors     :   0
| No-response     :   1
+--------------------------------------------------+
2025-08-22 11:59:23,896 | INFO    | scraper.cli          | Saved 6 rows -> results.xlsx
2025-08-22 11:59:23,897 | INFO    | scraper.cli          | Verbose log -> C:\Dev\Projects\Scraping_directory\THE_Email_Scraper\scraper_20250822_115533.log
