2025-08-22 23:38:43,961 | DEBUG   | scraper.output_formatter | Output formatter initialized (verbose=True)
2025-08-22 23:38:43,961 | INFO    | scraper.cli          | Email scraper starting
2025-08-22 23:38:43,961 | INFO    | scraper.cli          | Input file: test_input.xlsx
2025-08-22 23:38:43,961 | INFO    | scraper.cli          | Output file: results.xlsx
2025-08-22 23:38:43,962 | INFO    | scraper.cli          | Workers: 16
2025-08-22 23:38:43,962 | INFO    | scraper.cli          | Domain threshold: 50
2025-08-22 23:38:43,962 | INFO    | scraper.cli          | Max pages: 50
2025-08-22 23:38:43,971 | INFO    | scraper.cli          | Process PDFs: False
2025-08-22 23:38:43,971 | INFO    | scraper.cli          | Save domain only: False
2025-08-22 23:38:43,971 | INFO    | scraper.config       | Updated max workers to 16
2025-08-22 23:38:44,174 | INFO    | scraper.cli          | Loaded 8 companies from test_input.xlsx
2025-08-22 23:38:44,379 | INFO    | scraper.regex_cache  | Precompiling 11 regex patterns
2025-08-22 23:38:44,380 | DEBUG   | scraper.regex_cache  | Compiled and cached regex pattern: (?i)(?<![A-Z0-9._%+-])[A-Z0-9._%+-]+@(?:[A-Z0-9-]+ (0.683ms)
2025-08-22 23:38:44,380 | DEBUG   | scraper.regex_cache  | Precompiled pattern 'email_basic'
2025-08-22 23:38:44,380 | DEBUG   | scraper.regex_cache  | Compiled and cached regex pattern: mailto: (0.042ms)
2025-08-22 23:38:44,380 | DEBUG   | scraper.regex_cache  | Precompiled pattern 'mailto'
2025-08-22 23:38:44,381 | DEBUG   | scraper.regex_cache  | Compiled and cached regex pattern: 
            (?P<user>[A-Za-z0-9._%+-]+)           (0.588ms)
2025-08-22 23:38:44,381 | DEBUG   | scraper.regex_cache  | Precompiled pattern 'obfuscated_email'
2025-08-22 23:38:44,382 | DEBUG   | scraper.regex_cache  | Compiled and cached regex pattern: noreply@ (0.046ms)
2025-08-22 23:38:44,382 | DEBUG   | scraper.regex_cache  | Precompiled pattern 'noreply'
2025-08-22 23:38:44,382 | DEBUG   | scraper.regex_cache  | Compiled and cached regex pattern: donotreply@ (0.049ms)
2025-08-22 23:38:44,382 | DEBUG   | scraper.regex_cache  | Precompiled pattern 'donotreply'
2025-08-22 23:38:44,382 | DEBUG   | scraper.regex_cache  | Compiled and cached regex pattern: no-reply@ (0.064ms)
2025-08-22 23:38:44,383 | DEBUG   | scraper.regex_cache  | Precompiled pattern 'no_reply'
2025-08-22 23:38:44,383 | DEBUG   | scraper.regex_cache  | Compiled and cached regex pattern: webmaster@ (0.091ms)
2025-08-22 23:38:44,383 | DEBUG   | scraper.regex_cache  | Precompiled pattern 'webmaster'
2025-08-22 23:38:44,383 | DEBUG   | scraper.regex_cache  | Compiled and cached regex pattern: hostmaster@ (0.092ms)
2025-08-22 23:38:44,383 | DEBUG   | scraper.regex_cache  | Precompiled pattern 'hostmaster'
2025-08-22 23:38:44,384 | DEBUG   | scraper.regex_cache  | Compiled and cached regex pattern: postmaster@ (0.042ms)
2025-08-22 23:38:44,385 | DEBUG   | scraper.regex_cache  | Precompiled pattern 'postmaster'
2025-08-22 23:38:44,386 | DEBUG   | scraper.regex_cache  | Compiled and cached regex pattern: \.(?:png|jpe?g|gif)$ (0.090ms)
2025-08-22 23:38:44,387 | DEBUG   | scraper.regex_cache  | Precompiled pattern 'image_extensions'
2025-08-22 23:38:44,387 | DEBUG   | scraper.regex_cache  | Compiled and cached regex pattern: ^[0-9a-f]{20,}$ (0.067ms)
2025-08-22 23:38:44,387 | DEBUG   | scraper.regex_cache  | Precompiled pattern 'hex_local_parts'
2025-08-22 23:38:44,388 | INFO    | scraper.regex_cache  | Precompiled 11 common email extraction patterns
2025-08-22 23:38:44,389 | DEBUG   | asyncio              | Using proactor: IocpProactor
2025-08-22 23:38:44,558 | DEBUG   | scraper.google_search | Google search cache persistence enabled
2025-08-22 23:38:44,558 | DEBUG   | scraper.http_client  | Created optimized session template with connection pooling
2025-08-22 23:38:44,559 | DEBUG   | scraper.http_client  | Created new session for domain: googleapis.com
2025-08-22 23:38:44,559 | INFO    | scraper.google_search | Google API requests session initialized
2025-08-22 23:38:44,559 | DEBUG   | scraper.google_search | Google search cache persistence enabled
2025-08-22 23:38:44,559 | DEBUG   | scraper.google_search | Google search cache persistence enabled
2025-08-22 23:38:44,559 | INFO    | scraper.async_orchestrator | Starting streaming processing of 8 companies
2025-08-22 23:38:44,560 | DEBUG   | scraper.async_google_search | [TRACE] search_companies_streaming: start with 8 companies
2025-08-22 23:38:44,560 | DEBUG   | scraper.async_google_search | [TRACE] search_companies_streaming: created 8 tasks
2025-08-22 23:38:44,560 | DEBUG   | scraper.async_google_search | [TRACE] search_companies_streaming: awaiting next completed task
2025-08-22 23:38:44,560 | DEBUG   | scraper.async_google_search | [TRACE] run: starting search for walter schmidt chemie gmbh
2025-08-22 23:38:44,561 | DEBUG   | scraper.google_search | Google cache MISS for query: "walter schmidt chemie gmbh" contact email
2025-08-22 23:38:44,561 | INFO    | scraper.async_google_search | Async Google API session initialized (max_concurrent=10)
2025-08-22 23:38:44,561 | DEBUG   | scraper.async_google_search | Async Google API search: "walter schmidt chemie gmbh" contact email
2025-08-22 23:38:44,562 | DEBUG   | scraper.async_google_search | [TRACE] run: starting search for henan xinlianxin fertilizer 
2025-08-22 23:38:44,562 | DEBUG   | scraper.google_search | Google cache MISS for query: "henan xinlianxin fertilizer" contact email
2025-08-22 23:38:44,562 | DEBUG   | scraper.async_google_search | Async rate limiting: waiting 0.80 seconds
2025-08-22 23:38:44,563 | DEBUG   | scraper.async_google_search | [TRACE] run: starting search for mitsui toatsu chemicals 
2025-08-22 23:38:44,563 | DEBUG   | scraper.google_search | Google cache MISS for query: "mitsui toatsu chemicals" contact email
2025-08-22 23:38:44,563 | DEBUG   | scraper.async_google_search | [TRACE] run: starting search for daf trucks
2025-08-22 23:38:44,563 | DEBUG   | scraper.google_search | Google cache MISS for query: "daf trucks" contact email
2025-08-22 23:38:44,564 | DEBUG   | scraper.async_google_search | [TRACE] run: starting search for petrol rete 
2025-08-22 23:38:44,564 | DEBUG   | scraper.google_search | Google cache MISS for query: "petrol rete" contact email
2025-08-22 23:38:44,564 | DEBUG   | scraper.async_google_search | [TRACE] run: starting search for euro dam jas doo
2025-08-22 23:38:44,564 | DEBUG   | scraper.google_search | Google cache MISS for query: "euro dam jas doo" contact email
2025-08-22 23:38:44,564 | DEBUG   | scraper.async_google_search | [TRACE] run: starting search for Synsol
2025-08-22 23:38:44,564 | DEBUG   | scraper.google_search | Google cache MISS for query: "Synsol" contact email
2025-08-22 23:38:44,565 | DEBUG   | scraper.async_google_search | [TRACE] run: starting search for speedy fuels
2025-08-22 23:38:44,565 | DEBUG   | scraper.google_search | Google cache MISS for query: "speedy fuels" contact email
2025-08-22 23:38:44,834 | DEBUG   | scraper.async_google_search | Async Google search returned 10 results for: "walter schmidt chemie gmbh" contact email
2025-08-22 23:38:44,835 | DEBUG   | scraper.google_search | Cached Google results for query: "walter schmidt chemie gmbh" contact email (10 results)
2025-08-22 23:38:44,835 | DEBUG   | scraper.async_google_search | [TRACE] run: finished search for walter schmidt chemie gmbh
2025-08-22 23:38:44,835 | DEBUG   | scraper.async_google_search | [TRACE] search_companies_streaming: got results for walter schmidt chemie gmbh
2025-08-22 23:38:44,835 | DEBUG   | scraper.async_orchestrator | [TRACE] Pulled company from google search: walter schmidt chemie gmbh
2025-08-22 23:38:44,836 | DEBUG   | scraper.async_orchestrator | [TRACE] on_company_start called for: walter schmidt chemie gmbh
2025-08-22 23:38:44,836 | DEBUG   | scraper.async_orchestrator | [TRACE] on_company_start awaited for: walter schmidt chemie gmbh
2025-08-22 23:38:44,836 | DEBUG   | filelock             | Attempting to acquire lock 1873667832672 on C:\Dev\Projects\Scraping_directory\THE_Email_Scraper\.venv\Lib\site-packages\tldextract\.suffix_cache\publicsuffix.org-tlds\de84b5ca2167d4c83e38fb162f2e8738.tldextract.json.lock
2025-08-22 23:38:44,838 | DEBUG   | filelock             | Lock 1873667832672 acquired on C:\Dev\Projects\Scraping_directory\THE_Email_Scraper\.venv\Lib\site-packages\tldextract\.suffix_cache\publicsuffix.org-tlds\de84b5ca2167d4c83e38fb162f2e8738.tldextract.json.lock
2025-08-22 23:38:44,840 | DEBUG   | filelock             | Attempting to release lock 1873667832672 on C:\Dev\Projects\Scraping_directory\THE_Email_Scraper\.venv\Lib\site-packages\tldextract\.suffix_cache\publicsuffix.org-tlds\de84b5ca2167d4c83e38fb162f2e8738.tldextract.json.lock
2025-08-22 23:38:44,841 | DEBUG   | filelock             | Lock 1873667832672 released on C:\Dev\Projects\Scraping_directory\THE_Email_Scraper\.venv\Lib\site-packages\tldextract\.suffix_cache\publicsuffix.org-tlds\de84b5ca2167d4c83e38fb162f2e8738.tldextract.json.lock
2025-08-22 23:38:44,862 | DEBUG   | scraper.domain_scorer | Domain score for walter schmidt chemie gmbh and walter-schmidt-chemie.de: 89 (base: 89, penalty: 0)
2025-08-22 23:38:44,863 | DEBUG   | scraper.domain_scorer | Domain score for walter schmidt chemie gmbh and rocketreach.co: 45 (base: 45, penalty: 0)
2025-08-22 23:38:44,863 | DEBUG   | scraper.domain_scorer | Domain score for walter schmidt chemie gmbh and walter-schmidt-chemie.de: 89 (base: 89, penalty: 0)
2025-08-22 23:38:44,864 | DEBUG   | scraper.domain_scorer | Domain score for walter schmidt chemie gmbh and schmidt-zement.de: 74 (base: 74, penalty: 0)
2025-08-22 23:38:44,864 | DEBUG   | scraper.domain_scorer | Domain score for walter schmidt chemie gmbh and carlroth.com: 50 (base: 50, penalty: 0)
2025-08-22 23:38:44,865 | DEBUG   | scraper.domain_scorer | Domain score for walter schmidt chemie gmbh and schmidt-zement.de: 74 (base: 74, penalty: 0)
2025-08-22 23:38:44,865 | DEBUG   | scraper.domain_scorer | Domain score for walter schmidt chemie gmbh and noba-normteile.de: 42 (base: 42, penalty: 0)
2025-08-22 23:38:44,865 | DEBUG   | scraper.domain_scorer | Domain score for walter schmidt chemie gmbh and schmidt-zement.de: 74 (base: 74, penalty: 0)
2025-08-22 23:38:44,865 | DEBUG   | scraper.domain_scorer | Applied penalty to linkedin.com (contains linkedin.com)
2025-08-22 23:38:44,866 | DEBUG   | scraper.domain_scorer | Domain score for walter schmidt chemie gmbh and linkedin.com: 15 (base: 40, penalty: 25)
2025-08-22 23:38:44,866 | DEBUG   | scraper.domain_scorer | Domain score for walter schmidt chemie gmbh and schmidt-zement.de: 74 (base: 74, penalty: 0)
2025-08-22 23:38:44,866 | DEBUG   | scraper.domain_scorer | Best domain for walter schmidt chemie gmbh: https://www.walter-schmidt-chemie.de/en/contact/imprint.html (score: 89)
2025-08-22 23:38:44,866 | DEBUG   | scraper.async_orchestrator | [TRACE] Domain scored for walter schmidt chemie gmbh: https://www.walter-schmidt-chemie.de/en/contact/imprint.html
2025-08-22 23:38:44,866 | DEBUG   | scraper.async_google_search | [TRACE] search_companies_streaming: awaiting next completed task
2025-08-22 23:38:44,866 | DEBUG   | scraper.async_orchestrator | 🌐 Processing domain: walter-schmidt-chemie.de (score: 89)
2025-08-22 23:38:44,867 | INFO    | scraper.async_http_client | Probing domain (sequential) for access method: walter-schmidt-chemie.de
2025-08-22 23:38:44,867 | DEBUG   | scraper.async_http_client | Testing access method https: https://walter-schmidt-chemie.de
2025-08-22 23:38:45,363 | DEBUG   | scraper.async_google_search | Async Google API search: "henan xinlianxin fertilizer" contact email
2025-08-22 23:38:45,364 | DEBUG   | scraper.async_google_search | Async rate limiting: waiting 0.80 seconds
2025-08-22 23:38:45,516 | DEBUG   | scraper.async_google_search | Async Google search returned 10 results for: "henan xinlianxin fertilizer" contact email
2025-08-22 23:38:45,516 | DEBUG   | scraper.google_search | Cached Google results for query: "henan xinlianxin fertilizer" contact email (10 results)
2025-08-22 23:38:45,516 | DEBUG   | scraper.async_google_search | [TRACE] run: finished search for henan xinlianxin fertilizer 
2025-08-22 23:38:45,517 | DEBUG   | scraper.async_google_search | [TRACE] search_companies_streaming: got results for henan xinlianxin fertilizer 
2025-08-22 23:38:45,517 | DEBUG   | scraper.async_orchestrator | [TRACE] Pulled company from google search: henan xinlianxin fertilizer 
2025-08-22 23:38:45,517 | DEBUG   | scraper.async_orchestrator | [TRACE] on_company_start called for: henan xinlianxin fertilizer 
2025-08-22 23:38:45,517 | DEBUG   | scraper.async_orchestrator | [TRACE] on_company_start awaited for: henan xinlianxin fertilizer 
2025-08-22 23:38:45,518 | DEBUG   | scraper.domain_scorer | Applied penalty to facebook.com (contains facebook.com)
2025-08-22 23:38:45,518 | DEBUG   | scraper.domain_scorer | Domain score for henan xinlianxin fertilizer  and facebook.com: 0 (base: 25, penalty: 25)
2025-08-22 23:38:45,518 | DEBUG   | scraper.domain_scorer | Domain score for henan xinlianxin fertilizer  and jet-inc.com: 42 (base: 42, penalty: 0)
2025-08-22 23:38:45,518 | DEBUG   | scraper.domain_scorer | Applied penalty to linkedin.com (contains linkedin.com)
2025-08-22 23:38:45,519 | DEBUG   | scraper.domain_scorer | Domain score for henan xinlianxin fertilizer  and linkedin.com: 37 (base: 62, penalty: 25)
2025-08-22 23:38:45,519 | DEBUG   | scraper.domain_scorer | Domain score for henan xinlianxin fertilizer  and sinofert.com: 75 (base: 75, penalty: 0)
2025-08-22 23:38:45,519 | DEBUG   | scraper.domain_scorer | Applied penalty to cn.linkedin.com (contains linkedin.com)
2025-08-22 23:38:45,519 | DEBUG   | scraper.domain_scorer | Domain score for henan xinlianxin fertilizer  and cn.linkedin.com: 37 (base: 62, penalty: 25)
2025-08-22 23:38:45,520 | DEBUG   | scraper.domain_scorer | Domain score for henan xinlianxin fertilizer  and methanol.org: 50 (base: 50, penalty: 0)
2025-08-22 23:38:45,520 | DEBUG   | scraper.domain_scorer | Domain score for henan xinlianxin fertilizer  and issuu.com: 22 (base: 22, penalty: 0)
2025-08-22 23:38:45,520 | DEBUG   | scraper.domain_scorer | Domain score for henan xinlianxin fertilizer  and airproducts.com: 36 (base: 36, penalty: 0)
2025-08-22 23:38:45,520 | DEBUG   | scraper.domain_scorer | Domain score for henan xinlianxin fertilizer  and cell.com: 33 (base: 33, penalty: 0)
2025-08-22 23:38:45,521 | DEBUG   | scraper.domain_scorer | Domain score for henan xinlianxin fertilizer  and fertilizerpricing.com: 74 (base: 74, penalty: 0)
2025-08-22 23:38:45,521 | DEBUG   | scraper.domain_scorer | Best domain for henan xinlianxin fertilizer : http://www.sinofert.com/en/s/5635-15034-47938.html (score: 75)
2025-08-22 23:38:45,521 | DEBUG   | scraper.async_orchestrator | [TRACE] Domain scored for henan xinlianxin fertilizer : http://www.sinofert.com/en/s/5635-15034-47938.html
2025-08-22 23:38:45,521 | DEBUG   | scraper.async_google_search | [TRACE] search_companies_streaming: awaiting next completed task
2025-08-22 23:38:45,522 | DEBUG   | scraper.async_orchestrator | 🌐 Processing domain: sinofert.com (score: 75)
2025-08-22 23:38:45,522 | INFO    | scraper.async_http_client | Probing domain (sequential) for access method: sinofert.com
2025-08-22 23:38:45,522 | DEBUG   | scraper.async_http_client | Testing access method https: https://sinofert.com
2025-08-22 23:38:45,534 | WARNING | scraper.async_http_client | Async request failed (attempt 1/2): https://sinofert.com - Cannot connect to host sinofert.com:443 ssl:default [getaddrinfo failed]
2025-08-22 23:38:45,957 | DEBUG   | scraper.async_http_client | Async HEAD https://walter-schmidt-chemie.de -> 200 (0 bytes)
2025-08-22 23:38:45,957 | INFO    | scraper.async_http_client | Selected access method for walter-schmidt-chemie.de: https
2025-08-22 23:38:45,957 | DEBUG   | scraper.async_orchestrator | Using optimized URL pattern: https://walter-schmidt-chemie.de
2025-08-22 23:38:46,169 | DEBUG   | scraper.async_google_search | Async Google API search: "mitsui toatsu chemicals" contact email
2025-08-22 23:38:46,170 | DEBUG   | scraper.async_google_search | Async rate limiting: waiting 0.80 seconds
2025-08-22 23:38:46,376 | DEBUG   | scraper.async_google_search | Async Google search returned 10 results for: "mitsui toatsu chemicals" contact email
2025-08-22 23:38:46,377 | DEBUG   | scraper.google_search | Cached Google results for query: "mitsui toatsu chemicals" contact email (10 results)
2025-08-22 23:38:46,377 | DEBUG   | scraper.async_google_search | [TRACE] run: finished search for mitsui toatsu chemicals 
2025-08-22 23:38:46,377 | DEBUG   | scraper.async_google_search | [TRACE] search_companies_streaming: got results for mitsui toatsu chemicals 
2025-08-22 23:38:46,377 | DEBUG   | scraper.async_orchestrator | [TRACE] Pulled company from google search: mitsui toatsu chemicals 
2025-08-22 23:38:46,377 | DEBUG   | scraper.async_orchestrator | [TRACE] on_company_start called for: mitsui toatsu chemicals 
2025-08-22 23:38:46,378 | DEBUG   | scraper.async_orchestrator | [TRACE] on_company_start awaited for: mitsui toatsu chemicals 
2025-08-22 23:38:46,378 | DEBUG   | scraper.domain_scorer | Domain score for mitsui toatsu chemicals  and kuraray.com: 28 (base: 28, penalty: 0)
2025-08-22 23:38:46,378 | DEBUG   | scraper.domain_scorer | Domain score for mitsui toatsu chemicals  and globaldata.com: 30 (base: 30, penalty: 0)
2025-08-22 23:38:46,378 | DEBUG   | scraper.domain_scorer | Domain score for mitsui toatsu chemicals  and jp.mitsuichemicals.com: 88 (base: 88, penalty: 0)
2025-08-22 23:38:46,379 | DEBUG   | scraper.domain_scorer | Domain score for mitsui toatsu chemicals  and www3.epa.gov: 33 (base: 33, penalty: 0)
2025-08-22 23:38:46,379 | DEBUG   | scraper.domain_scorer | Domain score for mitsui toatsu chemicals  and bccresearch.com: 36 (base: 36, penalty: 0)
2025-08-22 23:38:46,379 | DEBUG   | scraper.domain_scorer | Domain score for mitsui toatsu chemicals  and carlyle.com: 54 (base: 54, penalty: 0)
2025-08-22 23:38:46,379 | DEBUG   | scraper.domain_scorer | Domain score for mitsui toatsu chemicals  and mc-croplifesolutions.com: 45 (base: 45, penalty: 0)
2025-08-22 23:38:46,380 | DEBUG   | scraper.domain_scorer | Domain score for mitsui toatsu chemicals  and agc.com: 33 (base: 33, penalty: 0)
2025-08-22 23:38:46,380 | DEBUG   | scraper.domain_scorer | Domain score for mitsui toatsu chemicals  and pubmed.ncbi.nlm.nih.gov: 40 (base: 40, penalty: 0)
2025-08-22 23:38:46,380 | DEBUG   | scraper.domain_scorer | Domain score for mitsui toatsu chemicals  and andersondevelopment.com: 25 (base: 25, penalty: 0)
2025-08-22 23:38:46,380 | DEBUG   | scraper.domain_scorer | Best domain for mitsui toatsu chemicals : https://jp.mitsuichemicals.com/en/corporate/number/index.htm (score: 88)
2025-08-22 23:38:46,380 | DEBUG   | scraper.async_orchestrator | [TRACE] Domain scored for mitsui toatsu chemicals : https://jp.mitsuichemicals.com/en/corporate/number/index.htm
2025-08-22 23:38:46,381 | DEBUG   | scraper.async_google_search | [TRACE] search_companies_streaming: awaiting next completed task
2025-08-22 23:38:46,381 | DEBUG   | scraper.async_orchestrator | 🌐 Processing domain: jp.mitsuichemicals.com (score: 88)
2025-08-22 23:38:46,381 | INFO    | scraper.async_http_client | Probing domain (sequential) for access method: jp.mitsuichemicals.com
2025-08-22 23:38:46,381 | DEBUG   | scraper.async_http_client | Testing access method https: https://jp.mitsuichemicals.com
2025-08-22 23:38:46,543 | WARNING | scraper.async_http_client | Async request failed (attempt 2/2): https://sinofert.com - Cannot connect to host sinofert.com:443 ssl:default [getaddrinfo failed]
2025-08-22 23:38:46,544 | WARNING | scraper.async_http_client | Async request failed (attempt 1/2): https://sinofert.com - Cannot connect to host sinofert.com:443 ssl:default [getaddrinfo failed]
2025-08-22 23:38:46,656 | DEBUG   | scraper.async_http_client | Async GET https://walter-schmidt-chemie.de -> 200 (0 bytes)
2025-08-22 23:38:46,657 | DEBUG   | scraper.google_search | Google cache MISS for query: site:walter-schmidt-chemie.de "@walter-schmidt-chemie.de"
2025-08-22 23:38:46,978 | DEBUG   | scraper.async_google_search | Async Google API search: "daf trucks" contact email
2025-08-22 23:38:46,979 | DEBUG   | scraper.async_google_search | Async rate limiting: waiting 0.80 seconds
2025-08-22 23:38:46,992 | DEBUG   | scraper.async_http_client | Async HEAD https://jp.mitsuichemicals.com -> 200 (20313 bytes)
2025-08-22 23:38:46,993 | INFO    | scraper.async_http_client | Selected access method for jp.mitsuichemicals.com: https
2025-08-22 23:38:46,993 | DEBUG   | scraper.async_orchestrator | Using optimized URL pattern: https://jp.mitsuichemicals.com
2025-08-22 23:38:47,192 | DEBUG   | scraper.async_google_search | Async Google search returned 10 results for: "daf trucks" contact email
2025-08-22 23:38:47,192 | DEBUG   | scraper.google_search | Cached Google results for query: "daf trucks" contact email (10 results)
2025-08-22 23:38:47,193 | DEBUG   | scraper.async_google_search | [TRACE] run: finished search for daf trucks
2025-08-22 23:38:47,193 | DEBUG   | scraper.async_google_search | [TRACE] search_companies_streaming: got results for daf trucks
2025-08-22 23:38:47,193 | DEBUG   | scraper.async_orchestrator | [TRACE] Pulled company from google search: daf trucks
2025-08-22 23:38:47,193 | DEBUG   | scraper.async_orchestrator | [TRACE] on_company_start called for: daf trucks
2025-08-22 23:38:47,193 | DEBUG   | scraper.async_orchestrator | [TRACE] on_company_start awaited for: daf trucks
2025-08-22 23:38:47,194 | DEBUG   | scraper.domain_scorer | Domain score for daf trucks and daf.com: 100 (base: 100, penalty: 0)
2025-08-22 23:38:47,194 | DEBUG   | scraper.domain_scorer | Domain score for daf trucks and daf.global: 100 (base: 100, penalty: 0)
2025-08-22 23:38:47,194 | DEBUG   | scraper.domain_scorer | Domain score for daf trucks and daf.co.uk: 100 (base: 100, penalty: 0)
2025-08-22 23:38:47,195 | DEBUG   | scraper.domain_scorer | Domain score for daf trucks and rmi.daf.com: 100 (base: 100, penalty: 0)
2025-08-22 23:38:47,195 | DEBUG   | scraper.domain_scorer | Domain score for daf trucks and hereforddaftrucks.co.uk: 100 (base: 100, penalty: 0)
2025-08-22 23:38:47,196 | DEBUG   | scraper.domain_scorer | Domain score for daf trucks and gloucesterdaftrucks.co.uk: 100 (base: 100, penalty: 0)
2025-08-22 23:38:47,196 | DEBUG   | scraper.domain_scorer | Domain score for daf trucks and paccar.com: 36 (base: 36, penalty: 0)
2025-08-22 23:38:47,197 | DEBUG   | scraper.domain_scorer | Domain score for daf trucks and gbdaf.com: 75 (base: 75, penalty: 0)
2025-08-22 23:38:47,199 | DEBUG   | scraper.domain_scorer | Domain score for daf trucks and suttondaftrucks.co.uk: 100 (base: 100, penalty: 0)
2025-08-22 23:38:47,199 | DEBUG   | scraper.domain_scorer | Domain score for daf trucks and harrisdaf.com: 50 (base: 50, penalty: 0)
2025-08-22 23:38:47,200 | DEBUG   | scraper.domain_scorer | Best domain for daf trucks: https://www.daf.com/en/contact (score: 100)
2025-08-22 23:38:47,200 | DEBUG   | scraper.async_orchestrator | [TRACE] Domain scored for daf trucks: https://www.daf.com/en/contact
2025-08-22 23:38:47,201 | DEBUG   | scraper.async_google_search | [TRACE] search_companies_streaming: awaiting next completed task
2025-08-22 23:38:47,201 | DEBUG   | scraper.async_orchestrator | 🌐 Processing domain: daf.com (score: 100)
2025-08-22 23:38:47,201 | INFO    | scraper.async_http_client | Probing domain (sequential) for access method: daf.com
2025-08-22 23:38:47,203 | DEBUG   | scraper.async_http_client | Testing access method https: https://daf.com
2025-08-22 23:38:47,472 | DEBUG   | scraper.async_http_client | Async GET https://jp.mitsuichemicals.com -> 200 (20313 bytes)
2025-08-22 23:38:47,473 | DEBUG   | scraper.google_search | Google cache MISS for query: site:jp.mitsuichemicals.com "@jp.mitsuichemicals.com"
2025-08-22 23:38:47,541 | DEBUG   | scraper.async_http_client | Async HEAD https://daf.com -> 200 (14849 bytes)
2025-08-22 23:38:47,542 | INFO    | scraper.async_http_client | Selected access method for daf.com: https
2025-08-22 23:38:47,542 | DEBUG   | scraper.async_orchestrator | Using optimized URL pattern: https://daf.com
2025-08-22 23:38:47,553 | WARNING | scraper.async_http_client | Async request failed (attempt 2/2): https://sinofert.com - Cannot connect to host sinofert.com:443 ssl:default [getaddrinfo failed]
2025-08-22 23:38:47,553 | DEBUG   | scraper.async_http_client | Testing access method http: http://sinofert.com
2025-08-22 23:38:47,554 | WARNING | scraper.async_http_client | Async request failed (attempt 1/2): http://sinofert.com - Cannot connect to host sinofert.com:80 ssl:default [getaddrinfo failed]
2025-08-22 23:38:47,554 | WARNING | scraper.async_components | Circuit breaker OPEN for sinofert.com (5)
2025-08-22 23:38:47,683 | DEBUG   | scraper.async_http_client | Async GET https://daf.com -> 200 (0 bytes)
2025-08-22 23:38:47,683 | DEBUG   | scraper.google_search | Google cache MISS for query: site:daf.com "@daf.com"
2025-08-22 23:38:47,784 | DEBUG   | scraper.async_google_search | Async Google API search: "petrol rete" contact email
2025-08-22 23:38:47,785 | DEBUG   | scraper.async_google_search | Async rate limiting: waiting 0.80 seconds
2025-08-22 23:38:47,993 | DEBUG   | scraper.async_google_search | Async Google search returned 10 results for: "petrol rete" contact email
2025-08-22 23:38:47,994 | DEBUG   | scraper.google_search | Cached Google results for query: "petrol rete" contact email (10 results)
2025-08-22 23:38:47,994 | DEBUG   | scraper.async_google_search | [TRACE] run: finished search for petrol rete 
2025-08-22 23:38:47,994 | DEBUG   | scraper.async_google_search | [TRACE] search_companies_streaming: got results for petrol rete 
2025-08-22 23:38:47,995 | DEBUG   | scraper.async_orchestrator | [TRACE] Pulled company from google search: petrol rete 
2025-08-22 23:38:47,995 | DEBUG   | scraper.async_orchestrator | [TRACE] on_company_start called for: petrol rete 
2025-08-22 23:38:47,995 | DEBUG   | scraper.async_orchestrator | [TRACE] on_company_start awaited for: petrol rete 
2025-08-22 23:38:47,995 | DEBUG   | scraper.domain_scorer | Applied penalty to facebook.com (contains facebook.com)
2025-08-22 23:38:47,995 | DEBUG   | scraper.domain_scorer | Domain score for petrol rete  and facebook.com: 5 (base: 30, penalty: 25)
2025-08-22 23:38:47,995 | DEBUG   | scraper.domain_scorer | Domain score for petrol rete  and scribd.com: 19 (base: 19, penalty: 0)
2025-08-22 23:38:47,996 | DEBUG   | scraper.domain_scorer | Applied penalty to facebook.com (contains facebook.com)
2025-08-22 23:38:47,996 | DEBUG   | scraper.domain_scorer | Domain score for petrol rete  and facebook.com: 5 (base: 30, penalty: 25)
2025-08-22 23:38:47,996 | DEBUG   | scraper.domain_scorer | Domain score for petrol rete  and prezzibenzina.it: 46 (base: 46, penalty: 0)
2025-08-22 23:38:47,996 | DEBUG   | scraper.domain_scorer | Domain score for petrol rete  and alvolante.it: 53 (base: 53, penalty: 0)
2025-08-22 23:38:47,996 | DEBUG   | scraper.domain_scorer | Domain score for petrol rete  and piazzalucana.it: 23 (base: 23, penalty: 0)
2025-08-22 23:38:47,996 | DEBUG   | scraper.domain_scorer | Domain score for petrol rete  and geomonitorsnc.com: 40 (base: 40, penalty: 0)
2025-08-22 23:38:47,997 | DEBUG   | scraper.domain_scorer | Domain score for petrol rete  and alvolante.it: 53 (base: 53, penalty: 0)
2025-08-22 23:38:47,997 | DEBUG   | scraper.domain_scorer | Domain score for petrol rete  and oraridiapertura24.it: 42 (base: 42, penalty: 0)
2025-08-22 23:38:47,997 | DEBUG   | scraper.domain_scorer | Domain score for petrol rete  and fatturatoitalia.it: 40 (base: 40, penalty: 0)
2025-08-22 23:38:47,997 | DEBUG   | scraper.domain_scorer | Best domain for petrol rete : https://www.alvolante.it/prezzo-carburante/basilicata/potenza/pompe-bianche-petrol-rete-59655 (score: 53)
2025-08-22 23:38:47,997 | DEBUG   | scraper.async_orchestrator | [TRACE] Domain scored for petrol rete : https://www.alvolante.it/prezzo-carburante/basilicata/potenza/pompe-bianche-petrol-rete-59655
2025-08-22 23:38:47,997 | DEBUG   | scraper.async_google_search | [TRACE] search_companies_streaming: awaiting next completed task
2025-08-22 23:38:47,997 | DEBUG   | scraper.async_orchestrator | 🌐 Processing domain: alvolante.it (score: 53)
2025-08-22 23:38:47,998 | INFO    | scraper.async_http_client | Probing domain (sequential) for access method: alvolante.it
2025-08-22 23:38:47,998 | DEBUG   | scraper.async_http_client | Testing access method https: https://alvolante.it
2025-08-22 23:38:48,278 | DEBUG   | scraper.async_http_client | Async HEAD https://alvolante.it -> 200 (42920 bytes)
2025-08-22 23:38:48,279 | INFO    | scraper.async_http_client | Selected access method for alvolante.it: https
2025-08-22 23:38:48,279 | DEBUG   | scraper.async_orchestrator | Using optimized URL pattern: https://alvolante.it
2025-08-22 23:38:48,412 | DEBUG   | scraper.async_http_client | Async GET https://alvolante.it -> 200 (42920 bytes)
2025-08-22 23:38:48,412 | DEBUG   | scraper.google_search | Google cache MISS for query: site:alvolante.it "@alvolante.it"
2025-08-22 23:38:48,562 | WARNING | scraper.async_http_client | Async request failed (attempt 2/2): http://sinofert.com - Cannot connect to host sinofert.com:80 ssl:default [getaddrinfo failed]
2025-08-22 23:38:48,562 | WARNING | scraper.async_components | Circuit breaker OPEN for sinofert.com (6)
2025-08-22 23:38:48,562 | DEBUG   | scraper.async_http_client | Circuit breaker open for domain: sinofert.com
2025-08-22 23:38:48,562 | DEBUG   | scraper.async_http_client | Testing access method https_www: https://www.sinofert.com
2025-08-22 23:38:48,563 | DEBUG   | scraper.async_http_client | Circuit breaker open for domain: sinofert.com
2025-08-22 23:38:48,563 | DEBUG   | scraper.async_http_client | Circuit breaker open for domain: sinofert.com
2025-08-22 23:38:48,563 | DEBUG   | scraper.async_http_client | Testing access method http_www: http://www.sinofert.com
2025-08-22 23:38:48,563 | DEBUG   | scraper.async_http_client | Circuit breaker open for domain: sinofert.com
2025-08-22 23:38:48,563 | DEBUG   | scraper.async_http_client | Circuit breaker open for domain: sinofert.com
2025-08-22 23:38:48,564 | WARNING | scraper.async_http_client | All access methods failed for domain: sinofert.com
2025-08-22 23:38:48,564 | WARNING | scraper.async_orchestrator | Could not establish connection to domain: sinofert.com
2025-08-22 23:38:48,590 | DEBUG   | scraper.async_google_search | Async Google API search: "euro dam jas doo" contact email
2025-08-22 23:38:48,592 | DEBUG   | scraper.async_google_search | Async rate limiting: waiting 0.80 seconds
2025-08-22 23:38:48,790 | DEBUG   | scraper.async_google_search | Async Google search returned 10 results for: "euro dam jas doo" contact email
2025-08-22 23:38:48,791 | DEBUG   | scraper.google_search | Cached Google results for query: "euro dam jas doo" contact email (10 results)
2025-08-22 23:38:48,791 | DEBUG   | scraper.async_google_search | [TRACE] run: finished search for euro dam jas doo
2025-08-22 23:38:48,791 | DEBUG   | scraper.async_google_search | [TRACE] search_companies_streaming: got results for euro dam jas doo
2025-08-22 23:38:48,791 | DEBUG   | scraper.async_orchestrator | [TRACE] Pulled company from google search: euro dam jas doo
2025-08-22 23:38:48,792 | DEBUG   | scraper.async_orchestrator | [TRACE] on_company_start called for: euro dam jas doo
2025-08-22 23:38:48,792 | DEBUG   | scraper.async_orchestrator | [TRACE] on_company_start awaited for: euro dam jas doo
2025-08-22 23:38:48,792 | DEBUG   | scraper.domain_scorer | Applied penalty to ba.linkedin.com (contains linkedin.com)
2025-08-22 23:38:48,792 | DEBUG   | scraper.domain_scorer | Domain score for euro dam jas doo and ba.linkedin.com: 25 (base: 50, penalty: 25)
2025-08-22 23:38:48,792 | DEBUG   | scraper.domain_scorer | Applied penalty to instagram.com (contains instagram.com)
2025-08-22 23:38:48,793 | DEBUG   | scraper.domain_scorer | Domain score for euro dam jas doo and instagram.com: 12 (base: 37, penalty: 25)
2025-08-22 23:38:48,793 | DEBUG   | scraper.domain_scorer | Domain score for euro dam jas doo and goodyear.eu: 42 (base: 42, penalty: 0)
2025-08-22 23:38:48,793 | DEBUG   | scraper.domain_scorer | Domain score for euro dam jas doo and companywall.ba: 30 (base: 30, penalty: 0)
2025-08-22 23:38:48,793 | DEBUG   | scraper.domain_scorer | Applied penalty to linkedin.com (contains linkedin.com)
2025-08-22 23:38:48,794 | DEBUG   | scraper.domain_scorer | Domain score for euro dam jas doo and linkedin.com: 5 (base: 30, penalty: 25)
2025-08-22 23:38:48,794 | DEBUG   | scraper.domain_scorer | Applied penalty to facebook.com (contains facebook.com)
2025-08-22 23:38:48,794 | DEBUG   | scraper.domain_scorer | Domain score for euro dam jas doo and facebook.com: 21 (base: 46, penalty: 25)
2025-08-22 23:38:48,794 | DEBUG   | scraper.domain_scorer | Domain score for euro dam jas doo and jpautoceste.ba: 35 (base: 35, penalty: 0)
2025-08-22 23:38:48,795 | DEBUG   | scraper.domain_scorer | Applied penalty to facebook.com (contains facebook.com)
2025-08-22 23:38:48,795 | DEBUG   | scraper.domain_scorer | Domain score for euro dam jas doo and facebook.com: 21 (base: 46, penalty: 25)
2025-08-22 23:38:48,795 | DEBUG   | scraper.domain_scorer | Domain score for euro dam jas doo and scribd.com: 40 (base: 40, penalty: 0)
2025-08-22 23:38:48,795 | DEBUG   | scraper.domain_scorer | Domain score for euro dam jas doo and flek.ba: 40 (base: 40, penalty: 0)
2025-08-22 23:38:48,795 | DEBUG   | scraper.domain_scorer | Best domain for euro dam jas doo: https://www.goodyear.eu/bs_ba/consumer/all-dealers/lukavac/euro-dam-jas-doo-30092243.html (score: 42)
2025-08-22 23:38:48,796 | DEBUG   | scraper.async_orchestrator | [TRACE] Domain scored for euro dam jas doo: https://www.goodyear.eu/bs_ba/consumer/all-dealers/lukavac/euro-dam-jas-doo-30092243.html
2025-08-22 23:38:48,796 | DEBUG   | scraper.async_google_search | [TRACE] search_companies_streaming: awaiting next completed task
2025-08-22 23:38:49,396 | DEBUG   | scraper.async_google_search | Async Google API search: "Synsol" contact email
2025-08-22 23:38:49,398 | DEBUG   | scraper.async_google_search | Async rate limiting: waiting 0.80 seconds
2025-08-22 23:38:49,566 | DEBUG   | scraper.async_google_search | Async Google search returned 10 results for: "Synsol" contact email
2025-08-22 23:38:49,567 | DEBUG   | scraper.google_search | Cached Google results for query: "Synsol" contact email (10 results)
2025-08-22 23:38:49,567 | DEBUG   | scraper.async_google_search | [TRACE] run: finished search for Synsol
2025-08-22 23:38:49,567 | DEBUG   | scraper.async_google_search | [TRACE] search_companies_streaming: got results for Synsol
2025-08-22 23:38:49,567 | DEBUG   | scraper.async_orchestrator | [TRACE] Pulled company from google search: Synsol
2025-08-22 23:38:49,567 | DEBUG   | scraper.async_orchestrator | [TRACE] on_company_start called for: Synsol
2025-08-22 23:38:49,567 | DEBUG   | scraper.async_orchestrator | [TRACE] on_company_start awaited for: Synsol
2025-08-22 23:38:49,568 | DEBUG   | scraper.domain_scorer | Domain score for Synsol and www1.mscdirect.com: 25 (base: 25, penalty: 0)
2025-08-22 23:38:49,568 | DEBUG   | scraper.domain_scorer | Domain score for Synsol and synsol.ch: 100 (base: 100, penalty: 0)
2025-08-22 23:38:49,568 | DEBUG   | scraper.domain_scorer | Domain score for Synsol and www1.mscdirect.com: 25 (base: 25, penalty: 0)
2025-08-22 23:38:49,568 | DEBUG   | scraper.domain_scorer | Domain score for Synsol and contactout.com: 33 (base: 33, penalty: 0)
2025-08-22 23:38:49,568 | DEBUG   | scraper.domain_scorer | Domain score for Synsol and synsol.ch: 100 (base: 100, penalty: 0)
2025-08-22 23:38:49,568 | DEBUG   | scraper.domain_scorer | Domain score for Synsol and mscdirect.com: 25 (base: 25, penalty: 0)
2025-08-22 23:38:49,569 | DEBUG   | scraper.domain_scorer | Applied penalty to crunchbase.com (contains crunchbase.com)
2025-08-22 23:38:49,569 | DEBUG   | scraper.domain_scorer | Domain score for Synsol and crunchbase.com: 8 (base: 33, penalty: 25)
2025-08-22 23:38:49,569 | DEBUG   | scraper.domain_scorer | Domain score for Synsol and find-and-update.company-information.service.gov.uk: 50 (base: 50, penalty: 0)
2025-08-22 23:38:49,569 | DEBUG   | scraper.domain_scorer | Domain score for Synsol and metalloidcorp.com: 22 (base: 22, penalty: 0)
2025-08-22 23:38:49,569 | DEBUG   | scraper.domain_scorer | Domain score for Synsol and find-and-update.company-information.service.gov.uk: 50 (base: 50, penalty: 0)
2025-08-22 23:38:49,569 | DEBUG   | scraper.domain_scorer | Best domain for Synsol: https://synsol.ch/privacy-policy-of-synsol-ag/ (score: 100)
2025-08-22 23:38:49,570 | DEBUG   | scraper.async_orchestrator | [TRACE] Domain scored for Synsol: https://synsol.ch/privacy-policy-of-synsol-ag/
2025-08-22 23:38:49,570 | DEBUG   | scraper.async_google_search | [TRACE] search_companies_streaming: awaiting next completed task
2025-08-22 23:38:49,570 | DEBUG   | scraper.async_orchestrator | 🌐 Processing domain: synsol.ch (score: 100)
2025-08-22 23:38:49,570 | INFO    | scraper.async_http_client | Probing domain (sequential) for access method: synsol.ch
2025-08-22 23:38:49,570 | DEBUG   | scraper.async_http_client | Testing access method https: https://synsol.ch
2025-08-22 23:38:50,152 | DEBUG   | scraper.async_http_client | Async HEAD https://synsol.ch -> 200 (0 bytes)
2025-08-22 23:38:50,152 | INFO    | scraper.async_http_client | Selected access method for synsol.ch: https
2025-08-22 23:38:50,152 | DEBUG   | scraper.async_orchestrator | Using optimized URL pattern: https://synsol.ch
2025-08-22 23:38:50,203 | DEBUG   | scraper.async_http_client | Async GET https://synsol.ch -> 200 (0 bytes)
2025-08-22 23:38:50,203 | DEBUG   | scraper.google_search | Google cache MISS for query: site:synsol.ch "@synsol.ch"
2025-08-22 23:38:50,203 | DEBUG   | scraper.async_google_search | Async Google API search: "speedy fuels" contact email
2025-08-22 23:38:50,204 | DEBUG   | scraper.async_google_search | Async rate limiting: waiting 0.80 seconds
2025-08-22 23:38:50,400 | DEBUG   | scraper.async_google_search | Async Google search returned 10 results for: "speedy fuels" contact email
2025-08-22 23:38:50,401 | DEBUG   | scraper.google_search | Cached Google results for query: "speedy fuels" contact email (10 results)
2025-08-22 23:38:50,401 | DEBUG   | scraper.async_google_search | [TRACE] run: finished search for speedy fuels
2025-08-22 23:38:50,402 | DEBUG   | scraper.async_google_search | [TRACE] search_companies_streaming: got results for speedy fuels
2025-08-22 23:38:50,402 | DEBUG   | scraper.async_orchestrator | [TRACE] Pulled company from google search: speedy fuels
2025-08-22 23:38:50,402 | DEBUG   | scraper.async_orchestrator | [TRACE] on_company_start called for: speedy fuels
2025-08-22 23:38:50,403 | DEBUG   | scraper.async_orchestrator | [TRACE] on_company_start awaited for: speedy fuels
2025-08-22 23:38:50,403 | DEBUG   | scraper.domain_scorer | Domain score for speedy fuels and speedyfuels.co.uk: 100 (base: 100, penalty: 0)
2025-08-22 23:38:50,403 | DEBUG   | scraper.domain_scorer | Domain score for speedy fuels and cdn.speedyfuels.co.uk: 100 (base: 100, penalty: 0)
2025-08-22 23:38:50,404 | DEBUG   | scraper.domain_scorer | Domain score for speedy fuels and sustainability.speedyfuels.co.uk: 100 (base: 100, penalty: 0)
2025-08-22 23:38:50,404 | DEBUG   | scraper.domain_scorer | Domain score for speedy fuels and cdn.speedyfuels.co.uk: 100 (base: 100, penalty: 0)
2025-08-22 23:38:50,405 | DEBUG   | scraper.domain_scorer | Domain score for speedy fuels and sustainability.speedyfuels.co.uk: 100 (base: 100, penalty: 0)
2025-08-22 23:38:50,405 | DEBUG   | scraper.domain_scorer | Applied penalty to uk.linkedin.com (contains linkedin.com)
2025-08-22 23:38:50,405 | DEBUG   | scraper.domain_scorer | Domain score for speedy fuels and uk.linkedin.com: 25 (base: 50, penalty: 25)
2025-08-22 23:38:50,405 | DEBUG   | scraper.domain_scorer | Domain score for speedy fuels and sustainability.speedyfuels.co.uk: 100 (base: 100, penalty: 0)
2025-08-22 23:38:50,406 | DEBUG   | scraper.domain_scorer | Domain score for speedy fuels and zoominfo.com: 15 (base: 15, penalty: 0)
2025-08-22 23:38:50,406 | DEBUG   | scraper.domain_scorer | Domain score for speedy fuels and sustainability.speedyfuels.co.uk: 100 (base: 100, penalty: 0)
2025-08-22 23:38:50,406 | DEBUG   | scraper.domain_scorer | Domain score for speedy fuels and crownoil.co.uk: 19 (base: 19, penalty: 0)
2025-08-22 23:38:50,406 | DEBUG   | scraper.domain_scorer | Best domain for speedy fuels: https://www.speedyfuels.co.uk/contact-us/ (score: 100)
2025-08-22 23:38:50,406 | DEBUG   | scraper.async_orchestrator | [TRACE] Domain scored for speedy fuels: https://www.speedyfuels.co.uk/contact-us/
2025-08-22 23:38:50,407 | DEBUG   | scraper.async_orchestrator | 🌐 Processing domain: speedyfuels.co.uk (score: 100)
2025-08-22 23:38:50,407 | INFO    | scraper.async_http_client | Probing domain (sequential) for access method: speedyfuels.co.uk
2025-08-22 23:38:50,407 | DEBUG   | scraper.async_http_client | Testing access method https: https://speedyfuels.co.uk
2025-08-22 23:38:50,610 | DEBUG   | scraper.async_http_client | Async HEAD https://speedyfuels.co.uk -> 200 (0 bytes)
2025-08-22 23:38:50,611 | INFO    | scraper.async_http_client | Selected access method for speedyfuels.co.uk: https
2025-08-22 23:38:50,611 | DEBUG   | scraper.async_orchestrator | Using optimized URL pattern: https://speedyfuels.co.uk
2025-08-22 23:38:50,722 | DEBUG   | scraper.async_http_client | Async GET https://speedyfuels.co.uk -> 200 (0 bytes)
2025-08-22 23:38:50,722 | DEBUG   | scraper.google_search | Google cache MISS for query: site:speedyfuels.co.uk "@speedyfuels.co.uk"
2025-08-22 23:38:51,014 | DEBUG   | scraper.async_google_search | Async Google API search: site:walter-schmidt-chemie.de "@walter-schmidt-chemie.de"
2025-08-22 23:38:51,016 | DEBUG   | scraper.async_google_search | Async rate limiting: waiting 0.80 seconds
2025-08-22 23:38:51,171 | DEBUG   | scraper.async_google_search | Async Google search returned 5 results for: site:walter-schmidt-chemie.de "@walter-schmidt-chemie.de"
2025-08-22 23:38:51,172 | DEBUG   | scraper.google_search | Cached Google results for query: site:walter-schmidt-chemie.de "@walter-schmidt-chemie.de" (5 results)
2025-08-22 23:38:51,551 | DEBUG   | scraper.async_http_client | Async GET https://walter-schmidt-chemie.de/contact -> 404 (0 bytes)
2025-08-22 23:38:51,828 | DEBUG   | scraper.async_google_search | Async Google API search: site:jp.mitsuichemicals.com "@jp.mitsuichemicals.com"
2025-08-22 23:38:51,829 | DEBUG   | scraper.async_google_search | Async rate limiting: waiting 0.80 seconds
2025-08-22 23:38:51,855 | DEBUG   | scraper.async_http_client | Async GET https://walter-schmidt-chemie.de/contact/ -> 404 (0 bytes)
2025-08-22 23:38:52,003 | DEBUG   | scraper.async_http_client | Async GET https://walter-schmidt-chemie.de/contacts -> 404 (0 bytes)
2025-08-22 23:38:52,016 | DEBUG   | scraper.async_google_search | Async Google search returned 5 results for: site:jp.mitsuichemicals.com "@jp.mitsuichemicals.com"
2025-08-22 23:38:52,016 | DEBUG   | scraper.google_search | Cached Google results for query: site:jp.mitsuichemicals.com "@jp.mitsuichemicals.com" (5 results)
2025-08-22 23:38:52,020 | DEBUG   | scraper.async_http_client | Async GET https://walter-schmidt-chemie.de/contacts/ -> 404 (0 bytes)
2025-08-22 23:38:52,555 | DEBUG   | scraper.async_http_client | Async GET https://jp.mitsuichemicals.com/contact/ -> 404 (14886 bytes)
2025-08-22 23:38:52,560 | DEBUG   | scraper.async_http_client | Async GET https://jp.mitsuichemicals.com/contact -> 404 (14886 bytes)
2025-08-22 23:38:52,579 | DEBUG   | scraper.async_http_client | Async GET https://jp.mitsuichemicals.com/contacts -> 404 (14886 bytes)
2025-08-22 23:38:52,641 | DEBUG   | scraper.async_google_search | Async Google API search: site:daf.com "@daf.com"
2025-08-22 23:38:52,643 | DEBUG   | scraper.async_google_search | Async rate limiting: waiting 0.80 seconds
2025-08-22 23:38:52,838 | DEBUG   | scraper.async_google_search | Async Google search returned 5 results for: site:daf.com "@daf.com"
2025-08-22 23:38:52,838 | DEBUG   | scraper.google_search | Cached Google results for query: site:daf.com "@daf.com" (5 results)
2025-08-22 23:38:53,009 | DEBUG   | scraper.async_http_client | Async GET https://daf.com/contact -> 200 (0 bytes)
2025-08-22 23:38:53,058 | DEBUG   | scraper.async_http_client | Async GET https://jp.mitsuichemicals.com/contacts/ -> 404 (14886 bytes)
2025-08-22 23:38:53,111 | DEBUG   | scraper.async_http_client | Async GET https://jp.mitsuichemicals.com/kontakt -> 404 (14886 bytes)
2025-08-22 23:38:53,141 | DEBUG   | scraper.async_http_client | Async GET https://daf.com/contacts -> 404 (0 bytes)
2025-08-22 23:38:53,210 | DEBUG   | scraper.async_http_client | Async GET https://walter-schmidt-chemie.de/kontakt -> 200 (0 bytes)
2025-08-22 23:38:53,216 | DEBUG   | scraper.async_http_client | Async GET https://daf.com/contacts/ -> 404 (0 bytes)
2025-08-22 23:38:53,227 | DEBUG   | scraper.async_http_client | Async GET https://daf.com/contact/ -> 200 (0 bytes)
2025-08-22 23:38:53,275 | DEBUG   | scraper.async_http_client | Async GET https://daf.com/kontakt -> 404 (0 bytes)
2025-08-22 23:38:53,448 | DEBUG   | scraper.async_google_search | Async Google API search: site:alvolante.it "@alvolante.it"
2025-08-22 23:38:53,449 | DEBUG   | scraper.async_google_search | Async rate limiting: waiting 0.80 seconds
2025-08-22 23:38:53,604 | DEBUG   | scraper.async_google_search | Async Google search returned 5 results for: site:alvolante.it "@alvolante.it"
2025-08-22 23:38:53,605 | DEBUG   | scraper.google_search | Cached Google results for query: site:alvolante.it "@alvolante.it" (5 results)
2025-08-22 23:38:53,618 | DEBUG   | scraper.async_http_client | Async GET https://walter-schmidt-chemie.de -> 200 (0 bytes)
2025-08-22 23:38:53,618 | INFO    | scraper.async_http_client | Starting async batch request for 5 URLs
2025-08-22 23:38:53,636 | DEBUG   | scraper.async_http_client | Async GET https://jp.mitsuichemicals.com -> 200 (20313 bytes)
2025-08-22 23:38:53,637 | INFO    | scraper.async_http_client | Starting async batch request for 5 URLs
2025-08-22 23:38:53,974 | DEBUG   | scraper.async_http_client | Async GET https://daf.com -> 200 (0 bytes)
2025-08-22 23:38:53,975 | INFO    | scraper.async_http_client | Starting async batch request for 5 URLs
2025-08-22 23:38:54,002 | DEBUG   | scraper.async_http_client | Async GET https://walter-schmidt-chemie.de/contact -> 404 (0 bytes)
2025-08-22 23:38:54,102 | DEBUG   | scraper.async_http_client | Async GET https://alvolante.it/contact -> 404 (0 bytes)
2025-08-22 23:38:54,162 | DEBUG   | scraper.async_http_client | Async GET https://alvolante.it/contacts -> 404 (0 bytes)
2025-08-22 23:38:54,188 | DEBUG   | scraper.async_http_client | Async GET https://alvolante.it/contact/ -> 404 (0 bytes)
2025-08-22 23:38:54,260 | DEBUG   | scraper.async_google_search | Async Google API search: site:synsol.ch "@synsol.ch"
2025-08-22 23:38:54,261 | DEBUG   | scraper.async_google_search | Async rate limiting: waiting 0.80 seconds
2025-08-22 23:38:54,392 | DEBUG   | scraper.async_google_search | Async Google search returned 5 results for: site:synsol.ch "@synsol.ch"
2025-08-22 23:38:54,392 | DEBUG   | scraper.google_search | Cached Google results for query: site:synsol.ch "@synsol.ch" (5 results)
2025-08-22 23:38:54,446 | DEBUG   | scraper.async_http_client | Async GET https://walter-schmidt-chemie.de/contacts -> 404 (0 bytes)
2025-08-22 23:38:54,478 | DEBUG   | scraper.async_http_client | Async GET https://walter-schmidt-chemie.de/contacts/ -> 404 (0 bytes)
2025-08-22 23:38:54,539 | DEBUG   | scraper.async_http_client | Async GET https://jp.mitsuichemicals.com/contacts -> 404 (14886 bytes)
2025-08-22 23:38:54,542 | DEBUG   | scraper.async_http_client | Async GET https://jp.mitsuichemicals.com/contacts/ -> 404 (14886 bytes)
2025-08-22 23:38:54,543 | DEBUG   | scraper.async_http_client | Async GET https://jp.mitsuichemicals.com/contact -> 404 (14886 bytes)
2025-08-22 23:38:54,544 | DEBUG   | scraper.async_http_client | Async GET https://jp.mitsuichemicals.com/contact/ -> 404 (14886 bytes)
2025-08-22 23:38:54,571 | DEBUG   | scraper.async_http_client | Async GET https://alvolante.it/contacts/ -> 404 (0 bytes)
2025-08-22 23:38:54,578 | DEBUG   | scraper.async_http_client | Async GET https://alvolante.it/kontakt -> 404 (0 bytes)
2025-08-22 23:38:54,610 | DEBUG   | scraper.async_http_client | Async GET https://jp.mitsuichemicals.com/kontakt -> 404 (14886 bytes)
2025-08-22 23:38:54,611 | INFO    | scraper.async_http_client | Async batch request completed: 5/5 successful in 0.97 seconds (5.13 requests/sec)
2025-08-22 23:38:55,058 | DEBUG   | scraper.async_http_client | Async GET https://synsol.ch/contact -> 404 (0 bytes)
2025-08-22 23:38:55,058 | DEBUG   | scraper.async_http_client | Async GET https://synsol.ch/contacts -> 404 (0 bytes)
2025-08-22 23:38:55,059 | DEBUG   | scraper.async_http_client | Async GET https://synsol.ch/contact/ -> 404 (0 bytes)
2025-08-22 23:38:55,061 | DEBUG   | scraper.async_google_search | Async Google API search: site:speedyfuels.co.uk "@speedyfuels.co.uk"
2025-08-22 23:38:55,119 | DEBUG   | scraper.async_http_client | Async GET https://alvolante.it -> 200 (42920 bytes)
2025-08-22 23:38:55,120 | INFO    | scraper.async_http_client | Starting async batch request for 5 URLs
2025-08-22 23:38:55,197 | DEBUG   | scraper.async_http_client | Async GET https://walter-schmidt-chemie.de/contact/ -> 404 (0 bytes)
2025-08-22 23:38:55,229 | DEBUG   | scraper.async_google_search | Async Google search returned 5 results for: site:speedyfuels.co.uk "@speedyfuels.co.uk"
2025-08-22 23:38:55,229 | DEBUG   | scraper.google_search | Cached Google results for query: site:speedyfuels.co.uk "@speedyfuels.co.uk" (5 results)
2025-08-22 23:38:55,245 | DEBUG   | scraper.async_http_client | Async GET https://daf.com/contacts/ -> 404 (0 bytes)
2025-08-22 23:38:55,267 | DEBUG   | scraper.async_http_client | Async GET https://daf.com/contacts -> 404 (0 bytes)
2025-08-22 23:38:55,384 | DEBUG   | scraper.async_http_client | Async GET https://daf.com/kontakt -> 404 (0 bytes)
2025-08-22 23:38:55,384 | DEBUG   | scraper.async_http_client | Async GET https://synsol.ch/kontakt -> 404 (0 bytes)
2025-08-22 23:38:55,401 | DEBUG   | scraper.async_http_client | Async GET https://synsol.ch/contacts/ -> 404 (0 bytes)
2025-08-22 23:38:55,430 | DEBUG   | scraper.async_http_client | Async GET https://daf.com/contact/ -> 200 (0 bytes)
2025-08-22 23:38:55,438 | DEBUG   | scraper.async_http_client | Async GET https://daf.com/contact -> 200 (0 bytes)
2025-08-22 23:38:55,438 | INFO    | scraper.async_http_client | Async batch request completed: 5/5 successful in 1.46 seconds (3.42 requests/sec)
2025-08-22 23:38:55,450 | DEBUG   | scraper.async_http_client | Async GET https://synsol.ch -> 200 (0 bytes)
2025-08-22 23:38:55,451 | INFO    | scraper.async_http_client | Starting async batch request for 5 URLs
2025-08-22 23:38:55,458 | INFO    | scraper.async_browser_service | AsyncBrowserService started (headless=True, concurrent=8)
2025-08-22 23:38:55,624 | DEBUG   | scraper.async_http_client | Async GET https://walter-schmidt-chemie.de/kontakt -> 200 (0 bytes)
2025-08-22 23:38:55,625 | INFO    | scraper.async_http_client | Async batch request completed: 5/5 successful in 2.01 seconds (2.49 requests/sec)
2025-08-22 23:38:55,772 | DEBUG   | scraper.async_http_client | Async GET https://alvolante.it/kontakt -> 404 (0 bytes)
2025-08-22 23:38:55,780 | DEBUG   | scraper.async_http_client | Async GET https://alvolante.it/contacts/ -> 404 (0 bytes)
2025-08-22 23:38:55,793 | DEBUG   | scraper.async_http_client | Async GET https://alvolante.it/contacts -> 404 (0 bytes)
2025-08-22 23:38:55,889 | DEBUG   | scraper.async_http_client | Async GET https://alvolante.it/contact -> 404 (0 bytes)
2025-08-22 23:38:55,900 | DEBUG   | scraper.async_http_client | Async GET https://alvolante.it/contact/ -> 404 (0 bytes)
2025-08-22 23:38:55,900 | INFO    | scraper.async_http_client | Async batch request completed: 5/5 successful in 0.78 seconds (6.41 requests/sec)
2025-08-22 23:38:56,028 | DEBUG   | scraper.async_http_client | Async GET https://speedyfuels.co.uk/contact/ -> 404 (0 bytes)
2025-08-22 23:38:56,051 | DEBUG   | scraper.async_http_client | Async GET https://speedyfuels.co.uk/contact -> 404 (0 bytes)
2025-08-22 23:38:56,133 | DEBUG   | scraper.async_http_client | Async GET https://speedyfuels.co.uk/contacts -> 404 (0 bytes)
2025-08-22 23:38:56,606 | DEBUG   | scraper.async_http_client | Async GET https://speedyfuels.co.uk/contacts/ -> 404 (0 bytes)
2025-08-22 23:38:56,719 | DEBUG   | scraper.async_http_client | Async GET https://speedyfuels.co.uk/kontakt -> 404 (0 bytes)
2025-08-22 23:38:56,747 | DEBUG   | scraper.async_http_client | Async GET https://synsol.ch/contacts/ -> 404 (0 bytes)
2025-08-22 23:38:56,748 | DEBUG   | scraper.async_http_client | Async GET https://synsol.ch/contact -> 404 (0 bytes)
2025-08-22 23:38:56,761 | DEBUG   | scraper.async_http_client | Async GET https://synsol.ch/contact/ -> 404 (0 bytes)
2025-08-22 23:38:56,762 | DEBUG   | scraper.async_http_client | Async GET https://synsol.ch/contacts -> 404 (0 bytes)
2025-08-22 23:38:56,791 | DEBUG   | scraper.async_http_client | Async GET https://synsol.ch/kontakt -> 404 (0 bytes)
2025-08-22 23:38:56,792 | INFO    | scraper.async_http_client | Async batch request completed: 5/5 successful in 1.34 seconds (3.73 requests/sec)
2025-08-22 23:38:56,822 | DEBUG   | scraper.async_http_client | Async GET https://speedyfuels.co.uk -> 200 (0 bytes)
2025-08-22 23:38:56,823 | INFO    | scraper.async_http_client | Starting async batch request for 5 URLs
2025-08-22 23:38:58,424 | DEBUG   | scraper.async_http_client | Async GET https://speedyfuels.co.uk/contacts/ -> 404 (0 bytes)
2025-08-22 23:38:58,534 | DEBUG   | scraper.async_http_client | Async GET https://speedyfuels.co.uk/contacts -> 404 (0 bytes)
2025-08-22 23:38:58,645 | DEBUG   | scraper.async_http_client | Async GET https://speedyfuels.co.uk/contact -> 404 (0 bytes)
2025-08-22 23:38:58,645 | DEBUG   | scraper.async_http_client | Async GET https://speedyfuels.co.uk/contact/ -> 404 (0 bytes)
2025-08-22 23:38:58,664 | DEBUG   | scraper.async_http_client | Async GET https://speedyfuels.co.uk/kontakt -> 404 (0 bytes)
2025-08-22 23:38:58,665 | INFO    | scraper.async_http_client | Async batch request completed: 5/5 successful in 1.84 seconds (2.71 requests/sec)
2025-08-22 23:38:59,919 | DEBUG   | scraper.async_orchestrator | Async JS render failed for synsol.ch: module 'scraper.email_extractor' has no attribute 'extract_emails_from_content'
2025-08-22 23:38:59,919 | DEBUG   | scraper.async_orchestrator | No emails found for Synsol (synsol.ch)
2025-08-22 23:39:00,755 | DEBUG   | scraper.async_orchestrator | Async JS render failed for walter-schmidt-chemie.de: module 'scraper.email_extractor' has no attribute 'extract_emails_from_content'
2025-08-22 23:39:00,756 | DEBUG   | scraper.async_orchestrator | No emails found for walter schmidt chemie gmbh (walter-schmidt-chemie.de)
2025-08-22 23:39:00,839 | DEBUG   | scraper.async_orchestrator | Async JS render failed for speedyfuels.co.uk: module 'scraper.email_extractor' has no attribute 'extract_emails_from_content'
2025-08-22 23:39:00,839 | DEBUG   | scraper.async_orchestrator | No emails found for speedy fuels (speedyfuels.co.uk)
2025-08-22 23:39:00,885 | DEBUG   | scraper.async_orchestrator | Async JS render failed for daf.com: module 'scraper.email_extractor' has no attribute 'extract_emails_from_content'
2025-08-22 23:39:00,885 | DEBUG   | scraper.async_orchestrator | No emails found for daf trucks (daf.com)
2025-08-22 23:39:01,157 | DEBUG   | scraper.async_orchestrator | Async JS render failed for alvolante.it: module 'scraper.email_extractor' has no attribute 'extract_emails_from_content'
2025-08-22 23:39:01,157 | DEBUG   | scraper.async_orchestrator | No emails found for petrol rete  (alvolante.it)
2025-08-22 23:39:01,877 | DEBUG   | scraper.async_orchestrator | Async JS render failed for jp.mitsuichemicals.com: module 'scraper.email_extractor' has no attribute 'extract_emails_from_content'
2025-08-22 23:39:01,883 | DEBUG   | scraper.async_orchestrator | No emails found for mitsui toatsu chemicals  (jp.mitsuichemicals.com)
2025-08-22 23:39:01,892 | INFO    | scraper.async_http_client | Async HTTP client closed
2025-08-22 23:39:01,892 | DEBUG   | scraper.async_google_search | Async Google API session closed
2025-08-22 23:39:01,913 | INFO    | scraper.cli          | Async streaming run complete in 17.7s (0 rows)
2025-08-22 23:39:01,914 | INFO    | scraper.cli          | Saved output -> results.xlsx
2025-08-22 23:39:01,921 | INFO    | scraper.browser_service | BrowserService shutdown complete
2025-08-22 23:39:01,922 | INFO    | scraper.cli          | BrowserService: shutdown complete
