2025-08-22 22:17:11,129 | INFO    | scraper.cli          | Email scraper starting
2025-08-22 22:17:11,129 | INFO    | scraper.cli          | Input file: test_input.xlsx
2025-08-22 22:17:11,129 | INFO    | scraper.cli          | Output file: results.xlsx
2025-08-22 22:17:11,129 | INFO    | scraper.cli          | Workers: 16
2025-08-22 22:17:11,130 | INFO    | scraper.cli          | Domain threshold: 50
2025-08-22 22:17:11,130 | INFO    | scraper.cli          | Max pages: 50
2025-08-22 22:17:11,130 | INFO    | scraper.cli          | Process PDFs: False
2025-08-22 22:17:11,130 | INFO    | scraper.cli          | Save domain only: False
2025-08-22 22:17:11,139 | INFO    | scraper.config       | Updated max workers to 16
2025-08-22 22:17:11,342 | INFO    | scraper.cli          | Loaded 8 companies from test_input.xlsx
2025-08-22 22:17:11,342 | INFO    | scraper.orchestrator | Reset orchestrator stats and cleared domain tracking cache
2025-08-22 22:17:11,350 | ERROR   | scraper.cli          | Unhandled exception: unexpected indent (async_orchestrator.py, line 3)
Traceback (most recent call last):
  File "C:\Dev\Projects\Scraping_directory\THE_Email_Scraper\scraper\cli.py", line 771, in run
    success = self.scrape_companies(parsed_args)
  File "C:\Dev\Projects\Scraping_directory\THE_Email_Scraper\scraper\cli.py", line 522, in scrape_companies
    return self._scrape_companies_async(args, companies, browser_service, start_time, logfile)
           ~~~~~~~~~~~~~~~~~~~~~~~~~~~~^^^^^^^^^^^^^^^^^^^^^^^^^^^^^^^^^^^^^^^^^^^^^^^^^^^^^^^
  File "C:\Dev\Projects\Scraping_directory\THE_Email_Scraper\scraper\cli.py", line 635, in _scrape_companies_async
    from scraper.async_orchestrator import AsyncOrchestrator
  File "C:\Dev\Projects\Scraping_directory\THE_Email_Scraper\scraper\async_orchestrator.py", line 3
    log.info(
IndentationError: unexpected indent
