2025-08-23 01:38:29,484 | INFO    | scraper.cli          | Email scraper starting
2025-08-23 01:38:29,484 | INFO    | scraper.cli          | Input file: test_input.xlsx
2025-08-23 01:38:29,484 | INFO    | scraper.cli          | Output file: results.xlsx
2025-08-23 01:38:29,484 | INFO    | scraper.cli          | Workers: 16
2025-08-23 01:38:29,484 | INFO    | scraper.cli          | Domain threshold: 65
2025-08-23 01:38:29,484 | INFO    | scraper.cli          | Max pages: 50
2025-08-23 01:38:29,485 | INFO    | scraper.cli          | Process PDFs: False
2025-08-23 01:38:29,485 | INFO    | scraper.cli          | Save domain only: False
2025-08-23 01:38:29,498 | INFO    | scraper.config       | Updated max workers to 16
2025-08-23 01:38:29,675 | INFO    | scraper.cli          | Loaded 8 companies from test_input.xlsx
2025-08-23 01:38:29,866 | INFO    | scraper.regex_cache  | Precompiling 11 regex patterns
2025-08-23 01:38:29,867 | INFO    | scraper.regex_cache  | Precompiled 11 common email extraction patterns
2025-08-23 01:38:30,048 | INFO    | scraper.browser_service | BrowserService shutdown complete
2025-08-23 01:38:30,048 | INFO    | scraper.cli          | BrowserService: shutdown complete
2025-08-23 01:38:30,048 | ERROR   | scraper.cli          | Unhandled exception: No module named 'scraper.google_search'
Traceback (most recent call last):
  File "C:\Dev\Projects\Scraping_directory\THE_Email_Scraper\scraper\cli.py", line 724, in run
    success = self.scrape_companies(parsed_args)
  File "C:\Dev\Projects\Scraping_directory\THE_Email_Scraper\scraper\cli.py", line 513, in scrape_companies
    return self._scrape_companies_async(
           ~~~~~~~~~~~~~~~~~~~~~~~~~~~~^
        args, companies, browser_service, start_time, logfile
        ^^^^^^^^^^^^^^^^^^^^^^^^^^^^^^^^^^^^^^^^^^^^^^^^^^^^^
    )
    ^
  File "C:\Dev\Projects\Scraping_directory\THE_Email_Scraper\scraper\cli.py", line 677, in _scrape_companies_async
    return asyncio.run(run_async())
           ~~~~~~~~~~~^^^^^^^^^^^^^
  File "C:\Program Files\Python313\Lib\asyncio\runners.py", line 195, in run
    return runner.run(main)
           ~~~~~~~~~~^^^^^^
  File "C:\Program Files\Python313\Lib\asyncio\runners.py", line 118, in run
    return self._loop.run_until_complete(task)
           ~~~~~~~~~~~~~~~~~~~~~~~~~~~~~^^^^^^
  File "C:\Program Files\Python313\Lib\asyncio\base_events.py", line 725, in run_until_complete
    return future.result()
           ~~~~~~~~~~~~~^^
  File "C:\Dev\Projects\Scraping_directory\THE_Email_Scraper\scraper\cli.py", line 546, in run_async
    async with AsyncOrchestrator(
               ~~~~~~~~~~~~~~~~~^
        max_concurrent_companies=min(
        ^^^^^^^^^^^^^^^^^^^^^^^^^^^^^
    ...<9 lines>...
        ),
        ^^
    ) as async_orch:
    ^
  File "C:\Dev\Projects\Scraping_directory\THE_Email_Scraper\scraper\async_orchestrator.py", line 88, in __init__
    from .async_google_search import AsyncGoogleSearchClient
  File "C:\Dev\Projects\Scraping_directory\THE_Email_Scraper\scraper\async_google_search.py", line 23, in <module>
    from scraper.google_search import EnhancedGoogleSearchCache, GoogleApiError
ModuleNotFoundError: No module named 'scraper.google_search'
