2025-08-22 21:26:19,345 | INFO    | scraper.cli          | Email scraper starting
2025-08-22 21:26:19,345 | INFO    | scraper.cli          | Input file: test_input.xlsx
2025-08-22 21:26:19,345 | INFO    | scraper.cli          | Output file: results.xlsx
2025-08-22 21:26:19,345 | INFO    | scraper.cli          | Workers: 16
2025-08-22 21:26:19,345 | INFO    | scraper.cli          | Domain threshold: 50
2025-08-22 21:26:19,345 | INFO    | scraper.cli          | Max pages: 50
2025-08-22 21:26:19,345 | INFO    | scraper.cli          | Process PDFs: False
2025-08-22 21:26:19,345 | INFO    | scraper.cli          | Save domain only: False
2025-08-22 21:26:19,345 | INFO    | scraper.config       | Updated max workers to 16
2025-08-22 21:26:19,563 | INFO    | scraper.cli          | Loaded 8 companies from test_input.xlsx
2025-08-22 21:26:19,563 | INFO    | scraper.orchestrator | Reset orchestrator stats and cleared domain tracking cache
2025-08-22 21:26:19,787 | ERROR   | scraper.cli          | Unhandled exception: name 'self' is not defined
Traceback (most recent call last):
  File "C:\Dev\Projects\Scraping_directory\THE_Email_Scraper\scraper\cli.py", line 771, in run
    success = self.scrape_companies(parsed_args)
  File "C:\Dev\Projects\Scraping_directory\THE_Email_Scraper\scraper\cli.py", line 522, in scrape_companies
    return self._scrape_companies_async(args, companies, browser_service, start_time, logfile)
           ~~~~~~~~~~~~~~~~~~~~~~~~~~~~^^^^^^^^^^^^^^^^^^^^^^^^^^^^^^^^^^^^^^^^^^^^^^^^^^^^^^^
  File "C:\Dev\Projects\Scraping_directory\THE_Email_Scraper\scraper\cli.py", line 635, in _scrape_companies_async
    from scraper.async_orchestrator import AsyncOrchestrator
  File "C:\Dev\Projects\Scraping_directory\THE_Email_Scraper\scraper\async_orchestrator.py", line 22, in <module>
    from scraper.async_http_client import AsyncHttpClient
  File "C:\Dev\Projects\Scraping_directory\THE_Email_Scraper\scraper\async_http_client.py", line 305, in <module>
    class AsyncHttpClient:
    ...<353 lines>...
            }
  File "C:\Dev\Projects\Scraping_directory\THE_Email_Scraper\scraper\async_http_client.py", line 323, in AsyncHttpClient
    self._circuit_breaker = AsyncCircuitBreaker()
    ^^^^
NameError: name 'self' is not defined
