2025-08-22 20:53:47,393 | INFO    | scraper.cli          | Email scraper starting
2025-08-22 20:53:47,393 | INFO    | scraper.cli          | Input file: test_input.xlsx
2025-08-22 20:53:47,394 | INFO    | scraper.cli          | Output file: results.xlsx
2025-08-22 20:53:47,394 | INFO    | scraper.cli          | Workers: 16
2025-08-22 20:53:47,394 | INFO    | scraper.cli          | Domain threshold: 50
2025-08-22 20:53:47,394 | INFO    | scraper.cli          | Max pages: 50
2025-08-22 20:53:47,394 | INFO    | scraper.cli          | Process PDFs: False
2025-08-22 20:53:47,394 | INFO    | scraper.cli          | Save domain only: False
2025-08-22 20:53:47,408 | INFO    | scraper.config       | Updated max workers to 16
2025-08-22 20:53:47,591 | INFO    | scraper.cli          | Loaded 8 companies from test_input.xlsx
2025-08-22 20:53:47,591 | INFO    | scraper.orchestrator | Reset orchestrator stats and cleared domain tracking cache
2025-08-22 20:53:47,595 | INFO    | scraper.orchestrator | Phase 1: Collecting domains for 8 companies
2025-08-22 20:53:49,604 | INFO    | scraper.google_search | Processing batch of 1 unique Google search queries
2025-08-22 20:53:51,932 | INFO    | scraper.google_search | Processing batch of 1 unique Google search queries
2025-08-22 20:53:54,207 | INFO    | scraper.google_search | Processing batch of 1 unique Google search queries
2025-08-22 20:53:56,567 | INFO    | scraper.google_search | Processing batch of 1 unique Google search queries
2025-08-22 20:53:58,854 | INFO    | scraper.google_search | Processing batch of 1 unique Google search queries
2025-08-22 20:54:01,091 | INFO    | scraper.google_search | Processing batch of 1 unique Google search queries
2025-08-22 20:54:03,297 | INFO    | scraper.google_search | Processing batch of 1 unique Google search queries
2025-08-22 20:54:05,496 | INFO    | scraper.google_search | Processing batch of 1 unique Google search queries
2025-08-22 20:54:05,775 | INFO    | scraper.orchestrator | Phase 2: Batch probing 8 unique domains
2025-08-22 20:54:05,776 | INFO    | scraper.orchestrator | Batch probing 8 domains for access patterns
2025-08-22 20:54:05,776 | INFO    | scraper.thread_pool_manager | Created optimized thread pool with 16 workers
2025-08-22 20:54:05,776 | INFO    | scraper.thread_pool_manager | Created global thread pool manager with 16 workers
2025-08-22 20:54:05,776 | INFO    | scraper.http_client  | Probing domain access methods for: walter-schmidt-chemie.de
2025-08-22 20:54:05,777 | INFO    | scraper.http_client  | Probing domain access methods for: worldfertilizer.com
2025-08-22 20:54:05,778 | INFO    | scraper.http_client  | Probing domain access methods for: us.mitsuichemicals.com
2025-08-22 20:54:05,779 | INFO    | scraper.http_client  | Probing domain access methods for: daf.com
2025-08-22 20:54:05,782 | INFO    | scraper.http_client  | Probing domain access methods for: bpetrol.it
2025-08-22 20:54:05,783 | INFO    | scraper.http_client  | Probing domain access methods for: eurodamjas.com
2025-08-22 20:54:05,783 | INFO    | scraper.http_client  | Probing domain access methods for: synsol.ch
2025-08-22 20:54:05,784 | INFO    | scraper.http_client  | Probing domain access methods for: speedyfuels.co.uk
2025-08-22 20:54:06,209 | INFO    | scraper.http_client  | ✓ Found working access method for eurodamjas.com: https
2025-08-22 20:54:06,255 | INFO    | scraper.http_client  | ✓ Found working access method for us.mitsuichemicals.com: https
2025-08-22 20:54:06,255 | INFO    | scraper.http_client  | ✓ Found working access method for synsol.ch: https
2025-08-22 20:54:06,273 | INFO    | scraper.http_client  | ✓ Found working access method for daf.com: https
2025-08-22 20:54:06,279 | INFO    | scraper.http_client  | ✓ Found working access method for speedyfuels.co.uk: https
2025-08-22 20:54:06,299 | INFO    | scraper.http_client  | ✓ Found working access method for bpetrol.it: https
2025-08-22 20:54:06,790 | INFO    | scraper.http_client  | ✓ Found working access method for worldfertilizer.com: https_www
2025-08-22 20:54:16,464 | INFO    | scraper.http_client  | ✓ Found working access method for walter-schmidt-chemie.de: https
2025-08-22 20:54:16,464 | INFO    | scraper.orchestrator | Successfully probed 8/8 domains
2025-08-22 20:54:16,465 | INFO    | scraper.orchestrator | Phase 3: Processing 8 companies with valid domains
2025-08-22 20:54:16,465 | INFO    | scraper.orchestrator | Processing 8 companies with 8 concurrent workers
2025-08-22 20:54:16,465 | INFO    | scraper.orchestrator | ✓ Processing domain: walter-schmidt-chemie.de (score: 89) for company: walter schmidt chemie gmbh
2025-08-22 20:54:16,465 | INFO    | scraper.orchestrator | ✓ Processing domain: worldfertilizer.com (score: 80) for company: henan xinlianxin fertilizer 
2025-08-22 20:54:16,465 | INFO    | scraper.orchestrator | ✓ Processing domain: us.mitsuichemicals.com (score: 88) for company: mitsui toatsu chemicals 
2025-08-22 20:54:16,465 | INFO    | scraper.orchestrator | ✓ Processing domain: daf.com (score: 100) for company: daf trucks
2025-08-22 20:54:16,465 | INFO    | scraper.orchestrator | ✓ Processing domain: bpetrol.it (score: 92) for company: petrol rete 
2025-08-22 20:54:16,465 | INFO    | scraper.orchestrator | ✓ Processing domain: eurodamjas.com (score: 100) for company: euro dam jas doo
2025-08-22 20:54:16,466 | INFO    | scraper.orchestrator | ✓ Processing domain: synsol.ch (score: 100) for company: Synsol
2025-08-22 20:54:16,466 | INFO    | scraper.orchestrator | ✓ Processing domain: speedyfuels.co.uk (score: 100) for company: speedy fuels
2025-08-22 20:54:17,114 | INFO    | scraper.email_extractor |   1 emails on https://synsol.ch/ (def from text)
2025-08-22 20:54:17,114 | INFO    | scraper.hybrid_email_extractor | Static pass found 1 emails in https://synsol.ch/
2025-08-22 20:54:17,150 | INFO    | scraper.sitemap      | Found sitemap via standard filenames: https://synsol.ch/sitemap.xml (0.04s)
2025-08-22 20:54:17,355 | INFO    | scraper.email_extractor |   0 emails on https://us.mitsuichemicals.com/ (def from text)
2025-08-22 20:54:17,389 | INFO    | scraper.hybrid_email_extractor | JS fallback for https://us.mitsuichemicals.com/
2025-08-22 20:54:17,511 | INFO    | scraper.hybrid_email_extractor | Static pass found 1 emails in https://eurodamjas.com/
2025-08-22 20:54:17,674 | INFO    | scraper.email_extractor |   1 emails on https://www.worldfertilizer.com/ (def from text)
2025-08-22 20:54:17,674 | INFO    | scraper.hybrid_email_extractor | Static pass found 1 emails in https://www.worldfertilizer.com/
2025-08-22 20:54:17,725 | INFO    | scraper.email_extractor |   1 emails on https://synsol.ch/urea/ (def from text)
2025-08-22 20:54:17,725 | INFO    | scraper.hybrid_email_extractor | Static pass found 1 on https://synsol.ch/urea/
2025-08-22 20:54:17,765 | INFO    | scraper.email_extractor |   0 emails on https://synsol.ch/privacy-policy-of-synsol-ag/ (def from text)
2025-08-22 20:54:17,776 | INFO    | scraper.hybrid_email_extractor | Static pass found 0 on https://synsol.ch/privacy-policy-of-synsol-ag/
2025-08-22 20:54:17,776 | INFO    | scraper.hybrid_email_extractor | JS fallback for https://synsol.ch/privacy-policy-of-synsol-ag/
2025-08-22 20:54:17,833 | INFO    | scraper.sitemap      | Found sitemap via standard filenames: https://eurodamjas.com/sitemap.xml (0.32s)
2025-08-22 20:54:17,844 | INFO    | scraper.sitemap      | Found sitemap via standard filenames: https://www.worldfertilizer.com/sitemap.xml (0.17s)
2025-08-22 20:54:17,855 | INFO    | scraper.http_client  | HTTP GET https://speedyfuels.co.uk → 200
2025-08-22 20:54:18,004 | INFO    | scraper.email_extractor |   0 emails on https://www.daf.com/en/sites-landing (def from text)
2025-08-22 20:54:18,072 | INFO    | scraper.hybrid_email_extractor | JS fallback for https://www.daf.com/en/sites-landing
2025-08-22 20:54:18,073 | INFO    | scraper.email_extractor |   0 emails on https://www.speedyfuels.co.uk/ (def from text)
2025-08-22 20:54:18,109 | INFO    | scraper.hybrid_email_extractor | JS fallback for https://www.speedyfuels.co.uk/
2025-08-22 20:54:18,186 | INFO    | scraper.email_extractor |   2 emails on https://www.bpetrol.it/ (def from text)
2025-08-22 20:54:18,186 | INFO    | scraper.hybrid_email_extractor | Static pass found 2 emails in https://www.bpetrol.it/
2025-08-22 20:54:18,332 | INFO    | scraper.browser_service | BrowserService started (thread mode)
2025-08-22 20:54:18,788 | INFO    | scraper.email_extractor |   1 emails on https://www.worldfertilizer.com/phosphates/14072021/ocp-group-becomes-member-of-european-sustainable-phosphorus-platform/ (def from text)
2025-08-22 20:54:18,788 | INFO    | scraper.hybrid_email_extractor | Static pass found 1 on https://www.worldfertilizer.com/phosphates/14072021/ocp-group-becomes-member-of-european-sustainable-phosphorus-platform/
2025-08-22 20:54:19,037 | INFO    | scraper.hybrid_email_extractor | Static pass found 1 on https://eurodamjas.com/usluge/adblue/
2025-08-22 20:54:19,057 | INFO    | scraper.email_extractor |   1 emails on https://www.worldfertilizer.com/nitrogen/15122021/most-of-yaras-european-ammonia-production-back-on-stream/ (def from text)
2025-08-22 20:54:19,057 | INFO    | scraper.hybrid_email_extractor | Static pass found 1 on https://www.worldfertilizer.com/nitrogen/15122021/most-of-yaras-european-ammonia-production-back-on-stream/
2025-08-22 20:54:19,127 | INFO    | scraper.email_extractor |   1 emails on https://www.worldfertilizer.com/contact/ (def from text)
2025-08-22 20:54:19,127 | INFO    | scraper.hybrid_email_extractor | Static pass found 1 on https://www.worldfertilizer.com/contact/
2025-08-22 20:54:19,399 | INFO    | scraper.email_extractor |   1 emails on https://www.worldfertilizer.com/nitrogen/01022022/new-brunei-urea-melt-plant-begins-production/ (def from text)
2025-08-22 20:54:19,399 | INFO    | scraper.hybrid_email_extractor | Static pass found 1 on https://www.worldfertilizer.com/nitrogen/01022022/new-brunei-urea-melt-plant-begins-production/
2025-08-22 20:54:19,416 | INFO    | scraper.hybrid_email_extractor | Static pass found 1 on https://eurodamjas.com/about-us-02/
2025-08-22 20:54:19,639 | INFO    | scraper.sitemap      | Found sitemap via standard filenames: https://bpetrol.it/sitemap.xml (1.45s)
2025-08-22 20:54:19,733 | INFO    | scraper.email_extractor |   1 emails on https://www.worldfertilizer.com/nitrogen/12082021/acron-completes-overhaul-of-urea-6-unit/ (def from text)
2025-08-22 20:54:19,733 | INFO    | scraper.hybrid_email_extractor | Static pass found 1 on https://eurodamjas.com/kontakt/
2025-08-22 20:54:19,733 | INFO    | scraper.hybrid_email_extractor | Static pass found 1 on https://www.worldfertilizer.com/nitrogen/12082021/acron-completes-overhaul-of-urea-6-unit/
2025-08-22 20:54:19,775 | INFO    | scraper.email_extractor |   0 emails on https://synsol.ch/privacy-policy-of-synsol-ag/ (def from text)
2025-08-22 20:54:19,797 | INFO    | scraper.orchestrator | Used sitemap for synsol.ch
2025-08-22 20:54:19,797 | INFO    | scraper.orchestrator | Skipping crawl for synsol.ch: 1 emails already found
2025-08-22 20:54:19,797 | INFO    | scraper.orchestrator | ✓ Found 1 emails for Synsol
2025-08-22 20:54:20,001 | INFO    | scraper.email_extractor |   1 emails on https://www.worldfertilizer.com/materials-handling/02082022/shiploader-for-fertilizer-and-granulated-urea-supplied-to-fertil-ruwais-terminal/ (def from text)
2025-08-22 20:54:20,001 | INFO    | scraper.hybrid_email_extractor | Static pass found 1 on https://www.worldfertilizer.com/materials-handling/02082022/shiploader-for-fertilizer-and-granulated-urea-supplied-to-fertil-ruwais-terminal/
2025-08-22 20:54:20,053 | INFO    | scraper.hybrid_email_extractor | Static pass found 1 on https://eurodamjas.com/about-us-01/
2025-08-22 20:54:20,053 | INFO    | scraper.orchestrator | Used sitemap for eurodamjas.com
2025-08-22 20:54:20,053 | INFO    | scraper.orchestrator | Skipping crawl for eurodamjas.com: 1 emails already found
2025-08-22 20:54:20,053 | INFO    | scraper.orchestrator | ✓ Found 1 emails for euro dam jas doo
2025-08-22 20:54:20,470 | INFO    | scraper.email_extractor |   1 emails on https://www.worldfertilizer.com/project-news/02032023/new-survey-suggests-strong-european-consumer-demand-for-sustainable-food/ (def from text)
2025-08-22 20:54:20,471 | INFO    | scraper.hybrid_email_extractor | Static pass found 1 on https://www.worldfertilizer.com/project-news/02032023/new-survey-suggests-strong-european-consumer-demand-for-sustainable-food/
2025-08-22 20:54:20,723 | INFO    | scraper.email_extractor |   3 emails on https://www.bpetrol.it/privacy-policy/ (def from text)
2025-08-22 20:54:20,723 | INFO    | scraper.hybrid_email_extractor | Static pass found 3 on https://www.bpetrol.it/privacy-policy/
2025-08-22 20:54:20,723 | INFO    | scraper.orchestrator | Used sitemap for bpetrol.it
2025-08-22 20:54:20,723 | INFO    | scraper.orchestrator | Skipping crawl for bpetrol.it: 3 emails already found
2025-08-22 20:54:20,723 | INFO    | scraper.orchestrator | ✓ Found 3 emails for petrol rete 
2025-08-22 20:54:20,810 | INFO    | scraper.email_extractor |   1 emails on https://www.worldfertilizer.com/potash/25082022/verde-announces-strategic-sales-partnership-with-lavoro/ (def from text)
2025-08-22 20:54:20,810 | INFO    | scraper.hybrid_email_extractor | Static pass found 1 on https://www.worldfertilizer.com/potash/25082022/verde-announces-strategic-sales-partnership-with-lavoro/
2025-08-22 20:54:21,101 | INFO    | scraper.email_extractor |   1 emails on https://www.worldfertilizer.com/project-news/02022022/strike-energys-urea-fertilizer-project-given-major-project-status/ (def from text)
2025-08-22 20:54:21,105 | INFO    | scraper.hybrid_email_extractor | Static pass found 1 on https://www.worldfertilizer.com/project-news/02022022/strike-energys-urea-fertilizer-project-given-major-project-status/
2025-08-22 20:54:21,283 | INFO    | scraper.email_extractor |   1 emails on https://www.worldfertilizer.com/tag/urea-news/ (def from text)
2025-08-22 20:54:21,283 | INFO    | scraper.hybrid_email_extractor | Static pass found 1 on https://www.worldfertilizer.com/tag/urea-news/
2025-08-22 20:54:21,592 | INFO    | scraper.email_extractor |   1 emails on https://www.worldfertilizer.com/sulfur/10022022/itafos-resumes-sulfuric-acid-production-and-sales-at-arraias/ (def from text)
2025-08-22 20:54:21,592 | INFO    | scraper.hybrid_email_extractor | Static pass found 1 on https://www.worldfertilizer.com/sulfur/10022022/itafos-resumes-sulfuric-acid-production-and-sales-at-arraias/
2025-08-22 20:54:21,941 | INFO    | scraper.email_extractor |   0 emails on https://www.daf.com/en/sites-landing (def from text)
2025-08-22 20:54:21,982 | INFO    | scraper.email_extractor |   1 emails on https://www.worldfertilizer.com/nitrogen/01092023/ypfb-to-deliver-2500-t-of-granulated-urea-to-cochabamba-granulated-fertilizers-plant/ (def from text)
2025-08-22 20:54:21,982 | INFO    | scraper.hybrid_email_extractor | Static pass found 1 on https://www.worldfertilizer.com/nitrogen/01092023/ypfb-to-deliver-2500-t-of-granulated-urea-to-cochabamba-granulated-fertilizers-plant/
2025-08-22 20:54:22,027 | INFO    | scraper.sitemap      | Found sitemap via standard filenames: https://daf.com/sitemap.xml (0.06s)
2025-08-22 20:54:22,308 | INFO    | scraper.email_extractor |   1 emails on https://www.worldfertilizer.com/project-news/02072021/northern-nutrients-to-build-urea-fertilizer-manufacturing-facility-in-saskatchewan/ (def from text)
2025-08-22 20:54:22,308 | INFO    | scraper.hybrid_email_extractor | Static pass found 1 on https://www.worldfertilizer.com/project-news/02072021/northern-nutrients-to-build-urea-fertilizer-manufacturing-facility-in-saskatchewan/
2025-08-22 20:54:22,595 | INFO    | scraper.email_extractor |   1 emails on https://www.worldfertilizer.com/product-news/23082021/kbr-and-johnson-matthey-to-licence-urea-production-technology/ (def from text)
2025-08-22 20:54:22,595 | INFO    | scraper.hybrid_email_extractor | Static pass found 1 on https://www.worldfertilizer.com/product-news/23082021/kbr-and-johnson-matthey-to-licence-urea-production-technology/
2025-08-22 20:54:22,731 | INFO    | scraper.email_extractor |   0 emails on https://www.daf.com/en/about-daf (def from text)
2025-08-22 20:54:22,778 | INFO    | scraper.hybrid_email_extractor | Static pass found 0 on https://www.daf.com/en/about-daf
2025-08-22 20:54:22,778 | INFO    | scraper.hybrid_email_extractor | JS fallback for https://www.daf.com/en/about-daf
2025-08-22 20:54:22,904 | INFO    | scraper.email_extractor |   1 emails on https://www.worldfertilizer.com/project-news/02032023/kimre-celebrates-engineering-and-technical-sales-personnel/ (def from text)
2025-08-22 20:54:22,904 | INFO    | scraper.hybrid_email_extractor | Static pass found 1 on https://www.worldfertilizer.com/project-news/02032023/kimre-celebrates-engineering-and-technical-sales-personnel/
2025-08-22 20:54:23,225 | INFO    | scraper.email_extractor |   1 emails on https://www.worldfertilizer.com/nitrogen/26062023/neurizer-announces-significant-milestone-in-the-approval-process-for-new-urea-project/ (def from text)
2025-08-22 20:54:23,225 | INFO    | scraper.hybrid_email_extractor | Static pass found 1 on https://www.worldfertilizer.com/nitrogen/26062023/neurizer-announces-significant-milestone-in-the-approval-process-for-new-urea-project/
2025-08-22 20:54:23,568 | INFO    | scraper.email_extractor |   1 emails on https://www.worldfertilizer.com/nitrogen/08042021/togliattiazot-increases-urea-supply-to-russian-market/ (def from text)
2025-08-22 20:54:23,568 | INFO    | scraper.hybrid_email_extractor | Static pass found 1 on https://www.worldfertilizer.com/nitrogen/08042021/togliattiazot-increases-urea-supply-to-russian-market/
2025-08-22 20:54:23,856 | INFO    | scraper.email_extractor |   1 emails on https://www.worldfertilizer.com/project-news/04022022/perdaman-urea-project-receives-government-financing/ (def from text)
2025-08-22 20:54:23,856 | INFO    | scraper.hybrid_email_extractor | Static pass found 1 on https://www.worldfertilizer.com/project-news/04022022/perdaman-urea-project-receives-government-financing/
2025-08-22 20:54:23,951 | INFO    | scraper.email_extractor |   0 emails on https://www.speedyfuels.co.uk/ (def from text)
2025-08-22 20:54:24,164 | INFO    | scraper.email_extractor |   1 emails on https://www.worldfertilizer.com/nitrogen/16032023/fitch-ratings-cuts-near-term-ammonia-urea-and-potash-fertiliser-price-assumptions/ (def from text)
2025-08-22 20:54:24,164 | INFO    | scraper.hybrid_email_extractor | Static pass found 1 on https://www.worldfertilizer.com/nitrogen/16032023/fitch-ratings-cuts-near-term-ammonia-urea-and-potash-fertiliser-price-assumptions/
2025-08-22 20:54:24,436 | INFO    | scraper.email_extractor |   1 emails on https://www.worldfertilizer.com/special-reports/04072022/cru-appoints-new-regional-director-of-sales-for-mena/ (def from text)
2025-08-22 20:54:24,436 | INFO    | scraper.hybrid_email_extractor | Static pass found 1 on https://www.worldfertilizer.com/special-reports/04072022/cru-appoints-new-regional-director-of-sales-for-mena/
2025-08-22 20:54:24,522 | INFO    | scraper.http_client  | HTTP HEAD https://speedyfuels.co.uk/sitemap.xml → 200
2025-08-22 20:54:24,540 | INFO    | scraper.email_extractor |   2 emails on https://www.worldfertilizer.com/privacy/ (def from text)
2025-08-22 20:54:24,540 | INFO    | scraper.hybrid_email_extractor | Static pass found 2 on https://www.worldfertilizer.com/privacy/
2025-08-22 20:54:24,982 | INFO    | scraper.email_extractor |   1 emails on https://www.worldfertilizer.com/nitrogen/17092021/infinite-blue-energy-to-provide-renewable-hydrogen-to-strike-energys-urea-production-facility/ (def from text)
2025-08-22 20:54:24,982 | INFO    | scraper.hybrid_email_extractor | Static pass found 1 on https://www.worldfertilizer.com/nitrogen/17092021/infinite-blue-energy-to-provide-renewable-hydrogen-to-strike-energys-urea-production-facility/
2025-08-22 20:54:24,984 | INFO    | scraper.http_client  | HTTP GET https://speedyfuels.co.uk/sitemap.xml → 200
2025-08-22 20:54:24,984 | INFO    | scraper.sitemap      | Found sitemap via standard filenames: https://speedyfuels.co.uk/sitemap.xml (1.00s)
2025-08-22 20:54:25,414 | INFO    | scraper.email_extractor |   1 emails on https://www.worldfertilizer.com/phosphates/10052023/kropz-plc-provides-update-on-elandsfontein-phosphate-project-sales/ (def from text)
2025-08-22 20:54:25,415 | INFO    | scraper.hybrid_email_extractor | Static pass found 1 on https://www.worldfertilizer.com/phosphates/10052023/kropz-plc-provides-update-on-elandsfontein-phosphate-project-sales/
2025-08-22 20:54:25,493 | INFO    | scraper.http_client  | HTTP GET https://speedyfuels.co.uk/page-sitemap.xml → 200
2025-08-22 20:54:25,561 | INFO    | scraper.http_client  | HTTP GET https://speedyfuels.co.uk/post-sitemap.xml → 200
2025-08-22 20:54:25,732 | INFO    | scraper.http_client  | HTTP GET https://speedyfuels.co.uk/contact-us/ → 200
2025-08-22 20:54:25,770 | INFO    | scraper.hybrid_email_extractor | Static pass found 1 on https://www.speedyfuels.co.uk/contact-us/
2025-08-22 20:54:25,860 | INFO    | scraper.http_client  | HTTP GET https://speedyfuels.co.uk/commercial-fuel-suppliers-uk/ → 200
2025-08-22 20:54:25,920 | INFO    | scraper.email_extractor |   0 emails on https://www.speedyfuels.co.uk/commercial-fuel-suppliers-uk/ (def from text)
2025-08-22 20:54:25,947 | INFO    | scraper.hybrid_email_extractor | Static pass found 0 on https://www.speedyfuels.co.uk/commercial-fuel-suppliers-uk/
2025-08-22 20:54:25,948 | INFO    | scraper.hybrid_email_extractor | JS fallback for https://www.speedyfuels.co.uk/commercial-fuel-suppliers-uk/
2025-08-22 20:54:26,234 | INFO    | scraper.email_extractor |   1 emails on https://www.worldfertilizer.com/nitrogen/11112022/yara-calls-for-action-to-secure-continued-supply-of-nitrogen-essentials-such-as-adblue/ (def from text)
2025-08-22 20:54:26,296 | INFO    | scraper.hybrid_email_extractor | Static pass found 1 on https://www.worldfertilizer.com/nitrogen/11112022/yara-calls-for-action-to-secure-continued-supply-of-nitrogen-essentials-such-as-adblue/
2025-08-22 20:54:26,674 | INFO    | scraper.email_extractor |   0 emails on https://us.mitsuichemicals.com/ (def from text)
2025-08-22 20:54:26,758 | INFO    | scraper.email_extractor |   1 emails on https://www.worldfertilizer.com/project-news/01122021/stamicarbon-provides-carbamate-condenser-for-ammonia-stripping-urea-plant/ (def from text)
2025-08-22 20:54:26,758 | INFO    | scraper.hybrid_email_extractor | Static pass found 1 on https://www.worldfertilizer.com/project-news/01122021/stamicarbon-provides-carbamate-condenser-for-ammonia-stripping-urea-plant/
2025-08-22 20:54:26,758 | INFO    | scraper.orchestrator | Used sitemap for worldfertilizer.com
2025-08-22 20:54:26,758 | INFO    | scraper.orchestrator | Skipping crawl for worldfertilizer.com: 2 emails already found
2025-08-22 20:54:26,758 | INFO    | scraper.orchestrator | ✓ Found 2 emails for henan xinlianxin fertilizer 
2025-08-22 20:54:26,981 | INFO    | scraper.sitemap      | Found sitemap via standard filenames: https://us.mitsuichemicals.com/sitemap.xml (0.25s)
2025-08-22 20:54:27,306 | INFO    | scraper.email_extractor |   0 emails on https://us.mitsuichemicals.com/siteinfo/privacy/index.htm (def from text)
2025-08-22 20:54:27,347 | INFO    | scraper.hybrid_email_extractor | Static pass found 0 on https://us.mitsuichemicals.com/siteinfo/privacy/index.htm
2025-08-22 20:54:27,347 | INFO    | scraper.hybrid_email_extractor | JS fallback for https://us.mitsuichemicals.com/siteinfo/privacy/index.htm
2025-08-22 20:54:28,008 | INFO    | scraper.email_extractor |   0 emails on https://www.daf.com/en/about-daf (def from text)
2025-08-22 20:54:28,328 | INFO    | scraper.email_extractor |   0 emails on https://www.daf.com/nl-nl/leveranciers/over-paccar-purchasing-europe/contact-paccar-purchasing-europe (def from text)
2025-08-22 20:54:28,357 | INFO    | scraper.hybrid_email_extractor | Static pass found 0 on https://www.daf.com/nl-nl/leveranciers/over-paccar-purchasing-europe/contact-paccar-purchasing-europe
2025-08-22 20:54:28,357 | INFO    | scraper.hybrid_email_extractor | JS fallback for https://www.daf.com/nl-nl/leveranciers/over-paccar-purchasing-europe/contact-paccar-purchasing-europe
2025-08-22 20:54:29,236 | INFO    | scraper.email_extractor |   0 emails on https://www.speedyfuels.co.uk/commercial-fuel-suppliers-uk/ (def from text)
2025-08-22 20:54:29,409 | INFO    | scraper.http_client  | HTTP GET https://speedyfuels.co.uk/products/adblue/ → 200
2025-08-22 20:54:29,464 | INFO    | scraper.email_extractor |   0 emails on https://www.speedyfuels.co.uk/products/adblue/ (def from text)
2025-08-22 20:54:29,487 | INFO    | scraper.hybrid_email_extractor | Static pass found 0 on https://www.speedyfuels.co.uk/products/adblue/
2025-08-22 20:54:29,487 | INFO    | scraper.hybrid_email_extractor | JS fallback for https://www.speedyfuels.co.uk/products/adblue/
2025-08-22 20:54:30,647 | INFO    | scraper.email_extractor |   0 emails on https://us.mitsuichemicals.com/siteinfo/privacy/index.htm (def from text)
2025-08-22 20:54:31,011 | INFO    | scraper.email_extractor |   0 emails on https://us.mitsuichemicals.com/contact/index.htm (def from text)
2025-08-22 20:54:31,037 | INFO    | scraper.hybrid_email_extractor | Static pass found 0 on https://us.mitsuichemicals.com/contact/index.htm
2025-08-22 20:54:31,037 | INFO    | scraper.hybrid_email_extractor | JS fallback for https://us.mitsuichemicals.com/contact/index.htm
2025-08-22 20:54:32,921 | INFO    | scraper.email_extractor |   0 emails on https://www.daf.com/nl-nl/leveranciers/over-paccar-purchasing-europe/contact-paccar-purchasing-europe (def from text)
2025-08-22 20:54:33,079 | INFO    | scraper.email_extractor |   0 emails on https://www.daf.com/en/about-daf/innovation (def from text)
2025-08-22 20:54:33,079 | INFO    | scraper.hybrid_email_extractor | Static pass found 0 on https://www.daf.com/en/about-daf/innovation
2025-08-22 20:54:33,079 | INFO    | scraper.hybrid_email_extractor | JS fallback for https://www.daf.com/en/about-daf/innovation
2025-08-22 20:54:34,001 | INFO    | scraper.email_extractor |   0 emails on https://www.speedyfuels.co.uk/products/adblue/ (def from text)
2025-08-22 20:54:34,171 | INFO    | scraper.http_client  | HTTP GET https://speedyfuels.co.uk/about-us/ → 200
2025-08-22 20:54:34,225 | INFO    | scraper.email_extractor |   0 emails on https://www.speedyfuels.co.uk/about-us/ (def from text)
2025-08-22 20:54:34,248 | INFO    | scraper.hybrid_email_extractor | Static pass found 0 on https://www.speedyfuels.co.uk/about-us/
2025-08-22 20:54:34,248 | INFO    | scraper.hybrid_email_extractor | JS fallback for https://www.speedyfuels.co.uk/about-us/
2025-08-22 20:54:35,244 | INFO    | scraper.email_extractor |   0 emails on https://us.mitsuichemicals.com/contact/index.htm (def from text)
2025-08-22 20:54:35,279 | INFO    | scraper.orchestrator | Used sitemap for us.mitsuichemicals.com
2025-08-22 20:54:35,280 | INFO    | scraper.orchestrator | No emails found in sitemap, attempting fallback crawl: us.mitsuichemicals.com
2025-08-22 20:54:35,280 | INFO    | scraper.crawler      | Start crawl us.mitsuichemicals.com (limit=50, timeout=60s, workers=16)
2025-08-22 20:54:35,559 | INFO    | scraper.email_extractor |   0 emails on https://us.mitsuichemicals.com/ (def from text)
2025-08-22 20:54:35,903 | INFO    | scraper.email_extractor |   0 emails on https://us.mitsuichemicals.com/index.htm (def from text)
2025-08-22 20:54:35,926 | INFO    | scraper.hybrid_email_extractor | JS fallback for https://us.mitsuichemicals.com/index.htm
2025-08-22 20:54:35,965 | INFO    | scraper.email_extractor |   0 emails on https://www.daf.com/en/about-daf/innovation (def from text)
2025-08-22 20:54:37,019 | INFO    | scraper.email_extractor |   0 emails on https://www.speedyfuels.co.uk/about-us/ (def from text)
2025-08-22 20:54:37,209 | INFO    | scraper.http_client  | HTTP GET https://speedyfuels.co.uk/privacy-policy/ → 200
2025-08-22 20:54:37,242 | INFO    | scraper.hybrid_email_extractor | Static pass found 1 on https://www.speedyfuels.co.uk/privacy-policy/
2025-08-22 20:54:37,331 | INFO    | scraper.email_extractor |   0 emails on https://www.daf.com/nl-nl/contact/informatie-aanvraag (def from text)
2025-08-22 20:54:37,354 | INFO    | scraper.hybrid_email_extractor | Static pass found 0 on https://www.daf.com/nl-nl/contact/informatie-aanvraag
2025-08-22 20:54:37,354 | INFO    | scraper.hybrid_email_extractor | JS fallback for https://www.daf.com/nl-nl/contact/informatie-aanvraag
2025-08-22 20:54:37,777 | INFO    | scraper.http_client  | HTTP GET https://speedyfuels.co.uk/news/common-misconceptions-about-hvo/ → 200
2025-08-22 20:54:37,840 | INFO    | scraper.email_extractor |   0 emails on https://www.speedyfuels.co.uk/news/common-misconceptions-about-hvo/ (def from text)
2025-08-22 20:54:37,866 | INFO    | scraper.hybrid_email_extractor | Static pass found 0 on https://www.speedyfuels.co.uk/news/common-misconceptions-about-hvo/
2025-08-22 20:54:37,866 | INFO    | scraper.hybrid_email_extractor | JS fallback for https://www.speedyfuels.co.uk/news/common-misconceptions-about-hvo/
2025-08-22 20:54:38,435 | INFO    | scraper.email_extractor |   0 emails on https://us.mitsuichemicals.com/index.htm (def from text)
2025-08-22 20:54:38,616 | INFO    | scraper.email_extractor |   0 emails on https://us.mitsuichemicals.com/contact/index.htm (def from text)
2025-08-22 20:54:38,930 | INFO    | scraper.email_extractor |   0 emails on https://us.mitsuichemicals.com/corporate/index.htm (def from text)
2025-08-22 20:54:38,958 | INFO    | scraper.hybrid_email_extractor | JS fallback for https://us.mitsuichemicals.com/corporate/index.htm
2025-08-22 20:54:40,507 | INFO    | scraper.email_extractor |   0 emails on https://www.daf.com/nl-nl/contact/informatie-aanvraag (def from text)
2025-08-22 20:54:40,811 | INFO    | scraper.email_extractor |   0 emails on https://www.daf.com/en/about-daf/sustainability/environment-circularity (def from text)
2025-08-22 20:54:40,859 | INFO    | scraper.hybrid_email_extractor | Static pass found 0 on https://www.daf.com/en/about-daf/sustainability/environment-circularity
2025-08-22 20:54:40,860 | INFO    | scraper.hybrid_email_extractor | JS fallback for https://www.daf.com/en/about-daf/sustainability/environment-circularity
2025-08-22 20:54:41,656 | INFO    | scraper.email_extractor |   0 emails on https://www.speedyfuels.co.uk/news/common-misconceptions-about-hvo/ (def from text)
2025-08-22 20:54:41,813 | INFO    | scraper.http_client  | HTTP GET https://speedyfuels.co.uk/news/how-to-look-after-your-adblue-storage-tanks/ → 200
2025-08-22 20:54:41,859 | INFO    | scraper.email_extractor |   0 emails on https://www.speedyfuels.co.uk/news/how-to-look-after-your-adblue-storage-tanks/ (def from text)
2025-08-22 20:54:41,882 | INFO    | scraper.hybrid_email_extractor | Static pass found 0 on https://www.speedyfuels.co.uk/news/how-to-look-after-your-adblue-storage-tanks/
2025-08-22 20:54:41,882 | INFO    | scraper.hybrid_email_extractor | JS fallback for https://www.speedyfuels.co.uk/news/how-to-look-after-your-adblue-storage-tanks/
2025-08-22 20:54:44,054 | INFO    | scraper.email_extractor |   0 emails on https://us.mitsuichemicals.com/corporate/index.htm (def from text)
2025-08-22 20:54:44,405 | INFO    | scraper.email_extractor |   0 emails on https://us.mitsuichemicals.com/corporate/overview/index.htm (def from text)
2025-08-22 20:54:44,422 | INFO    | scraper.hybrid_email_extractor | JS fallback for https://us.mitsuichemicals.com/corporate/overview/index.htm
2025-08-22 20:54:45,860 | INFO    | scraper.email_extractor |   0 emails on https://www.daf.com/en/about-daf/sustainability/environment-circularity (def from text)
2025-08-22 20:54:46,131 | INFO    | scraper.email_extractor |   0 emails on https://www.daf.com/nl-nl/contact/contact-paccar-parts (def from text)
2025-08-22 20:54:46,182 | INFO    | scraper.hybrid_email_extractor | Static pass found 0 on https://www.daf.com/nl-nl/contact/contact-paccar-parts
2025-08-22 20:54:46,182 | INFO    | scraper.hybrid_email_extractor | JS fallback for https://www.daf.com/nl-nl/contact/contact-paccar-parts
2025-08-22 20:54:47,041 | INFO    | scraper.email_extractor |   0 emails on https://www.speedyfuels.co.uk/news/how-to-look-after-your-adblue-storage-tanks/ (def from text)
2025-08-22 20:54:47,282 | INFO    | scraper.http_client  | HTTP GET https://speedyfuels.co.uk/guides/adblue-guide/ → 200
2025-08-22 20:54:47,336 | INFO    | scraper.email_extractor |   0 emails on https://www.speedyfuels.co.uk/guides/adblue-guide/ (def from text)
2025-08-22 20:54:47,361 | INFO    | scraper.hybrid_email_extractor | Static pass found 0 on https://www.speedyfuels.co.uk/guides/adblue-guide/
2025-08-22 20:54:47,361 | INFO    | scraper.hybrid_email_extractor | JS fallback for https://www.speedyfuels.co.uk/guides/adblue-guide/
2025-08-22 20:54:48,273 | INFO    | scraper.email_extractor |   0 emails on https://us.mitsuichemicals.com/corporate/overview/index.htm (def from text)
2025-08-22 20:54:48,637 | INFO    | scraper.email_extractor |   0 emails on https://us.mitsuichemicals.com/corporate/america/company_locations/index.htm (def from text)
2025-08-22 20:54:48,662 | INFO    | scraper.hybrid_email_extractor | JS fallback for https://us.mitsuichemicals.com/corporate/america/company_locations/index.htm
2025-08-22 20:54:49,950 | INFO    | scraper.email_extractor |   0 emails on https://www.daf.com/nl-nl/contact/contact-paccar-parts (def from text)
2025-08-22 20:54:50,359 | INFO    | scraper.email_extractor |   0 emails on https://www.daf.com/en/about-daf/daf-history/clever-solutions (def from text)
2025-08-22 20:54:50,394 | INFO    | scraper.hybrid_email_extractor | Static pass found 0 on https://www.daf.com/en/about-daf/daf-history/clever-solutions
2025-08-22 20:54:50,394 | INFO    | scraper.hybrid_email_extractor | JS fallback for https://www.daf.com/en/about-daf/daf-history/clever-solutions
2025-08-22 20:54:51,033 | INFO    | scraper.email_extractor |   0 emails on https://www.speedyfuels.co.uk/guides/adblue-guide/ (def from text)
2025-08-22 20:54:51,229 | INFO    | scraper.http_client  | HTTP GET https://speedyfuels.co.uk/fuel-suppliers/ → 200
2025-08-22 20:54:51,280 | INFO    | scraper.email_extractor |   0 emails on https://www.speedyfuels.co.uk/fuel-suppliers/ (def from text)
2025-08-22 20:54:51,303 | INFO    | scraper.hybrid_email_extractor | Static pass found 0 on https://www.speedyfuels.co.uk/fuel-suppliers/
2025-08-22 20:54:51,303 | INFO    | scraper.hybrid_email_extractor | JS fallback for https://www.speedyfuels.co.uk/fuel-suppliers/
2025-08-22 20:54:52,764 | INFO    | scraper.email_extractor |   0 emails on https://us.mitsuichemicals.com/corporate/america/company_locations/index.htm (def from text)
2025-08-22 20:54:53,119 | INFO    | scraper.email_extractor |   0 emails on https://us.mitsuichemicals.com/corporate/legacy/index.htm (def from text)
2025-08-22 20:54:53,138 | INFO    | scraper.hybrid_email_extractor | JS fallback for https://us.mitsuichemicals.com/corporate/legacy/index.htm
2025-08-22 20:54:54,509 | INFO    | scraper.email_extractor |   0 emails on https://www.daf.com/en/about-daf/daf-history/clever-solutions (def from text)
2025-08-22 20:54:54,850 | INFO    | scraper.email_extractor |   0 emails on https://www.daf.com/en/about-daf/board-of-management (def from text)
2025-08-22 20:54:54,984 | INFO    | scraper.hybrid_email_extractor | Static pass found 0 on https://www.daf.com/en/about-daf/board-of-management
2025-08-22 20:54:54,984 | INFO    | scraper.hybrid_email_extractor | JS fallback for https://www.daf.com/en/about-daf/board-of-management
2025-08-22 20:54:55,591 | INFO    | scraper.email_extractor |   0 emails on https://www.speedyfuels.co.uk/fuel-suppliers/ (def from text)
2025-08-22 20:54:55,758 | INFO    | scraper.http_client  | HTTP GET https://speedyfuels.co.uk/news/advice-on-finding-fuel-suppliers-in-the-uk/ → 200
2025-08-22 20:54:55,813 | INFO    | scraper.email_extractor |   0 emails on https://www.speedyfuels.co.uk/news/advice-on-finding-fuel-suppliers-in-the-uk/ (def from text)
2025-08-22 20:54:55,844 | INFO    | scraper.hybrid_email_extractor | Static pass found 0 on https://www.speedyfuels.co.uk/news/advice-on-finding-fuel-suppliers-in-the-uk/
2025-08-22 20:54:55,844 | INFO    | scraper.hybrid_email_extractor | JS fallback for https://www.speedyfuels.co.uk/news/advice-on-finding-fuel-suppliers-in-the-uk/
2025-08-22 20:54:56,918 | INFO    | scraper.email_extractor |   0 emails on https://us.mitsuichemicals.com/corporate/legacy/index.htm (def from text)
2025-08-22 20:54:57,794 | INFO    | scraper.email_extractor |   0 emails on https://us.mitsuichemicals.com/mca/2024/index.htm (def from text)
2025-08-22 20:54:57,813 | INFO    | scraper.hybrid_email_extractor | JS fallback for https://us.mitsuichemicals.com/mca/2024/index.htm
2025-08-22 20:54:58,255 | INFO    | scraper.email_extractor |   0 emails on https://www.daf.com/en/about-daf/board-of-management (def from text)
2025-08-22 20:54:58,460 | INFO    | scraper.email_extractor |   0 emails on https://www.daf.com/en/about-daf/quality (def from text)
2025-08-22 20:54:58,496 | INFO    | scraper.hybrid_email_extractor | Static pass found 0 on https://www.daf.com/en/about-daf/quality
2025-08-22 20:54:58,496 | INFO    | scraper.hybrid_email_extractor | JS fallback for https://www.daf.com/en/about-daf/quality
2025-08-22 20:54:59,336 | INFO    | scraper.email_extractor |   0 emails on https://www.speedyfuels.co.uk/news/advice-on-finding-fuel-suppliers-in-the-uk/ (def from text)
2025-08-22 20:54:59,391 | INFO    | scraper.orchestrator | Used sitemap for speedyfuels.co.uk
2025-08-22 20:54:59,391 | INFO    | scraper.orchestrator | Skipping crawl for speedyfuels.co.uk: 2 emails already found
2025-08-22 20:54:59,391 | INFO    | scraper.orchestrator | ✓ Found 2 emails for speedy fuels
2025-08-22 20:54:59,767 | INFO    | scraper.email_extractor |   0 emails on https://www.walter-schmidt-chemie.de/ (def from text)
2025-08-22 20:54:59,781 | INFO    | scraper.hybrid_email_extractor | JS fallback for https://www.walter-schmidt-chemie.de/
2025-08-22 20:55:00,603 | INFO    | scraper.email_extractor |   0 emails on https://us.mitsuichemicals.com/mca/2024/index.htm (def from text)
2025-08-22 20:55:01,477 | INFO    | scraper.email_extractor |   0 emails on https://us.mitsuichemicals.com/mci/mci-news/2025/index.htm (def from text)
2025-08-22 20:55:01,512 | INFO    | scraper.hybrid_email_extractor | JS fallback for https://us.mitsuichemicals.com/mci/mci-news/2025/index.htm
2025-08-22 20:55:01,934 | INFO    | scraper.email_extractor |   0 emails on https://www.daf.com/en/about-daf/quality (def from text)
2025-08-22 20:55:02,217 | INFO    | scraper.email_extractor |   0 emails on https://www.daf.com/nl-nl/contact (def from text)
2025-08-22 20:55:02,281 | INFO    | scraper.hybrid_email_extractor | Static pass found 0 on https://www.daf.com/nl-nl/contact
2025-08-22 20:55:02,281 | INFO    | scraper.hybrid_email_extractor | JS fallback for https://www.daf.com/nl-nl/contact
2025-08-22 20:55:03,921 | INFO    | scraper.email_extractor |   0 emails on https://www.walter-schmidt-chemie.de/ (def from text)
2025-08-22 20:55:05,169 | INFO    | scraper.email_extractor |   0 emails on https://us.mitsuichemicals.com/mci/mci-news/2025/index.htm (def from text)
2025-08-22 20:55:05,577 | INFO    | scraper.email_extractor |   0 emails on https://us.mitsuichemicals.com/service/index.htm (def from text)
2025-08-22 20:55:05,608 | INFO    | scraper.hybrid_email_extractor | JS fallback for https://us.mitsuichemicals.com/service/index.htm
2025-08-22 20:55:06,828 | INFO    | scraper.email_extractor |   0 emails on https://www.daf.com/nl-nl/contact (def from text)
2025-08-22 20:55:07,074 | INFO    | scraper.email_extractor |   0 emails on https://www.daf.com/en/about-daf/sustainability/daf-environmental-policy (def from text)
2025-08-22 20:55:07,102 | INFO    | scraper.hybrid_email_extractor | Static pass found 0 on https://www.daf.com/en/about-daf/sustainability/daf-environmental-policy
2025-08-22 20:55:07,103 | INFO    | scraper.hybrid_email_extractor | JS fallback for https://www.daf.com/en/about-daf/sustainability/daf-environmental-policy
2025-08-22 20:55:09,328 | INFO    | scraper.email_extractor |   0 emails on https://us.mitsuichemicals.com/service/index.htm (def from text)
2025-08-22 20:55:09,720 | INFO    | scraper.email_extractor |   0 emails on https://us.mitsuichemicals.com/service/life_healthcare/index.htm (def from text)
2025-08-22 20:55:09,885 | INFO    | scraper.hybrid_email_extractor | JS fallback for https://us.mitsuichemicals.com/service/life_healthcare/index.htm
2025-08-22 20:55:10,698 | INFO    | scraper.email_extractor |   0 emails on https://www.daf.com/en/about-daf/sustainability/daf-environmental-policy (def from text)
2025-08-22 20:55:10,977 | INFO    | scraper.email_extractor |   0 emails on https://www.daf.com/en/about-daf/daf-worldwide (def from text)
2025-08-22 20:55:11,015 | INFO    | scraper.hybrid_email_extractor | Static pass found 0 on https://www.daf.com/en/about-daf/daf-worldwide
2025-08-22 20:55:11,015 | INFO    | scraper.hybrid_email_extractor | JS fallback for https://www.daf.com/en/about-daf/daf-worldwide
2025-08-22 20:55:12,433 | INFO    | scraper.email_extractor |   0 emails on https://us.mitsuichemicals.com/service/life_healthcare/index.htm (def from text)
2025-08-22 20:55:12,785 | INFO    | scraper.email_extractor |   0 emails on https://us.mitsuichemicals.com/service/mobility/index.htm (def from text)
2025-08-22 20:55:12,809 | INFO    | scraper.hybrid_email_extractor | JS fallback for https://us.mitsuichemicals.com/service/mobility/index.htm
2025-08-22 20:55:13,828 | INFO    | scraper.email_extractor |   0 emails on https://www.daf.com/en/about-daf/daf-worldwide (def from text)
2025-08-22 20:55:14,148 | INFO    | scraper.email_extractor |   0 emails on https://www.daf.com/en/about-daf/daf-worldwide/dealer-network (def from text)
2025-08-22 20:55:14,175 | INFO    | scraper.hybrid_email_extractor | Static pass found 0 on https://www.daf.com/en/about-daf/daf-worldwide/dealer-network
2025-08-22 20:55:14,175 | INFO    | scraper.hybrid_email_extractor | JS fallback for https://www.daf.com/en/about-daf/daf-worldwide/dealer-network
2025-08-22 20:55:15,264 | INFO    | scraper.email_extractor |   0 emails on https://us.mitsuichemicals.com/service/mobility/index.htm (def from text)
2025-08-22 20:55:15,642 | INFO    | scraper.email_extractor |   0 emails on https://us.mitsuichemicals.com/service/ict/index.htm (def from text)
2025-08-22 20:55:15,674 | INFO    | scraper.hybrid_email_extractor | JS fallback for https://us.mitsuichemicals.com/service/ict/index.htm
2025-08-22 20:55:16,756 | INFO    | scraper.email_extractor |   0 emails on https://www.daf.com/en/about-daf/daf-worldwide/dealer-network (def from text)
2025-08-22 20:55:16,998 | INFO    | scraper.email_extractor |   0 emails on https://www.daf.com/en/about-daf/sustainability/environment-emission-reduction/sustainable-sourcing (def from text)
2025-08-22 20:55:17,032 | INFO    | scraper.hybrid_email_extractor | Static pass found 0 on https://www.daf.com/en/about-daf/sustainability/environment-emission-reduction/sustainable-sourcing
2025-08-22 20:55:17,032 | INFO    | scraper.hybrid_email_extractor | JS fallback for https://www.daf.com/en/about-daf/sustainability/environment-emission-reduction/sustainable-sourcing
2025-08-22 20:55:18,829 | INFO    | scraper.email_extractor |   0 emails on https://us.mitsuichemicals.com/service/ict/index.htm (def from text)
2025-08-22 20:55:19,187 | INFO    | scraper.email_extractor |   0 emails on https://us.mitsuichemicals.com/service/basic/index.htm (def from text)
2025-08-22 20:55:19,216 | INFO    | scraper.hybrid_email_extractor | JS fallback for https://us.mitsuichemicals.com/service/basic/index.htm
2025-08-22 20:55:20,818 | INFO    | scraper.email_extractor |   0 emails on https://www.daf.com/en/about-daf/sustainability/environment-emission-reduction/sustainable-sourcing (def from text)
2025-08-22 20:55:21,124 | INFO    | scraper.email_extractor |   0 emails on https://www.daf.com/en/contact (def from text)
2025-08-22 20:55:21,164 | INFO    | scraper.hybrid_email_extractor | Static pass found 0 on https://www.daf.com/en/contact
2025-08-22 20:55:21,165 | INFO    | scraper.hybrid_email_extractor | JS fallback for https://www.daf.com/en/contact
2025-08-22 20:55:22,681 | INFO    | scraper.email_extractor |   0 emails on https://us.mitsuichemicals.com/service/basic/index.htm (def from text)
2025-08-22 20:55:23,041 | INFO    | scraper.email_extractor |   0 emails on https://us.mitsuichemicals.com/service/new_business/index.htm (def from text)
2025-08-22 20:55:23,066 | INFO    | scraper.hybrid_email_extractor | JS fallback for https://us.mitsuichemicals.com/service/new_business/index.htm
2025-08-22 20:55:24,250 | INFO    | scraper.email_extractor |   0 emails on https://www.daf.com/en/contact (def from text)
2025-08-22 20:55:24,487 | INFO    | scraper.email_extractor |   0 emails on https://www.daf.com/en/about-daf/daf-worldwide/world-class-technology (def from text)
2025-08-22 20:55:24,511 | INFO    | scraper.hybrid_email_extractor | Static pass found 0 on https://www.daf.com/en/about-daf/daf-worldwide/world-class-technology
2025-08-22 20:55:24,515 | INFO    | scraper.hybrid_email_extractor | JS fallback for https://www.daf.com/en/about-daf/daf-worldwide/world-class-technology
2025-08-22 20:55:26,050 | INFO    | scraper.email_extractor |   0 emails on https://us.mitsuichemicals.com/service/new_business/index.htm (def from text)
2025-08-22 20:55:26,575 | INFO    | scraper.email_extractor |   0 emails on https://us.mitsuichemicals.com/service/search/index.htm (def from text)
2025-08-22 20:55:26,651 | INFO    | scraper.hybrid_email_extractor | JS fallback for https://us.mitsuichemicals.com/service/search/index.htm
2025-08-22 20:55:27,534 | INFO    | scraper.email_extractor |   0 emails on https://www.daf.com/en/about-daf/daf-worldwide/world-class-technology (def from text)
2025-08-22 20:55:27,852 | INFO    | scraper.email_extractor |   0 emails on https://www.daf.com/en/about-daf/sustainability/environment-emission-reduction (def from text)
2025-08-22 20:55:27,895 | INFO    | scraper.hybrid_email_extractor | Static pass found 0 on https://www.daf.com/en/about-daf/sustainability/environment-emission-reduction
2025-08-22 20:55:27,895 | INFO    | scraper.hybrid_email_extractor | JS fallback for https://www.daf.com/en/about-daf/sustainability/environment-emission-reduction
2025-08-22 20:55:28,983 | INFO    | scraper.email_extractor |   0 emails on https://us.mitsuichemicals.com/service/search/index.htm (def from text)
2025-08-22 20:55:29,429 | INFO    | scraper.email_extractor |   0 emails on https://us.mitsuichemicals.com/service/application/index.htm (def from text)
2025-08-22 20:55:29,460 | INFO    | scraper.hybrid_email_extractor | JS fallback for https://us.mitsuichemicals.com/service/application/index.htm
2025-08-22 20:55:30,576 | INFO    | scraper.email_extractor |   0 emails on https://www.daf.com/en/about-daf/sustainability/environment-emission-reduction (def from text)
2025-08-22 20:55:30,885 | INFO    | scraper.email_extractor |   0 emails on https://www.daf.com/en/about-daf/daf-history (def from text)
2025-08-22 20:55:30,935 | INFO    | scraper.hybrid_email_extractor | Static pass found 0 on https://www.daf.com/en/about-daf/daf-history
2025-08-22 20:55:30,935 | INFO    | scraper.hybrid_email_extractor | JS fallback for https://www.daf.com/en/about-daf/daf-history
2025-08-22 20:55:32,551 | INFO    | scraper.email_extractor |   0 emails on https://us.mitsuichemicals.com/service/application/index.htm (def from text)
2025-08-22 20:55:32,891 | INFO    | scraper.email_extractor |   0 emails on https://us.mitsuichemicals.com/service/exhibition/index.htm (def from text)
2025-08-22 20:55:32,906 | INFO    | scraper.hybrid_email_extractor | JS fallback for https://us.mitsuichemicals.com/service/exhibition/index.htm
2025-08-22 20:55:34,268 | INFO    | scraper.email_extractor |   0 emails on https://www.daf.com/en/about-daf/daf-history (def from text)
2025-08-22 20:55:34,482 | INFO    | scraper.email_extractor |   0 emails on https://www.daf.com/en/about-daf/facts-and-figures (def from text)
2025-08-22 20:55:34,519 | INFO    | scraper.hybrid_email_extractor | Static pass found 0 on https://www.daf.com/en/about-daf/facts-and-figures
2025-08-22 20:55:34,519 | INFO    | scraper.hybrid_email_extractor | JS fallback for https://www.daf.com/en/about-daf/facts-and-figures
2025-08-22 20:55:35,458 | INFO    | scraper.email_extractor |   0 emails on https://us.mitsuichemicals.com/service/exhibition/index.htm (def from text)
2025-08-22 20:55:35,521 | INFO    | scraper.crawler      | Crawl of us.mitsuichemicals.com completed: 18 pages fetched, 129 unique URLs seen, 0 emails, 60.2 s
2025-08-22 20:55:35,521 | INFO    | scraper.orchestrator | ✗ No emails found for mitsui toatsu chemicals 
2025-08-22 20:55:36,907 | INFO    | scraper.email_extractor |   0 emails on https://www.daf.com/en/about-daf/facts-and-figures (def from text)
2025-08-22 20:55:37,089 | INFO    | scraper.email_extractor |   0 emails on https://www.daf.com/en/about-daf/sustainability (def from text)
2025-08-22 20:55:37,290 | INFO    | scraper.hybrid_email_extractor | Static pass found 0 on https://www.daf.com/en/about-daf/sustainability
2025-08-22 20:55:37,290 | INFO    | scraper.hybrid_email_extractor | JS fallback for https://www.daf.com/en/about-daf/sustainability
2025-08-22 20:55:38,580 | INFO    | scraper.email_extractor |   0 emails on https://www.daf.com/en/about-daf/sustainability (def from text)
2025-08-22 20:55:39,884 | INFO    | scraper.email_extractor |   0 emails on https://www.daf.com/en/about-daf/daf-history/timeline (def from text)
2025-08-22 20:55:39,919 | INFO    | scraper.hybrid_email_extractor | Static pass found 0 on https://www.daf.com/en/about-daf/daf-history/timeline
2025-08-22 20:55:39,919 | INFO    | scraper.hybrid_email_extractor | JS fallback for https://www.daf.com/en/about-daf/daf-history/timeline
2025-08-22 20:55:41,363 | INFO    | scraper.email_extractor |   0 emails on https://www.daf.com/en/about-daf/daf-history/timeline (def from text)
2025-08-22 20:55:41,626 | INFO    | scraper.email_extractor |   0 emails on https://www.daf.com/nl-nl/werken-bij-daf/contact-recruitment (def from text)
2025-08-22 20:55:41,654 | INFO    | scraper.hybrid_email_extractor | Static pass found 0 on https://www.daf.com/nl-nl/werken-bij-daf/contact-recruitment
2025-08-22 20:55:41,654 | INFO    | scraper.hybrid_email_extractor | JS fallback for https://www.daf.com/nl-nl/werken-bij-daf/contact-recruitment
2025-08-22 20:55:42,926 | INFO    | scraper.email_extractor |   0 emails on https://www.daf.com/nl-nl/werken-bij-daf/contact-recruitment (def from text)
2025-08-22 20:55:43,126 | INFO    | scraper.email_extractor |   0 emails on https://www.daf.com/en/about-daf/daf-worldwide/production-locations (def from text)
2025-08-22 20:55:43,155 | INFO    | scraper.hybrid_email_extractor | Static pass found 0 on https://www.daf.com/en/about-daf/daf-worldwide/production-locations
2025-08-22 20:55:43,155 | INFO    | scraper.hybrid_email_extractor | JS fallback for https://www.daf.com/en/about-daf/daf-worldwide/production-locations
2025-08-22 20:55:44,532 | INFO    | scraper.email_extractor |   0 emails on https://www.daf.com/en/about-daf/daf-worldwide/production-locations (def from text)
2025-08-22 20:55:44,769 | INFO    | scraper.email_extractor |   0 emails on https://www.daf.com/en/about-daf/sustainability/care-for-people (def from text)
2025-08-22 20:55:44,803 | INFO    | scraper.hybrid_email_extractor | Static pass found 0 on https://www.daf.com/en/about-daf/sustainability/care-for-people
2025-08-22 20:55:44,803 | INFO    | scraper.hybrid_email_extractor | JS fallback for https://www.daf.com/en/about-daf/sustainability/care-for-people
2025-08-22 20:55:46,150 | INFO    | scraper.email_extractor |   0 emails on https://www.daf.com/en/about-daf/sustainability/care-for-people (def from text)
2025-08-22 20:55:46,323 | INFO    | scraper.email_extractor |   0 emails on https://www.daf.com/en/about-daf/daf-history/past-and-present (def from text)
2025-08-22 20:55:46,350 | INFO    | scraper.hybrid_email_extractor | Static pass found 0 on https://www.daf.com/en/about-daf/daf-history/past-and-present
2025-08-22 20:55:46,350 | INFO    | scraper.hybrid_email_extractor | JS fallback for https://www.daf.com/en/about-daf/daf-history/past-and-present
2025-08-22 20:55:47,840 | INFO    | scraper.email_extractor |   0 emails on https://www.daf.com/en/about-daf/daf-history/past-and-present (def from text)
2025-08-22 20:55:47,867 | INFO    | scraper.orchestrator | Used sitemap for daf.com
2025-08-22 20:55:47,867 | INFO    | scraper.orchestrator | No emails found in sitemap, attempting fallback crawl: daf.com
2025-08-22 20:55:47,867 | INFO    | scraper.crawler      | Start crawl daf.com (limit=50, timeout=60s, workers=16)
2025-08-22 20:55:48,084 | INFO    | scraper.email_extractor |   0 emails on https://www.daf.com/en/sites-landing (def from text)
2025-08-22 20:55:49,063 | INFO    | scraper.email_extractor |   0 emails on https://parts.daf.com/en-gb/ (def from text)
2025-08-22 20:55:49,073 | INFO    | scraper.hybrid_email_extractor | JS fallback for https://parts.daf.com/en-gb/
2025-08-22 20:55:50,102 | INFO    | scraper.sitemap      | Found sitemap via standard filenames: https://walter-schmidt-chemie.de/sitemap.xml (46.17s)
2025-08-22 20:55:50,993 | INFO    | scraper.email_extractor |   0 emails on https://parts.daf.com/en-gb/ (def from text)
2025-08-22 20:55:51,892 | INFO    | scraper.email_extractor |   0 emails on https://eportal.daf.com/my.policy (def from text)
2025-08-22 20:55:51,892 | INFO    | scraper.hybrid_email_extractor | JS fallback for https://eportal.daf.com/my.policy
2025-08-22 20:55:53,162 | INFO    | scraper.email_extractor |   0 emails on https://eportal.daf.com/my.policy (def from text)
2025-08-22 20:55:53,409 | INFO    | scraper.email_extractor |   1 emails on https://www.daf.com/en/news-and-media (def from text)
2025-08-22 20:55:53,409 | INFO    | scraper.hybrid_email_extractor | Static pass found 1 emails in https://www.daf.com/en/news-and-media
2025-08-22 20:55:53,722 | INFO    | scraper.email_extractor |   0 emails on https://www.daf.com/en/suppliers (def from text)
2025-08-22 20:55:53,748 | INFO    | scraper.hybrid_email_extractor | JS fallback for https://www.daf.com/en/suppliers
2025-08-22 20:55:55,126 | INFO    | scraper.email_extractor |   0 emails on https://www.daf.com/en/suppliers (def from text)
2025-08-22 20:55:55,531 | INFO    | scraper.email_extractor |   0 emails on https://www.daf.com/en/working-at-daf (def from text)
2025-08-22 20:55:55,566 | INFO    | scraper.hybrid_email_extractor | JS fallback for https://www.daf.com/en/working-at-daf
2025-08-22 20:55:57,072 | INFO    | scraper.email_extractor |   0 emails on https://www.daf.com/en/working-at-daf (def from text)
2025-08-22 20:55:57,384 | INFO    | scraper.email_extractor |   0 emails on https://www.daf.com/en (def from text)
2025-08-22 20:55:57,506 | INFO    | scraper.hybrid_email_extractor | JS fallback for https://www.daf.com/en
2025-08-22 20:55:59,095 | INFO    | scraper.email_extractor |   0 emails on https://www.daf.com/en (def from text)
2025-08-22 20:55:59,452 | INFO    | scraper.email_extractor |   0 emails on https://www.daf.com/nl-nl (def from text)
2025-08-22 20:55:59,508 | INFO    | scraper.hybrid_email_extractor | JS fallback for https://www.daf.com/nl-nl
2025-08-22 20:56:01,155 | INFO    | scraper.email_extractor |   0 emails on https://www.daf.com/nl-nl (def from text)
2025-08-22 20:56:01,386 | INFO    | scraper.email_extractor |   0 emails on https://www.daf.com/en/dealer-locator-page (def from text)
2025-08-22 20:56:01,402 | INFO    | scraper.hybrid_email_extractor | JS fallback for https://www.daf.com/en/dealer-locator-page
2025-08-22 20:56:02,054 | INFO    | scraper.email_extractor |   0 emails on https://www.walter-schmidt-chemie.de/kontakt/kontaktformular/formhandler.html (def from text)
2025-08-22 20:56:02,062 | INFO    | scraper.hybrid_email_extractor | Static pass found 0 on https://www.walter-schmidt-chemie.de/kontakt/kontaktformular/formhandler.html
2025-08-22 20:56:02,062 | INFO    | scraper.hybrid_email_extractor | JS fallback for https://www.walter-schmidt-chemie.de/kontakt/kontaktformular/formhandler.html
2025-08-22 20:56:07,969 | INFO    | scraper.email_extractor |   0 emails on https://www.daf.com/en/dealer-locator-page (def from text)
2025-08-22 20:56:09,964 | INFO    | scraper.email_extractor |   0 emails on https://www.daf.com.au/ (def from text)
2025-08-22 20:56:09,988 | INFO    | scraper.hybrid_email_extractor | JS fallback for https://www.daf.com.au/
2025-08-22 20:56:10,385 | INFO    | scraper.email_extractor |   0 emails on https://www.walter-schmidt-chemie.de/kontakt/kontaktformular/formhandler.html (def from text)
2025-08-22 20:56:10,582 | INFO    | scraper.email_extractor |   1 emails on https://www.walter-schmidt-chemie.de/kontakt/impressum.html (def from text)
2025-08-22 20:56:10,583 | INFO    | scraper.hybrid_email_extractor | Static pass found 1 on https://www.walter-schmidt-chemie.de/kontakt/impressum.html
2025-08-22 20:56:10,829 | INFO    | scraper.email_extractor |   0 emails on https://www.walter-schmidt-chemie.de/kontakt/inhaltsverzeichnis.html (def from text)
2025-08-22 20:56:10,845 | INFO    | scraper.hybrid_email_extractor | Static pass found 0 on https://www.walter-schmidt-chemie.de/kontakt/inhaltsverzeichnis.html
2025-08-22 20:56:10,845 | INFO    | scraper.hybrid_email_extractor | JS fallback for https://www.walter-schmidt-chemie.de/kontakt/inhaltsverzeichnis.html
2025-08-22 20:56:15,560 | INFO    | scraper.email_extractor |   0 emails on https://www.daf.com.au/ (def from text)
2025-08-22 20:56:16,700 | INFO    | scraper.email_extractor |   0 emails on https://www.walter-schmidt-chemie.de/kontakt/inhaltsverzeichnis.html (def from text)
2025-08-22 20:56:16,931 | INFO    | scraper.email_extractor |   0 emails on https://www.walter-schmidt-chemie.de/kontakt/kontaktformular/ (def from text)
2025-08-22 20:56:16,938 | INFO    | scraper.hybrid_email_extractor | Static pass found 0 on https://www.walter-schmidt-chemie.de/kontakt/kontaktformular/
2025-08-22 20:56:16,938 | INFO    | scraper.hybrid_email_extractor | JS fallback for https://www.walter-schmidt-chemie.de/kontakt/kontaktformular/
2025-08-22 20:56:17,820 | INFO    | scraper.email_extractor |   0 emails on https://www.walter-schmidt-chemie.de/kontakt/kontaktformular/ (def from text)
2025-08-22 20:56:18,509 | INFO    | scraper.email_extractor |   0 emails on https://www.walter-schmidt-chemie.de/kontakt/meldeplattform-hinschg/ (def from text)
2025-08-22 20:56:18,509 | INFO    | scraper.hybrid_email_extractor | Static pass found 0 on https://www.walter-schmidt-chemie.de/kontakt/meldeplattform-hinschg/
2025-08-22 20:56:18,510 | INFO    | scraper.hybrid_email_extractor | JS fallback for https://www.walter-schmidt-chemie.de/kontakt/meldeplattform-hinschg/
2025-08-22 20:56:20,106 | INFO    | scraper.email_extractor |   0 emails on https://www.walter-schmidt-chemie.de/kontakt/meldeplattform-hinschg/ (def from text)
2025-08-22 20:56:21,147 | INFO    | scraper.email_extractor |   0 emails on https://www.walter-schmidt-chemie.de/kontakt/ (def from text)
2025-08-22 20:56:21,154 | INFO    | scraper.hybrid_email_extractor | Static pass found 0 on https://www.walter-schmidt-chemie.de/kontakt/
2025-08-22 20:56:21,154 | INFO    | scraper.hybrid_email_extractor | JS fallback for https://www.walter-schmidt-chemie.de/kontakt/
2025-08-22 20:56:21,977 | ERROR   | scraper.performance_optimizer | Optimized request failed for https://www.daf.com.tw?MarketCode=TW: HTTPSConnectionPool(host='www.daf.com.tw', port=443): Max retries exceeded with url: /?MarketCode=TW (Caused by SSLError(SSLCertVerificationError(1, "[SSL: CERTIFICATE_VERIFY_FAILED] certificate verify failed: Hostname mismatch, certificate is not valid for 'www.daf.com.tw'. (_ssl.c:1028)")))
2025-08-22 20:56:22,722 | INFO    | scraper.email_extractor |   0 emails on https://www.walter-schmidt-chemie.de/kontakt/ (def from text)
2025-08-22 20:56:23,103 | INFO    | scraper.http_client  | HTTP GET https://www.daf.com.tw?MarketCode=TW → 200
2025-08-22 20:56:23,107 | INFO    | scraper.email_extractor |   0 emails on https://www.daf.com.tw/?MarketCode=TW (def from text)
2025-08-22 20:56:23,111 | INFO    | scraper.hybrid_email_extractor | JS fallback for https://www.daf.com.tw/?MarketCode=TW
2025-08-22 20:56:23,701 | INFO    | scraper.email_extractor |   0 emails on https://www.walter-schmidt-chemie.de/produkte/adblue/ (def from text)
2025-08-22 20:56:23,708 | INFO    | scraper.hybrid_email_extractor | Static pass found 0 on https://www.walter-schmidt-chemie.de/produkte/adblue/
2025-08-22 20:56:23,708 | INFO    | scraper.hybrid_email_extractor | JS fallback for https://www.walter-schmidt-chemie.de/produkte/adblue/
2025-08-22 20:56:30,275 | INFO    | scraper.email_extractor |   0 emails on https://www.daf.com.tw/?MarketCode=TW (def from text)
2025-08-22 20:56:31,386 | INFO    | scraper.email_extractor |   0 emails on https://readytogo.daf.com/en (def from text)
2025-08-22 20:56:31,396 | INFO    | scraper.hybrid_email_extractor | JS fallback for https://readytogo.daf.com/en
2025-08-22 20:56:32,022 | INFO    | scraper.email_extractor |   0 emails on https://www.walter-schmidt-chemie.de/produkte/adblue/ (def from text)
2025-08-22 20:56:32,230 | INFO    | scraper.email_extractor |   0 emails on https://www.walter-schmidt-chemie.de/kontakt/kontaktformular/nachricht-erfolgreich-versandt.html (def from text)
2025-08-22 20:56:32,236 | INFO    | scraper.hybrid_email_extractor | Static pass found 0 on https://www.walter-schmidt-chemie.de/kontakt/kontaktformular/nachricht-erfolgreich-versandt.html
2025-08-22 20:56:32,237 | INFO    | scraper.hybrid_email_extractor | JS fallback for https://www.walter-schmidt-chemie.de/kontakt/kontaktformular/nachricht-erfolgreich-versandt.html
2025-08-22 20:56:34,260 | INFO    | scraper.email_extractor |   0 emails on https://readytogo.daf.com/en (def from text)
2025-08-22 20:56:34,508 | INFO    | scraper.email_extractor |   0 emails on https://www.daf.com/en/driver-information/driver-manuals (def from text)
2025-08-22 20:56:34,546 | INFO    | scraper.hybrid_email_extractor | JS fallback for https://www.daf.com/en/driver-information/driver-manuals
2025-08-22 20:56:35,138 | INFO    | scraper.email_extractor |   0 emails on https://www.walter-schmidt-chemie.de/kontakt/kontaktformular/nachricht-erfolgreich-versandt.html (def from text)
2025-08-22 20:56:35,305 | INFO    | scraper.email_extractor |   0 emails on https://www.walter-schmidt-chemie.de/produkte/adblue/adblue.html (def from text)
2025-08-22 20:56:35,312 | INFO    | scraper.hybrid_email_extractor | Static pass found 0 on https://www.walter-schmidt-chemie.de/produkte/adblue/adblue.html
2025-08-22 20:56:35,313 | INFO    | scraper.hybrid_email_extractor | JS fallback for https://www.walter-schmidt-chemie.de/produkte/adblue/adblue.html
2025-08-22 20:56:36,554 | INFO    | scraper.email_extractor |   0 emails on https://www.daf.com/en/driver-information/driver-manuals (def from text)
2025-08-22 20:56:37,083 | INFO    | scraper.email_extractor |   0 emails on https://rmi.daf.com/en (def from text)
2025-08-22 20:56:37,103 | INFO    | scraper.hybrid_email_extractor | JS fallback for https://rmi.daf.com/en
2025-08-22 20:56:37,485 | INFO    | scraper.email_extractor |   0 emails on https://www.walter-schmidt-chemie.de/produkte/adblue/adblue.html (def from text)
2025-08-22 20:56:37,848 | INFO    | scraper.orchestrator | Used sitemap for walter-schmidt-chemie.de
2025-08-22 20:56:37,848 | INFO    | scraper.orchestrator | Skipping crawl for walter-schmidt-chemie.de: 1 emails already found
2025-08-22 20:56:37,848 | INFO    | scraper.orchestrator | ✓ Found 1 emails for walter schmidt chemie gmbh
2025-08-22 20:56:38,927 | INFO    | scraper.email_extractor |   0 emails on https://rmi.daf.com/en (def from text)
2025-08-22 20:56:39,501 | INFO    | scraper.email_extractor |   0 emails on https://pti.daf.com/ (def from text)
2025-08-22 20:56:39,522 | INFO    | scraper.hybrid_email_extractor | JS fallback for https://pti.daf.com/
2025-08-22 20:56:41,349 | INFO    | scraper.email_extractor |   0 emails on https://pti.daf.com/ (def from text)
2025-08-22 20:56:41,413 | INFO    | scraper.email_extractor |   0 emails on https://www.daf.com/en/about-daf (def from text)
2025-08-22 20:56:42,032 | INFO    | scraper.email_extractor |   0 emails on https://www.daf.com/en/products-and-services (def from text)
2025-08-22 20:56:42,077 | INFO    | scraper.hybrid_email_extractor | JS fallback for https://www.daf.com/en/products-and-services
2025-08-22 20:56:43,758 | INFO    | scraper.email_extractor |   0 emails on https://www.daf.com/en/products-and-services (def from text)
2025-08-22 20:56:43,902 | INFO    | scraper.email_extractor |   0 emails on https://www.daf.com/en/contact (def from text)
2025-08-22 20:56:44,189 | INFO    | scraper.email_extractor |   0 emails on https://www.daf.com/en/contact/pems-testing-service-contact-page (def from text)
2025-08-22 20:56:44,212 | INFO    | scraper.hybrid_email_extractor | JS fallback for https://www.daf.com/en/contact/pems-testing-service-contact-page
2025-08-22 20:56:45,866 | INFO    | scraper.email_extractor |   0 emails on https://www.daf.com/en/contact/pems-testing-service-contact-page (def from text)
2025-08-22 20:56:46,185 | INFO    | scraper.email_extractor |   0 emails on https://www.daf.com/en/legal/code-of-conduct (def from text)
2025-08-22 20:56:46,208 | INFO    | scraper.hybrid_email_extractor | JS fallback for https://www.daf.com/en/legal/code-of-conduct
2025-08-22 20:56:47,834 | INFO    | scraper.email_extractor |   0 emails on https://www.daf.com/en/legal/code-of-conduct (def from text)
2025-08-22 20:56:47,884 | INFO    | scraper.crawler      | Crawl of daf.com completed: 20 pages fetched, 380 unique URLs seen, 1 emails, 60.0 s
2025-08-22 20:56:47,884 | INFO    | scraper.orchestrator | ✓ Found 1 emails for daf trucks
