2025-08-23 00:24:11,468 | DEBUG   | scraper.output_formatter | Output formatter initialized (verbose=True)
2025-08-23 00:24:11,469 | INFO    | scraper.cli          | Email scraper starting
2025-08-23 00:24:11,469 | INFO    | scraper.cli          | Input file: test_input.xlsx
2025-08-23 00:24:11,469 | INFO    | scraper.cli          | Output file: results.xlsx
2025-08-23 00:24:11,469 | INFO    | scraper.cli          | Workers: 16
2025-08-23 00:24:11,469 | INFO    | scraper.cli          | Domain threshold: 50
2025-08-23 00:24:11,469 | INFO    | scraper.cli          | Max pages: 50
2025-08-23 00:24:11,470 | INFO    | scraper.cli          | Process PDFs: False
2025-08-23 00:24:11,470 | INFO    | scraper.cli          | Save domain only: False
2025-08-23 00:24:11,470 | INFO    | scraper.config       | Updated max workers to 16
2025-08-23 00:24:11,675 | INFO    | scraper.cli          | Loaded 8 companies from test_input.xlsx
2025-08-23 00:24:11,927 | INFO    | scraper.regex_cache  | Precompiling 11 regex patterns
2025-08-23 00:24:11,928 | DEBUG   | scraper.regex_cache  | Compiled and cached regex pattern: (?i)(?<![A-Z0-9._%+-])[A-Z0-9._%+-]+@(?:[A-Z0-9-]+ (0.657ms)
2025-08-23 00:24:11,929 | DEBUG   | scraper.regex_cache  | Precompiled pattern 'email_basic'
2025-08-23 00:24:11,929 | DEBUG   | scraper.regex_cache  | Compiled and cached regex pattern: mailto: (0.035ms)
2025-08-23 00:24:11,929 | DEBUG   | scraper.regex_cache  | Precompiled pattern 'mailto'
2025-08-23 00:24:11,930 | DEBUG   | scraper.regex_cache  | Compiled and cached regex pattern: 
            (?P<user>[A-Za-z0-9._%+-]+)           (0.530ms)
2025-08-23 00:24:11,930 | DEBUG   | scraper.regex_cache  | Precompiled pattern 'obfuscated_email'
2025-08-23 00:24:11,930 | DEBUG   | scraper.regex_cache  | Compiled and cached regex pattern: noreply@ (0.042ms)
2025-08-23 00:24:11,930 | DEBUG   | scraper.regex_cache  | Precompiled pattern 'noreply'
2025-08-23 00:24:11,930 | DEBUG   | scraper.regex_cache  | Compiled and cached regex pattern: donotreply@ (0.042ms)
2025-08-23 00:24:11,930 | DEBUG   | scraper.regex_cache  | Precompiled pattern 'donotreply'
2025-08-23 00:24:11,930 | DEBUG   | scraper.regex_cache  | Compiled and cached regex pattern: no-reply@ (0.043ms)
2025-08-23 00:24:11,931 | DEBUG   | scraper.regex_cache  | Precompiled pattern 'no_reply'
2025-08-23 00:24:11,931 | DEBUG   | scraper.regex_cache  | Compiled and cached regex pattern: webmaster@ (0.036ms)
2025-08-23 00:24:11,931 | DEBUG   | scraper.regex_cache  | Precompiled pattern 'webmaster'
2025-08-23 00:24:11,931 | DEBUG   | scraper.regex_cache  | Compiled and cached regex pattern: hostmaster@ (0.047ms)
2025-08-23 00:24:11,931 | DEBUG   | scraper.regex_cache  | Precompiled pattern 'hostmaster'
2025-08-23 00:24:11,931 | DEBUG   | scraper.regex_cache  | Compiled and cached regex pattern: postmaster@ (0.038ms)
2025-08-23 00:24:11,932 | DEBUG   | scraper.regex_cache  | Precompiled pattern 'postmaster'
2025-08-23 00:24:11,932 | DEBUG   | scraper.regex_cache  | Compiled and cached regex pattern: \.(?:png|jpe?g|gif)$ (0.067ms)
2025-08-23 00:24:11,932 | DEBUG   | scraper.regex_cache  | Precompiled pattern 'image_extensions'
2025-08-23 00:24:11,932 | DEBUG   | scraper.regex_cache  | Compiled and cached regex pattern: ^[0-9a-f]{20,}$ (0.053ms)
2025-08-23 00:24:11,932 | DEBUG   | scraper.regex_cache  | Precompiled pattern 'hex_local_parts'
2025-08-23 00:24:11,932 | INFO    | scraper.regex_cache  | Precompiled 11 common email extraction patterns
2025-08-23 00:24:11,933 | DEBUG   | asyncio              | Using proactor: IocpProactor
2025-08-23 00:24:12,186 | DEBUG   | scraper.google_search | Google search cache persistence enabled
2025-08-23 00:24:12,187 | DEBUG   | scraper.http_client  | Created optimized session template with connection pooling
2025-08-23 00:24:12,187 | DEBUG   | scraper.http_client  | Created new session for domain: googleapis.com
2025-08-23 00:24:12,188 | INFO    | scraper.google_search | Google API requests session initialized
2025-08-23 00:24:12,188 | DEBUG   | scraper.google_search | Google search cache persistence enabled
2025-08-23 00:24:12,188 | DEBUG   | scraper.google_search | Google search cache persistence enabled
2025-08-23 00:24:12,188 | INFO    | scraper.async_orchestrator | Starting streaming processing of 8 companies
2025-08-23 00:24:12,189 | DEBUG   | scraper.async_google_search | [TRACE] search_companies_streaming: start with 8 companies
2025-08-23 00:24:12,189 | DEBUG   | scraper.async_google_search | [TRACE] search_companies_streaming: created 8 tasks
2025-08-23 00:24:12,189 | DEBUG   | scraper.async_google_search | [TRACE] search_companies_streaming: awaiting next completed task
2025-08-23 00:24:12,189 | DEBUG   | scraper.async_google_search | [TRACE] run: starting search for walter schmidt chemie gmbh
2025-08-23 00:24:12,190 | DEBUG   | scraper.google_search | Google cache MISS for query: "walter schmidt chemie gmbh" contact email
2025-08-23 00:24:12,190 | INFO    | scraper.async_google_search | Async Google API session initialized (max_concurrent=10)
2025-08-23 00:24:12,190 | DEBUG   | scraper.async_google_search | Async Google API search: "walter schmidt chemie gmbh" contact email
2025-08-23 00:24:12,192 | DEBUG   | scraper.async_google_search | [TRACE] run: starting search for henan xinlianxin fertilizer 
2025-08-23 00:24:12,192 | DEBUG   | scraper.google_search | Google cache MISS for query: "henan xinlianxin fertilizer" contact email
2025-08-23 00:24:12,192 | DEBUG   | scraper.async_google_search | Async rate limiting: waiting 0.80 seconds
2025-08-23 00:24:12,192 | DEBUG   | scraper.async_google_search | [TRACE] run: starting search for mitsui toatsu chemicals 
2025-08-23 00:24:12,193 | DEBUG   | scraper.google_search | Google cache MISS for query: "mitsui toatsu chemicals" contact email
2025-08-23 00:24:12,193 | DEBUG   | scraper.async_google_search | [TRACE] run: starting search for daf trucks
2025-08-23 00:24:12,193 | DEBUG   | scraper.google_search | Google cache MISS for query: "daf trucks" contact email
2025-08-23 00:24:12,193 | DEBUG   | scraper.async_google_search | [TRACE] run: starting search for petrol rete 
2025-08-23 00:24:12,193 | DEBUG   | scraper.google_search | Google cache MISS for query: "petrol rete" contact email
2025-08-23 00:24:12,193 | DEBUG   | scraper.async_google_search | [TRACE] run: starting search for euro dam jas doo
2025-08-23 00:24:12,194 | DEBUG   | scraper.google_search | Google cache MISS for query: "euro dam jas doo" contact email
2025-08-23 00:24:12,194 | DEBUG   | scraper.async_google_search | [TRACE] run: starting search for Synsol
2025-08-23 00:24:12,194 | DEBUG   | scraper.google_search | Google cache MISS for query: "Synsol" contact email
2025-08-23 00:24:12,194 | DEBUG   | scraper.async_google_search | [TRACE] run: starting search for speedy fuels
2025-08-23 00:24:12,194 | DEBUG   | scraper.google_search | Google cache MISS for query: "speedy fuels" contact email
2025-08-23 00:24:12,443 | DEBUG   | scraper.async_google_search | Async Google search returned 10 results for: "walter schmidt chemie gmbh" contact email
2025-08-23 00:24:12,444 | DEBUG   | scraper.google_search | Cached Google results for query: "walter schmidt chemie gmbh" contact email (10 results)
2025-08-23 00:24:12,444 | DEBUG   | scraper.async_google_search | [TRACE] run: finished search for walter schmidt chemie gmbh
2025-08-23 00:24:12,444 | DEBUG   | scraper.async_google_search | [TRACE] search_companies_streaming: got results for walter schmidt chemie gmbh
2025-08-23 00:24:12,444 | DEBUG   | scraper.async_orchestrator | [TRACE] Pulled company from google search: walter schmidt chemie gmbh
2025-08-23 00:24:12,445 | DEBUG   | scraper.async_orchestrator | [TRACE] on_company_start called for: walter schmidt chemie gmbh
2025-08-23 00:24:12,445 | DEBUG   | scraper.async_orchestrator | [TRACE] on_company_start awaited for: walter schmidt chemie gmbh
2025-08-23 00:24:12,445 | DEBUG   | filelock             | Attempting to acquire lock 2746154432032 on C:\Dev\Projects\Scraping_directory\THE_Email_Scraper\.venv\Lib\site-packages\tldextract\.suffix_cache\publicsuffix.org-tlds\de84b5ca2167d4c83e38fb162f2e8738.tldextract.json.lock
2025-08-23 00:24:12,446 | DEBUG   | filelock             | Lock 2746154432032 acquired on C:\Dev\Projects\Scraping_directory\THE_Email_Scraper\.venv\Lib\site-packages\tldextract\.suffix_cache\publicsuffix.org-tlds\de84b5ca2167d4c83e38fb162f2e8738.tldextract.json.lock
2025-08-23 00:24:12,449 | DEBUG   | filelock             | Attempting to release lock 2746154432032 on C:\Dev\Projects\Scraping_directory\THE_Email_Scraper\.venv\Lib\site-packages\tldextract\.suffix_cache\publicsuffix.org-tlds\de84b5ca2167d4c83e38fb162f2e8738.tldextract.json.lock
2025-08-23 00:24:12,450 | DEBUG   | filelock             | Lock 2746154432032 released on C:\Dev\Projects\Scraping_directory\THE_Email_Scraper\.venv\Lib\site-packages\tldextract\.suffix_cache\publicsuffix.org-tlds\de84b5ca2167d4c83e38fb162f2e8738.tldextract.json.lock
2025-08-23 00:24:12,482 | DEBUG   | scraper.domain_scorer | Domain score for walter schmidt chemie gmbh and walter-schmidt-chemie.de: 89 (base: 89, penalty: 0)
2025-08-23 00:24:12,482 | DEBUG   | scraper.domain_scorer | Domain score for walter schmidt chemie gmbh and rocketreach.co: 45 (base: 45, penalty: 0)
2025-08-23 00:24:12,483 | DEBUG   | scraper.domain_scorer | Domain score for walter schmidt chemie gmbh and walter-schmidt-chemie.de: 89 (base: 89, penalty: 0)
2025-08-23 00:24:12,483 | DEBUG   | scraper.domain_scorer | Domain score for walter schmidt chemie gmbh and schmidt-zement.de: 74 (base: 74, penalty: 0)
2025-08-23 00:24:12,483 | DEBUG   | scraper.domain_scorer | Domain score for walter schmidt chemie gmbh and carlroth.com: 50 (base: 50, penalty: 0)
2025-08-23 00:24:12,484 | DEBUG   | scraper.domain_scorer | Domain score for walter schmidt chemie gmbh and schmidt-zement.de: 74 (base: 74, penalty: 0)
2025-08-23 00:24:12,484 | DEBUG   | scraper.domain_scorer | Domain score for walter schmidt chemie gmbh and noba-normteile.de: 42 (base: 42, penalty: 0)
2025-08-23 00:24:12,484 | DEBUG   | scraper.domain_scorer | Domain score for walter schmidt chemie gmbh and schmidt-zement.de: 74 (base: 74, penalty: 0)
2025-08-23 00:24:12,484 | DEBUG   | scraper.domain_scorer | Applied penalty to linkedin.com (contains linkedin.com)
2025-08-23 00:24:12,484 | DEBUG   | scraper.domain_scorer | Domain score for walter schmidt chemie gmbh and linkedin.com: 15 (base: 40, penalty: 25)
2025-08-23 00:24:12,484 | DEBUG   | scraper.domain_scorer | Domain score for walter schmidt chemie gmbh and schmidt-zement.de: 74 (base: 74, penalty: 0)
2025-08-23 00:24:12,485 | DEBUG   | scraper.domain_scorer | Best domain for walter schmidt chemie gmbh: https://www.walter-schmidt-chemie.de/en/contact/imprint.html (score: 89)
2025-08-23 00:24:12,485 | DEBUG   | scraper.async_orchestrator | [TRACE] Domain scored for walter schmidt chemie gmbh: https://www.walter-schmidt-chemie.de/en/contact/imprint.html
2025-08-23 00:24:12,485 | DEBUG   | scraper.async_google_search | [TRACE] search_companies_streaming: awaiting next completed task
2025-08-23 00:24:12,485 | DEBUG   | scraper.async_orchestrator | 🌐 Processing domain: walter-schmidt-chemie.de (score: 89)
2025-08-23 00:24:12,485 | INFO    | scraper.async_http_client | Probing domain (sequential) for access method: walter-schmidt-chemie.de
2025-08-23 00:24:12,486 | DEBUG   | scraper.async_http_client | Testing access method https: https://walter-schmidt-chemie.de
2025-08-23 00:24:13,004 | DEBUG   | scraper.async_google_search | Async Google API search: "henan xinlianxin fertilizer" contact email
2025-08-23 00:24:13,006 | DEBUG   | scraper.async_google_search | Async rate limiting: waiting 0.80 seconds
2025-08-23 00:24:13,244 | DEBUG   | scraper.async_google_search | Async Google search returned 10 results for: "henan xinlianxin fertilizer" contact email
2025-08-23 00:24:13,245 | DEBUG   | scraper.google_search | Cached Google results for query: "henan xinlianxin fertilizer" contact email (10 results)
2025-08-23 00:24:13,245 | DEBUG   | scraper.async_google_search | [TRACE] run: finished search for henan xinlianxin fertilizer 
2025-08-23 00:24:13,245 | DEBUG   | scraper.async_google_search | [TRACE] search_companies_streaming: got results for henan xinlianxin fertilizer 
2025-08-23 00:24:13,245 | DEBUG   | scraper.async_orchestrator | [TRACE] Pulled company from google search: henan xinlianxin fertilizer 
2025-08-23 00:24:13,246 | DEBUG   | scraper.async_orchestrator | [TRACE] on_company_start called for: henan xinlianxin fertilizer 
2025-08-23 00:24:13,246 | DEBUG   | scraper.async_orchestrator | [TRACE] on_company_start awaited for: henan xinlianxin fertilizer 
2025-08-23 00:24:13,246 | DEBUG   | scraper.domain_scorer | Applied penalty to facebook.com (contains facebook.com)
2025-08-23 00:24:13,246 | DEBUG   | scraper.domain_scorer | Domain score for henan xinlianxin fertilizer  and facebook.com: 0 (base: 25, penalty: 25)
2025-08-23 00:24:13,247 | DEBUG   | scraper.domain_scorer | Domain score for henan xinlianxin fertilizer  and jet-inc.com: 42 (base: 42, penalty: 0)
2025-08-23 00:24:13,247 | DEBUG   | scraper.domain_scorer | Applied penalty to linkedin.com (contains linkedin.com)
2025-08-23 00:24:13,247 | DEBUG   | scraper.domain_scorer | Domain score for henan xinlianxin fertilizer  and linkedin.com: 37 (base: 62, penalty: 25)
2025-08-23 00:24:13,247 | DEBUG   | scraper.domain_scorer | Domain score for henan xinlianxin fertilizer  and sinofert.com: 75 (base: 75, penalty: 0)
2025-08-23 00:24:13,248 | DEBUG   | scraper.domain_scorer | Applied penalty to cn.linkedin.com (contains linkedin.com)
2025-08-23 00:24:13,248 | DEBUG   | scraper.domain_scorer | Domain score for henan xinlianxin fertilizer  and cn.linkedin.com: 37 (base: 62, penalty: 25)
2025-08-23 00:24:13,248 | DEBUG   | scraper.domain_scorer | Domain score for henan xinlianxin fertilizer  and methanol.org: 50 (base: 50, penalty: 0)
2025-08-23 00:24:13,248 | DEBUG   | scraper.domain_scorer | Domain score for henan xinlianxin fertilizer  and issuu.com: 22 (base: 22, penalty: 0)
2025-08-23 00:24:13,249 | DEBUG   | scraper.domain_scorer | Domain score for henan xinlianxin fertilizer  and airproducts.com: 36 (base: 36, penalty: 0)
2025-08-23 00:24:13,249 | DEBUG   | scraper.domain_scorer | Domain score for henan xinlianxin fertilizer  and cell.com: 33 (base: 33, penalty: 0)
2025-08-23 00:24:13,249 | DEBUG   | scraper.domain_scorer | Domain score for henan xinlianxin fertilizer  and fertilizerpricing.com: 74 (base: 74, penalty: 0)
2025-08-23 00:24:13,249 | DEBUG   | scraper.domain_scorer | Best domain for henan xinlianxin fertilizer : http://www.sinofert.com/en/s/5635-15034-47938.html (score: 75)
2025-08-23 00:24:13,250 | DEBUG   | scraper.async_orchestrator | [TRACE] Domain scored for henan xinlianxin fertilizer : http://www.sinofert.com/en/s/5635-15034-47938.html
2025-08-23 00:24:13,250 | DEBUG   | scraper.async_google_search | [TRACE] search_companies_streaming: awaiting next completed task
2025-08-23 00:24:13,250 | DEBUG   | scraper.async_orchestrator | 🌐 Processing domain: sinofert.com (score: 75)
2025-08-23 00:24:13,250 | INFO    | scraper.async_http_client | Probing domain (sequential) for access method: sinofert.com
2025-08-23 00:24:13,251 | DEBUG   | scraper.async_http_client | Testing access method https: https://sinofert.com
2025-08-23 00:24:13,530 | WARNING | scraper.async_http_client | Async request failed (attempt 1/2): https://sinofert.com - Cannot connect to host sinofert.com:443 ssl:default [getaddrinfo failed]
2025-08-23 00:24:13,556 | DEBUG   | scraper.async_http_client | Async HEAD https://walter-schmidt-chemie.de -> 200 (0 bytes)
2025-08-23 00:24:13,556 | INFO    | scraper.async_http_client | Selected access method for walter-schmidt-chemie.de: https
2025-08-23 00:24:13,556 | DEBUG   | scraper.async_orchestrator | Using optimized URL pattern: https://walter-schmidt-chemie.de
2025-08-23 00:24:13,813 | DEBUG   | scraper.async_google_search | Async Google API search: "mitsui toatsu chemicals" contact email
2025-08-23 00:24:13,815 | DEBUG   | scraper.async_google_search | Async rate limiting: waiting 0.80 seconds
2025-08-23 00:24:13,990 | DEBUG   | scraper.async_google_search | Async Google search returned 10 results for: "mitsui toatsu chemicals" contact email
2025-08-23 00:24:13,990 | DEBUG   | scraper.google_search | Cached Google results for query: "mitsui toatsu chemicals" contact email (10 results)
2025-08-23 00:24:13,990 | DEBUG   | scraper.async_google_search | [TRACE] run: finished search for mitsui toatsu chemicals 
2025-08-23 00:24:13,991 | DEBUG   | scraper.async_google_search | [TRACE] search_companies_streaming: got results for mitsui toatsu chemicals 
2025-08-23 00:24:13,991 | DEBUG   | scraper.async_orchestrator | [TRACE] Pulled company from google search: mitsui toatsu chemicals 
2025-08-23 00:24:13,991 | DEBUG   | scraper.async_orchestrator | [TRACE] on_company_start called for: mitsui toatsu chemicals 
2025-08-23 00:24:13,991 | DEBUG   | scraper.async_orchestrator | [TRACE] on_company_start awaited for: mitsui toatsu chemicals 
2025-08-23 00:24:13,991 | DEBUG   | scraper.domain_scorer | Domain score for mitsui toatsu chemicals  and kuraray.com: 28 (base: 28, penalty: 0)
2025-08-23 00:24:13,992 | DEBUG   | scraper.domain_scorer | Domain score for mitsui toatsu chemicals  and globaldata.com: 30 (base: 30, penalty: 0)
2025-08-23 00:24:13,992 | DEBUG   | scraper.domain_scorer | Domain score for mitsui toatsu chemicals  and jp.mitsuichemicals.com: 88 (base: 88, penalty: 0)
2025-08-23 00:24:13,992 | DEBUG   | scraper.domain_scorer | Domain score for mitsui toatsu chemicals  and www3.epa.gov: 33 (base: 33, penalty: 0)
2025-08-23 00:24:13,992 | DEBUG   | scraper.domain_scorer | Domain score for mitsui toatsu chemicals  and bccresearch.com: 36 (base: 36, penalty: 0)
2025-08-23 00:24:13,992 | DEBUG   | scraper.domain_scorer | Domain score for mitsui toatsu chemicals  and carlyle.com: 54 (base: 54, penalty: 0)
2025-08-23 00:24:13,992 | DEBUG   | scraper.domain_scorer | Domain score for mitsui toatsu chemicals  and mc-croplifesolutions.com: 45 (base: 45, penalty: 0)
2025-08-23 00:24:13,993 | DEBUG   | scraper.domain_scorer | Domain score for mitsui toatsu chemicals  and agc.com: 33 (base: 33, penalty: 0)
2025-08-23 00:24:13,993 | DEBUG   | scraper.domain_scorer | Domain score for mitsui toatsu chemicals  and pubmed.ncbi.nlm.nih.gov: 40 (base: 40, penalty: 0)
2025-08-23 00:24:13,993 | DEBUG   | scraper.domain_scorer | Domain score for mitsui toatsu chemicals  and andersondevelopment.com: 25 (base: 25, penalty: 0)
2025-08-23 00:24:13,993 | DEBUG   | scraper.domain_scorer | Best domain for mitsui toatsu chemicals : https://jp.mitsuichemicals.com/en/corporate/number/index.htm (score: 88)
2025-08-23 00:24:13,993 | DEBUG   | scraper.async_orchestrator | [TRACE] Domain scored for mitsui toatsu chemicals : https://jp.mitsuichemicals.com/en/corporate/number/index.htm
2025-08-23 00:24:13,994 | DEBUG   | scraper.async_google_search | [TRACE] search_companies_streaming: awaiting next completed task
2025-08-23 00:24:13,994 | DEBUG   | scraper.async_orchestrator | 🌐 Processing domain: jp.mitsuichemicals.com (score: 88)
2025-08-23 00:24:13,994 | INFO    | scraper.async_http_client | Probing domain (sequential) for access method: jp.mitsuichemicals.com
2025-08-23 00:24:13,994 | DEBUG   | scraper.async_http_client | Testing access method https: https://jp.mitsuichemicals.com
2025-08-23 00:24:14,106 | DEBUG   | scraper.async_http_client | Async GET https://walter-schmidt-chemie.de -> 200 (0 bytes)
2025-08-23 00:24:14,396 | DEBUG   | scraper.async_http_client | Async GET https://walter-schmidt-chemie.de -> 200 (0 bytes)
2025-08-23 00:24:14,396 | INFO    | scraper.async_http_client | Starting async batch request for 5 URLs
2025-08-23 00:24:14,540 | WARNING | scraper.async_http_client | Async request failed (attempt 2/2): https://sinofert.com - Cannot connect to host sinofert.com:443 ssl:default [getaddrinfo failed]
2025-08-23 00:24:14,541 | WARNING | scraper.async_http_client | Async request failed (attempt 1/2): https://sinofert.com - Cannot connect to host sinofert.com:443 ssl:default [getaddrinfo failed]
2025-08-23 00:24:14,618 | DEBUG   | scraper.async_google_search | Async Google API search: "daf trucks" contact email
2025-08-23 00:24:14,619 | DEBUG   | scraper.async_google_search | Async rate limiting: waiting 0.80 seconds
2025-08-23 00:24:14,717 | DEBUG   | scraper.async_http_client | Async GET https://walter-schmidt-chemie.de/contact -> 404 (0 bytes)
2025-08-23 00:24:14,730 | DEBUG   | scraper.async_http_client | Async HEAD https://jp.mitsuichemicals.com -> 200 (20313 bytes)
2025-08-23 00:24:14,730 | INFO    | scraper.async_http_client | Selected access method for jp.mitsuichemicals.com: https
2025-08-23 00:24:14,731 | DEBUG   | scraper.async_orchestrator | Using optimized URL pattern: https://jp.mitsuichemicals.com
2025-08-23 00:24:14,869 | DEBUG   | scraper.async_google_search | Async Google search returned 10 results for: "daf trucks" contact email
2025-08-23 00:24:14,869 | DEBUG   | scraper.google_search | Cached Google results for query: "daf trucks" contact email (10 results)
2025-08-23 00:24:14,869 | DEBUG   | scraper.async_google_search | [TRACE] run: finished search for daf trucks
2025-08-23 00:24:14,869 | DEBUG   | scraper.async_google_search | [TRACE] search_companies_streaming: got results for daf trucks
2025-08-23 00:24:14,870 | DEBUG   | scraper.async_orchestrator | [TRACE] Pulled company from google search: daf trucks
2025-08-23 00:24:14,870 | DEBUG   | scraper.async_orchestrator | [TRACE] on_company_start called for: daf trucks
2025-08-23 00:24:14,870 | DEBUG   | scraper.async_orchestrator | [TRACE] on_company_start awaited for: daf trucks
2025-08-23 00:24:14,870 | DEBUG   | scraper.domain_scorer | Domain score for daf trucks and daf.com: 100 (base: 100, penalty: 0)
2025-08-23 00:24:14,870 | DEBUG   | scraper.domain_scorer | Domain score for daf trucks and daf.global: 100 (base: 100, penalty: 0)
2025-08-23 00:24:14,871 | DEBUG   | scraper.domain_scorer | Domain score for daf trucks and daf.co.uk: 100 (base: 100, penalty: 0)
2025-08-23 00:24:14,871 | DEBUG   | scraper.domain_scorer | Domain score for daf trucks and rmi.daf.com: 100 (base: 100, penalty: 0)
2025-08-23 00:24:14,871 | DEBUG   | scraper.domain_scorer | Domain score for daf trucks and hereforddaftrucks.co.uk: 100 (base: 100, penalty: 0)
2025-08-23 00:24:14,871 | DEBUG   | scraper.domain_scorer | Domain score for daf trucks and gloucesterdaftrucks.co.uk: 100 (base: 100, penalty: 0)
2025-08-23 00:24:14,871 | DEBUG   | scraper.domain_scorer | Domain score for daf trucks and paccar.com: 36 (base: 36, penalty: 0)
2025-08-23 00:24:14,871 | DEBUG   | scraper.domain_scorer | Domain score for daf trucks and gbdaf.com: 75 (base: 75, penalty: 0)
2025-08-23 00:24:14,872 | DEBUG   | scraper.domain_scorer | Domain score for daf trucks and suttondaftrucks.co.uk: 100 (base: 100, penalty: 0)
2025-08-23 00:24:14,872 | DEBUG   | scraper.domain_scorer | Domain score for daf trucks and harrisdaf.com: 50 (base: 50, penalty: 0)
2025-08-23 00:24:14,872 | DEBUG   | scraper.domain_scorer | Best domain for daf trucks: https://www.daf.com/en/contact (score: 100)
2025-08-23 00:24:14,872 | DEBUG   | scraper.async_orchestrator | [TRACE] Domain scored for daf trucks: https://www.daf.com/en/contact
2025-08-23 00:24:14,872 | DEBUG   | scraper.async_google_search | [TRACE] search_companies_streaming: awaiting next completed task
2025-08-23 00:24:14,872 | DEBUG   | scraper.async_orchestrator | 🌐 Processing domain: daf.com (score: 100)
2025-08-23 00:24:14,873 | INFO    | scraper.async_http_client | Probing domain (sequential) for access method: daf.com
2025-08-23 00:24:14,873 | DEBUG   | scraper.async_http_client | Testing access method https: https://daf.com
2025-08-23 00:24:15,123 | DEBUG   | scraper.async_http_client | Async GET https://walter-schmidt-chemie.de/contact/ -> 404 (0 bytes)
2025-08-23 00:24:15,209 | DEBUG   | scraper.async_http_client | Async GET https://jp.mitsuichemicals.com -> 200 (20313 bytes)
2025-08-23 00:24:15,221 | DEBUG   | scraper.async_http_client | Async HEAD https://daf.com -> 200 (14851 bytes)
2025-08-23 00:24:15,221 | INFO    | scraper.async_http_client | Selected access method for daf.com: https
2025-08-23 00:24:15,221 | DEBUG   | scraper.async_orchestrator | Using optimized URL pattern: https://daf.com
2025-08-23 00:24:15,275 | DEBUG   | scraper.async_http_client | Async GET https://walter-schmidt-chemie.de/contacts -> 404 (0 bytes)
2025-08-23 00:24:15,371 | DEBUG   | scraper.async_http_client | Async GET https://daf.com -> 200 (0 bytes)
2025-08-23 00:24:15,427 | DEBUG   | scraper.async_google_search | Async Google API search: "petrol rete" contact email
2025-08-23 00:24:15,428 | DEBUG   | scraper.async_google_search | Async rate limiting: waiting 0.80 seconds
2025-08-23 00:24:15,552 | WARNING | scraper.async_http_client | Async request failed (attempt 2/2): https://sinofert.com - Cannot connect to host sinofert.com:443 ssl:default [getaddrinfo failed]
2025-08-23 00:24:15,553 | DEBUG   | scraper.async_http_client | Testing access method http: http://sinofert.com
2025-08-23 00:24:15,554 | WARNING | scraper.async_http_client | Async request failed (attempt 1/2): http://sinofert.com - Cannot connect to host sinofert.com:80 ssl:default [getaddrinfo failed]
2025-08-23 00:24:15,554 | WARNING | scraper.async_components | Circuit breaker OPEN for sinofert.com (5)
2025-08-23 00:24:15,569 | DEBUG   | scraper.async_http_client | Async GET https://daf.com -> 200 (0 bytes)
2025-08-23 00:24:15,570 | INFO    | scraper.async_http_client | Starting async batch request for 5 URLs
2025-08-23 00:24:15,614 | DEBUG   | scraper.async_http_client | Async GET https://walter-schmidt-chemie.de/contacts/ -> 404 (0 bytes)
2025-08-23 00:24:15,645 | DEBUG   | scraper.async_google_search | Async Google search returned 10 results for: "petrol rete" contact email
2025-08-23 00:24:15,645 | DEBUG   | scraper.google_search | Cached Google results for query: "petrol rete" contact email (10 results)
2025-08-23 00:24:15,645 | DEBUG   | scraper.async_google_search | [TRACE] run: finished search for petrol rete 
2025-08-23 00:24:15,646 | DEBUG   | scraper.async_google_search | [TRACE] search_companies_streaming: got results for petrol rete 
2025-08-23 00:24:15,646 | DEBUG   | scraper.async_orchestrator | [TRACE] Pulled company from google search: petrol rete 
2025-08-23 00:24:15,646 | DEBUG   | scraper.async_orchestrator | [TRACE] on_company_start called for: petrol rete 
2025-08-23 00:24:15,646 | DEBUG   | scraper.async_orchestrator | [TRACE] on_company_start awaited for: petrol rete 
2025-08-23 00:24:15,646 | DEBUG   | scraper.domain_scorer | Applied penalty to facebook.com (contains facebook.com)
2025-08-23 00:24:15,647 | DEBUG   | scraper.domain_scorer | Domain score for petrol rete  and facebook.com: 5 (base: 30, penalty: 25)
2025-08-23 00:24:15,647 | DEBUG   | scraper.domain_scorer | Domain score for petrol rete  and scribd.com: 19 (base: 19, penalty: 0)
2025-08-23 00:24:15,647 | DEBUG   | scraper.domain_scorer | Applied penalty to facebook.com (contains facebook.com)
2025-08-23 00:24:15,647 | DEBUG   | scraper.domain_scorer | Domain score for petrol rete  and facebook.com: 5 (base: 30, penalty: 25)
2025-08-23 00:24:15,647 | DEBUG   | scraper.domain_scorer | Domain score for petrol rete  and prezzibenzina.it: 46 (base: 46, penalty: 0)
2025-08-23 00:24:15,647 | DEBUG   | scraper.domain_scorer | Domain score for petrol rete  and alvolante.it: 53 (base: 53, penalty: 0)
2025-08-23 00:24:15,648 | DEBUG   | scraper.domain_scorer | Domain score for petrol rete  and piazzalucana.it: 23 (base: 23, penalty: 0)
2025-08-23 00:24:15,648 | DEBUG   | scraper.domain_scorer | Domain score for petrol rete  and geomonitorsnc.com: 40 (base: 40, penalty: 0)
2025-08-23 00:24:15,648 | DEBUG   | scraper.domain_scorer | Domain score for petrol rete  and alvolante.it: 53 (base: 53, penalty: 0)
2025-08-23 00:24:15,649 | DEBUG   | scraper.domain_scorer | Domain score for petrol rete  and gazzettadellavaldagri.it: 40 (base: 40, penalty: 0)
2025-08-23 00:24:15,649 | DEBUG   | scraper.domain_scorer | Domain score for petrol rete  and oraridiapertura24.it: 42 (base: 42, penalty: 0)
2025-08-23 00:24:15,649 | DEBUG   | scraper.domain_scorer | Best domain for petrol rete : https://www.alvolante.it/prezzo-carburante/basilicata/potenza/pompe-bianche-petrol-rete-59655 (score: 53)
2025-08-23 00:24:15,649 | DEBUG   | scraper.async_orchestrator | [TRACE] Domain scored for petrol rete : https://www.alvolante.it/prezzo-carburante/basilicata/potenza/pompe-bianche-petrol-rete-59655
2025-08-23 00:24:15,649 | DEBUG   | scraper.async_google_search | [TRACE] search_companies_streaming: awaiting next completed task
2025-08-23 00:24:15,650 | DEBUG   | scraper.async_orchestrator | 🌐 Processing domain: alvolante.it (score: 53)
2025-08-23 00:24:15,650 | INFO    | scraper.async_http_client | Probing domain (sequential) for access method: alvolante.it
2025-08-23 00:24:15,650 | DEBUG   | scraper.async_http_client | Testing access method https: https://alvolante.it
2025-08-23 00:24:15,821 | DEBUG   | scraper.async_http_client | Async GET https://walter-schmidt-chemie.de/kontakt -> 200 (0 bytes)
2025-08-23 00:24:15,821 | INFO    | scraper.async_http_client | Async batch request completed: 5/5 successful in 1.42 seconds (3.51 requests/sec)
2025-08-23 00:24:16,020 | DEBUG   | scraper.async_http_client | Async GET https://jp.mitsuichemicals.com -> 200 (20313 bytes)
2025-08-23 00:24:16,020 | INFO    | scraper.async_http_client | Starting async batch request for 5 URLs
2025-08-23 00:24:16,020 | DEBUG   | scraper.async_http_client | Async GET https://daf.com/contact -> 200 (0 bytes)
2025-08-23 00:24:16,024 | DEBUG   | scraper.async_http_client | Async GET https://daf.com/contacts -> 404 (0 bytes)
2025-08-23 00:24:16,274 | DEBUG   | scraper.async_google_search | Async Google API search: "euro dam jas doo" contact email
2025-08-23 00:24:16,275 | DEBUG   | scraper.async_google_search | Async rate limiting: waiting 0.80 seconds
2025-08-23 00:24:16,348 | DEBUG   | scraper.async_http_client | Async HEAD https://alvolante.it -> 200 (42552 bytes)
2025-08-23 00:24:16,348 | INFO    | scraper.async_http_client | Selected access method for alvolante.it: https
2025-08-23 00:24:16,348 | DEBUG   | scraper.async_orchestrator | Using optimized URL pattern: https://alvolante.it
2025-08-23 00:24:16,453 | DEBUG   | scraper.async_http_client | Async GET https://daf.com/contact/ -> 200 (0 bytes)
2025-08-23 00:24:16,463 | DEBUG   | scraper.async_http_client | Async GET https://daf.com/kontakt -> 404 (0 bytes)
2025-08-23 00:24:16,471 | DEBUG   | scraper.async_http_client | Async GET https://alvolante.it -> 200 (42552 bytes)
2025-08-23 00:24:16,494 | DEBUG   | scraper.async_http_client | Async GET https://daf.com/contacts/ -> 404 (0 bytes)
2025-08-23 00:24:16,494 | INFO    | scraper.async_http_client | Async batch request completed: 5/5 successful in 0.92 seconds (5.41 requests/sec)
2025-08-23 00:24:16,514 | DEBUG   | scraper.async_google_search | Async Google search returned 10 results for: "euro dam jas doo" contact email
2025-08-23 00:24:16,514 | DEBUG   | scraper.google_search | Cached Google results for query: "euro dam jas doo" contact email (10 results)
2025-08-23 00:24:16,515 | DEBUG   | scraper.async_google_search | [TRACE] run: finished search for euro dam jas doo
2025-08-23 00:24:16,515 | DEBUG   | scraper.async_google_search | [TRACE] search_companies_streaming: got results for euro dam jas doo
2025-08-23 00:24:16,515 | DEBUG   | scraper.async_orchestrator | [TRACE] Pulled company from google search: euro dam jas doo
2025-08-23 00:24:16,515 | DEBUG   | scraper.async_orchestrator | [TRACE] on_company_start called for: euro dam jas doo
2025-08-23 00:24:16,516 | DEBUG   | scraper.async_orchestrator | [TRACE] on_company_start awaited for: euro dam jas doo
2025-08-23 00:24:16,516 | DEBUG   | scraper.domain_scorer | Applied penalty to ba.linkedin.com (contains linkedin.com)
2025-08-23 00:24:16,516 | DEBUG   | scraper.domain_scorer | Domain score for euro dam jas doo and ba.linkedin.com: 25 (base: 50, penalty: 25)
2025-08-23 00:24:16,516 | DEBUG   | scraper.domain_scorer | Applied penalty to instagram.com (contains instagram.com)
2025-08-23 00:24:16,516 | DEBUG   | scraper.domain_scorer | Domain score for euro dam jas doo and instagram.com: 12 (base: 37, penalty: 25)
2025-08-23 00:24:16,516 | DEBUG   | scraper.domain_scorer | Domain score for euro dam jas doo and goodyear.eu: 42 (base: 42, penalty: 0)
2025-08-23 00:24:16,517 | DEBUG   | scraper.domain_scorer | Domain score for euro dam jas doo and companywall.ba: 30 (base: 30, penalty: 0)
2025-08-23 00:24:16,517 | DEBUG   | scraper.domain_scorer | Applied penalty to linkedin.com (contains linkedin.com)
2025-08-23 00:24:16,517 | DEBUG   | scraper.domain_scorer | Domain score for euro dam jas doo and linkedin.com: 5 (base: 30, penalty: 25)
2025-08-23 00:24:16,517 | DEBUG   | scraper.domain_scorer | Applied penalty to facebook.com (contains facebook.com)
2025-08-23 00:24:16,517 | DEBUG   | scraper.domain_scorer | Domain score for euro dam jas doo and facebook.com: 21 (base: 46, penalty: 25)
2025-08-23 00:24:16,517 | DEBUG   | scraper.domain_scorer | Domain score for euro dam jas doo and jpautoceste.ba: 35 (base: 35, penalty: 0)
2025-08-23 00:24:16,517 | DEBUG   | scraper.domain_scorer | Applied penalty to facebook.com (contains facebook.com)
2025-08-23 00:24:16,518 | DEBUG   | scraper.domain_scorer | Domain score for euro dam jas doo and facebook.com: 21 (base: 46, penalty: 25)
2025-08-23 00:24:16,518 | DEBUG   | scraper.domain_scorer | Domain score for euro dam jas doo and scribd.com: 40 (base: 40, penalty: 0)
2025-08-23 00:24:16,518 | DEBUG   | scraper.domain_scorer | Domain score for euro dam jas doo and flek.ba: 40 (base: 40, penalty: 0)
2025-08-23 00:24:16,518 | DEBUG   | scraper.domain_scorer | Best domain for euro dam jas doo: https://www.goodyear.eu/bs_ba/consumer/all-dealers/lukavac/euro-dam-jas-doo-30092243.html (score: 42)
2025-08-23 00:24:16,518 | DEBUG   | scraper.async_orchestrator | [TRACE] Domain scored for euro dam jas doo: https://www.goodyear.eu/bs_ba/consumer/all-dealers/lukavac/euro-dam-jas-doo-30092243.html
2025-08-23 00:24:16,518 | DEBUG   | scraper.async_google_search | [TRACE] search_companies_streaming: awaiting next completed task
2025-08-23 00:24:16,552 | DEBUG   | scraper.async_http_client | Async GET https://jp.mitsuichemicals.com/contact -> 404 (14886 bytes)
2025-08-23 00:24:16,582 | DEBUG   | scraper.async_http_client | Async GET https://alvolante.it -> 200 (42552 bytes)
2025-08-23 00:24:16,583 | INFO    | scraper.async_http_client | Starting async batch request for 5 URLs
2025-08-23 00:24:16,584 | WARNING | scraper.async_http_client | Async request failed (attempt 2/2): http://sinofert.com - Cannot connect to host sinofert.com:80 ssl:default [getaddrinfo failed]
2025-08-23 00:24:16,584 | WARNING | scraper.async_components | Circuit breaker OPEN for sinofert.com (6)
2025-08-23 00:24:16,584 | DEBUG   | scraper.async_http_client | Circuit breaker open for domain: sinofert.com
2025-08-23 00:24:16,584 | DEBUG   | scraper.async_http_client | Testing access method https_www: https://www.sinofert.com
2025-08-23 00:24:16,584 | DEBUG   | scraper.async_http_client | Circuit breaker open for domain: sinofert.com
2025-08-23 00:24:16,584 | DEBUG   | scraper.async_http_client | Circuit breaker open for domain: sinofert.com
2025-08-23 00:24:16,585 | DEBUG   | scraper.async_http_client | Testing access method http_www: http://www.sinofert.com
2025-08-23 00:24:16,585 | DEBUG   | scraper.async_http_client | Circuit breaker open for domain: sinofert.com
2025-08-23 00:24:16,585 | DEBUG   | scraper.async_http_client | Circuit breaker open for domain: sinofert.com
2025-08-23 00:24:16,585 | WARNING | scraper.async_http_client | All access methods failed for domain: sinofert.com
2025-08-23 00:24:16,585 | WARNING | scraper.async_orchestrator | Could not establish connection to domain: sinofert.com
2025-08-23 00:24:16,761 | INFO    | scraper.async_browser_service | AsyncBrowserService started (headless=True, concurrent=8)
2025-08-23 00:24:16,779 | DEBUG   | scraper.async_http_client | Async GET https://jp.mitsuichemicals.com/contact/ -> 404 (14886 bytes)
2025-08-23 00:24:16,827 | DEBUG   | scraper.async_http_client | Async GET https://jp.mitsuichemicals.com/contacts -> 404 (14886 bytes)
2025-08-23 00:24:16,869 | DEBUG   | scraper.async_http_client | Async GET https://jp.mitsuichemicals.com/contacts/ -> 404 (14886 bytes)
2025-08-23 00:24:16,989 | DEBUG   | scraper.async_http_client | Async GET https://alvolante.it/contact -> 404 (0 bytes)
2025-08-23 00:24:17,081 | DEBUG   | scraper.async_google_search | Async Google API search: "Synsol" contact email
2025-08-23 00:24:17,083 | DEBUG   | scraper.async_google_search | Async rate limiting: waiting 0.80 seconds
2025-08-23 00:24:17,129 | DEBUG   | scraper.async_http_client | Async GET https://alvolante.it/contact/ -> 404 (0 bytes)
2025-08-23 00:24:17,222 | DEBUG   | scraper.async_http_client | Async GET https://alvolante.it/contacts -> 404 (0 bytes)
2025-08-23 00:24:17,259 | DEBUG   | scraper.async_http_client | Async GET https://jp.mitsuichemicals.com/kontakt -> 404 (14886 bytes)
2025-08-23 00:24:17,260 | INFO    | scraper.async_http_client | Async batch request completed: 5/5 successful in 1.24 seconds (4.03 requests/sec)
2025-08-23 00:24:17,327 | DEBUG   | scraper.async_google_search | Async Google search returned 10 results for: "Synsol" contact email
2025-08-23 00:24:17,327 | DEBUG   | scraper.google_search | Cached Google results for query: "Synsol" contact email (10 results)
2025-08-23 00:24:17,328 | DEBUG   | scraper.async_google_search | [TRACE] run: finished search for Synsol
2025-08-23 00:24:17,328 | DEBUG   | scraper.async_google_search | [TRACE] search_companies_streaming: got results for Synsol
2025-08-23 00:24:17,328 | DEBUG   | scraper.async_orchestrator | [TRACE] Pulled company from google search: Synsol
2025-08-23 00:24:17,328 | DEBUG   | scraper.async_orchestrator | [TRACE] on_company_start called for: Synsol
2025-08-23 00:24:17,328 | DEBUG   | scraper.async_orchestrator | [TRACE] on_company_start awaited for: Synsol
2025-08-23 00:24:17,329 | DEBUG   | scraper.domain_scorer | Domain score for Synsol and www1.mscdirect.com: 25 (base: 25, penalty: 0)
2025-08-23 00:24:17,329 | DEBUG   | scraper.domain_scorer | Domain score for Synsol and synsol.ch: 100 (base: 100, penalty: 0)
2025-08-23 00:24:17,329 | DEBUG   | scraper.domain_scorer | Domain score for Synsol and www1.mscdirect.com: 25 (base: 25, penalty: 0)
2025-08-23 00:24:17,329 | DEBUG   | scraper.domain_scorer | Domain score for Synsol and contactout.com: 33 (base: 33, penalty: 0)
2025-08-23 00:24:17,329 | DEBUG   | scraper.domain_scorer | Domain score for Synsol and synsol.ch: 100 (base: 100, penalty: 0)
2025-08-23 00:24:17,329 | DEBUG   | scraper.domain_scorer | Domain score for Synsol and mscdirect.com: 25 (base: 25, penalty: 0)
2025-08-23 00:24:17,330 | DEBUG   | scraper.domain_scorer | Applied penalty to crunchbase.com (contains crunchbase.com)
2025-08-23 00:24:17,330 | DEBUG   | scraper.domain_scorer | Domain score for Synsol and crunchbase.com: 8 (base: 33, penalty: 25)
2025-08-23 00:24:17,330 | DEBUG   | scraper.domain_scorer | Domain score for Synsol and find-and-update.company-information.service.gov.uk: 50 (base: 50, penalty: 0)
2025-08-23 00:24:17,330 | DEBUG   | scraper.domain_scorer | Domain score for Synsol and metalloidcorp.com: 22 (base: 22, penalty: 0)
2025-08-23 00:24:17,330 | DEBUG   | scraper.domain_scorer | Domain score for Synsol and find-and-update.company-information.service.gov.uk: 50 (base: 50, penalty: 0)
2025-08-23 00:24:17,330 | DEBUG   | scraper.domain_scorer | Best domain for Synsol: https://synsol.ch/privacy-policy-of-synsol-ag/ (score: 100)
2025-08-23 00:24:17,331 | DEBUG   | scraper.async_orchestrator | [TRACE] Domain scored for Synsol: https://synsol.ch/privacy-policy-of-synsol-ag/
2025-08-23 00:24:17,331 | DEBUG   | scraper.async_google_search | [TRACE] search_companies_streaming: awaiting next completed task
2025-08-23 00:24:17,331 | DEBUG   | scraper.async_orchestrator | 🌐 Processing domain: synsol.ch (score: 100)
2025-08-23 00:24:17,331 | INFO    | scraper.async_http_client | Probing domain (sequential) for access method: synsol.ch
2025-08-23 00:24:17,331 | DEBUG   | scraper.async_http_client | Testing access method https: https://synsol.ch
2025-08-23 00:24:17,750 | DEBUG   | scraper.async_http_client | Async GET https://alvolante.it/contacts/ -> 404 (0 bytes)
2025-08-23 00:24:17,824 | DEBUG   | scraper.async_http_client | Async GET https://alvolante.it/kontakt -> 404 (0 bytes)
2025-08-23 00:24:17,824 | INFO    | scraper.async_http_client | Async batch request completed: 5/5 successful in 1.24 seconds (4.03 requests/sec)
2025-08-23 00:24:17,889 | DEBUG   | scraper.async_google_search | Async Google API search: "speedy fuels" contact email
2025-08-23 00:24:18,118 | DEBUG   | scraper.async_google_search | Async Google search returned 10 results for: "speedy fuels" contact email
2025-08-23 00:24:18,119 | DEBUG   | scraper.google_search | Cached Google results for query: "speedy fuels" contact email (10 results)
2025-08-23 00:24:18,119 | DEBUG   | scraper.async_google_search | [TRACE] run: finished search for speedy fuels
2025-08-23 00:24:18,120 | DEBUG   | scraper.async_google_search | [TRACE] search_companies_streaming: got results for speedy fuels
2025-08-23 00:24:18,120 | DEBUG   | scraper.async_orchestrator | [TRACE] Pulled company from google search: speedy fuels
2025-08-23 00:24:18,120 | DEBUG   | scraper.async_orchestrator | [TRACE] on_company_start called for: speedy fuels
2025-08-23 00:24:18,120 | DEBUG   | scraper.async_orchestrator | [TRACE] on_company_start awaited for: speedy fuels
2025-08-23 00:24:18,121 | DEBUG   | scraper.domain_scorer | Domain score for speedy fuels and speedyfuels.co.uk: 100 (base: 100, penalty: 0)
2025-08-23 00:24:18,121 | DEBUG   | scraper.domain_scorer | Domain score for speedy fuels and cdn.speedyfuels.co.uk: 100 (base: 100, penalty: 0)
2025-08-23 00:24:18,121 | DEBUG   | scraper.domain_scorer | Domain score for speedy fuels and sustainability.speedyfuels.co.uk: 100 (base: 100, penalty: 0)
2025-08-23 00:24:18,122 | DEBUG   | scraper.domain_scorer | Domain score for speedy fuels and cdn.speedyfuels.co.uk: 100 (base: 100, penalty: 0)
2025-08-23 00:24:18,123 | DEBUG   | scraper.domain_scorer | Domain score for speedy fuels and sustainability.speedyfuels.co.uk: 100 (base: 100, penalty: 0)
2025-08-23 00:24:18,124 | DEBUG   | scraper.domain_scorer | Applied penalty to uk.linkedin.com (contains linkedin.com)
2025-08-23 00:24:18,125 | DEBUG   | scraper.domain_scorer | Domain score for speedy fuels and uk.linkedin.com: 25 (base: 50, penalty: 25)
2025-08-23 00:24:18,126 | DEBUG   | scraper.domain_scorer | Domain score for speedy fuels and sustainability.speedyfuels.co.uk: 100 (base: 100, penalty: 0)
2025-08-23 00:24:18,126 | DEBUG   | scraper.domain_scorer | Domain score for speedy fuels and zoominfo.com: 15 (base: 15, penalty: 0)
2025-08-23 00:24:18,127 | DEBUG   | scraper.domain_scorer | Domain score for speedy fuels and sustainability.speedyfuels.co.uk: 100 (base: 100, penalty: 0)
2025-08-23 00:24:18,127 | DEBUG   | scraper.domain_scorer | Domain score for speedy fuels and crownoil.co.uk: 19 (base: 19, penalty: 0)
2025-08-23 00:24:18,128 | DEBUG   | scraper.domain_scorer | Best domain for speedy fuels: https://www.speedyfuels.co.uk/contact-us/ (score: 100)
2025-08-23 00:24:18,129 | DEBUG   | scraper.async_orchestrator | [TRACE] Domain scored for speedy fuels: https://www.speedyfuels.co.uk/contact-us/
2025-08-23 00:24:18,130 | DEBUG   | scraper.async_orchestrator | 🌐 Processing domain: speedyfuels.co.uk (score: 100)
2025-08-23 00:24:18,130 | INFO    | scraper.async_http_client | Probing domain (sequential) for access method: speedyfuels.co.uk
2025-08-23 00:24:18,130 | DEBUG   | scraper.async_http_client | Testing access method https: https://speedyfuels.co.uk
2025-08-23 00:24:18,342 | DEBUG   | scraper.async_http_client | Async HEAD https://speedyfuels.co.uk -> 200 (0 bytes)
2025-08-23 00:24:18,342 | INFO    | scraper.async_http_client | Selected access method for speedyfuels.co.uk: https
2025-08-23 00:24:18,343 | DEBUG   | scraper.async_orchestrator | Using optimized URL pattern: https://speedyfuels.co.uk
2025-08-23 00:24:18,531 | DEBUG   | scraper.async_http_client | Async GET https://speedyfuels.co.uk -> 200 (0 bytes)
2025-08-23 00:24:18,613 | DEBUG   | scraper.async_http_client | Async GET https://speedyfuels.co.uk -> 200 (0 bytes)
2025-08-23 00:24:18,614 | INFO    | scraper.async_http_client | Starting async batch request for 5 URLs
2025-08-23 00:24:18,681 | DEBUG   | scraper.async_http_client | Async HEAD https://synsol.ch -> 200 (0 bytes)
2025-08-23 00:24:18,682 | INFO    | scraper.async_http_client | Selected access method for synsol.ch: https
2025-08-23 00:24:18,682 | DEBUG   | scraper.async_orchestrator | Using optimized URL pattern: https://synsol.ch
2025-08-23 00:24:18,733 | DEBUG   | scraper.async_http_client | Async GET https://synsol.ch -> 200 (0 bytes)
2025-08-23 00:24:18,757 | DEBUG   | scraper.async_http_client | Async GET https://synsol.ch -> 200 (0 bytes)
2025-08-23 00:24:18,757 | INFO    | scraper.async_http_client | Starting async batch request for 5 URLs
2025-08-23 00:24:19,568 | DEBUG   | scraper.async_http_client | Async GET https://synsol.ch/contact -> 404 (0 bytes)
2025-08-23 00:24:19,569 | DEBUG   | scraper.async_http_client | Async GET https://synsol.ch/contacts -> 404 (0 bytes)
2025-08-23 00:24:19,569 | DEBUG   | scraper.async_http_client | Async GET https://synsol.ch/contact/ -> 404 (0 bytes)
2025-08-23 00:24:20,028 | DEBUG   | scraper.async_http_client | Async GET https://synsol.ch/kontakt -> 404 (0 bytes)
2025-08-23 00:24:20,029 | DEBUG   | scraper.async_http_client | Async GET https://synsol.ch/contacts/ -> 404 (0 bytes)
2025-08-23 00:24:20,029 | INFO    | scraper.async_http_client | Async batch request completed: 5/5 successful in 1.27 seconds (3.93 requests/sec)
2025-08-23 00:24:20,060 | DEBUG   | scraper.async_http_client | Async GET https://speedyfuels.co.uk/contacts/ -> 404 (0 bytes)
2025-08-23 00:24:20,062 | DEBUG   | scraper.async_http_client | Async GET https://speedyfuels.co.uk/contact -> 404 (0 bytes)
2025-08-23 00:24:20,080 | DEBUG   | scraper.async_http_client | Async GET https://speedyfuels.co.uk/contacts -> 404 (0 bytes)
2025-08-23 00:24:20,152 | DEBUG   | scraper.async_http_client | Async GET https://speedyfuels.co.uk/contact/ -> 404 (0 bytes)
2025-08-23 00:24:20,232 | DEBUG   | scraper.async_http_client | Async GET https://speedyfuels.co.uk/kontakt -> 404 (0 bytes)
2025-08-23 00:24:20,233 | INFO    | scraper.async_http_client | Async batch request completed: 5/5 successful in 1.62 seconds (3.09 requests/sec)
2025-08-23 00:24:21,871 | DEBUG   | scraper.async_orchestrator | Async JS render failed for synsol.ch: module 'scraper.email_extractor' has no attribute 'extract_emails_from_content'
2025-08-23 00:24:21,872 | DEBUG   | scraper.async_orchestrator | Email extraction summary for synsol.ch raw=0 filtered=0 valid=0
2025-08-23 00:24:21,872 | DEBUG   | scraper.async_orchestrator | No emails found for Synsol (synsol.ch)
2025-08-23 00:24:21,968 | DEBUG   | scraper.async_orchestrator | Async JS render failed for walter-schmidt-chemie.de: module 'scraper.email_extractor' has no attribute 'extract_emails_from_content'
2025-08-23 00:24:21,968 | DEBUG   | scraper.async_orchestrator | Email extraction summary for walter-schmidt-chemie.de raw=0 filtered=0 valid=0
2025-08-23 00:24:21,968 | DEBUG   | scraper.async_orchestrator | No emails found for walter schmidt chemie gmbh (walter-schmidt-chemie.de)
2025-08-23 00:24:22,370 | DEBUG   | scraper.async_orchestrator | Async JS render failed for speedyfuels.co.uk: module 'scraper.email_extractor' has no attribute 'extract_emails_from_content'
2025-08-23 00:24:22,371 | DEBUG   | scraper.async_orchestrator | Email extraction summary for speedyfuels.co.uk raw=0 filtered=0 valid=0
2025-08-23 00:24:22,371 | DEBUG   | scraper.async_orchestrator | No emails found for speedy fuels (speedyfuels.co.uk)
2025-08-23 00:24:22,386 | DEBUG   | scraper.async_orchestrator | Async JS render failed for daf.com: module 'scraper.email_extractor' has no attribute 'extract_emails_from_content'
2025-08-23 00:24:22,386 | DEBUG   | scraper.async_orchestrator | Email extraction summary for daf.com raw=0 filtered=0 valid=0
2025-08-23 00:24:22,386 | DEBUG   | scraper.async_orchestrator | No emails found for daf trucks (daf.com)
2025-08-23 00:24:22,738 | DEBUG   | scraper.async_orchestrator | Async JS render failed for alvolante.it: module 'scraper.email_extractor' has no attribute 'extract_emails_from_content'
2025-08-23 00:24:22,738 | DEBUG   | scraper.async_orchestrator | Email extraction summary for alvolante.it raw=0 filtered=0 valid=0
2025-08-23 00:24:22,738 | DEBUG   | scraper.async_orchestrator | No emails found for petrol rete  (alvolante.it)
2025-08-23 00:24:22,780 | DEBUG   | scraper.async_orchestrator | Async JS render failed for jp.mitsuichemicals.com: module 'scraper.email_extractor' has no attribute 'extract_emails_from_content'
2025-08-23 00:24:22,780 | DEBUG   | scraper.async_orchestrator | Email extraction summary for jp.mitsuichemicals.com raw=0 filtered=0 valid=0
2025-08-23 00:24:22,781 | DEBUG   | scraper.async_orchestrator | No emails found for mitsui toatsu chemicals  (jp.mitsuichemicals.com)
2025-08-23 00:24:22,788 | INFO    | scraper.async_http_client | Async HTTP client closed
2025-08-23 00:24:22,789 | DEBUG   | scraper.async_google_search | Async Google API session closed
2025-08-23 00:24:22,835 | INFO    | scraper.cli          | Async streaming run complete in 11.2s (0 rows)
2025-08-23 00:24:22,835 | INFO    | scraper.cli          | Saved output -> results.xlsx
2025-08-23 00:24:22,839 | INFO    | scraper.browser_service | BrowserService shutdown complete
2025-08-23 00:24:22,839 | INFO    | scraper.cli          | BrowserService: shutdown complete
