2025-08-22 23:21:54,725 | INFO    | scraper.cli          | Email scraper starting
2025-08-22 23:21:54,725 | INFO    | scraper.cli          | Input file: test_input.xlsx
2025-08-22 23:21:54,725 | INFO    | scraper.cli          | Output file: results.xlsx
2025-08-22 23:21:54,726 | INFO    | scraper.cli          | Workers: 16
2025-08-22 23:21:54,726 | INFO    | scraper.cli          | Domain threshold: 50
2025-08-22 23:21:54,726 | INFO    | scraper.cli          | Max pages: 50
2025-08-22 23:21:54,726 | INFO    | scraper.cli          | Process PDFs: False
2025-08-22 23:21:54,726 | INFO    | scraper.cli          | Save domain only: False
2025-08-22 23:21:54,726 | INFO    | scraper.config       | Updated max workers to 16
2025-08-22 23:21:54,935 | INFO    | scraper.cli          | Loaded 8 companies from test_input.xlsx
2025-08-22 23:21:55,140 | INFO    | scraper.regex_cache  | Precompiling 11 regex patterns
2025-08-22 23:21:55,142 | INFO    | scraper.regex_cache  | Precompiled 11 common email extraction patterns
2025-08-22 23:21:55,151 | INFO    | scraper.browser_service | BrowserService shutdown complete
2025-08-22 23:21:55,151 | INFO    | scraper.cli          | BrowserService: shutdown complete
2025-08-22 23:21:55,151 | ERROR   | scraper.cli          | Unhandled exception: AsyncOrchestrator.__init__() got an unexpected keyword argument 'per_domain_page_concurrency'
Traceback (most recent call last):
  File "C:\Dev\Projects\Scraping_directory\THE_Email_Scraper\scraper\cli.py", line 720, in run
    success = self.scrape_companies(parsed_args)
  File "C:\Dev\Projects\Scraping_directory\THE_Email_Scraper\scraper\cli.py", line 510, in scrape_companies
    return self._scrape_companies_async(
           ~~~~~~~~~~~~~~~~~~~~~~~~~~~~^
        args, companies, browser_service, start_time, logfile
        ^^^^^^^^^^^^^^^^^^^^^^^^^^^^^^^^^^^^^^^^^^^^^^^^^^^^^
    )
    ^
  File "C:\Dev\Projects\Scraping_directory\THE_Email_Scraper\scraper\cli.py", line 673, in _scrape_companies_async
    return asyncio.run(run_async())
           ~~~~~~~~~~~^^^^^^^^^^^^^
  File "C:\Program Files\Python313\Lib\asyncio\runners.py", line 195, in run
    return runner.run(main)
           ~~~~~~~~~~^^^^^^
  File "C:\Program Files\Python313\Lib\asyncio\runners.py", line 118, in run
    return self._loop.run_until_complete(task)
           ~~~~~~~~~~~~~~~~~~~~~~~~~~~~~^^^^^^
  File "C:\Program Files\Python313\Lib\asyncio\base_events.py", line 725, in run_until_complete
    return future.result()
           ~~~~~~~~~~~~~^^
  File "C:\Dev\Projects\Scraping_directory\THE_Email_Scraper\scraper\cli.py", line 543, in run_async
    async with AsyncOrchestrator(
               ~~~~~~~~~~~~~~~~~^
        max_concurrent_companies=min(
        ^^^^^^^^^^^^^^^^^^^^^^^^^^^^^
    ...<9 lines>...
        ),
        ^^
    ) as async_orch:
    ^
TypeError: AsyncOrchestrator.__init__() got an unexpected keyword argument 'per_domain_page_concurrency'
