2025-08-22 23:09:02,061 | DEBUG   | scraper.output_formatter | Output formatter initialized (verbose=True)
2025-08-22 23:09:02,061 | INFO    | scraper.cli          | Email scraper starting
2025-08-22 23:09:02,061 | INFO    | scraper.cli          | Input file: test_input.xlsx
2025-08-22 23:09:02,062 | INFO    | scraper.cli          | Output file: results.xlsx
2025-08-22 23:09:02,062 | INFO    | scraper.cli          | Workers: 16
2025-08-22 23:09:02,062 | INFO    | scraper.cli          | Domain threshold: 50
2025-08-22 23:09:02,062 | INFO    | scraper.cli          | Max pages: 50
2025-08-22 23:09:02,065 | INFO    | scraper.cli          | Process PDFs: False
2025-08-22 23:09:02,065 | INFO    | scraper.cli          | Save domain only: False
2025-08-22 23:09:02,065 | INFO    | scraper.config       | Updated max workers to 16
2025-08-22 23:09:02,255 | INFO    | scraper.cli          | Loaded 8 companies from test_input.xlsx
2025-08-22 23:09:02,506 | DEBUG   | scraper.google_search | Google search cache persistence enabled
2025-08-22 23:09:02,510 | DEBUG   | scraper.http_client  | Created optimized session template with connection pooling
2025-08-22 23:09:02,511 | DEBUG   | scraper.http_client  | Created new session for domain: googleapis.com
2025-08-22 23:09:02,511 | INFO    | scraper.google_search | Google API requests session initialized
2025-08-22 23:09:02,511 | DEBUG   | scraper.google_search | Google search cache persistence enabled
2025-08-22 23:09:02,617 | INFO    | scraper.regex_cache  | Precompiling 11 regex patterns
2025-08-22 23:09:02,618 | DEBUG   | scraper.regex_cache  | Compiled and cached regex pattern: (?i)(?<![A-Z0-9._%+-])[A-Z0-9._%+-]+@(?:[A-Z0-9-]+ (0.523ms)
2025-08-22 23:09:02,618 | DEBUG   | scraper.regex_cache  | Precompiled pattern 'email_basic'
2025-08-22 23:09:02,619 | DEBUG   | scraper.regex_cache  | Compiled and cached regex pattern: mailto: (0.041ms)
2025-08-22 23:09:02,619 | DEBUG   | scraper.regex_cache  | Precompiled pattern 'mailto'
2025-08-22 23:09:02,619 | DEBUG   | scraper.regex_cache  | Compiled and cached regex pattern: 
            (?P<user>[A-Za-z0-9._%+-]+)           (0.572ms)
2025-08-22 23:09:02,619 | DEBUG   | scraper.regex_cache  | Precompiled pattern 'obfuscated_email'
2025-08-22 23:09:02,620 | DEBUG   | scraper.regex_cache  | Compiled and cached regex pattern: noreply@ (0.031ms)
2025-08-22 23:09:02,620 | DEBUG   | scraper.regex_cache  | Precompiled pattern 'noreply'
2025-08-22 23:09:02,620 | DEBUG   | scraper.regex_cache  | Compiled and cached regex pattern: donotreply@ (0.031ms)
2025-08-22 23:09:02,620 | DEBUG   | scraper.regex_cache  | Precompiled pattern 'donotreply'
2025-08-22 23:09:02,620 | DEBUG   | scraper.regex_cache  | Compiled and cached regex pattern: no-reply@ (0.028ms)
2025-08-22 23:09:02,620 | DEBUG   | scraper.regex_cache  | Precompiled pattern 'no_reply'
2025-08-22 23:09:02,620 | DEBUG   | scraper.regex_cache  | Compiled and cached regex pattern: webmaster@ (0.030ms)
2025-08-22 23:09:02,620 | DEBUG   | scraper.regex_cache  | Precompiled pattern 'webmaster'
2025-08-22 23:09:02,621 | DEBUG   | scraper.regex_cache  | Compiled and cached regex pattern: hostmaster@ (0.030ms)
2025-08-22 23:09:02,621 | DEBUG   | scraper.regex_cache  | Precompiled pattern 'hostmaster'
2025-08-22 23:09:02,621 | DEBUG   | scraper.regex_cache  | Compiled and cached regex pattern: postmaster@ (0.031ms)
2025-08-22 23:09:02,621 | DEBUG   | scraper.regex_cache  | Precompiled pattern 'postmaster'
2025-08-22 23:09:02,621 | DEBUG   | scraper.regex_cache  | Compiled and cached regex pattern: \.(?:png|jpe?g|gif)$ (0.061ms)
2025-08-22 23:09:02,621 | DEBUG   | scraper.regex_cache  | Precompiled pattern 'image_extensions'
2025-08-22 23:09:02,621 | DEBUG   | scraper.regex_cache  | Compiled and cached regex pattern: ^[0-9a-f]{20,}$ (0.048ms)
2025-08-22 23:09:02,621 | DEBUG   | scraper.regex_cache  | Precompiled pattern 'hex_local_parts'
2025-08-22 23:09:02,621 | INFO    | scraper.regex_cache  | Precompiled 11 common email extraction patterns
2025-08-22 23:09:02,624 | DEBUG   | asyncio              | Using proactor: IocpProactor
2025-08-22 23:09:02,629 | DEBUG   | scraper.google_search | Google search cache persistence enabled
2025-08-22 23:09:02,630 | INFO    | scraper.async_google_search | Async Google API session initialized (max_concurrent=10)
2025-08-22 23:09:02,630 | INFO    | scraper.async_orchestrator | Starting streaming processing of 8 companies
2025-08-22 23:09:02,630 | DEBUG   | scraper.async_google_search | [TRACE] search_companies_streaming: start with 8 companies
2025-08-22 23:09:02,630 | DEBUG   | scraper.async_google_search | [TRACE] search_companies_streaming: created 8 tasks
2025-08-22 23:09:02,630 | DEBUG   | scraper.async_google_search | [TRACE] search_companies_streaming: awaiting next completed task
2025-08-22 23:09:02,631 | DEBUG   | scraper.async_google_search | [TRACE] run: starting search for walter schmidt chemie gmbh
2025-08-22 23:09:02,631 | DEBUG   | scraper.google_search | Google cache MISS for query: "walter schmidt chemie gmbh" contact email
2025-08-22 23:09:02,631 | DEBUG   | scraper.async_google_search | Async Google API search: "walter schmidt chemie gmbh" contact email
2025-08-22 23:09:02,632 | DEBUG   | scraper.async_google_search | [TRACE] run: starting search for henan xinlianxin fertilizer 
2025-08-22 23:09:02,633 | DEBUG   | scraper.google_search | Google cache MISS for query: "henan xinlianxin fertilizer" contact email
2025-08-22 23:09:02,633 | DEBUG   | scraper.async_google_search | Async rate limiting: waiting 0.80 seconds
2025-08-22 23:09:02,633 | DEBUG   | scraper.async_google_search | [TRACE] run: starting search for mitsui toatsu chemicals 
2025-08-22 23:09:02,633 | DEBUG   | scraper.google_search | Google cache MISS for query: "mitsui toatsu chemicals" contact email
2025-08-22 23:09:02,634 | DEBUG   | scraper.async_google_search | [TRACE] run: starting search for daf trucks
2025-08-22 23:09:02,634 | DEBUG   | scraper.google_search | Google cache MISS for query: "daf trucks" contact email
2025-08-22 23:09:02,634 | DEBUG   | scraper.async_google_search | [TRACE] run: starting search for petrol rete 
2025-08-22 23:09:02,634 | DEBUG   | scraper.google_search | Google cache MISS for query: "petrol rete" contact email
2025-08-22 23:09:02,634 | DEBUG   | scraper.async_google_search | [TRACE] run: starting search for euro dam jas doo
2025-08-22 23:09:02,635 | DEBUG   | scraper.google_search | Google cache MISS for query: "euro dam jas doo" contact email
2025-08-22 23:09:02,635 | DEBUG   | scraper.async_google_search | [TRACE] run: starting search for Synsol
2025-08-22 23:09:02,635 | DEBUG   | scraper.google_search | Google cache MISS for query: "Synsol" contact email
2025-08-22 23:09:02,635 | DEBUG   | scraper.async_google_search | [TRACE] run: starting search for speedy fuels
2025-08-22 23:09:02,636 | DEBUG   | scraper.google_search | Google cache MISS for query: "speedy fuels" contact email
2025-08-22 23:09:02,873 | DEBUG   | scraper.async_google_search | Async Google search returned 10 results for: "walter schmidt chemie gmbh" contact email
2025-08-22 23:09:02,873 | DEBUG   | scraper.google_search | Cached Google results for query: "walter schmidt chemie gmbh" contact email (10 results)
2025-08-22 23:09:02,874 | DEBUG   | scraper.async_google_search | [TRACE] run: finished search for walter schmidt chemie gmbh
2025-08-22 23:09:02,874 | DEBUG   | scraper.async_google_search | [TRACE] search_companies_streaming: got results for walter schmidt chemie gmbh
2025-08-22 23:09:02,874 | DEBUG   | scraper.async_orchestrator | [TRACE] Pulled company from google search: walter schmidt chemie gmbh
2025-08-22 23:09:02,874 | DEBUG   | scraper.async_orchestrator | [TRACE] on_company_start called for: walter schmidt chemie gmbh
2025-08-22 23:09:02,875 | DEBUG   | scraper.async_orchestrator | [TRACE] on_company_start awaited for: walter schmidt chemie gmbh
2025-08-22 23:09:02,875 | DEBUG   | filelock             | Attempting to acquire lock 2824120957792 on C:\Dev\Projects\Scraping_directory\THE_Email_Scraper\.venv\Lib\site-packages\tldextract\.suffix_cache\publicsuffix.org-tlds\de84b5ca2167d4c83e38fb162f2e8738.tldextract.json.lock
2025-08-22 23:09:02,876 | DEBUG   | filelock             | Lock 2824120957792 acquired on C:\Dev\Projects\Scraping_directory\THE_Email_Scraper\.venv\Lib\site-packages\tldextract\.suffix_cache\publicsuffix.org-tlds\de84b5ca2167d4c83e38fb162f2e8738.tldextract.json.lock
2025-08-22 23:09:02,878 | DEBUG   | filelock             | Attempting to release lock 2824120957792 on C:\Dev\Projects\Scraping_directory\THE_Email_Scraper\.venv\Lib\site-packages\tldextract\.suffix_cache\publicsuffix.org-tlds\de84b5ca2167d4c83e38fb162f2e8738.tldextract.json.lock
2025-08-22 23:09:02,879 | DEBUG   | filelock             | Lock 2824120957792 released on C:\Dev\Projects\Scraping_directory\THE_Email_Scraper\.venv\Lib\site-packages\tldextract\.suffix_cache\publicsuffix.org-tlds\de84b5ca2167d4c83e38fb162f2e8738.tldextract.json.lock
2025-08-22 23:09:02,897 | DEBUG   | scraper.domain_scorer | Domain score for walter schmidt chemie gmbh and walter-schmidt-chemie.de: 89 (base: 89, penalty: 0)
2025-08-22 23:09:02,897 | DEBUG   | scraper.domain_scorer | Domain score for walter schmidt chemie gmbh and rocketreach.co: 45 (base: 45, penalty: 0)
2025-08-22 23:09:02,897 | DEBUG   | scraper.domain_scorer | Domain score for walter schmidt chemie gmbh and walter-schmidt-chemie.de: 89 (base: 89, penalty: 0)
2025-08-22 23:09:02,898 | DEBUG   | scraper.domain_scorer | Domain score for walter schmidt chemie gmbh and schmidt-zement.de: 74 (base: 74, penalty: 0)
2025-08-22 23:09:02,898 | DEBUG   | scraper.domain_scorer | Domain score for walter schmidt chemie gmbh and carlroth.com: 50 (base: 50, penalty: 0)
2025-08-22 23:09:02,898 | DEBUG   | scraper.domain_scorer | Domain score for walter schmidt chemie gmbh and schmidt-zement.de: 74 (base: 74, penalty: 0)
2025-08-22 23:09:02,898 | DEBUG   | scraper.domain_scorer | Domain score for walter schmidt chemie gmbh and noba-normteile.de: 42 (base: 42, penalty: 0)
2025-08-22 23:09:02,899 | DEBUG   | scraper.domain_scorer | Domain score for walter schmidt chemie gmbh and schmidt-zement.de: 74 (base: 74, penalty: 0)
2025-08-22 23:09:02,899 | DEBUG   | scraper.domain_scorer | Applied penalty to linkedin.com (contains linkedin.com)
2025-08-22 23:09:02,899 | DEBUG   | scraper.domain_scorer | Domain score for walter schmidt chemie gmbh and linkedin.com: 15 (base: 40, penalty: 25)
2025-08-22 23:09:02,899 | DEBUG   | scraper.domain_scorer | Domain score for walter schmidt chemie gmbh and schmidt-zement.de: 74 (base: 74, penalty: 0)
2025-08-22 23:09:02,899 | DEBUG   | scraper.domain_scorer | Best domain for walter schmidt chemie gmbh: https://www.walter-schmidt-chemie.de/en/contact/imprint.html (score: 89)
2025-08-22 23:09:02,899 | DEBUG   | scraper.async_orchestrator | [TRACE] Domain scored for walter schmidt chemie gmbh: https://www.walter-schmidt-chemie.de/en/contact/imprint.html
2025-08-22 23:09:02,900 | DEBUG   | scraper.async_google_search | [TRACE] search_companies_streaming: awaiting next completed task
2025-08-22 23:09:02,900 | DEBUG   | scraper.async_orchestrator | 🌐 Processing domain: walter-schmidt-chemie.de (score: 89)
2025-08-22 23:09:02,900 | INFO    | scraper.async_http_client | Probing domain (sequential) for access method: walter-schmidt-chemie.de
2025-08-22 23:09:02,900 | DEBUG   | scraper.async_http_client | Testing access method https: https://walter-schmidt-chemie.de
2025-08-22 23:09:03,436 | DEBUG   | scraper.async_google_search | Async Google API search: "henan xinlianxin fertilizer" contact email
2025-08-22 23:09:03,437 | DEBUG   | scraper.async_google_search | Async rate limiting: waiting 0.80 seconds
2025-08-22 23:09:03,605 | DEBUG   | scraper.async_google_search | Async Google search returned 10 results for: "henan xinlianxin fertilizer" contact email
2025-08-22 23:09:03,605 | DEBUG   | scraper.google_search | Cached Google results for query: "henan xinlianxin fertilizer" contact email (10 results)
2025-08-22 23:09:03,605 | DEBUG   | scraper.async_google_search | [TRACE] run: finished search for henan xinlianxin fertilizer 
2025-08-22 23:09:03,606 | DEBUG   | scraper.async_google_search | [TRACE] search_companies_streaming: got results for henan xinlianxin fertilizer 
2025-08-22 23:09:03,606 | DEBUG   | scraper.async_orchestrator | [TRACE] Pulled company from google search: henan xinlianxin fertilizer 
2025-08-22 23:09:03,606 | DEBUG   | scraper.async_orchestrator | [TRACE] on_company_start called for: henan xinlianxin fertilizer 
2025-08-22 23:09:03,606 | DEBUG   | scraper.async_orchestrator | [TRACE] on_company_start awaited for: henan xinlianxin fertilizer 
2025-08-22 23:09:03,607 | DEBUG   | scraper.domain_scorer | Applied penalty to facebook.com (contains facebook.com)
2025-08-22 23:09:03,607 | DEBUG   | scraper.domain_scorer | Domain score for henan xinlianxin fertilizer  and facebook.com: 0 (base: 25, penalty: 25)
2025-08-22 23:09:03,607 | DEBUG   | scraper.domain_scorer | Domain score for henan xinlianxin fertilizer  and jet-inc.com: 42 (base: 42, penalty: 0)
2025-08-22 23:09:03,607 | DEBUG   | scraper.domain_scorer | Applied penalty to linkedin.com (contains linkedin.com)
2025-08-22 23:09:03,608 | DEBUG   | scraper.domain_scorer | Domain score for henan xinlianxin fertilizer  and linkedin.com: 37 (base: 62, penalty: 25)
2025-08-22 23:09:03,608 | DEBUG   | scraper.domain_scorer | Domain score for henan xinlianxin fertilizer  and sinofert.com: 75 (base: 75, penalty: 0)
2025-08-22 23:09:03,608 | DEBUG   | scraper.domain_scorer | Applied penalty to cn.linkedin.com (contains linkedin.com)
2025-08-22 23:09:03,608 | DEBUG   | scraper.domain_scorer | Domain score for henan xinlianxin fertilizer  and cn.linkedin.com: 37 (base: 62, penalty: 25)
2025-08-22 23:09:03,609 | DEBUG   | scraper.domain_scorer | Domain score for henan xinlianxin fertilizer  and methanol.org: 50 (base: 50, penalty: 0)
2025-08-22 23:09:03,609 | DEBUG   | scraper.domain_scorer | Domain score for henan xinlianxin fertilizer  and issuu.com: 22 (base: 22, penalty: 0)
2025-08-22 23:09:03,609 | DEBUG   | scraper.domain_scorer | Domain score for henan xinlianxin fertilizer  and airproducts.com: 36 (base: 36, penalty: 0)
2025-08-22 23:09:03,609 | DEBUG   | scraper.domain_scorer | Domain score for henan xinlianxin fertilizer  and cell.com: 33 (base: 33, penalty: 0)
2025-08-22 23:09:03,610 | DEBUG   | scraper.domain_scorer | Domain score for henan xinlianxin fertilizer  and fertilizerpricing.com: 74 (base: 74, penalty: 0)
2025-08-22 23:09:03,610 | DEBUG   | scraper.domain_scorer | Best domain for henan xinlianxin fertilizer : http://www.sinofert.com/en/s/5635-15034-47938.html (score: 75)
2025-08-22 23:09:03,610 | DEBUG   | scraper.async_orchestrator | [TRACE] Domain scored for henan xinlianxin fertilizer : http://www.sinofert.com/en/s/5635-15034-47938.html
2025-08-22 23:09:03,610 | DEBUG   | scraper.async_google_search | [TRACE] search_companies_streaming: awaiting next completed task
2025-08-22 23:09:03,610 | DEBUG   | scraper.async_orchestrator | 🌐 Processing domain: sinofert.com (score: 75)
2025-08-22 23:09:03,611 | INFO    | scraper.async_http_client | Probing domain (sequential) for access method: sinofert.com
2025-08-22 23:09:03,611 | DEBUG   | scraper.async_http_client | Testing access method https: https://sinofert.com
2025-08-22 23:09:03,623 | WARNING | scraper.async_http_client | Async request failed (attempt 1/2): https://sinofert.com - Cannot connect to host sinofert.com:443 ssl:default [getaddrinfo failed]
2025-08-22 23:09:03,953 | DEBUG   | scraper.async_http_client | Async HEAD https://walter-schmidt-chemie.de -> 200 (0 bytes)
2025-08-22 23:09:03,953 | INFO    | scraper.async_http_client | Selected access method for walter-schmidt-chemie.de: https
2025-08-22 23:09:03,953 | DEBUG   | scraper.async_orchestrator | Using optimized URL pattern: https://walter-schmidt-chemie.de
2025-08-22 23:09:04,245 | DEBUG   | scraper.async_google_search | Async Google API search: "mitsui toatsu chemicals" contact email
2025-08-22 23:09:04,246 | DEBUG   | scraper.async_google_search | Async rate limiting: waiting 0.80 seconds
2025-08-22 23:09:04,472 | DEBUG   | scraper.async_http_client | Async GET https://walter-schmidt-chemie.de -> 200 (0 bytes)
2025-08-22 23:09:04,473 | DEBUG   | scraper.performance_optimizer | Cache MISS for https://walter-schmidt-chemie.de/sitemap.xml
2025-08-22 23:09:04,474 | DEBUG   | scraper.performance_optimizer | Created optimized session for walter-schmidt-chemie.de
2025-08-22 23:09:04,532 | DEBUG   | scraper.async_google_search | Async Google search returned 10 results for: "mitsui toatsu chemicals" contact email
2025-08-22 23:09:04,550 | DEBUG   | scraper.google_search | Cached Google results for query: "mitsui toatsu chemicals" contact email (10 results)
2025-08-22 23:09:04,550 | DEBUG   | scraper.async_google_search | [TRACE] run: finished search for mitsui toatsu chemicals 
2025-08-22 23:09:04,552 | DEBUG   | scraper.async_google_search | [TRACE] search_companies_streaming: got results for mitsui toatsu chemicals 
2025-08-22 23:09:04,552 | DEBUG   | scraper.async_orchestrator | [TRACE] Pulled company from google search: mitsui toatsu chemicals 
2025-08-22 23:09:04,552 | DEBUG   | scraper.async_orchestrator | [TRACE] on_company_start called for: mitsui toatsu chemicals 
2025-08-22 23:09:04,552 | DEBUG   | scraper.async_orchestrator | [TRACE] on_company_start awaited for: mitsui toatsu chemicals 
2025-08-22 23:09:04,552 | DEBUG   | scraper.domain_scorer | Domain score for mitsui toatsu chemicals  and kuraray.com: 28 (base: 28, penalty: 0)
2025-08-22 23:09:04,553 | DEBUG   | scraper.domain_scorer | Domain score for mitsui toatsu chemicals  and globaldata.com: 30 (base: 30, penalty: 0)
2025-08-22 23:09:04,553 | DEBUG   | scraper.domain_scorer | Domain score for mitsui toatsu chemicals  and jp.mitsuichemicals.com: 88 (base: 88, penalty: 0)
2025-08-22 23:09:04,553 | DEBUG   | scraper.domain_scorer | Domain score for mitsui toatsu chemicals  and www3.epa.gov: 33 (base: 33, penalty: 0)
2025-08-22 23:09:04,553 | DEBUG   | scraper.domain_scorer | Domain score for mitsui toatsu chemicals  and bccresearch.com: 36 (base: 36, penalty: 0)
2025-08-22 23:09:04,553 | DEBUG   | scraper.domain_scorer | Domain score for mitsui toatsu chemicals  and carlyle.com: 54 (base: 54, penalty: 0)
2025-08-22 23:09:04,553 | DEBUG   | scraper.domain_scorer | Domain score for mitsui toatsu chemicals  and mc-croplifesolutions.com: 45 (base: 45, penalty: 0)
2025-08-22 23:09:04,554 | DEBUG   | scraper.domain_scorer | Domain score for mitsui toatsu chemicals  and agc.com: 33 (base: 33, penalty: 0)
2025-08-22 23:09:04,554 | DEBUG   | scraper.domain_scorer | Domain score for mitsui toatsu chemicals  and pubmed.ncbi.nlm.nih.gov: 40 (base: 40, penalty: 0)
2025-08-22 23:09:04,554 | DEBUG   | scraper.domain_scorer | Domain score for mitsui toatsu chemicals  and andersondevelopment.com: 25 (base: 25, penalty: 0)
2025-08-22 23:09:04,554 | DEBUG   | scraper.domain_scorer | Best domain for mitsui toatsu chemicals : https://jp.mitsuichemicals.com/en/corporate/number/index.htm (score: 88)
2025-08-22 23:09:04,554 | DEBUG   | scraper.async_orchestrator | [TRACE] Domain scored for mitsui toatsu chemicals : https://jp.mitsuichemicals.com/en/corporate/number/index.htm
2025-08-22 23:09:04,554 | DEBUG   | scraper.async_google_search | [TRACE] search_companies_streaming: awaiting next completed task
2025-08-22 23:09:04,555 | DEBUG   | scraper.async_orchestrator | 🌐 Processing domain: jp.mitsuichemicals.com (score: 88)
2025-08-22 23:09:04,555 | INFO    | scraper.async_http_client | Probing domain (sequential) for access method: jp.mitsuichemicals.com
2025-08-22 23:09:04,555 | DEBUG   | scraper.async_http_client | Testing access method https: https://jp.mitsuichemicals.com
2025-08-22 23:09:04,628 | WARNING | scraper.async_http_client | Async request failed (attempt 2/2): https://sinofert.com - Cannot connect to host sinofert.com:443 ssl:default [getaddrinfo failed]
2025-08-22 23:09:04,629 | WARNING | scraper.async_http_client | Async request failed (attempt 1/2): https://sinofert.com - Cannot connect to host sinofert.com:443 ssl:default [getaddrinfo failed]
2025-08-22 23:09:05,050 | DEBUG   | scraper.async_google_search | Async Google API search: "daf trucks" contact email
2025-08-22 23:09:05,052 | DEBUG   | scraper.async_google_search | Async rate limiting: waiting 0.80 seconds
2025-08-22 23:09:05,126 | DEBUG   | scraper.async_http_client | Async HEAD https://jp.mitsuichemicals.com -> 200 (20313 bytes)
2025-08-22 23:09:05,127 | INFO    | scraper.async_http_client | Selected access method for jp.mitsuichemicals.com: https
2025-08-22 23:09:05,127 | DEBUG   | scraper.async_orchestrator | Using optimized URL pattern: https://jp.mitsuichemicals.com
2025-08-22 23:09:05,277 | DEBUG   | scraper.async_google_search | Async Google search returned 10 results for: "daf trucks" contact email
2025-08-22 23:09:05,277 | DEBUG   | scraper.google_search | Cached Google results for query: "daf trucks" contact email (10 results)
2025-08-22 23:09:05,278 | DEBUG   | scraper.async_google_search | [TRACE] run: finished search for daf trucks
2025-08-22 23:09:05,278 | DEBUG   | scraper.async_google_search | [TRACE] search_companies_streaming: got results for daf trucks
2025-08-22 23:09:05,278 | DEBUG   | scraper.async_orchestrator | [TRACE] Pulled company from google search: daf trucks
2025-08-22 23:09:05,278 | DEBUG   | scraper.async_orchestrator | [TRACE] on_company_start called for: daf trucks
2025-08-22 23:09:05,279 | DEBUG   | scraper.async_orchestrator | [TRACE] on_company_start awaited for: daf trucks
2025-08-22 23:09:05,279 | DEBUG   | scraper.domain_scorer | Domain score for daf trucks and daf.com: 100 (base: 100, penalty: 0)
2025-08-22 23:09:05,279 | DEBUG   | scraper.domain_scorer | Domain score for daf trucks and daf.global: 100 (base: 100, penalty: 0)
2025-08-22 23:09:05,279 | DEBUG   | scraper.domain_scorer | Domain score for daf trucks and daf.co.uk: 100 (base: 100, penalty: 0)
2025-08-22 23:09:05,279 | DEBUG   | scraper.domain_scorer | Domain score for daf trucks and rmi.daf.com: 100 (base: 100, penalty: 0)
2025-08-22 23:09:05,280 | DEBUG   | scraper.domain_scorer | Domain score for daf trucks and hereforddaftrucks.co.uk: 100 (base: 100, penalty: 0)
2025-08-22 23:09:05,280 | DEBUG   | scraper.domain_scorer | Domain score for daf trucks and gloucesterdaftrucks.co.uk: 100 (base: 100, penalty: 0)
2025-08-22 23:09:05,280 | DEBUG   | scraper.domain_scorer | Domain score for daf trucks and paccar.com: 36 (base: 36, penalty: 0)
2025-08-22 23:09:05,280 | DEBUG   | scraper.domain_scorer | Domain score for daf trucks and gbdaf.com: 75 (base: 75, penalty: 0)
2025-08-22 23:09:05,281 | DEBUG   | scraper.domain_scorer | Domain score for daf trucks and chassiscab.com: 30 (base: 30, penalty: 0)
2025-08-22 23:09:05,281 | DEBUG   | scraper.domain_scorer | Domain score for daf trucks and suttondaftrucks.co.uk: 100 (base: 100, penalty: 0)
2025-08-22 23:09:05,281 | DEBUG   | scraper.domain_scorer | Best domain for daf trucks: https://www.daf.com/en/contact (score: 100)
2025-08-22 23:09:05,281 | DEBUG   | scraper.async_orchestrator | [TRACE] Domain scored for daf trucks: https://www.daf.com/en/contact
2025-08-22 23:09:05,281 | DEBUG   | scraper.async_google_search | [TRACE] search_companies_streaming: awaiting next completed task
2025-08-22 23:09:05,282 | DEBUG   | scraper.async_orchestrator | 🌐 Processing domain: daf.com (score: 100)
2025-08-22 23:09:05,282 | INFO    | scraper.async_http_client | Probing domain (sequential) for access method: daf.com
2025-08-22 23:09:05,282 | DEBUG   | scraper.async_http_client | Testing access method https: https://daf.com
2025-08-22 23:09:05,612 | DEBUG   | scraper.async_http_client | Async GET https://jp.mitsuichemicals.com -> 200 (20313 bytes)
2025-08-22 23:09:05,612 | DEBUG   | scraper.performance_optimizer | Cache MISS for https://jp.mitsuichemicals.com/sitemap.xml
2025-08-22 23:09:05,613 | DEBUG   | scraper.performance_optimizer | Created optimized session for jp.mitsuichemicals.com
2025-08-22 23:09:05,642 | WARNING | scraper.async_http_client | Async request failed (attempt 2/2): https://sinofert.com - Cannot connect to host sinofert.com:443 ssl:default [getaddrinfo failed]
2025-08-22 23:09:05,642 | DEBUG   | scraper.async_http_client | Testing access method http: http://sinofert.com
2025-08-22 23:09:05,643 | WARNING | scraper.async_http_client | Async request failed (attempt 1/2): http://sinofert.com - Cannot connect to host sinofert.com:80 ssl:default [getaddrinfo failed]
2025-08-22 23:09:05,643 | WARNING | scraper.async_components | Circuit breaker OPEN for sinofert.com (5)
2025-08-22 23:09:05,858 | DEBUG   | scraper.async_google_search | Async Google API search: "petrol rete" contact email
2025-08-22 23:09:05,859 | DEBUG   | scraper.async_google_search | Async rate limiting: waiting 0.80 seconds
2025-08-22 23:09:06,206 | DEBUG   | scraper.http_client  | Created new session for domain: jp.mitsuichemicals.com
2025-08-22 23:09:06,261 | DEBUG   | scraper.async_google_search | Async Google search returned 10 results for: "petrol rete" contact email
2025-08-22 23:09:06,261 | DEBUG   | scraper.google_search | Cached Google results for query: "petrol rete" contact email (10 results)
2025-08-22 23:09:06,262 | DEBUG   | scraper.async_google_search | [TRACE] run: finished search for petrol rete 
2025-08-22 23:09:06,262 | DEBUG   | scraper.async_google_search | [TRACE] search_companies_streaming: got results for petrol rete 
2025-08-22 23:09:06,262 | DEBUG   | scraper.async_orchestrator | [TRACE] Pulled company from google search: petrol rete 
2025-08-22 23:09:06,262 | DEBUG   | scraper.async_orchestrator | [TRACE] on_company_start called for: petrol rete 
2025-08-22 23:09:06,262 | DEBUG   | scraper.async_orchestrator | [TRACE] on_company_start awaited for: petrol rete 
2025-08-22 23:09:06,262 | DEBUG   | scraper.domain_scorer | Applied penalty to facebook.com (contains facebook.com)
2025-08-22 23:09:06,262 | DEBUG   | scraper.domain_scorer | Domain score for petrol rete  and facebook.com: 5 (base: 30, penalty: 25)
2025-08-22 23:09:06,263 | DEBUG   | scraper.domain_scorer | Domain score for petrol rete  and scribd.com: 19 (base: 19, penalty: 0)
2025-08-22 23:09:06,263 | DEBUG   | scraper.domain_scorer | Applied penalty to facebook.com (contains facebook.com)
2025-08-22 23:09:06,263 | DEBUG   | scraper.domain_scorer | Domain score for petrol rete  and facebook.com: 5 (base: 30, penalty: 25)
2025-08-22 23:09:06,263 | DEBUG   | scraper.domain_scorer | Domain score for petrol rete  and prezzibenzina.it: 46 (base: 46, penalty: 0)
2025-08-22 23:09:06,263 | DEBUG   | scraper.domain_scorer | Domain score for petrol rete  and alvolante.it: 53 (base: 53, penalty: 0)
2025-08-22 23:09:06,263 | DEBUG   | scraper.domain_scorer | Domain score for petrol rete  and piazzalucana.it: 23 (base: 23, penalty: 0)
2025-08-22 23:09:06,263 | DEBUG   | scraper.domain_scorer | Domain score for petrol rete  and geomonitorsnc.com: 40 (base: 40, penalty: 0)
2025-08-22 23:09:06,263 | DEBUG   | scraper.domain_scorer | Domain score for petrol rete  and alvolante.it: 53 (base: 53, penalty: 0)
2025-08-22 23:09:06,264 | DEBUG   | scraper.domain_scorer | Domain score for petrol rete  and gazzettadellavaldagri.it: 40 (base: 40, penalty: 0)
2025-08-22 23:09:06,264 | DEBUG   | scraper.domain_scorer | Domain score for petrol rete  and oraridiapertura24.it: 42 (base: 42, penalty: 0)
2025-08-22 23:09:06,264 | DEBUG   | scraper.domain_scorer | Best domain for petrol rete : https://www.alvolante.it/prezzo-carburante/basilicata/potenza/pompe-bianche-petrol-rete-59655 (score: 53)
2025-08-22 23:09:06,264 | DEBUG   | scraper.async_orchestrator | [TRACE] Domain scored for petrol rete : https://www.alvolante.it/prezzo-carburante/basilicata/potenza/pompe-bianche-petrol-rete-59655
2025-08-22 23:09:06,264 | DEBUG   | scraper.async_google_search | [TRACE] search_companies_streaming: awaiting next completed task
2025-08-22 23:09:06,264 | DEBUG   | scraper.async_orchestrator | 🌐 Processing domain: alvolante.it (score: 53)
2025-08-22 23:09:06,264 | INFO    | scraper.async_http_client | Probing domain (sequential) for access method: alvolante.it
2025-08-22 23:09:06,264 | DEBUG   | scraper.async_http_client | Testing access method https: https://alvolante.it
2025-08-22 23:09:06,510 | INFO    | scraper.http_client  | HTTP HEAD https://jp.mitsuichemicals.com/sitemap.xml → 404
2025-08-22 23:09:06,510 | DEBUG   | scraper.http_client  | Network/HTTP error (attempt 1/3) for https://jp.mitsuichemicals.com/sitemap.xml: Bad status 404 for https://jp.mitsuichemicals.com/sitemap.xml
2025-08-22 23:09:06,510 | DEBUG   | scraper.http_client  | Skipping fallbacks for jp.mitsuichemicals.com - using verified pattern
2025-08-22 23:09:06,511 | DEBUG   | scraper.performance_optimizer | Cache MISS for https://jp.mitsuichemicals.com/sitemap_index.xml
2025-08-22 23:09:06,543 | DEBUG   | scraper.async_http_client | Async HEAD https://alvolante.it -> 200 (42716 bytes)
2025-08-22 23:09:06,543 | INFO    | scraper.async_http_client | Selected access method for alvolante.it: https
2025-08-22 23:09:06,543 | DEBUG   | scraper.async_orchestrator | Using optimized URL pattern: https://alvolante.it
2025-08-22 23:09:06,621 | DEBUG   | scraper.async_http_client | Async HEAD https://daf.com -> 200 (14851 bytes)
2025-08-22 23:09:06,621 | INFO    | scraper.async_http_client | Selected access method for daf.com: https
2025-08-22 23:09:06,621 | DEBUG   | scraper.async_orchestrator | Using optimized URL pattern: https://daf.com
2025-08-22 23:09:06,648 | WARNING | scraper.async_http_client | Async request failed (attempt 2/2): http://sinofert.com - Cannot connect to host sinofert.com:80 ssl:default [getaddrinfo failed]
2025-08-22 23:09:06,649 | WARNING | scraper.async_components | Circuit breaker OPEN for sinofert.com (6)
2025-08-22 23:09:06,649 | DEBUG   | scraper.async_http_client | Circuit breaker open for domain: sinofert.com
2025-08-22 23:09:06,649 | DEBUG   | scraper.async_http_client | Testing access method https_www: https://www.sinofert.com
2025-08-22 23:09:06,649 | DEBUG   | scraper.async_http_client | Circuit breaker open for domain: sinofert.com
2025-08-22 23:09:06,649 | DEBUG   | scraper.async_http_client | Circuit breaker open for domain: sinofert.com
2025-08-22 23:09:06,649 | DEBUG   | scraper.async_http_client | Testing access method http_www: http://www.sinofert.com
2025-08-22 23:09:06,650 | DEBUG   | scraper.async_http_client | Circuit breaker open for domain: sinofert.com
2025-08-22 23:09:06,650 | DEBUG   | scraper.async_http_client | Circuit breaker open for domain: sinofert.com
2025-08-22 23:09:06,650 | WARNING | scraper.async_http_client | All access methods failed for domain: sinofert.com
2025-08-22 23:09:06,650 | WARNING | scraper.async_orchestrator | Could not establish connection to domain: sinofert.com
2025-08-22 23:09:06,667 | DEBUG   | scraper.async_google_search | Async Google API search: "euro dam jas doo" contact email
2025-08-22 23:09:06,668 | DEBUG   | scraper.async_google_search | Async rate limiting: waiting 0.80 seconds
2025-08-22 23:09:06,669 | DEBUG   | scraper.async_http_client | Async GET https://alvolante.it -> 200 (42716 bytes)
2025-08-22 23:09:06,670 | DEBUG   | scraper.performance_optimizer | Cache MISS for https://alvolante.it/sitemap.xml
2025-08-22 23:09:06,670 | DEBUG   | scraper.performance_optimizer | Created optimized session for alvolante.it
2025-08-22 23:09:06,760 | DEBUG   | scraper.async_http_client | Async GET https://daf.com -> 200 (0 bytes)
2025-08-22 23:09:06,761 | DEBUG   | scraper.performance_optimizer | Cache MISS for https://daf.com/sitemap.xml
2025-08-22 23:09:06,761 | DEBUG   | scraper.performance_optimizer | Created optimized session for daf.com
2025-08-22 23:09:06,850 | DEBUG   | scraper.async_google_search | Async Google search returned 10 results for: "euro dam jas doo" contact email
2025-08-22 23:09:06,851 | DEBUG   | scraper.google_search | Cached Google results for query: "euro dam jas doo" contact email (10 results)
2025-08-22 23:09:06,851 | DEBUG   | scraper.async_google_search | [TRACE] run: finished search for euro dam jas doo
2025-08-22 23:09:06,851 | DEBUG   | scraper.async_google_search | [TRACE] search_companies_streaming: got results for euro dam jas doo
2025-08-22 23:09:06,851 | DEBUG   | scraper.async_orchestrator | [TRACE] Pulled company from google search: euro dam jas doo
2025-08-22 23:09:06,851 | DEBUG   | scraper.async_orchestrator | [TRACE] on_company_start called for: euro dam jas doo
2025-08-22 23:09:06,851 | DEBUG   | scraper.async_orchestrator | [TRACE] on_company_start awaited for: euro dam jas doo
2025-08-22 23:09:06,852 | DEBUG   | scraper.domain_scorer | Applied penalty to ba.linkedin.com (contains linkedin.com)
2025-08-22 23:09:06,852 | DEBUG   | scraper.domain_scorer | Domain score for euro dam jas doo and ba.linkedin.com: 25 (base: 50, penalty: 25)
2025-08-22 23:09:06,852 | DEBUG   | scraper.domain_scorer | Applied penalty to instagram.com (contains instagram.com)
2025-08-22 23:09:06,852 | DEBUG   | scraper.domain_scorer | Domain score for euro dam jas doo and instagram.com: 12 (base: 37, penalty: 25)
2025-08-22 23:09:06,852 | DEBUG   | scraper.domain_scorer | Domain score for euro dam jas doo and goodyear.eu: 42 (base: 42, penalty: 0)
2025-08-22 23:09:06,852 | DEBUG   | scraper.domain_scorer | Domain score for euro dam jas doo and companywall.ba: 30 (base: 30, penalty: 0)
2025-08-22 23:09:06,853 | DEBUG   | scraper.domain_scorer | Applied penalty to linkedin.com (contains linkedin.com)
2025-08-22 23:09:06,853 | DEBUG   | scraper.domain_scorer | Domain score for euro dam jas doo and linkedin.com: 5 (base: 30, penalty: 25)
2025-08-22 23:09:06,853 | DEBUG   | scraper.domain_scorer | Applied penalty to facebook.com (contains facebook.com)
2025-08-22 23:09:06,853 | DEBUG   | scraper.domain_scorer | Domain score for euro dam jas doo and facebook.com: 21 (base: 46, penalty: 25)
2025-08-22 23:09:06,853 | DEBUG   | scraper.domain_scorer | Domain score for euro dam jas doo and jpautoceste.ba: 35 (base: 35, penalty: 0)
2025-08-22 23:09:06,854 | DEBUG   | scraper.domain_scorer | Applied penalty to facebook.com (contains facebook.com)
2025-08-22 23:09:06,854 | DEBUG   | scraper.domain_scorer | Domain score for euro dam jas doo and facebook.com: 21 (base: 46, penalty: 25)
2025-08-22 23:09:06,854 | DEBUG   | scraper.domain_scorer | Domain score for euro dam jas doo and scribd.com: 40 (base: 40, penalty: 0)
2025-08-22 23:09:06,854 | DEBUG   | scraper.domain_scorer | Domain score for euro dam jas doo and flek.ba: 40 (base: 40, penalty: 0)
2025-08-22 23:09:06,854 | DEBUG   | scraper.domain_scorer | Best domain for euro dam jas doo: https://www.goodyear.eu/bs_ba/consumer/all-dealers/lukavac/euro-dam-jas-doo-30092243.html (score: 42)
2025-08-22 23:09:06,854 | DEBUG   | scraper.async_orchestrator | [TRACE] Domain scored for euro dam jas doo: https://www.goodyear.eu/bs_ba/consumer/all-dealers/lukavac/euro-dam-jas-doo-30092243.html
2025-08-22 23:09:06,855 | DEBUG   | scraper.async_google_search | [TRACE] search_companies_streaming: awaiting next completed task
2025-08-22 23:09:07,036 | INFO    | scraper.http_client  | HTTP HEAD https://jp.mitsuichemicals.com/sitemap_index.xml → 404
2025-08-22 23:09:07,036 | DEBUG   | scraper.http_client  | Network/HTTP error (attempt 1/3) for https://jp.mitsuichemicals.com/sitemap_index.xml: Bad status 404 for https://jp.mitsuichemicals.com/sitemap_index.xml
2025-08-22 23:09:07,036 | DEBUG   | scraper.http_client  | Skipping fallbacks for jp.mitsuichemicals.com - using verified pattern
2025-08-22 23:09:07,037 | DEBUG   | scraper.performance_optimizer | Cache MISS for https://jp.mitsuichemicals.com/sitemap-index.xml
2025-08-22 23:09:07,474 | DEBUG   | scraper.async_google_search | Async Google API search: "Synsol" contact email
2025-08-22 23:09:07,475 | DEBUG   | scraper.async_google_search | Async rate limiting: waiting 0.80 seconds
2025-08-22 23:09:07,528 | INFO    | scraper.http_client  | HTTP HEAD https://jp.mitsuichemicals.com/sitemap-index.xml → 404
2025-08-22 23:09:07,529 | DEBUG   | scraper.http_client  | Network/HTTP error (attempt 1/3) for https://jp.mitsuichemicals.com/sitemap-index.xml: Bad status 404 for https://jp.mitsuichemicals.com/sitemap-index.xml
2025-08-22 23:09:07,529 | DEBUG   | scraper.http_client  | Skipping fallbacks for jp.mitsuichemicals.com - using verified pattern
2025-08-22 23:09:07,529 | DEBUG   | scraper.performance_optimizer | Cache MISS for https://jp.mitsuichemicals.com/sitemap1.xml
2025-08-22 23:09:07,634 | DEBUG   | scraper.performance_optimizer | Cached response for https://alvolante.it/sitemap.xml
2025-08-22 23:09:07,635 | DEBUG   | scraper.http_client  | Using optimized request for: https://alvolante.it/sitemap.xml
2025-08-22 23:09:07,635 | DEBUG   | scraper.performance_optimizer | Cache HIT for https://alvolante.it/sitemap.xml
2025-08-22 23:09:07,635 | DEBUG   | scraper.http_client  | Using optimized request for: https://alvolante.it/sitemap.xml
2025-08-22 23:09:07,636 | INFO    | scraper.sitemap      | Found sitemap via standard filenames: https://alvolante.it/sitemap.xml (0.97s)
2025-08-22 23:09:07,636 | DEBUG   | scraper.config       | Allocated 1 workers for task: sitemap_download
2025-08-22 23:09:07,640 | DEBUG   | scraper.config       | Allocated 4 workers for task: sitemap_download
2025-08-22 23:09:07,640 | DEBUG   | scraper.sitemap      | Parallel-fetching 18 nested sitemaps via 4 threads
2025-08-22 23:09:07,640 | DEBUG   | scraper.performance_optimizer | Cache MISS for https://www.alvolante.it/sitemap.xml?page=1
2025-08-22 23:09:07,641 | DEBUG   | scraper.performance_optimizer | Created optimized session for www.alvolante.it
2025-08-22 23:09:07,641 | DEBUG   | scraper.performance_optimizer | Cache MISS for https://www.alvolante.it/sitemap.xml?page=2
2025-08-22 23:09:07,642 | DEBUG   | scraper.performance_optimizer | Cache MISS for https://www.alvolante.it/sitemap.xml?page=3
2025-08-22 23:09:07,643 | DEBUG   | scraper.performance_optimizer | Cache MISS for https://www.alvolante.it/sitemap.xml?page=4
2025-08-22 23:09:07,655 | DEBUG   | scraper.performance_optimizer | Cached response for https://daf.com/sitemap.xml
2025-08-22 23:09:07,655 | DEBUG   | scraper.http_client  | Using optimized request for: https://daf.com/sitemap.xml
2025-08-22 23:09:07,655 | DEBUG   | scraper.performance_optimizer | Cache HIT for https://daf.com/sitemap.xml
2025-08-22 23:09:07,656 | DEBUG   | scraper.http_client  | Using optimized request for: https://daf.com/sitemap.xml
2025-08-22 23:09:07,656 | INFO    | scraper.sitemap      | Found sitemap via standard filenames: https://daf.com/sitemap.xml (0.90s)
2025-08-22 23:09:07,656 | DEBUG   | scraper.config       | Allocated 1 workers for task: sitemap_download
2025-08-22 23:09:07,657 | DEBUG   | scraper.config       | Allocated 2 workers for task: sitemap_download
2025-08-22 23:09:07,657 | DEBUG   | scraper.sitemap      | Parallel-fetching 2 nested sitemaps via 2 threads
2025-08-22 23:09:07,658 | DEBUG   | scraper.performance_optimizer | Cache MISS for https://www.daf.com/en/sitemap.xml
2025-08-22 23:09:07,658 | DEBUG   | scraper.performance_optimizer | Created optimized session for www.daf.com
2025-08-22 23:09:07,658 | DEBUG   | scraper.performance_optimizer | Cache MISS for https://www.daf.com/nl-nl/sitemap.xml
2025-08-22 23:09:07,667 | DEBUG   | scraper.async_google_search | Async Google search returned 10 results for: "Synsol" contact email
2025-08-22 23:09:07,667 | DEBUG   | scraper.google_search | Cached Google results for query: "Synsol" contact email (10 results)
2025-08-22 23:09:07,667 | DEBUG   | scraper.async_google_search | [TRACE] run: finished search for Synsol
2025-08-22 23:09:07,667 | DEBUG   | scraper.async_google_search | [TRACE] search_companies_streaming: got results for Synsol
2025-08-22 23:09:07,668 | DEBUG   | scraper.async_orchestrator | [TRACE] Pulled company from google search: Synsol
2025-08-22 23:09:07,668 | DEBUG   | scraper.async_orchestrator | [TRACE] on_company_start called for: Synsol
2025-08-22 23:09:07,668 | DEBUG   | scraper.async_orchestrator | [TRACE] on_company_start awaited for: Synsol
2025-08-22 23:09:07,668 | DEBUG   | scraper.domain_scorer | Domain score for Synsol and www1.mscdirect.com: 25 (base: 25, penalty: 0)
2025-08-22 23:09:07,669 | DEBUG   | scraper.domain_scorer | Domain score for Synsol and synsol.ch: 100 (base: 100, penalty: 0)
2025-08-22 23:09:07,669 | DEBUG   | scraper.domain_scorer | Domain score for Synsol and www1.mscdirect.com: 25 (base: 25, penalty: 0)
2025-08-22 23:09:07,669 | DEBUG   | scraper.domain_scorer | Domain score for Synsol and contactout.com: 33 (base: 33, penalty: 0)
2025-08-22 23:09:07,669 | DEBUG   | scraper.domain_scorer | Domain score for Synsol and synsol.ch: 100 (base: 100, penalty: 0)
2025-08-22 23:09:07,669 | DEBUG   | scraper.domain_scorer | Domain score for Synsol and mscdirect.com: 25 (base: 25, penalty: 0)
2025-08-22 23:09:07,670 | DEBUG   | scraper.domain_scorer | Applied penalty to crunchbase.com (contains crunchbase.com)
2025-08-22 23:09:07,670 | DEBUG   | scraper.domain_scorer | Domain score for Synsol and crunchbase.com: 8 (base: 33, penalty: 25)
2025-08-22 23:09:07,670 | DEBUG   | scraper.domain_scorer | Domain score for Synsol and find-and-update.company-information.service.gov.uk: 50 (base: 50, penalty: 0)
2025-08-22 23:09:07,670 | DEBUG   | scraper.domain_scorer | Domain score for Synsol and metalloidcorp.com: 22 (base: 22, penalty: 0)
2025-08-22 23:09:07,670 | DEBUG   | scraper.domain_scorer | Domain score for Synsol and find-and-update.company-information.service.gov.uk: 50 (base: 50, penalty: 0)
2025-08-22 23:09:07,670 | DEBUG   | scraper.domain_scorer | Best domain for Synsol: https://synsol.ch/privacy-policy-of-synsol-ag/ (score: 100)
2025-08-22 23:09:07,671 | DEBUG   | scraper.async_orchestrator | [TRACE] Domain scored for Synsol: https://synsol.ch/privacy-policy-of-synsol-ag/
2025-08-22 23:09:07,671 | DEBUG   | scraper.async_google_search | [TRACE] search_companies_streaming: awaiting next completed task
2025-08-22 23:09:07,671 | DEBUG   | scraper.async_orchestrator | 🌐 Processing domain: synsol.ch (score: 100)
2025-08-22 23:09:07,671 | INFO    | scraper.async_http_client | Probing domain (sequential) for access method: synsol.ch
2025-08-22 23:09:07,671 | DEBUG   | scraper.async_http_client | Testing access method https: https://synsol.ch
2025-08-22 23:09:08,041 | INFO    | scraper.http_client  | HTTP HEAD https://jp.mitsuichemicals.com/sitemap1.xml → 404
2025-08-22 23:09:08,041 | DEBUG   | scraper.http_client  | Network/HTTP error (attempt 1/3) for https://jp.mitsuichemicals.com/sitemap1.xml: Bad status 404 for https://jp.mitsuichemicals.com/sitemap1.xml
2025-08-22 23:09:08,042 | DEBUG   | scraper.http_client  | Skipping fallbacks for jp.mitsuichemicals.com - using verified pattern
2025-08-22 23:09:08,042 | DEBUG   | scraper.performance_optimizer | Cache MISS for https://jp.mitsuichemicals.com/robots.txt
2025-08-22 23:09:08,221 | DEBUG   | scraper.performance_optimizer | Cached response for https://www.daf.com/nl-nl/sitemap.xml
2025-08-22 23:09:08,221 | DEBUG   | scraper.http_client  | Using optimized request for: https://www.daf.com/nl-nl/sitemap.xml
2025-08-22 23:09:08,234 | DEBUG   | scraper.performance_optimizer | Cached response for https://www.daf.com/en/sitemap.xml
2025-08-22 23:09:08,235 | DEBUG   | scraper.http_client  | Using optimized request for: https://www.daf.com/en/sitemap.xml
2025-08-22 23:09:08,281 | DEBUG   | scraper.async_google_search | Async Google API search: "speedy fuels" contact email
2025-08-22 23:09:08,292 | DEBUG   | scraper.sitemap      | Priority URL extraction for daf.com finished in 1.53 s – 50 URLs
2025-08-22 23:09:08,293 | DEBUG   | scraper.smart_discovery | Prioritized 50 URLs, processing top 25
2025-08-22 23:09:08,293 | DEBUG   | scraper.sitemap      | Applied smart prioritization to 25 URLs
2025-08-22 23:09:08,294 | DEBUG   | scraper.async_orchestrator | Sitemap provided 25 priority URLs
2025-08-22 23:09:08,296 | DEBUG   | scraper.performance_optimizer | Cached response for https://jp.mitsuichemicals.com/robots.txt
2025-08-22 23:09:08,296 | DEBUG   | scraper.http_client  | Using optimized request for: https://jp.mitsuichemicals.com/robots.txt
2025-08-22 23:09:08,296 | DEBUG   | scraper.performance_optimizer | Cache MISS for https://jp.mitsuichemicals.com/jp.sitemap.xml
2025-08-22 23:09:08,333 | DEBUG   | scraper.async_http_client | Async HEAD https://synsol.ch -> 200 (0 bytes)
2025-08-22 23:09:08,333 | INFO    | scraper.async_http_client | Selected access method for synsol.ch: https
2025-08-22 23:09:08,333 | DEBUG   | scraper.async_orchestrator | Using optimized URL pattern: https://synsol.ch
2025-08-22 23:09:08,364 | DEBUG   | scraper.performance_optimizer | Cached response for https://www.alvolante.it/sitemap.xml?page=3
2025-08-22 23:09:08,364 | DEBUG   | scraper.http_client  | Using optimized request for: https://www.alvolante.it/sitemap.xml?page=3
2025-08-22 23:09:08,365 | DEBUG   | scraper.performance_optimizer | Cache MISS for https://www.alvolante.it/sitemap.xml?page=5
2025-08-22 23:09:08,366 | DEBUG   | scraper.performance_optimizer | Cached response for https://www.alvolante.it/sitemap.xml?page=4
2025-08-22 23:09:08,366 | DEBUG   | scraper.http_client  | Using optimized request for: https://www.alvolante.it/sitemap.xml?page=4
2025-08-22 23:09:08,368 | DEBUG   | scraper.performance_optimizer | Cache MISS for https://www.alvolante.it/sitemap.xml?page=6
2025-08-22 23:09:08,369 | DEBUG   | scraper.performance_optimizer | Cached response for https://www.alvolante.it/sitemap.xml?page=1
2025-08-22 23:09:08,370 | DEBUG   | scraper.http_client  | Using optimized request for: https://www.alvolante.it/sitemap.xml?page=1
2025-08-22 23:09:08,371 | DEBUG   | scraper.performance_optimizer | Cache MISS for https://www.alvolante.it/sitemap.xml?page=7
2025-08-22 23:09:08,373 | DEBUG   | scraper.performance_optimizer | Cached response for https://www.alvolante.it/sitemap.xml?page=2
2025-08-22 23:09:08,374 | DEBUG   | scraper.http_client  | Using optimized request for: https://www.alvolante.it/sitemap.xml?page=2
2025-08-22 23:09:08,374 | DEBUG   | scraper.performance_optimizer | Cache MISS for https://www.alvolante.it/sitemap.xml?page=8
2025-08-22 23:09:08,389 | DEBUG   | scraper.async_http_client | Async GET https://synsol.ch -> 200 (0 bytes)
2025-08-22 23:09:08,390 | DEBUG   | scraper.performance_optimizer | Cache MISS for https://synsol.ch/sitemap.xml
2025-08-22 23:09:08,390 | DEBUG   | scraper.performance_optimizer | Created optimized session for synsol.ch
2025-08-22 23:09:08,433 | DEBUG   | scraper.performance_optimizer | Cached response for https://www.alvolante.it/sitemap.xml?page=5
2025-08-22 23:09:08,433 | DEBUG   | scraper.async_http_client | Async GET https://www.daf.com/en/contact -> 200 (0 bytes)
2025-08-22 23:09:08,434 | DEBUG   | scraper.http_client  | Using optimized request for: https://www.alvolante.it/sitemap.xml?page=5
2025-08-22 23:09:08,435 | DEBUG   | scraper.performance_optimizer | Cache MISS for https://www.alvolante.it/sitemap.xml?page=9
2025-08-22 23:09:08,438 | DEBUG   | scraper.performance_optimizer | Cached response for https://www.alvolante.it/sitemap.xml?page=6
2025-08-22 23:09:08,438 | DEBUG   | scraper.http_client  | Using optimized request for: https://www.alvolante.it/sitemap.xml?page=6
2025-08-22 23:09:08,438 | DEBUG   | scraper.performance_optimizer | Cache MISS for https://www.alvolante.it/sitemap.xml?page=10
2025-08-22 23:09:08,442 | DEBUG   | scraper.performance_optimizer | Cached response for https://www.alvolante.it/sitemap.xml?page=7
2025-08-22 23:09:08,442 | DEBUG   | scraper.http_client  | Using optimized request for: https://www.alvolante.it/sitemap.xml?page=7
2025-08-22 23:09:08,443 | DEBUG   | scraper.performance_optimizer | Cache MISS for https://www.alvolante.it/sitemap.xml?page=11
2025-08-22 23:09:08,452 | DEBUG   | scraper.performance_optimizer | Cached response for https://www.alvolante.it/sitemap.xml?page=8
2025-08-22 23:09:08,452 | DEBUG   | scraper.http_client  | Using optimized request for: https://www.alvolante.it/sitemap.xml?page=8
2025-08-22 23:09:08,453 | DEBUG   | scraper.performance_optimizer | Cache MISS for https://www.alvolante.it/sitemap.xml?page=12
2025-08-22 23:09:08,476 | DEBUG   | scraper.performance_optimizer | Cached response for https://www.alvolante.it/sitemap.xml?page=9
2025-08-22 23:09:08,476 | DEBUG   | scraper.http_client  | Using optimized request for: https://www.alvolante.it/sitemap.xml?page=9
2025-08-22 23:09:08,477 | DEBUG   | scraper.performance_optimizer | Cache MISS for https://www.alvolante.it/sitemap.xml?page=13
2025-08-22 23:09:08,488 | DEBUG   | scraper.performance_optimizer | Cached response for https://www.alvolante.it/sitemap.xml?page=11
2025-08-22 23:09:08,489 | DEBUG   | scraper.http_client  | Using optimized request for: https://www.alvolante.it/sitemap.xml?page=11
2025-08-22 23:09:08,489 | DEBUG   | scraper.performance_optimizer | Cache MISS for https://www.alvolante.it/sitemap.xml?page=14
2025-08-22 23:09:08,489 | DEBUG   | scraper.async_http_client | Async GET https://www.daf.com/nl-nl/contact -> 200 (0 bytes)
2025-08-22 23:09:08,493 | DEBUG   | scraper.performance_optimizer | Cached response for https://www.alvolante.it/sitemap.xml?page=10
2025-08-22 23:09:08,494 | DEBUG   | scraper.http_client  | Using optimized request for: https://www.alvolante.it/sitemap.xml?page=10
2025-08-22 23:09:08,494 | DEBUG   | scraper.performance_optimizer | Cache MISS for https://www.alvolante.it/sitemap.xml?page=15
2025-08-22 23:09:08,497 | DEBUG   | scraper.performance_optimizer | Cached response for https://www.alvolante.it/sitemap.xml?page=12
2025-08-22 23:09:08,497 | DEBUG   | scraper.http_client  | Using optimized request for: https://www.alvolante.it/sitemap.xml?page=12
2025-08-22 23:09:08,497 | DEBUG   | scraper.performance_optimizer | Cache MISS for https://www.alvolante.it/sitemap.xml?page=16
2025-08-22 23:09:08,503 | DEBUG   | scraper.async_google_search | Async Google search returned 10 results for: "speedy fuels" contact email
2025-08-22 23:09:08,503 | DEBUG   | scraper.google_search | Cached Google results for query: "speedy fuels" contact email (10 results)
2025-08-22 23:09:08,504 | DEBUG   | scraper.async_google_search | [TRACE] run: finished search for speedy fuels
2025-08-22 23:09:08,504 | DEBUG   | scraper.async_google_search | [TRACE] search_companies_streaming: got results for speedy fuels
2025-08-22 23:09:08,504 | DEBUG   | scraper.async_orchestrator | [TRACE] Pulled company from google search: speedy fuels
2025-08-22 23:09:08,504 | DEBUG   | scraper.async_orchestrator | [TRACE] on_company_start called for: speedy fuels
2025-08-22 23:09:08,505 | DEBUG   | scraper.async_orchestrator | [TRACE] on_company_start awaited for: speedy fuels
2025-08-22 23:09:08,505 | DEBUG   | scraper.domain_scorer | Domain score for speedy fuels and speedyfuels.co.uk: 100 (base: 100, penalty: 0)
2025-08-22 23:09:08,505 | DEBUG   | scraper.domain_scorer | Domain score for speedy fuels and cdn.speedyfuels.co.uk: 100 (base: 100, penalty: 0)
2025-08-22 23:09:08,506 | DEBUG   | scraper.domain_scorer | Domain score for speedy fuels and sustainability.speedyfuels.co.uk: 100 (base: 100, penalty: 0)
2025-08-22 23:09:08,563 | DEBUG   | scraper.domain_scorer | Domain score for speedy fuels and cdn.speedyfuels.co.uk: 100 (base: 100, penalty: 0)
2025-08-22 23:09:08,564 | DEBUG   | scraper.domain_scorer | Domain score for speedy fuels and sustainability.speedyfuels.co.uk: 100 (base: 100, penalty: 0)
2025-08-22 23:09:08,564 | DEBUG   | scraper.performance_optimizer | Cached response for https://jp.mitsuichemicals.com/jp.sitemap.xml
2025-08-22 23:09:08,566 | DEBUG   | scraper.domain_scorer | Applied penalty to uk.linkedin.com (contains linkedin.com)
2025-08-22 23:09:08,566 | DEBUG   | scraper.http_client  | Using optimized request for: https://jp.mitsuichemicals.com/jp.sitemap.xml
2025-08-22 23:09:08,567 | DEBUG   | scraper.domain_scorer | Domain score for speedy fuels and uk.linkedin.com: 25 (base: 50, penalty: 25)
2025-08-22 23:09:08,568 | INFO    | scraper.sitemap      | Found sitemap via robots.txt: https://jp.mitsuichemicals.com/jp.sitemap.xml (2.96s)
2025-08-22 23:09:08,569 | DEBUG   | scraper.domain_scorer | Domain score for speedy fuels and sustainability.speedyfuels.co.uk: 100 (base: 100, penalty: 0)
2025-08-22 23:09:08,569 | DEBUG   | scraper.performance_optimizer | Cache MISS for https://jp.mitsuichemicals.com/en.sitemap.xml
2025-08-22 23:09:08,570 | DEBUG   | scraper.domain_scorer | Domain score for speedy fuels and zoominfo.com: 15 (base: 15, penalty: 0)
2025-08-22 23:09:08,571 | DEBUG   | scraper.performance_optimizer | Cached response for https://www.alvolante.it/sitemap.xml?page=14
2025-08-22 23:09:08,572 | DEBUG   | scraper.domain_scorer | Domain score for speedy fuels and sustainability.speedyfuels.co.uk: 100 (base: 100, penalty: 0)
2025-08-22 23:09:08,572 | DEBUG   | scraper.http_client  | Using optimized request for: https://www.alvolante.it/sitemap.xml?page=14
2025-08-22 23:09:08,573 | DEBUG   | scraper.domain_scorer | Domain score for speedy fuels and crownoil.co.uk: 19 (base: 19, penalty: 0)
2025-08-22 23:09:08,573 | DEBUG   | scraper.performance_optimizer | Cached response for https://www.alvolante.it/sitemap.xml?page=16
2025-08-22 23:09:08,573 | DEBUG   | scraper.domain_scorer | Best domain for speedy fuels: https://www.speedyfuels.co.uk/contact-us/ (score: 100)
2025-08-22 23:09:08,574 | DEBUG   | scraper.http_client  | Using optimized request for: https://www.alvolante.it/sitemap.xml?page=16
2025-08-22 23:09:08,575 | DEBUG   | scraper.performance_optimizer | Cache MISS for https://www.alvolante.it/sitemap.xml?page=17
2025-08-22 23:09:08,575 | DEBUG   | scraper.async_orchestrator | [TRACE] Domain scored for speedy fuels: https://www.speedyfuels.co.uk/contact-us/
2025-08-22 23:09:08,576 | DEBUG   | scraper.performance_optimizer | Cached response for https://www.alvolante.it/sitemap.xml?page=15
2025-08-22 23:09:08,576 | DEBUG   | scraper.async_orchestrator | 🌐 Processing domain: speedyfuels.co.uk (score: 100)
2025-08-22 23:09:08,577 | DEBUG   | scraper.http_client  | Using optimized request for: https://www.alvolante.it/sitemap.xml?page=15
2025-08-22 23:09:08,577 | DEBUG   | scraper.performance_optimizer | Cached response for https://www.alvolante.it/sitemap.xml?page=13
2025-08-22 23:09:08,577 | INFO    | scraper.async_http_client | Probing domain (sequential) for access method: speedyfuels.co.uk
2025-08-22 23:09:08,578 | DEBUG   | scraper.http_client  | Using optimized request for: https://www.alvolante.it/sitemap.xml?page=13
2025-08-22 23:09:08,578 | DEBUG   | scraper.performance_optimizer | Cache MISS for https://www.alvolante.it/sitemap.xml?page=18
2025-08-22 23:09:08,578 | DEBUG   | scraper.async_http_client | Testing access method https: https://speedyfuels.co.uk
2025-08-22 23:09:08,581 | DEBUG   | scraper.async_http_client | Async GET https://www.daf.com/nl-nl/contact/contact-paccar-parts -> 200 (0 bytes)
2025-08-22 23:09:08,598 | DEBUG   | scraper.async_http_client | Async GET https://www.daf.com/nl-nl/contact/informatie-aanvraag -> 200 (0 bytes)
2025-08-22 23:09:08,615 | DEBUG   | scraper.performance_optimizer | Cached response for https://www.alvolante.it/sitemap.xml?page=17
2025-08-22 23:09:08,615 | DEBUG   | scraper.http_client  | Using optimized request for: https://www.alvolante.it/sitemap.xml?page=17
2025-08-22 23:09:08,617 | DEBUG   | scraper.performance_optimizer | Cached response for https://www.alvolante.it/sitemap.xml?page=18
2025-08-22 23:09:08,617 | DEBUG   | scraper.http_client  | Using optimized request for: https://www.alvolante.it/sitemap.xml?page=18
2025-08-22 23:09:08,712 | DEBUG   | scraper.sitemap      | Priority URL extraction for alvolante.it finished in 2.04 s – 3 URLs
2025-08-22 23:09:08,712 | DEBUG   | scraper.smart_discovery | Prioritized 3 URLs, processing top 3
2025-08-22 23:09:08,712 | DEBUG   | scraper.sitemap      | Applied smart prioritization to 3 URLs
2025-08-22 23:09:08,713 | DEBUG   | scraper.async_orchestrator | Sitemap provided 3 priority URLs
2025-08-22 23:09:08,718 | DEBUG   | scraper.async_http_client | Async GET https://www.daf.com/nl-nl/leveranciers/over-paccar-purchasing-europe/contact-paccar-purchasing-europe -> 200 (0 bytes)
2025-08-22 23:09:08,776 | DEBUG   | scraper.async_http_client | Async GET https://www.alvolante.it/news/cinesi_preferiscono_europee-497931044 -> 200 (26112 bytes)
2025-08-22 23:09:08,782 | DEBUG   | scraper.async_http_client | Async HEAD https://speedyfuels.co.uk -> 200 (0 bytes)
2025-08-22 23:09:08,783 | INFO    | scraper.async_http_client | Selected access method for speedyfuels.co.uk: https
2025-08-22 23:09:08,783 | DEBUG   | scraper.async_orchestrator | Using optimized URL pattern: https://speedyfuels.co.uk
2025-08-22 23:09:08,790 | DEBUG   | scraper.performance_optimizer | Cached response for https://synsol.ch/sitemap.xml
2025-08-22 23:09:08,790 | DEBUG   | scraper.http_client  | Using optimized request for: https://synsol.ch/sitemap.xml
2025-08-22 23:09:08,790 | DEBUG   | scraper.performance_optimizer | Cache HIT for https://synsol.ch/sitemap.xml
2025-08-22 23:09:08,791 | DEBUG   | scraper.http_client  | Using optimized request for: https://synsol.ch/sitemap.xml
2025-08-22 23:09:08,791 | INFO    | scraper.sitemap      | Found sitemap via standard filenames: https://synsol.ch/sitemap.xml (0.40s)
2025-08-22 23:09:08,791 | DEBUG   | scraper.config       | Allocated 1 workers for task: sitemap_download
2025-08-22 23:09:08,793 | DEBUG   | scraper.config       | Allocated 2 workers for task: sitemap_download
2025-08-22 23:09:08,793 | DEBUG   | scraper.sitemap      | Parallel-fetching 2 nested sitemaps via 2 threads
2025-08-22 23:09:08,793 | DEBUG   | scraper.performance_optimizer | Cache MISS for https://synsol.ch/wp-sitemap-posts-page-1.xml
2025-08-22 23:09:08,794 | DEBUG   | scraper.performance_optimizer | Cache MISS for https://synsol.ch/wp-sitemap-users-1.xml
2025-08-22 23:09:08,809 | DEBUG   | scraper.performance_optimizer | Cached response for https://synsol.ch/wp-sitemap-posts-page-1.xml
2025-08-22 23:09:08,810 | DEBUG   | scraper.http_client  | Using optimized request for: https://synsol.ch/wp-sitemap-posts-page-1.xml
2025-08-22 23:09:08,835 | DEBUG   | scraper.performance_optimizer | Cached response for https://jp.mitsuichemicals.com/en.sitemap.xml
2025-08-22 23:09:08,835 | DEBUG   | scraper.http_client  | Using optimized request for: https://jp.mitsuichemicals.com/en.sitemap.xml
2025-08-22 23:09:08,835 | INFO    | scraper.sitemap      | Found sitemap via robots.txt: https://jp.mitsuichemicals.com/en.sitemap.xml (3.22s)
2025-08-22 23:09:08,835 | DEBUG   | scraper.config       | Allocated 2 workers for task: sitemap_download
2025-08-22 23:09:08,846 | DEBUG   | scraper.async_http_client | Async GET https://www.alvolante.it/opinioni/dacia_duster_15_dci_laureate_4x4 -> 200 (29734 bytes)
2025-08-22 23:09:08,848 | DEBUG   | scraper.async_http_client | Async GET https://www.alvolante.it/news/kia_venga_coreana_misura_europei-482610 -> 200 (23972 bytes)
2025-08-22 23:09:08,848 | DEBUG   | scraper.google_search | Google cache MISS for query: site:alvolante.it "@alvolante.it"
2025-08-22 23:09:08,848 | DEBUG   | scraper.async_google_search | Async rate limiting: waiting 0.23 seconds
2025-08-22 23:09:08,978 | DEBUG   | scraper.async_http_client | Async GET https://speedyfuels.co.uk -> 200 (0 bytes)
2025-08-22 23:09:08,978 | DEBUG   | scraper.sitemap      | Priority URL extraction for jp.mitsuichemicals.com finished in 3.37 s – 7 URLs
2025-08-22 23:09:08,979 | DEBUG   | scraper.smart_discovery | Prioritized 7 URLs, processing top 7
2025-08-22 23:09:08,979 | DEBUG   | scraper.performance_optimizer | Cache MISS for https://speedyfuels.co.uk/sitemap.xml
2025-08-22 23:09:08,979 | DEBUG   | scraper.sitemap      | Applied smart prioritization to 7 URLs
2025-08-22 23:09:08,979 | DEBUG   | scraper.performance_optimizer | Created optimized session for speedyfuels.co.uk
2025-08-22 23:09:08,980 | DEBUG   | scraper.async_orchestrator | Sitemap provided 7 priority URLs
2025-08-22 23:09:09,091 | DEBUG   | scraper.async_google_search | Async Google API search: site:alvolante.it "@alvolante.it"
2025-08-22 23:09:09,198 | DEBUG   | scraper.performance_optimizer | Cached response for https://synsol.ch/wp-sitemap-users-1.xml
2025-08-22 23:09:09,198 | DEBUG   | scraper.http_client  | Using optimized request for: https://synsol.ch/wp-sitemap-users-1.xml
2025-08-22 23:09:09,200 | DEBUG   | scraper.sitemap      | Priority URL extraction for synsol.ch finished in 0.81 s – 2 URLs
2025-08-22 23:09:09,200 | DEBUG   | scraper.smart_discovery | Prioritized 2 URLs, processing top 2
2025-08-22 23:09:09,200 | DEBUG   | scraper.sitemap      | Applied smart prioritization to 2 URLs
2025-08-22 23:09:09,200 | DEBUG   | scraper.async_orchestrator | Sitemap provided 2 priority URLs
2025-08-22 23:09:09,227 | DEBUG   | scraper.async_http_client | Async GET https://synsol.ch/privacy-policy-of-synsol-ag/ -> 200 (0 bytes)
2025-08-22 23:09:09,240 | DEBUG   | scraper.async_http_client | Async GET https://synsol.ch/urea/ -> 200 (0 bytes)
2025-08-22 23:09:09,241 | DEBUG   | scraper.google_search | Google cache MISS for query: site:synsol.ch "@synsol.ch"
2025-08-22 23:09:09,241 | DEBUG   | scraper.async_google_search | Async rate limiting: waiting 0.65 seconds
2025-08-22 23:09:09,246 | DEBUG   | scraper.async_http_client | Async GET https://jp.mitsuichemicals.com/en/siteinfo/privacy/index.htm -> 200 (18532 bytes)
2025-08-22 23:09:09,248 | DEBUG   | scraper.async_http_client | Async GET https://jp.mitsuichemicals.com/en/career/know_us/about_us/index.htm -> 200 (16072 bytes)
2025-08-22 23:09:09,288 | DEBUG   | scraper.async_http_client | Async GET https://jp.mitsuichemicals.com/en/contact/index.htm -> 200 (15377 bytes)
2025-08-22 23:09:09,370 | DEBUG   | scraper.async_google_search | Async Google search returned 5 results for: site:alvolante.it "@alvolante.it"
2025-08-22 23:09:09,371 | DEBUG   | scraper.google_search | Cached Google results for query: site:alvolante.it "@alvolante.it" (5 results)
2025-08-22 23:09:09,467 | DEBUG   | scraper.async_http_client | Async GET https://www.daf.com/en/about-daf -> 200 (0 bytes)
2025-08-22 23:09:09,512 | DEBUG   | scraper.async_http_client | Async GET https://www.daf.com/en/about-daf/board-of-management -> 200 (0 bytes)
2025-08-22 23:09:09,528 | DEBUG   | scraper.async_http_client | Async GET https://jp.mitsuichemicals.com/en/siteinfo/privacy_french/index.htm -> 200 (19288 bytes)
2025-08-22 23:09:09,544 | DEBUG   | scraper.async_http_client | Async GET https://alvolante.it/contact -> 404 (0 bytes)
2025-08-22 23:09:09,559 | DEBUG   | scraper.async_http_client | Async GET https://www.daf.com/nl-nl/werken-bij-daf/contact-recruitment -> 200 (0 bytes)
2025-08-22 23:09:09,598 | DEBUG   | scraper.async_http_client | Async GET https://alvolante.it/contact/ -> 404 (0 bytes)
2025-08-22 23:09:09,639 | DEBUG   | scraper.async_http_client | Async GET https://jp.mitsuichemicals.com/en/siteinfo/privacy_german/index.htm -> 200 (19605 bytes)
2025-08-22 23:09:09,712 | DEBUG   | scraper.http_client  | Created new session for domain: speedyfuels.co.uk
2025-08-22 23:09:09,879 | DEBUG   | scraper.async_http_client | Async GET https://alvolante.it/contacts -> 404 (0 bytes)
2025-08-22 23:09:09,899 | DEBUG   | scraper.async_google_search | Async Google API search: site:synsol.ch "@synsol.ch"
2025-08-22 23:09:09,944 | DEBUG   | scraper.async_http_client | Async GET https://alvolante.it/contacts/ -> 404 (0 bytes)
2025-08-22 23:09:09,986 | DEBUG   | scraper.async_http_client | Async GET https://alvolante.it/kontakt -> 404 (0 bytes)
2025-08-22 23:09:10,082 | DEBUG   | scraper.async_google_search | Async Google search returned 5 results for: site:synsol.ch "@synsol.ch"
2025-08-22 23:09:10,082 | DEBUG   | scraper.google_search | Cached Google results for query: site:synsol.ch "@synsol.ch" (5 results)
2025-08-22 23:09:10,284 | DEBUG   | scraper.async_http_client | Async GET https://jp.mitsuichemicals.com/jp/service/product/adblue/index.htm -> 200 (33266 bytes)
2025-08-22 23:09:10,362 | INFO    | scraper.http_client  | HTTP HEAD https://speedyfuels.co.uk/sitemap.xml → 200
2025-08-22 23:09:10,362 | DEBUG   | scraper.performance_optimizer | Cache MISS for https://speedyfuels.co.uk/sitemap.xml
2025-08-22 23:09:10,388 | DEBUG   | scraper.async_http_client | Async GET https://jp.mitsuichemicals.com/en/sustainability/society/supplier/procurement/index.htm -> 200 (16149 bytes)
2025-08-22 23:09:10,389 | DEBUG   | scraper.google_search | Google cache MISS for query: site:jp.mitsuichemicals.com "@jp.mitsuichemicals.com"
2025-08-22 23:09:10,389 | DEBUG   | scraper.async_google_search | Async rate limiting: waiting 0.31 seconds
2025-08-22 23:09:10,390 | DEBUG   | scraper.http_client  | Created token bucket for domain speedyfuels.co.uk (rate=10.00/s, capacity=5.0)
2025-08-22 23:09:10,442 | DEBUG   | scraper.async_http_client | Async GET https://www.daf.com/en/about-daf/daf-history/clever-solutions -> 200 (0 bytes)
2025-08-22 23:09:10,446 | DEBUG   | scraper.async_http_client | Async GET https://www.daf.com/en/about-daf/daf-history -> 200 (0 bytes)
2025-08-22 23:09:10,446 | DEBUG   | scraper.google_search | Google cache MISS for query: site:daf.com "@daf.com"
2025-08-22 23:09:10,534 | DEBUG   | scraper.async_http_client | Async GET https://synsol.ch/contact/ -> 404 (0 bytes)
2025-08-22 23:09:10,535 | DEBUG   | scraper.async_http_client | Async GET https://synsol.ch/contacts -> 404 (0 bytes)
2025-08-22 23:09:10,538 | DEBUG   | scraper.async_http_client | Async GET https://synsol.ch/contact -> 404 (0 bytes)
2025-08-22 23:09:10,711 | DEBUG   | scraper.async_google_search | Async Google API search: site:jp.mitsuichemicals.com "@jp.mitsuichemicals.com"
2025-08-22 23:09:10,712 | DEBUG   | scraper.async_google_search | Async rate limiting: waiting 0.80 seconds
2025-08-22 23:09:10,842 | INFO    | scraper.http_client  | HTTP GET https://speedyfuels.co.uk/sitemap.xml → 200
2025-08-22 23:09:10,842 | INFO    | scraper.sitemap      | Found sitemap via standard filenames: https://speedyfuels.co.uk/sitemap.xml (1.86s)
2025-08-22 23:09:10,842 | DEBUG   | scraper.config       | Allocated 1 workers for task: sitemap_download
2025-08-22 23:09:10,843 | DEBUG   | scraper.config       | Allocated 2 workers for task: sitemap_download
2025-08-22 23:09:10,844 | DEBUG   | scraper.sitemap      | Parallel-fetching 2 nested sitemaps via 2 threads
2025-08-22 23:09:10,844 | DEBUG   | scraper.performance_optimizer | Cache MISS for https://www.speedyfuels.co.uk/post-sitemap.xml
2025-08-22 23:09:10,844 | DEBUG   | scraper.async_http_client | Async GET https://synsol.ch/contacts/ -> 404 (0 bytes)
2025-08-22 23:09:10,845 | DEBUG   | scraper.performance_optimizer | Created optimized session for www.speedyfuels.co.uk
2025-08-22 23:09:10,845 | DEBUG   | scraper.performance_optimizer | Cache MISS for https://www.speedyfuels.co.uk/page-sitemap.xml
2025-08-22 23:09:10,850 | DEBUG   | scraper.async_http_client | Async GET https://alvolante.it -> 200 (42716 bytes)
2025-08-22 23:09:10,851 | INFO    | scraper.async_http_client | Starting async batch request for 5 URLs
2025-08-22 23:09:10,906 | DEBUG   | scraper.async_google_search | Async Google search returned 5 results for: site:jp.mitsuichemicals.com "@jp.mitsuichemicals.com"
2025-08-22 23:09:10,906 | DEBUG   | scraper.google_search | Cached Google results for query: site:jp.mitsuichemicals.com "@jp.mitsuichemicals.com" (5 results)
2025-08-22 23:09:11,260 | DEBUG   | scraper.http_client  | Using optimized URL: https://www.speedyfuels.co.uk/post-sitemap.xml -> https://speedyfuels.co.uk/post-sitemap.xml
2025-08-22 23:09:11,261 | DEBUG   | scraper.http_client  | Created new session for domain: speedyfuels.co.uk
2025-08-22 23:09:11,266 | DEBUG   | scraper.http_client  | Using optimized URL: https://www.speedyfuels.co.uk/page-sitemap.xml -> https://speedyfuels.co.uk/page-sitemap.xml
2025-08-22 23:09:11,267 | DEBUG   | scraper.http_client  | Created new session for domain: speedyfuels.co.uk
2025-08-22 23:09:11,335 | INFO    | scraper.http_client  | HTTP GET https://speedyfuels.co.uk/post-sitemap.xml → 200
2025-08-22 23:09:11,401 | INFO    | scraper.http_client  | HTTP GET https://speedyfuels.co.uk/page-sitemap.xml → 200
2025-08-22 23:09:11,415 | DEBUG   | scraper.sitemap      | Priority URL extraction for speedyfuels.co.uk finished in 2.44 s – 15 URLs
2025-08-22 23:09:11,416 | DEBUG   | scraper.smart_discovery | Prioritized 15 URLs, processing top 15
2025-08-22 23:09:11,416 | DEBUG   | scraper.sitemap      | Applied smart prioritization to 15 URLs
2025-08-22 23:09:11,416 | DEBUG   | scraper.async_orchestrator | Sitemap provided 15 priority URLs
2025-08-22 23:09:11,417 | DEBUG   | scraper.async_http_client | Blocked domain or extension: https://cdn.speedyfuels.co.uk/wp-content/uploads/2021/04/Red-Diesel-FAQ-Contact.jpg
2025-08-22 23:09:11,417 | DEBUG   | scraper.async_http_client | Blocked domain or extension: https://cdn.speedyfuels.co.uk/wp-content/uploads/2021/10/About-Speedy-scaled.jpg
2025-08-22 23:09:11,484 | DEBUG   | scraper.async_http_client | Async GET https://www.speedyfuels.co.uk/contact-us/ -> 200 (0 bytes)
2025-08-22 23:09:11,489 | DEBUG   | scraper.async_http_client | Async GET https://www.speedyfuels.co.uk/news/common-misconceptions-about-hvo/ -> 200 (0 bytes)
2025-08-22 23:09:11,514 | DEBUG   | scraper.async_google_search | Async Google API search: site:daf.com "@daf.com"
2025-08-22 23:09:11,515 | DEBUG   | scraper.async_http_client | Async GET https://jp.mitsuichemicals.com/contact -> 404 (14886 bytes)
2025-08-22 23:09:11,525 | DEBUG   | scraper.async_http_client | Async GET https://jp.mitsuichemicals.com/contacts -> 404 (14886 bytes)
2025-08-22 23:09:11,526 | DEBUG   | scraper.async_http_client | Async GET https://jp.mitsuichemicals.com/contact/ -> 404 (14886 bytes)
2025-08-22 23:09:11,568 | DEBUG   | scraper.async_http_client | Async GET https://www.speedyfuels.co.uk/fuel-suppliers/ -> 200 (0 bytes)
2025-08-22 23:09:11,572 | DEBUG   | scraper.async_http_client | Async GET https://www.speedyfuels.co.uk/about-us/ -> 200 (0 bytes)
2025-08-22 23:09:11,637 | DEBUG   | scraper.async_http_client | Async GET https://www.speedyfuels.co.uk/privacy-policy/ -> 200 (0 bytes)
2025-08-22 23:09:11,673 | DEBUG   | scraper.async_http_client | Async GET https://synsol.ch/kontakt -> 404 (0 bytes)
2025-08-22 23:09:11,718 | DEBUG   | scraper.async_google_search | Async Google search returned 5 results for: site:daf.com "@daf.com"
2025-08-22 23:09:11,718 | DEBUG   | scraper.google_search | Cached Google results for query: site:daf.com "@daf.com" (5 results)
2025-08-22 23:09:11,880 | DEBUG   | scraper.async_http_client | Async GET https://alvolante.it/contacts -> 404 (0 bytes)
2025-08-22 23:09:11,884 | DEBUG   | scraper.async_http_client | Async GET https://alvolante.it/kontakt -> 404 (0 bytes)
2025-08-22 23:09:11,917 | DEBUG   | scraper.async_http_client | Async GET https://alvolante.it/contacts/ -> 404 (0 bytes)
2025-08-22 23:09:11,933 | DEBUG   | scraper.async_http_client | Async GET https://daf.com/contact -> 200 (0 bytes)
2025-08-22 23:09:12,025 | DEBUG   | scraper.async_http_client | Async GET https://alvolante.it/contact -> 404 (0 bytes)
2025-08-22 23:09:12,031 | DEBUG   | scraper.async_http_client | Async GET https://alvolante.it/contact/ -> 404 (0 bytes)
2025-08-22 23:09:12,031 | INFO    | scraper.async_http_client | Async batch request completed: 5/5 successful in 1.18 seconds (4.24 requests/sec)
2025-08-22 23:09:12,402 | DEBUG   | scraper.async_http_client | Async GET https://synsol.ch -> 200 (0 bytes)
2025-08-22 23:09:12,402 | INFO    | scraper.async_http_client | Starting async batch request for 5 URLs
2025-08-22 23:09:12,499 | DEBUG   | scraper.async_http_client | Async GET https://www.speedyfuels.co.uk/products/adblue/ -> 200 (0 bytes)
2025-08-22 23:09:12,503 | DEBUG   | scraper.async_http_client | Async GET https://www.speedyfuels.co.uk/commercial-fuel-suppliers-uk/ -> 200 (0 bytes)
2025-08-22 23:09:12,570 | DEBUG   | scraper.async_http_client | Async GET https://daf.com/contacts -> 404 (0 bytes)
2025-08-22 23:09:12,574 | DEBUG   | scraper.async_http_client | Async GET https://daf.com/contacts/ -> 404 (0 bytes)
2025-08-22 23:09:12,575 | DEBUG   | scraper.async_http_client | Async GET https://www.speedyfuels.co.uk/guides/adblue-guide/ -> 200 (0 bytes)
2025-08-22 23:09:12,580 | DEBUG   | scraper.google_search | Google cache MISS for query: site:speedyfuels.co.uk "@speedyfuels.co.uk"
2025-08-22 23:09:12,580 | DEBUG   | scraper.async_google_search | Async Google API search: site:speedyfuels.co.uk "@speedyfuels.co.uk"
2025-08-22 23:09:12,600 | DEBUG   | scraper.async_http_client | Async GET https://jp.mitsuichemicals.com/contacts/ -> 404 (14886 bytes)
2025-08-22 23:09:12,646 | DEBUG   | scraper.async_http_client | Async GET https://jp.mitsuichemicals.com/kontakt -> 404 (14886 bytes)
2025-08-22 23:09:12,681 | DEBUG   | scraper.async_http_client | Async GET https://daf.com/contact/ -> 200 (0 bytes)
2025-08-22 23:09:12,730 | INFO    | scraper.async_browser_service | AsyncBrowserService started (headless=True, concurrent=8)
2025-08-22 23:09:12,768 | DEBUG   | scraper.async_google_search | Async Google search returned 5 results for: site:speedyfuels.co.uk "@speedyfuels.co.uk"
2025-08-22 23:09:12,769 | DEBUG   | scraper.google_search | Cached Google results for query: site:speedyfuels.co.uk "@speedyfuels.co.uk" (5 results)
2025-08-22 23:09:13,479 | DEBUG   | scraper.async_http_client | Async GET https://jp.mitsuichemicals.com -> 200 (20313 bytes)
2025-08-22 23:09:13,479 | INFO    | scraper.async_http_client | Starting async batch request for 5 URLs
2025-08-22 23:09:13,519 | DEBUG   | scraper.async_http_client | Async GET https://daf.com/kontakt -> 404 (0 bytes)
2025-08-22 23:09:13,713 | DEBUG   | scraper.async_http_client | Async GET https://synsol.ch/kontakt -> 404 (0 bytes)
2025-08-22 23:09:13,727 | DEBUG   | scraper.async_http_client | Async GET https://synsol.ch/contact -> 404 (0 bytes)
2025-08-22 23:09:13,734 | DEBUG   | scraper.async_http_client | Async GET https://synsol.ch/contacts/ -> 404 (0 bytes)
2025-08-22 23:09:14,137 | DEBUG   | scraper.async_http_client | Async GET https://speedyfuels.co.uk/contact -> 404 (0 bytes)
2025-08-22 23:09:14,146 | DEBUG   | scraper.async_http_client | Async GET https://speedyfuels.co.uk/contact/ -> 404 (0 bytes)
2025-08-22 23:09:14,204 | DEBUG   | scraper.async_http_client | Async GET https://synsol.ch/contacts -> 404 (0 bytes)
2025-08-22 23:09:14,206 | DEBUG   | scraper.async_http_client | Async GET https://synsol.ch/contact/ -> 404 (0 bytes)
2025-08-22 23:09:14,207 | INFO    | scraper.async_http_client | Async batch request completed: 5/5 successful in 1.80 seconds (2.77 requests/sec)
2025-08-22 23:09:14,334 | DEBUG   | scraper.async_http_client | Async GET https://speedyfuels.co.uk/contacts -> 404 (0 bytes)
2025-08-22 23:09:14,506 | DEBUG   | scraper.async_http_client | Async GET https://jp.mitsuichemicals.com/contacts -> 404 (14886 bytes)
2025-08-22 23:09:14,510 | DEBUG   | scraper.async_http_client | Async GET https://jp.mitsuichemicals.com/contact/ -> 404 (14886 bytes)
2025-08-22 23:09:14,538 | DEBUG   | scraper.async_http_client | Async GET https://jp.mitsuichemicals.com/contact -> 404 (14886 bytes)
2025-08-22 23:09:14,553 | DEBUG   | scraper.async_http_client | Async GET https://jp.mitsuichemicals.com/kontakt -> 404 (14886 bytes)
2025-08-22 23:09:14,556 | DEBUG   | scraper.async_http_client | Async GET https://jp.mitsuichemicals.com/contacts/ -> 404 (14886 bytes)
2025-08-22 23:09:14,557 | INFO    | scraper.async_http_client | Async batch request completed: 5/5 successful in 1.08 seconds (4.64 requests/sec)
2025-08-22 23:09:14,580 | DEBUG   | scraper.async_http_client | Async GET https://daf.com -> 200 (0 bytes)
2025-08-22 23:09:14,581 | INFO    | scraper.async_http_client | Starting async batch request for 5 URLs
2025-08-22 23:09:15,058 | DEBUG   | scraper.async_http_client | Async GET https://speedyfuels.co.uk/kontakt -> 404 (0 bytes)
2025-08-22 23:09:15,074 | DEBUG   | scraper.async_http_client | Async GET https://speedyfuels.co.uk/contacts/ -> 404 (0 bytes)
2025-08-22 23:09:15,544 | DEBUG   | scraper.async_http_client | Async GET https://speedyfuels.co.uk -> 200 (0 bytes)
2025-08-22 23:09:15,544 | INFO    | scraper.async_http_client | Starting async batch request for 5 URLs
2025-08-22 23:09:15,547 | DEBUG   | scraper.async_http_client | Async GET https://daf.com/contacts -> 404 (0 bytes)
2025-08-22 23:09:15,576 | DEBUG   | scraper.async_http_client | Async GET https://daf.com/contacts/ -> 404 (0 bytes)
2025-08-22 23:09:15,608 | DEBUG   | scraper.async_http_client | Async GET https://daf.com/kontakt -> 404 (0 bytes)
2025-08-22 23:09:15,623 | DEBUG   | scraper.async_orchestrator | Async JS render failed for alvolante.it: 'EmailExtractor' object has no attribute 'extract_emails_from_content'
2025-08-22 23:09:15,623 | DEBUG   | scraper.async_orchestrator | No emails found for petrol rete  (alvolante.it)
2025-08-22 23:09:15,747 | DEBUG   | scraper.async_http_client | Async GET https://daf.com/contact -> 200 (0 bytes)
2025-08-22 23:09:15,748 | DEBUG   | scraper.async_http_client | Async GET https://daf.com/contact/ -> 200 (0 bytes)
2025-08-22 23:09:15,748 | INFO    | scraper.async_http_client | Async batch request completed: 5/5 successful in 1.17 seconds (4.28 requests/sec)
2025-08-22 23:09:16,257 | DEBUG   | scraper.async_orchestrator | Async JS render failed for synsol.ch: 'EmailExtractor' object has no attribute 'extract_emails_from_content'
2025-08-22 23:09:16,258 | DEBUG   | scraper.async_orchestrator | No emails found for Synsol (synsol.ch)
2025-08-22 23:09:17,688 | DEBUG   | scraper.async_http_client | Async GET https://speedyfuels.co.uk/contact -> 404 (0 bytes)
2025-08-22 23:09:17,701 | DEBUG   | scraper.async_http_client | Async GET https://speedyfuels.co.uk/contacts/ -> 404 (0 bytes)
2025-08-22 23:09:17,725 | DEBUG   | scraper.async_http_client | Async GET https://speedyfuels.co.uk/contact/ -> 404 (0 bytes)
2025-08-22 23:09:17,745 | DEBUG   | scraper.async_http_client | Async GET https://speedyfuels.co.uk/kontakt -> 404 (0 bytes)
2025-08-22 23:09:17,746 | DEBUG   | scraper.async_orchestrator | Async JS render failed for jp.mitsuichemicals.com: 'EmailExtractor' object has no attribute 'extract_emails_from_content'
2025-08-22 23:09:17,746 | DEBUG   | scraper.async_orchestrator | No emails found for mitsui toatsu chemicals  (jp.mitsuichemicals.com)
2025-08-22 23:09:17,816 | DEBUG   | scraper.async_http_client | Async GET https://speedyfuels.co.uk/contacts -> 404 (0 bytes)
2025-08-22 23:09:17,817 | INFO    | scraper.async_http_client | Async batch request completed: 5/5 successful in 2.27 seconds (2.20 requests/sec)
2025-08-22 23:09:17,980 | DEBUG   | scraper.async_orchestrator | Async JS render failed for daf.com: 'EmailExtractor' object has no attribute 'extract_emails_from_content'
2025-08-22 23:09:17,981 | DEBUG   | scraper.async_orchestrator | No emails found for daf trucks (daf.com)
2025-08-22 23:09:19,307 | DEBUG   | scraper.async_orchestrator | Async JS render failed for speedyfuels.co.uk: 'EmailExtractor' object has no attribute 'extract_emails_from_content'
2025-08-22 23:09:19,308 | DEBUG   | scraper.async_orchestrator | No emails found for speedy fuels (speedyfuels.co.uk)
2025-08-22 23:09:50,879 | DEBUG   | scraper.performance_optimizer | Cached response for https://walter-schmidt-chemie.de/sitemap.xml
2025-08-22 23:09:50,879 | DEBUG   | scraper.http_client  | Using optimized request for: https://walter-schmidt-chemie.de/sitemap.xml
2025-08-22 23:09:50,879 | DEBUG   | scraper.performance_optimizer | Cache HIT for https://walter-schmidt-chemie.de/sitemap.xml
2025-08-22 23:09:50,879 | DEBUG   | scraper.http_client  | Using optimized request for: https://walter-schmidt-chemie.de/sitemap.xml
2025-08-22 23:09:50,880 | INFO    | scraper.sitemap      | Found sitemap via standard filenames: https://walter-schmidt-chemie.de/sitemap.xml (46.41s)
2025-08-22 23:09:50,880 | DEBUG   | scraper.config       | Allocated 1 workers for task: sitemap_download
2025-08-22 23:09:50,924 | DEBUG   | scraper.sitemap      | Priority URL extraction for walter-schmidt-chemie.de finished in 46.45 s – 11 URLs
2025-08-22 23:09:50,924 | DEBUG   | scraper.smart_discovery | Prioritized 11 URLs, processing top 11
2025-08-22 23:09:50,924 | DEBUG   | scraper.sitemap      | Applied smart prioritization to 11 URLs
2025-08-22 23:09:50,925 | DEBUG   | scraper.async_orchestrator | Sitemap provided 11 priority URLs
2025-08-22 23:09:50,925 | DEBUG   | scraper.async_http_client | Blocked domain or extension: https://www.walter-schmidt-chemie.de/kontakt/agb.pdf
2025-08-22 23:09:50,925 | DEBUG   | scraper.async_http_client | Blocked domain or extension: https://www.walter-schmidt-chemie.de/kontakt/einkaufsbedingungen.pdf
2025-08-22 23:09:51,345 | DEBUG   | scraper.async_http_client | Async GET https://www.walter-schmidt-chemie.de/kontakt/impressum.html -> 200 (0 bytes)
2025-08-22 23:09:51,588 | DEBUG   | scraper.async_http_client | Async GET https://www.walter-schmidt-chemie.de/kontakt/inhaltsverzeichnis.html -> 200 (0 bytes)
2025-08-22 23:09:51,639 | DEBUG   | scraper.async_http_client | Async GET https://www.walter-schmidt-chemie.de/kontakt/kontaktformular/ -> 200 (0 bytes)
2025-08-22 23:09:52,223 | DEBUG   | scraper.async_http_client | Async GET https://www.walter-schmidt-chemie.de/kontakt/kontaktformular/nachricht-erfolgreich-versandt.html -> 200 (0 bytes)
2025-08-22 23:09:52,360 | DEBUG   | scraper.async_http_client | Async GET https://www.walter-schmidt-chemie.de/kontakt/ -> 200 (0 bytes)
2025-08-22 23:09:52,436 | DEBUG   | scraper.async_http_client | Async GET https://www.walter-schmidt-chemie.de/kontakt/kontaktformular/formhandler.html -> 200 (0 bytes)
2025-08-22 23:09:53,232 | DEBUG   | scraper.async_http_client | Async GET https://www.walter-schmidt-chemie.de/kontakt/meldeplattform-hinschg/ -> 200 (0 bytes)
2025-08-22 23:09:53,906 | DEBUG   | scraper.async_http_client | Async GET https://www.walter-schmidt-chemie.de/produkte/adblue/ -> 200 (0 bytes)
2025-08-22 23:09:53,906 | DEBUG   | scraper.google_search | Google cache MISS for query: site:walter-schmidt-chemie.de "@walter-schmidt-chemie.de"
2025-08-22 23:09:53,907 | DEBUG   | scraper.async_google_search | Async Google API search: site:walter-schmidt-chemie.de "@walter-schmidt-chemie.de"
2025-08-22 23:09:54,107 | DEBUG   | scraper.async_google_search | Async Google search returned 5 results for: site:walter-schmidt-chemie.de "@walter-schmidt-chemie.de"
2025-08-22 23:09:54,107 | DEBUG   | scraper.google_search | Cached Google results for query: site:walter-schmidt-chemie.de "@walter-schmidt-chemie.de" (5 results)
2025-08-22 23:09:54,837 | DEBUG   | scraper.async_http_client | Async GET https://walter-schmidt-chemie.de/contact -> 404 (0 bytes)
2025-08-22 23:09:55,275 | DEBUG   | scraper.async_http_client | Async GET https://walter-schmidt-chemie.de/contacts -> 404 (0 bytes)
2025-08-22 23:09:55,385 | DEBUG   | scraper.async_http_client | Async GET https://walter-schmidt-chemie.de/contact/ -> 404 (0 bytes)
2025-08-22 23:09:55,664 | DEBUG   | scraper.async_http_client | Async GET https://walter-schmidt-chemie.de/contacts/ -> 404 (0 bytes)
2025-08-22 23:09:56,996 | DEBUG   | scraper.async_http_client | Async GET https://walter-schmidt-chemie.de/kontakt -> 200 (0 bytes)
2025-08-22 23:09:57,259 | DEBUG   | scraper.async_http_client | Async GET https://walter-schmidt-chemie.de -> 200 (0 bytes)
2025-08-22 23:09:57,259 | INFO    | scraper.async_http_client | Starting async batch request for 5 URLs
2025-08-22 23:09:58,220 | DEBUG   | scraper.async_http_client | Async GET https://walter-schmidt-chemie.de/contacts -> 404 (0 bytes)
2025-08-22 23:09:58,286 | DEBUG   | scraper.async_http_client | Async GET https://walter-schmidt-chemie.de/contacts/ -> 404 (0 bytes)
2025-08-22 23:09:58,532 | DEBUG   | scraper.async_http_client | Async GET https://walter-schmidt-chemie.de/contact/ -> 404 (0 bytes)
2025-08-22 23:09:58,629 | DEBUG   | scraper.async_http_client | Async GET https://walter-schmidt-chemie.de/contact -> 404 (0 bytes)
2025-08-22 23:09:59,044 | DEBUG   | scraper.async_http_client | Async GET https://walter-schmidt-chemie.de/kontakt -> 200 (0 bytes)
2025-08-22 23:09:59,045 | INFO    | scraper.async_http_client | Async batch request completed: 5/5 successful in 1.79 seconds (2.80 requests/sec)
2025-08-22 23:10:01,361 | DEBUG   | scraper.async_orchestrator | Async JS render failed for walter-schmidt-chemie.de: 'EmailExtractor' object has no attribute 'extract_emails_from_content'
2025-08-22 23:10:01,361 | DEBUG   | scraper.async_orchestrator | No emails found for walter schmidt chemie gmbh (walter-schmidt-chemie.de)
2025-08-22 23:10:01,362 | DEBUG   | scraper.async_google_search | Async Google API session closed
2025-08-22 23:10:01,369 | INFO    | scraper.async_http_client | Async HTTP client closed
2025-08-22 23:10:01,420 | INFO    | scraper.cli          | Async streaming run complete in 59.2s (0 rows)
2025-08-22 23:10:01,420 | INFO    | scraper.cli          | Saved output -> results.xlsx
2025-08-22 23:10:01,422 | INFO    | scraper.browser_service | BrowserService shutdown complete
2025-08-22 23:10:01,422 | INFO    | scraper.cli          | BrowserService: shutdown complete
