2025-08-22 21:13:08,823 | INFO    | scraper.cli          | Email scraper starting
2025-08-22 21:13:08,824 | INFO    | scraper.cli          | Input file: test_input.xlsx
2025-08-22 21:13:08,824 | INFO    | scraper.cli          | Output file: results.xlsx
2025-08-22 21:13:08,824 | INFO    | scraper.cli          | Workers: 16
2025-08-22 21:13:08,824 | INFO    | scraper.cli          | Domain threshold: 50
2025-08-22 21:13:08,824 | INFO    | scraper.cli          | Max pages: 50
2025-08-22 21:13:08,824 | INFO    | scraper.cli          | Process PDFs: False
2025-08-22 21:13:08,824 | INFO    | scraper.cli          | Save domain only: False
2025-08-22 21:13:08,838 | INFO    | scraper.config       | Updated max workers to 16
2025-08-22 21:13:09,023 | INFO    | scraper.cli          | Loaded 8 companies from test_input.xlsx
2025-08-22 21:13:09,023 | INFO    | scraper.orchestrator | Reset orchestrator stats and cleared domain tracking cache
2025-08-22 21:13:09,027 | INFO    | scraper.orchestrator | Phase 1: Collecting domains for 8 companies
2025-08-22 21:13:11,033 | INFO    | scraper.google_search | Processing batch of 1 unique Google search queries
2025-08-22 21:13:13,428 | INFO    | scraper.google_search | Processing batch of 1 unique Google search queries
2025-08-22 21:13:15,637 | INFO    | scraper.google_search | Processing batch of 1 unique Google search queries
2025-08-22 21:13:17,883 | INFO    | scraper.google_search | Processing batch of 1 unique Google search queries
2025-08-22 21:13:20,093 | INFO    | scraper.google_search | Processing batch of 1 unique Google search queries
2025-08-22 21:13:22,332 | INFO    | scraper.google_search | Processing batch of 1 unique Google search queries
2025-08-22 21:13:24,619 | INFO    | scraper.google_search | Processing batch of 1 unique Google search queries
2025-08-22 21:13:26,821 | INFO    | scraper.google_search | Processing batch of 1 unique Google search queries
2025-08-22 21:13:27,056 | INFO    | scraper.orchestrator | Phase 2: Batch probing 8 unique domains
2025-08-22 21:13:27,056 | INFO    | scraper.orchestrator | Batch probing 8 domains for access patterns
2025-08-22 21:13:27,056 | INFO    | scraper.thread_pool_manager | Created optimized thread pool with 16 workers
2025-08-22 21:13:27,056 | INFO    | scraper.thread_pool_manager | Created global thread pool manager with 16 workers
2025-08-22 21:13:27,057 | INFO    | scraper.http_client  | Probing domain access methods for: walter-schmidt-chemie.de
2025-08-22 21:13:27,057 | INFO    | scraper.http_client  | Probing domain access methods for: worldfertilizer.com
2025-08-22 21:13:27,058 | INFO    | scraper.http_client  | Probing domain access methods for: us.mitsuichemicals.com
2025-08-22 21:13:27,059 | INFO    | scraper.http_client  | Probing domain access methods for: daf.com
2025-08-22 21:13:27,060 | INFO    | scraper.http_client  | Probing domain access methods for: bpetrol.it
2025-08-22 21:13:27,061 | INFO    | scraper.http_client  | Probing domain access methods for: eurodamjas.com
2025-08-22 21:13:27,064 | INFO    | scraper.http_client  | Probing domain access methods for: synsol.ch
2025-08-22 21:13:27,064 | INFO    | scraper.http_client  | Probing domain access methods for: speedyfuels.co.uk
2025-08-22 21:13:27,458 | INFO    | scraper.http_client  | ✓ Found working access method for speedyfuels.co.uk: https
2025-08-22 21:13:27,512 | INFO    | scraper.http_client  | ✓ Found working access method for eurodamjas.com: https
2025-08-22 21:13:27,560 | INFO    | scraper.http_client  | ✓ Found working access method for bpetrol.it: https
2025-08-22 21:13:27,570 | INFO    | scraper.http_client  | ✓ Found working access method for us.mitsuichemicals.com: https
2025-08-22 21:13:27,689 | INFO    | scraper.http_client  | ✓ Found working access method for daf.com: https
2025-08-22 21:13:27,799 | INFO    | scraper.http_client  | ✓ Found working access method for synsol.ch: https
2025-08-22 21:13:28,254 | INFO    | scraper.http_client  | ✓ Found working access method for worldfertilizer.com: https_www
2025-08-22 21:13:37,731 | INFO    | scraper.http_client  | ✓ Found working access method for walter-schmidt-chemie.de: https
2025-08-22 21:13:37,731 | INFO    | scraper.orchestrator | Successfully probed 8/8 domains
2025-08-22 21:13:37,731 | INFO    | scraper.orchestrator | Phase 3: Processing 8 companies with valid domains
2025-08-22 21:13:37,731 | INFO    | scraper.orchestrator | Processing 8 companies with 8 concurrent workers
2025-08-22 21:13:37,732 | INFO    | scraper.orchestrator | ✓ Processing domain: walter-schmidt-chemie.de (score: 89) for company: walter schmidt chemie gmbh
2025-08-22 21:13:37,732 | INFO    | scraper.orchestrator | ✓ Processing domain: worldfertilizer.com (score: 80) for company: henan xinlianxin fertilizer 
2025-08-22 21:13:37,732 | INFO    | scraper.orchestrator | ✓ Processing domain: us.mitsuichemicals.com (score: 88) for company: mitsui toatsu chemicals 
2025-08-22 21:13:37,732 | INFO    | scraper.orchestrator | ✓ Processing domain: daf.com (score: 100) for company: daf trucks
2025-08-22 21:13:37,732 | INFO    | scraper.orchestrator | ✓ Processing domain: bpetrol.it (score: 92) for company: petrol rete 
2025-08-22 21:13:37,732 | INFO    | scraper.orchestrator | ✓ Processing domain: eurodamjas.com (score: 100) for company: euro dam jas doo
2025-08-22 21:13:37,732 | INFO    | scraper.orchestrator | ✓ Processing domain: synsol.ch (score: 100) for company: Synsol
2025-08-22 21:13:37,732 | INFO    | scraper.orchestrator | ✓ Processing domain: speedyfuels.co.uk (score: 100) for company: speedy fuels
2025-08-22 21:13:38,689 | INFO    | scraper.hybrid_email_extractor | Static pass found 1 emails in https://eurodamjas.com/
2025-08-22 21:13:38,723 | INFO    | scraper.email_extractor |   0 emails on https://us.mitsuichemicals.com/ (def from text)
2025-08-22 21:13:38,749 | INFO    | scraper.hybrid_email_extractor | JS fallback for https://us.mitsuichemicals.com/
2025-08-22 21:13:38,990 | INFO    | scraper.http_client  | HTTP GET https://speedyfuels.co.uk → 200
2025-08-22 21:13:39,033 | INFO    | scraper.sitemap      | Found sitemap via standard filenames: https://eurodamjas.com/sitemap.xml (0.34s)
2025-08-22 21:13:39,060 | INFO    | scraper.email_extractor |   1 emails on https://www.worldfertilizer.com/ (def from text)
2025-08-22 21:13:39,062 | INFO    | scraper.hybrid_email_extractor | Static pass found 1 emails in https://www.worldfertilizer.com/
2025-08-22 21:13:39,096 | INFO    | scraper.email_extractor |   0 emails on https://www.daf.com/en/sites-landing (def from text)
2025-08-22 21:13:39,126 | INFO    | scraper.hybrid_email_extractor | JS fallback for https://www.daf.com/en/sites-landing
2025-08-22 21:13:39,152 | INFO    | scraper.email_extractor |   0 emails on https://www.speedyfuels.co.uk/ (def from text)
2025-08-22 21:13:39,241 | INFO    | scraper.hybrid_email_extractor | JS fallback for https://www.speedyfuels.co.uk/
2025-08-22 21:13:39,305 | INFO    | scraper.email_extractor |   2 emails on https://www.bpetrol.it/ (def from text)
2025-08-22 21:13:39,305 | INFO    | scraper.hybrid_email_extractor | Static pass found 2 emails in https://www.bpetrol.it/
2025-08-22 21:13:39,329 | INFO    | scraper.sitemap      | Found sitemap via standard filenames: https://www.worldfertilizer.com/sitemap.xml (0.27s)
2025-08-22 21:13:39,502 | INFO    | scraper.browser_service | BrowserService started (thread mode)
2025-08-22 21:13:39,589 | INFO    | scraper.email_extractor |   1 emails on https://synsol.ch/ (def from text)
2025-08-22 21:13:39,589 | INFO    | scraper.hybrid_email_extractor | Static pass found 1 emails in https://synsol.ch/
2025-08-22 21:13:39,971 | INFO    | scraper.sitemap      | Found sitemap via standard filenames: https://synsol.ch/sitemap.xml (0.38s)
2025-08-22 21:13:40,204 | INFO    | scraper.email_extractor |   1 emails on https://www.worldfertilizer.com/materials-handling/02082022/shiploader-for-fertilizer-and-granulated-urea-supplied-to-fertil-ruwais-terminal/ (def from text)
2025-08-22 21:13:40,204 | INFO    | scraper.hybrid_email_extractor | Static pass found 1 on https://www.worldfertilizer.com/materials-handling/02082022/shiploader-for-fertilizer-and-granulated-urea-supplied-to-fertil-ruwais-terminal/
2025-08-22 21:13:40,640 | INFO    | scraper.email_extractor |   1 emails on https://www.worldfertilizer.com/potash/25082022/verde-announces-strategic-sales-partnership-with-lavoro/ (def from text)
2025-08-22 21:13:40,640 | INFO    | scraper.hybrid_email_extractor | Static pass found 1 on https://www.worldfertilizer.com/potash/25082022/verde-announces-strategic-sales-partnership-with-lavoro/
2025-08-22 21:13:40,903 | INFO    | scraper.sitemap      | Found sitemap via standard filenames: https://bpetrol.it/sitemap.xml (1.60s)
2025-08-22 21:13:40,938 | INFO    | scraper.email_extractor |   1 emails on https://synsol.ch/urea/ (def from text)
2025-08-22 21:13:40,938 | INFO    | scraper.hybrid_email_extractor | Static pass found 1 on https://synsol.ch/urea/
2025-08-22 21:13:41,015 | INFO    | scraper.hybrid_email_extractor | Static pass found 1 on https://eurodamjas.com/about-us-02/
2025-08-22 21:13:41,033 | INFO    | scraper.email_extractor |   1 emails on https://www.worldfertilizer.com/nitrogen/01092023/ypfb-to-deliver-2500-t-of-granulated-urea-to-cochabamba-granulated-fertilizers-plant/ (def from text)
2025-08-22 21:13:41,034 | INFO    | scraper.hybrid_email_extractor | Static pass found 1 on https://www.worldfertilizer.com/nitrogen/01092023/ypfb-to-deliver-2500-t-of-granulated-urea-to-cochabamba-granulated-fertilizers-plant/
2025-08-22 21:13:41,359 | INFO    | scraper.hybrid_email_extractor | Static pass found 1 on https://eurodamjas.com/about-us-01/
2025-08-22 21:13:41,409 | INFO    | scraper.email_extractor |   1 emails on https://www.worldfertilizer.com/nitrogen/26062023/neurizer-announces-significant-milestone-in-the-approval-process-for-new-urea-project/ (def from text)
2025-08-22 21:13:41,409 | INFO    | scraper.hybrid_email_extractor | Static pass found 1 on https://www.worldfertilizer.com/nitrogen/26062023/neurizer-announces-significant-milestone-in-the-approval-process-for-new-urea-project/
2025-08-22 21:13:41,692 | INFO    | scraper.hybrid_email_extractor | Static pass found 1 on https://eurodamjas.com/kontakt/
2025-08-22 21:13:41,811 | INFO    | scraper.email_extractor |   1 emails on https://www.worldfertilizer.com/nitrogen/17092021/infinite-blue-energy-to-provide-renewable-hydrogen-to-strike-energys-urea-production-facility/ (def from text)
2025-08-22 21:13:41,811 | INFO    | scraper.hybrid_email_extractor | Static pass found 1 on https://www.worldfertilizer.com/nitrogen/17092021/infinite-blue-energy-to-provide-renewable-hydrogen-to-strike-energys-urea-production-facility/
2025-08-22 21:13:41,904 | INFO    | scraper.email_extractor |   0 emails on https://synsol.ch/privacy-policy-of-synsol-ag/ (def from text)
2025-08-22 21:13:41,918 | INFO    | scraper.hybrid_email_extractor | Static pass found 0 on https://synsol.ch/privacy-policy-of-synsol-ag/
2025-08-22 21:13:41,918 | INFO    | scraper.hybrid_email_extractor | JS fallback for https://synsol.ch/privacy-policy-of-synsol-ag/
2025-08-22 21:13:42,003 | INFO    | scraper.hybrid_email_extractor | Static pass found 1 on https://eurodamjas.com/usluge/adblue/
2025-08-22 21:13:42,004 | INFO    | scraper.orchestrator | Used sitemap for eurodamjas.com
2025-08-22 21:13:42,004 | INFO    | scraper.orchestrator | Skipping crawl for eurodamjas.com: 1 emails already found
2025-08-22 21:13:42,004 | INFO    | scraper.orchestrator | ✓ Found 1 emails for euro dam jas doo
2025-08-22 21:13:42,038 | INFO    | scraper.email_extractor |   3 emails on https://www.bpetrol.it/privacy-policy/ (def from text)
2025-08-22 21:13:42,038 | INFO    | scraper.hybrid_email_extractor | Static pass found 3 on https://www.bpetrol.it/privacy-policy/
2025-08-22 21:13:42,038 | INFO    | scraper.orchestrator | Used sitemap for bpetrol.it
2025-08-22 21:13:42,038 | INFO    | scraper.orchestrator | Skipping crawl for bpetrol.it: 3 emails already found
2025-08-22 21:13:42,038 | INFO    | scraper.orchestrator | ✓ Found 3 emails for petrol rete 
2025-08-22 21:13:42,167 | INFO    | scraper.email_extractor |   1 emails on https://www.worldfertilizer.com/project-news/02072021/northern-nutrients-to-build-urea-fertilizer-manufacturing-facility-in-saskatchewan/ (def from text)
2025-08-22 21:13:42,167 | INFO    | scraper.hybrid_email_extractor | Static pass found 1 on https://www.worldfertilizer.com/project-news/02072021/northern-nutrients-to-build-urea-fertilizer-manufacturing-facility-in-saskatchewan/
2025-08-22 21:13:42,494 | INFO    | scraper.email_extractor |   1 emails on https://www.worldfertilizer.com/nitrogen/15122021/most-of-yaras-european-ammonia-production-back-on-stream/ (def from text)
2025-08-22 21:13:42,494 | INFO    | scraper.hybrid_email_extractor | Static pass found 1 on https://www.worldfertilizer.com/nitrogen/15122021/most-of-yaras-european-ammonia-production-back-on-stream/
2025-08-22 21:13:42,878 | INFO    | scraper.email_extractor |   1 emails on https://www.worldfertilizer.com/nitrogen/16032023/fitch-ratings-cuts-near-term-ammonia-urea-and-potash-fertiliser-price-assumptions/ (def from text)
2025-08-22 21:13:42,879 | INFO    | scraper.hybrid_email_extractor | Static pass found 1 on https://www.worldfertilizer.com/nitrogen/16032023/fitch-ratings-cuts-near-term-ammonia-urea-and-potash-fertiliser-price-assumptions/
2025-08-22 21:13:43,191 | INFO    | scraper.email_extractor |   1 emails on https://www.worldfertilizer.com/product-news/23082021/kbr-and-johnson-matthey-to-licence-urea-production-technology/ (def from text)
2025-08-22 21:13:43,191 | INFO    | scraper.hybrid_email_extractor | Static pass found 1 on https://www.worldfertilizer.com/product-news/23082021/kbr-and-johnson-matthey-to-licence-urea-production-technology/
2025-08-22 21:13:43,487 | INFO    | scraper.email_extractor |   1 emails on https://www.worldfertilizer.com/nitrogen/08042021/togliattiazot-increases-urea-supply-to-russian-market/ (def from text)
2025-08-22 21:13:43,487 | INFO    | scraper.hybrid_email_extractor | Static pass found 1 on https://www.worldfertilizer.com/nitrogen/08042021/togliattiazot-increases-urea-supply-to-russian-market/
2025-08-22 21:13:43,852 | INFO    | scraper.email_extractor |   1 emails on https://www.worldfertilizer.com/project-news/02022022/strike-energys-urea-fertilizer-project-given-major-project-status/ (def from text)
2025-08-22 21:13:43,852 | INFO    | scraper.hybrid_email_extractor | Static pass found 1 on https://www.worldfertilizer.com/project-news/02022022/strike-energys-urea-fertilizer-project-given-major-project-status/
2025-08-22 21:13:44,247 | INFO    | scraper.email_extractor |   1 emails on https://www.worldfertilizer.com/project-news/02032023/kimre-celebrates-engineering-and-technical-sales-personnel/ (def from text)
2025-08-22 21:13:44,247 | INFO    | scraper.hybrid_email_extractor | Static pass found 1 on https://www.worldfertilizer.com/project-news/02032023/kimre-celebrates-engineering-and-technical-sales-personnel/
2025-08-22 21:13:44,368 | INFO    | scraper.email_extractor |   2 emails on https://www.worldfertilizer.com/privacy/ (def from text)
2025-08-22 21:13:44,368 | INFO    | scraper.hybrid_email_extractor | Static pass found 2 on https://www.worldfertilizer.com/privacy/
2025-08-22 21:13:44,559 | INFO    | scraper.email_extractor |   0 emails on https://www.daf.com/en/sites-landing (def from text)
2025-08-22 21:13:44,635 | INFO    | scraper.sitemap      | Found sitemap via standard filenames: https://daf.com/sitemap.xml (0.05s)
2025-08-22 21:13:44,901 | INFO    | scraper.email_extractor |   1 emails on https://www.worldfertilizer.com/nitrogen/01022022/new-brunei-urea-melt-plant-begins-production/ (def from text)
2025-08-22 21:13:44,902 | INFO    | scraper.hybrid_email_extractor | Static pass found 1 on https://www.worldfertilizer.com/nitrogen/01022022/new-brunei-urea-melt-plant-begins-production/
2025-08-22 21:13:45,395 | INFO    | scraper.email_extractor |   0 emails on https://www.daf.com/nl-nl/contact (def from text)
2025-08-22 21:13:45,451 | INFO    | scraper.hybrid_email_extractor | Static pass found 0 on https://www.daf.com/nl-nl/contact
2025-08-22 21:13:45,451 | INFO    | scraper.hybrid_email_extractor | JS fallback for https://www.daf.com/nl-nl/contact
2025-08-22 21:13:46,280 | INFO    | scraper.email_extractor |   0 emails on https://www.speedyfuels.co.uk/ (def from text)
2025-08-22 21:13:46,679 | INFO    | scraper.email_extractor |   1 emails on https://www.worldfertilizer.com/tag/urea-news/ (def from text)
2025-08-22 21:13:46,679 | INFO    | scraper.hybrid_email_extractor | Static pass found 1 on https://www.worldfertilizer.com/tag/urea-news/
2025-08-22 21:13:46,964 | INFO    | scraper.http_client  | HTTP HEAD https://speedyfuels.co.uk/sitemap.xml → 200
2025-08-22 21:13:47,394 | INFO    | scraper.email_extractor |   1 emails on https://www.worldfertilizer.com/special-reports/04072022/cru-appoints-new-regional-director-of-sales-for-mena/ (def from text)
2025-08-22 21:13:47,394 | INFO    | scraper.hybrid_email_extractor | Static pass found 1 on https://www.worldfertilizer.com/special-reports/04072022/cru-appoints-new-regional-director-of-sales-for-mena/
2025-08-22 21:13:47,562 | INFO    | scraper.http_client  | HTTP GET https://speedyfuels.co.uk/sitemap.xml → 200
2025-08-22 21:13:47,562 | INFO    | scraper.sitemap      | Found sitemap via standard filenames: https://speedyfuels.co.uk/sitemap.xml (1.25s)
2025-08-22 21:13:47,904 | INFO    | scraper.email_extractor |   1 emails on https://www.worldfertilizer.com/project-news/04022022/perdaman-urea-project-receives-government-financing/ (def from text)
2025-08-22 21:13:47,904 | INFO    | scraper.hybrid_email_extractor | Static pass found 1 on https://www.worldfertilizer.com/project-news/04022022/perdaman-urea-project-receives-government-financing/
2025-08-22 21:13:47,980 | INFO    | scraper.email_extractor |   1 emails on https://www.worldfertilizer.com/contact/ (def from text)
2025-08-22 21:13:47,980 | INFO    | scraper.hybrid_email_extractor | Static pass found 1 on https://www.worldfertilizer.com/contact/
2025-08-22 21:13:48,051 | INFO    | scraper.http_client  | HTTP GET https://speedyfuels.co.uk/post-sitemap.xml → 200
2025-08-22 21:13:48,116 | INFO    | scraper.http_client  | HTTP GET https://speedyfuels.co.uk/page-sitemap.xml → 200
2025-08-22 21:13:48,281 | INFO    | scraper.http_client  | HTTP GET https://speedyfuels.co.uk/fuel-suppliers/ → 200
2025-08-22 21:13:48,330 | INFO    | scraper.email_extractor |   0 emails on https://www.speedyfuels.co.uk/fuel-suppliers/ (def from text)
2025-08-22 21:13:48,360 | INFO    | scraper.hybrid_email_extractor | Static pass found 0 on https://www.speedyfuels.co.uk/fuel-suppliers/
2025-08-22 21:13:48,361 | INFO    | scraper.hybrid_email_extractor | JS fallback for https://www.speedyfuels.co.uk/fuel-suppliers/
2025-08-22 21:13:48,391 | INFO    | scraper.email_extractor |   1 emails on https://www.worldfertilizer.com/nitrogen/11112022/yara-calls-for-action-to-secure-continued-supply-of-nitrogen-essentials-such-as-adblue/ (def from text)
2025-08-22 21:13:48,391 | INFO    | scraper.hybrid_email_extractor | Static pass found 1 on https://www.worldfertilizer.com/nitrogen/11112022/yara-calls-for-action-to-secure-continued-supply-of-nitrogen-essentials-such-as-adblue/
2025-08-22 21:13:48,668 | INFO    | scraper.email_extractor |   0 emails on https://us.mitsuichemicals.com/ (def from text)
2025-08-22 21:13:48,866 | INFO    | scraper.email_extractor |   1 emails on https://www.worldfertilizer.com/sulfur/10022022/itafos-resumes-sulfuric-acid-production-and-sales-at-arraias/ (def from text)
2025-08-22 21:13:48,866 | INFO    | scraper.hybrid_email_extractor | Static pass found 1 on https://www.worldfertilizer.com/sulfur/10022022/itafos-resumes-sulfuric-acid-production-and-sales-at-arraias/
2025-08-22 21:13:49,105 | INFO    | scraper.sitemap      | Found sitemap via standard filenames: https://us.mitsuichemicals.com/sitemap.xml (0.37s)
2025-08-22 21:13:49,310 | INFO    | scraper.email_extractor |   1 emails on https://www.worldfertilizer.com/phosphates/10052023/kropz-plc-provides-update-on-elandsfontein-phosphate-project-sales/ (def from text)
2025-08-22 21:13:49,310 | INFO    | scraper.hybrid_email_extractor | Static pass found 1 on https://www.worldfertilizer.com/phosphates/10052023/kropz-plc-provides-update-on-elandsfontein-phosphate-project-sales/
2025-08-22 21:13:49,735 | INFO    | scraper.email_extractor |   1 emails on https://www.worldfertilizer.com/project-news/01122021/stamicarbon-provides-carbamate-condenser-for-ammonia-stripping-urea-plant/ (def from text)
2025-08-22 21:13:49,741 | INFO    | scraper.hybrid_email_extractor | Static pass found 1 on https://www.worldfertilizer.com/project-news/01122021/stamicarbon-provides-carbamate-condenser-for-ammonia-stripping-urea-plant/
2025-08-22 21:13:49,853 | INFO    | scraper.email_extractor |   0 emails on https://us.mitsuichemicals.com/siteinfo/privacy/index.htm (def from text)
2025-08-22 21:13:49,891 | INFO    | scraper.hybrid_email_extractor | Static pass found 0 on https://us.mitsuichemicals.com/siteinfo/privacy/index.htm
2025-08-22 21:13:49,891 | INFO    | scraper.hybrid_email_extractor | JS fallback for https://us.mitsuichemicals.com/siteinfo/privacy/index.htm
2025-08-22 21:13:49,955 | INFO    | scraper.email_extractor |   0 emails on https://synsol.ch/privacy-policy-of-synsol-ag/ (def from text)
2025-08-22 21:13:49,968 | INFO    | scraper.orchestrator | Used sitemap for synsol.ch
2025-08-22 21:13:49,968 | INFO    | scraper.orchestrator | Skipping crawl for synsol.ch: 1 emails already found
2025-08-22 21:13:49,968 | INFO    | scraper.orchestrator | ✓ Found 1 emails for Synsol
2025-08-22 21:13:50,122 | INFO    | scraper.email_extractor |   1 emails on https://www.worldfertilizer.com/phosphates/14072021/ocp-group-becomes-member-of-european-sustainable-phosphorus-platform/ (def from text)
2025-08-22 21:13:50,122 | INFO    | scraper.hybrid_email_extractor | Static pass found 1 on https://www.worldfertilizer.com/phosphates/14072021/ocp-group-becomes-member-of-european-sustainable-phosphorus-platform/
2025-08-22 21:13:50,541 | INFO    | scraper.email_extractor |   1 emails on https://www.worldfertilizer.com/nitrogen/12082021/acron-completes-overhaul-of-urea-6-unit/ (def from text)
2025-08-22 21:13:50,541 | INFO    | scraper.hybrid_email_extractor | Static pass found 1 on https://www.worldfertilizer.com/nitrogen/12082021/acron-completes-overhaul-of-urea-6-unit/
2025-08-22 21:13:51,040 | INFO    | scraper.email_extractor |   1 emails on https://www.worldfertilizer.com/project-news/02032023/new-survey-suggests-strong-european-consumer-demand-for-sustainable-food/ (def from text)
2025-08-22 21:13:51,040 | INFO    | scraper.hybrid_email_extractor | Static pass found 1 on https://www.worldfertilizer.com/project-news/02032023/new-survey-suggests-strong-european-consumer-demand-for-sustainable-food/
2025-08-22 21:13:51,040 | INFO    | scraper.orchestrator | Used sitemap for worldfertilizer.com
2025-08-22 21:13:51,040 | INFO    | scraper.orchestrator | Skipping crawl for worldfertilizer.com: 2 emails already found
2025-08-22 21:13:51,040 | INFO    | scraper.orchestrator | ✓ Found 2 emails for henan xinlianxin fertilizer 
2025-08-22 21:13:53,080 | INFO    | scraper.email_extractor |   0 emails on https://www.daf.com/nl-nl/contact (def from text)
2025-08-22 21:13:53,256 | INFO    | scraper.email_extractor |   0 emails on https://www.daf.com/nl-nl/contact/contact-paccar-parts (def from text)
2025-08-22 21:13:53,278 | INFO    | scraper.hybrid_email_extractor | Static pass found 0 on https://www.daf.com/nl-nl/contact/contact-paccar-parts
2025-08-22 21:13:53,278 | INFO    | scraper.hybrid_email_extractor | JS fallback for https://www.daf.com/nl-nl/contact/contact-paccar-parts
2025-08-22 21:13:54,836 | INFO    | scraper.email_extractor |   0 emails on https://www.speedyfuels.co.uk/fuel-suppliers/ (def from text)
2025-08-22 21:13:55,405 | INFO    | scraper.http_client  | HTTP GET https://speedyfuels.co.uk/news/common-misconceptions-about-hvo/ → 200
2025-08-22 21:13:55,458 | INFO    | scraper.email_extractor |   0 emails on https://www.speedyfuels.co.uk/news/common-misconceptions-about-hvo/ (def from text)
2025-08-22 21:13:55,484 | INFO    | scraper.hybrid_email_extractor | Static pass found 0 on https://www.speedyfuels.co.uk/news/common-misconceptions-about-hvo/
2025-08-22 21:13:55,484 | INFO    | scraper.hybrid_email_extractor | JS fallback for https://www.speedyfuels.co.uk/news/common-misconceptions-about-hvo/
2025-08-22 21:13:56,201 | INFO    | scraper.email_extractor |   0 emails on https://us.mitsuichemicals.com/siteinfo/privacy/index.htm (def from text)
2025-08-22 21:13:56,559 | INFO    | scraper.email_extractor |   0 emails on https://us.mitsuichemicals.com/contact/index.htm (def from text)
2025-08-22 21:13:56,575 | INFO    | scraper.hybrid_email_extractor | Static pass found 0 on https://us.mitsuichemicals.com/contact/index.htm
2025-08-22 21:13:56,575 | INFO    | scraper.hybrid_email_extractor | JS fallback for https://us.mitsuichemicals.com/contact/index.htm
2025-08-22 21:13:57,923 | INFO    | scraper.email_extractor |   0 emails on https://www.daf.com/nl-nl/contact/contact-paccar-parts (def from text)
2025-08-22 21:13:58,190 | INFO    | scraper.email_extractor |   0 emails on https://www.daf.com/nl-nl/leveranciers/over-paccar-purchasing-europe/contact-paccar-purchasing-europe (def from text)
2025-08-22 21:13:58,222 | INFO    | scraper.hybrid_email_extractor | Static pass found 0 on https://www.daf.com/nl-nl/leveranciers/over-paccar-purchasing-europe/contact-paccar-purchasing-europe
2025-08-22 21:13:58,222 | INFO    | scraper.hybrid_email_extractor | JS fallback for https://www.daf.com/nl-nl/leveranciers/over-paccar-purchasing-europe/contact-paccar-purchasing-europe
2025-08-22 21:13:59,084 | INFO    | scraper.email_extractor |   0 emails on https://www.speedyfuels.co.uk/news/common-misconceptions-about-hvo/ (def from text)
2025-08-22 21:13:59,242 | INFO    | scraper.http_client  | HTTP GET https://speedyfuels.co.uk/news/advice-on-finding-fuel-suppliers-in-the-uk/ → 200
2025-08-22 21:13:59,291 | INFO    | scraper.email_extractor |   0 emails on https://www.speedyfuels.co.uk/news/advice-on-finding-fuel-suppliers-in-the-uk/ (def from text)
2025-08-22 21:13:59,313 | INFO    | scraper.hybrid_email_extractor | Static pass found 0 on https://www.speedyfuels.co.uk/news/advice-on-finding-fuel-suppliers-in-the-uk/
2025-08-22 21:13:59,314 | INFO    | scraper.hybrid_email_extractor | JS fallback for https://www.speedyfuels.co.uk/news/advice-on-finding-fuel-suppliers-in-the-uk/
2025-08-22 21:14:00,293 | INFO    | scraper.email_extractor |   0 emails on https://us.mitsuichemicals.com/contact/index.htm (def from text)
2025-08-22 21:14:00,328 | INFO    | scraper.orchestrator | Used sitemap for us.mitsuichemicals.com
2025-08-22 21:14:00,328 | INFO    | scraper.orchestrator | No emails found in sitemap, attempting fallback crawl: us.mitsuichemicals.com
2025-08-22 21:14:00,328 | INFO    | scraper.crawler      | Start crawl us.mitsuichemicals.com (limit=50, timeout=60s, workers=16)
2025-08-22 21:14:00,608 | INFO    | scraper.email_extractor |   0 emails on https://us.mitsuichemicals.com/ (def from text)
2025-08-22 21:14:00,936 | INFO    | scraper.email_extractor |   0 emails on https://us.mitsuichemicals.com/index.htm (def from text)
2025-08-22 21:14:00,962 | INFO    | scraper.hybrid_email_extractor | JS fallback for https://us.mitsuichemicals.com/index.htm
2025-08-22 21:14:01,885 | INFO    | scraper.email_extractor |   0 emails on https://www.daf.com/nl-nl/leveranciers/over-paccar-purchasing-europe/contact-paccar-purchasing-europe (def from text)
2025-08-22 21:14:02,166 | INFO    | scraper.email_extractor |   0 emails on https://www.daf.com/nl-nl/contact/informatie-aanvraag (def from text)
2025-08-22 21:14:02,193 | INFO    | scraper.hybrid_email_extractor | Static pass found 0 on https://www.daf.com/nl-nl/contact/informatie-aanvraag
2025-08-22 21:14:02,193 | INFO    | scraper.hybrid_email_extractor | JS fallback for https://www.daf.com/nl-nl/contact/informatie-aanvraag
2025-08-22 21:14:02,977 | INFO    | scraper.email_extractor |   0 emails on https://www.speedyfuels.co.uk/news/advice-on-finding-fuel-suppliers-in-the-uk/ (def from text)
2025-08-22 21:14:03,156 | INFO    | scraper.http_client  | HTTP GET https://speedyfuels.co.uk/contact-us/ → 200
2025-08-22 21:14:03,181 | INFO    | scraper.hybrid_email_extractor | Static pass found 1 on https://www.speedyfuels.co.uk/contact-us/
2025-08-22 21:14:03,267 | INFO    | scraper.http_client  | HTTP GET https://speedyfuels.co.uk/about-us/ → 200
2025-08-22 21:14:03,335 | INFO    | scraper.email_extractor |   0 emails on https://www.speedyfuels.co.uk/about-us/ (def from text)
2025-08-22 21:14:03,361 | INFO    | scraper.hybrid_email_extractor | Static pass found 0 on https://www.speedyfuels.co.uk/about-us/
2025-08-22 21:14:03,361 | INFO    | scraper.hybrid_email_extractor | JS fallback for https://www.speedyfuels.co.uk/about-us/
2025-08-22 21:14:04,356 | INFO    | scraper.email_extractor |   0 emails on https://us.mitsuichemicals.com/index.htm (def from text)
2025-08-22 21:14:04,448 | INFO    | scraper.email_extractor |   0 emails on https://us.mitsuichemicals.com/contact/index.htm (def from text)
2025-08-22 21:14:05,221 | INFO    | scraper.email_extractor |   0 emails on https://us.mitsuichemicals.com/corporate/index.htm (def from text)
2025-08-22 21:14:05,242 | INFO    | scraper.hybrid_email_extractor | JS fallback for https://us.mitsuichemicals.com/corporate/index.htm
2025-08-22 21:14:06,204 | INFO    | scraper.email_extractor |   0 emails on https://www.daf.com/nl-nl/contact/informatie-aanvraag (def from text)
2025-08-22 21:14:06,473 | INFO    | scraper.email_extractor |   0 emails on https://www.daf.com/en/about-daf/daf-history/clever-solutions (def from text)
2025-08-22 21:14:06,509 | INFO    | scraper.hybrid_email_extractor | Static pass found 0 on https://www.daf.com/en/about-daf/daf-history/clever-solutions
2025-08-22 21:14:06,509 | INFO    | scraper.hybrid_email_extractor | JS fallback for https://www.daf.com/en/about-daf/daf-history/clever-solutions
2025-08-22 21:14:07,333 | INFO    | scraper.email_extractor |   0 emails on https://www.speedyfuels.co.uk/about-us/ (def from text)
2025-08-22 21:14:07,502 | INFO    | scraper.http_client  | HTTP GET https://speedyfuels.co.uk/news/how-to-look-after-your-adblue-storage-tanks/ → 200
2025-08-22 21:14:07,564 | INFO    | scraper.email_extractor |   0 emails on https://www.speedyfuels.co.uk/news/how-to-look-after-your-adblue-storage-tanks/ (def from text)
2025-08-22 21:14:07,590 | INFO    | scraper.hybrid_email_extractor | Static pass found 0 on https://www.speedyfuels.co.uk/news/how-to-look-after-your-adblue-storage-tanks/
2025-08-22 21:14:07,590 | INFO    | scraper.hybrid_email_extractor | JS fallback for https://www.speedyfuels.co.uk/news/how-to-look-after-your-adblue-storage-tanks/
2025-08-22 21:14:08,694 | INFO    | scraper.email_extractor |   0 emails on https://us.mitsuichemicals.com/corporate/index.htm (def from text)
2025-08-22 21:14:09,454 | INFO    | scraper.email_extractor |   0 emails on https://us.mitsuichemicals.com/corporate/overview/index.htm (def from text)
2025-08-22 21:14:09,478 | INFO    | scraper.hybrid_email_extractor | JS fallback for https://us.mitsuichemicals.com/corporate/overview/index.htm
2025-08-22 21:14:10,288 | INFO    | scraper.email_extractor |   0 emails on https://www.daf.com/en/about-daf/daf-history/clever-solutions (def from text)
2025-08-22 21:14:10,589 | INFO    | scraper.email_extractor |   0 emails on https://www.daf.com/en/about-daf/facts-and-figures (def from text)
2025-08-22 21:14:10,626 | INFO    | scraper.hybrid_email_extractor | Static pass found 0 on https://www.daf.com/en/about-daf/facts-and-figures
2025-08-22 21:14:10,626 | INFO    | scraper.hybrid_email_extractor | JS fallback for https://www.daf.com/en/about-daf/facts-and-figures
2025-08-22 21:14:11,403 | INFO    | scraper.email_extractor |   0 emails on https://www.speedyfuels.co.uk/news/how-to-look-after-your-adblue-storage-tanks/ (def from text)
2025-08-22 21:14:11,587 | INFO    | scraper.http_client  | HTTP GET https://speedyfuels.co.uk/products/adblue/ → 200
2025-08-22 21:14:11,637 | INFO    | scraper.email_extractor |   0 emails on https://www.speedyfuels.co.uk/products/adblue/ (def from text)
2025-08-22 21:14:11,661 | INFO    | scraper.hybrid_email_extractor | Static pass found 0 on https://www.speedyfuels.co.uk/products/adblue/
2025-08-22 21:14:11,661 | INFO    | scraper.hybrid_email_extractor | JS fallback for https://www.speedyfuels.co.uk/products/adblue/
2025-08-22 21:14:12,667 | INFO    | scraper.email_extractor |   0 emails on https://us.mitsuichemicals.com/corporate/overview/index.htm (def from text)
2025-08-22 21:14:13,014 | INFO    | scraper.email_extractor |   0 emails on https://us.mitsuichemicals.com/corporate/america/company_locations/index.htm (def from text)
2025-08-22 21:14:13,038 | INFO    | scraper.hybrid_email_extractor | JS fallback for https://us.mitsuichemicals.com/corporate/america/company_locations/index.htm
2025-08-22 21:14:14,113 | INFO    | scraper.email_extractor |   0 emails on https://www.daf.com/en/about-daf/facts-and-figures (def from text)
2025-08-22 21:14:14,255 | INFO    | scraper.email_extractor |   0 emails on https://www.daf.com/en/about-daf/innovation (def from text)
2025-08-22 21:14:14,256 | INFO    | scraper.hybrid_email_extractor | Static pass found 0 on https://www.daf.com/en/about-daf/innovation
2025-08-22 21:14:14,256 | INFO    | scraper.hybrid_email_extractor | JS fallback for https://www.daf.com/en/about-daf/innovation
2025-08-22 21:14:15,288 | INFO    | scraper.email_extractor |   0 emails on https://www.speedyfuels.co.uk/products/adblue/ (def from text)
2025-08-22 21:14:15,558 | INFO    | scraper.http_client  | HTTP GET https://speedyfuels.co.uk/privacy-policy/ → 200
2025-08-22 21:14:15,591 | INFO    | scraper.hybrid_email_extractor | Static pass found 1 on https://www.speedyfuels.co.uk/privacy-policy/
2025-08-22 21:14:15,672 | INFO    | scraper.http_client  | HTTP GET https://speedyfuels.co.uk/guides/adblue-guide/ → 200
2025-08-22 21:14:15,741 | INFO    | scraper.email_extractor |   0 emails on https://www.speedyfuels.co.uk/guides/adblue-guide/ (def from text)
2025-08-22 21:14:15,768 | INFO    | scraper.hybrid_email_extractor | Static pass found 0 on https://www.speedyfuels.co.uk/guides/adblue-guide/
2025-08-22 21:14:15,768 | INFO    | scraper.hybrid_email_extractor | JS fallback for https://www.speedyfuels.co.uk/guides/adblue-guide/
2025-08-22 21:14:16,646 | INFO    | scraper.email_extractor |   0 emails on https://us.mitsuichemicals.com/corporate/america/company_locations/index.htm (def from text)
2025-08-22 21:14:17,342 | INFO    | scraper.email_extractor |   0 emails on https://us.mitsuichemicals.com/corporate/legacy/index.htm (def from text)
2025-08-22 21:14:17,361 | INFO    | scraper.hybrid_email_extractor | JS fallback for https://us.mitsuichemicals.com/corporate/legacy/index.htm
2025-08-22 21:14:17,799 | INFO    | scraper.email_extractor |   0 emails on https://www.daf.com/en/about-daf/innovation (def from text)
2025-08-22 21:14:18,251 | INFO    | scraper.email_extractor |   0 emails on https://www.daf.com/en/about-daf/sustainability/environment-emission-reduction (def from text)
2025-08-22 21:14:18,287 | INFO    | scraper.hybrid_email_extractor | Static pass found 0 on https://www.daf.com/en/about-daf/sustainability/environment-emission-reduction
2025-08-22 21:14:18,287 | INFO    | scraper.hybrid_email_extractor | JS fallback for https://www.daf.com/en/about-daf/sustainability/environment-emission-reduction
2025-08-22 21:14:18,887 | INFO    | scraper.email_extractor |   0 emails on https://www.speedyfuels.co.uk/guides/adblue-guide/ (def from text)
2025-08-22 21:14:19,090 | INFO    | scraper.http_client  | HTTP GET https://speedyfuels.co.uk/commercial-fuel-suppliers-uk/ → 200
2025-08-22 21:14:19,145 | INFO    | scraper.email_extractor |   0 emails on https://www.speedyfuels.co.uk/commercial-fuel-suppliers-uk/ (def from text)
2025-08-22 21:14:19,185 | INFO    | scraper.hybrid_email_extractor | Static pass found 0 on https://www.speedyfuels.co.uk/commercial-fuel-suppliers-uk/
2025-08-22 21:14:19,185 | INFO    | scraper.hybrid_email_extractor | JS fallback for https://www.speedyfuels.co.uk/commercial-fuel-suppliers-uk/
2025-08-22 21:14:20,210 | INFO    | scraper.email_extractor |   0 emails on https://us.mitsuichemicals.com/corporate/legacy/index.htm (def from text)
2025-08-22 21:14:21,066 | INFO    | scraper.email_extractor |   0 emails on https://us.mitsuichemicals.com/mca/2024/index.htm (def from text)
2025-08-22 21:14:21,077 | INFO    | scraper.email_extractor |   0 emails on https://www.walter-schmidt-chemie.de/ (def from text)
2025-08-22 21:14:21,095 | INFO    | scraper.hybrid_email_extractor | JS fallback for https://us.mitsuichemicals.com/mca/2024/index.htm
2025-08-22 21:14:21,105 | INFO    | scraper.hybrid_email_extractor | JS fallback for https://www.walter-schmidt-chemie.de/
2025-08-22 21:14:21,690 | INFO    | scraper.email_extractor |   0 emails on https://www.daf.com/en/about-daf/sustainability/environment-emission-reduction (def from text)
2025-08-22 21:14:21,928 | INFO    | scraper.email_extractor |   0 emails on https://www.daf.com/en/about-daf/daf-worldwide/dealer-network (def from text)
2025-08-22 21:14:21,957 | INFO    | scraper.hybrid_email_extractor | Static pass found 0 on https://www.daf.com/en/about-daf/daf-worldwide/dealer-network
2025-08-22 21:14:21,957 | INFO    | scraper.hybrid_email_extractor | JS fallback for https://www.daf.com/en/about-daf/daf-worldwide/dealer-network
2025-08-22 21:14:22,835 | INFO    | scraper.email_extractor |   0 emails on https://www.speedyfuels.co.uk/commercial-fuel-suppliers-uk/ (def from text)
2025-08-22 21:14:22,895 | INFO    | scraper.orchestrator | Used sitemap for speedyfuels.co.uk
2025-08-22 21:14:22,895 | INFO    | scraper.orchestrator | Skipping crawl for speedyfuels.co.uk: 2 emails already found
2025-08-22 21:14:22,896 | INFO    | scraper.orchestrator | ✓ Found 2 emails for speedy fuels
2025-08-22 21:14:24,095 | INFO    | scraper.email_extractor |   0 emails on https://us.mitsuichemicals.com/mca/2024/index.htm (def from text)
2025-08-22 21:14:25,418 | INFO    | scraper.email_extractor |   0 emails on https://us.mitsuichemicals.com/mci/mci-news/2025/index.htm (def from text)
2025-08-22 21:14:25,462 | INFO    | scraper.hybrid_email_extractor | JS fallback for https://us.mitsuichemicals.com/mci/mci-news/2025/index.htm
2025-08-22 21:14:25,982 | INFO    | scraper.email_extractor |   0 emails on https://www.walter-schmidt-chemie.de/ (def from text)
2025-08-22 21:14:27,498 | INFO    | scraper.email_extractor |   0 emails on https://www.daf.com/en/about-daf/daf-worldwide/dealer-network (def from text)
2025-08-22 21:14:27,829 | INFO    | scraper.email_extractor |   0 emails on https://www.daf.com/en/about-daf/sustainability/daf-environmental-policy (def from text)
2025-08-22 21:14:27,880 | INFO    | scraper.hybrid_email_extractor | Static pass found 0 on https://www.daf.com/en/about-daf/sustainability/daf-environmental-policy
2025-08-22 21:14:27,880 | INFO    | scraper.hybrid_email_extractor | JS fallback for https://www.daf.com/en/about-daf/sustainability/daf-environmental-policy
2025-08-22 21:14:28,790 | INFO    | scraper.email_extractor |   0 emails on https://us.mitsuichemicals.com/mci/mci-news/2025/index.htm (def from text)
2025-08-22 21:14:29,710 | INFO    | scraper.email_extractor |   0 emails on https://us.mitsuichemicals.com/service/index.htm (def from text)
2025-08-22 21:14:29,740 | INFO    | scraper.hybrid_email_extractor | JS fallback for https://us.mitsuichemicals.com/service/index.htm
2025-08-22 21:14:30,245 | INFO    | scraper.email_extractor |   0 emails on https://www.daf.com/en/about-daf/sustainability/daf-environmental-policy (def from text)
2025-08-22 21:14:30,506 | INFO    | scraper.email_extractor |   0 emails on https://www.daf.com/en/about-daf/quality (def from text)
2025-08-22 21:14:30,530 | INFO    | scraper.hybrid_email_extractor | Static pass found 0 on https://www.daf.com/en/about-daf/quality
2025-08-22 21:14:30,530 | INFO    | scraper.hybrid_email_extractor | JS fallback for https://www.daf.com/en/about-daf/quality
2025-08-22 21:14:31,672 | INFO    | scraper.email_extractor |   0 emails on https://us.mitsuichemicals.com/service/index.htm (def from text)
2025-08-22 21:14:32,380 | INFO    | scraper.email_extractor |   0 emails on https://us.mitsuichemicals.com/service/life_healthcare/index.htm (def from text)
2025-08-22 21:14:32,593 | INFO    | scraper.hybrid_email_extractor | JS fallback for https://us.mitsuichemicals.com/service/life_healthcare/index.htm
2025-08-22 21:14:33,099 | INFO    | scraper.email_extractor |   0 emails on https://www.daf.com/en/about-daf/quality (def from text)
2025-08-22 21:14:33,397 | INFO    | scraper.email_extractor |   0 emails on https://www.daf.com/en/about-daf/daf-history/past-and-present (def from text)
2025-08-22 21:14:33,430 | INFO    | scraper.hybrid_email_extractor | Static pass found 0 on https://www.daf.com/en/about-daf/daf-history/past-and-present
2025-08-22 21:14:33,431 | INFO    | scraper.hybrid_email_extractor | JS fallback for https://www.daf.com/en/about-daf/daf-history/past-and-present
2025-08-22 21:14:34,814 | INFO    | scraper.email_extractor |   0 emails on https://us.mitsuichemicals.com/service/life_healthcare/index.htm (def from text)
2025-08-22 21:14:35,547 | INFO    | scraper.email_extractor |   0 emails on https://us.mitsuichemicals.com/service/mobility/index.htm (def from text)
2025-08-22 21:14:35,568 | INFO    | scraper.hybrid_email_extractor | JS fallback for https://us.mitsuichemicals.com/service/mobility/index.htm
2025-08-22 21:14:36,220 | INFO    | scraper.email_extractor |   0 emails on https://www.daf.com/en/about-daf/daf-history/past-and-present (def from text)
2025-08-22 21:14:36,431 | INFO    | scraper.email_extractor |   0 emails on https://www.daf.com/en/about-daf/daf-worldwide/production-locations (def from text)
2025-08-22 21:14:36,457 | INFO    | scraper.hybrid_email_extractor | Static pass found 0 on https://www.daf.com/en/about-daf/daf-worldwide/production-locations
2025-08-22 21:14:36,457 | INFO    | scraper.hybrid_email_extractor | JS fallback for https://www.daf.com/en/about-daf/daf-worldwide/production-locations
2025-08-22 21:14:37,630 | INFO    | scraper.email_extractor |   0 emails on https://us.mitsuichemicals.com/service/mobility/index.htm (def from text)
2025-08-22 21:14:38,339 | INFO    | scraper.email_extractor |   0 emails on https://us.mitsuichemicals.com/service/ict/index.htm (def from text)
2025-08-22 21:14:38,362 | INFO    | scraper.hybrid_email_extractor | JS fallback for https://us.mitsuichemicals.com/service/ict/index.htm
2025-08-22 21:14:39,005 | INFO    | scraper.email_extractor |   0 emails on https://www.daf.com/en/about-daf/daf-worldwide/production-locations (def from text)
2025-08-22 21:14:39,902 | INFO    | scraper.email_extractor |   0 emails on https://www.daf.com/en/about-daf/sustainability/care-for-people (def from text)
2025-08-22 21:14:39,935 | INFO    | scraper.hybrid_email_extractor | Static pass found 0 on https://www.daf.com/en/about-daf/sustainability/care-for-people
2025-08-22 21:14:39,935 | INFO    | scraper.hybrid_email_extractor | JS fallback for https://www.daf.com/en/about-daf/sustainability/care-for-people
2025-08-22 21:14:40,442 | INFO    | scraper.email_extractor |   0 emails on https://us.mitsuichemicals.com/service/ict/index.htm (def from text)
2025-08-22 21:14:41,136 | INFO    | scraper.email_extractor |   0 emails on https://us.mitsuichemicals.com/service/basic/index.htm (def from text)
2025-08-22 21:14:41,161 | INFO    | scraper.hybrid_email_extractor | JS fallback for https://us.mitsuichemicals.com/service/basic/index.htm
2025-08-22 21:14:42,049 | INFO    | scraper.email_extractor |   0 emails on https://www.daf.com/en/about-daf/sustainability/care-for-people (def from text)
2025-08-22 21:14:42,284 | INFO    | scraper.email_extractor |   0 emails on https://www.daf.com/en/about-daf/daf-worldwide/world-class-technology (def from text)
2025-08-22 21:14:42,312 | INFO    | scraper.hybrid_email_extractor | Static pass found 0 on https://www.daf.com/en/about-daf/daf-worldwide/world-class-technology
2025-08-22 21:14:42,312 | INFO    | scraper.hybrid_email_extractor | JS fallback for https://www.daf.com/en/about-daf/daf-worldwide/world-class-technology
2025-08-22 21:14:43,509 | INFO    | scraper.email_extractor |   0 emails on https://us.mitsuichemicals.com/service/basic/index.htm (def from text)
2025-08-22 21:14:44,250 | INFO    | scraper.email_extractor |   0 emails on https://us.mitsuichemicals.com/service/new_business/index.htm (def from text)
2025-08-22 21:14:44,296 | INFO    | scraper.hybrid_email_extractor | JS fallback for https://us.mitsuichemicals.com/service/new_business/index.htm
2025-08-22 21:14:45,000 | INFO    | scraper.email_extractor |   0 emails on https://www.daf.com/en/about-daf/daf-worldwide/world-class-technology (def from text)
2025-08-22 21:14:45,230 | INFO    | scraper.email_extractor |   0 emails on https://www.daf.com/en/about-daf/daf-history/timeline (def from text)
2025-08-22 21:14:45,269 | INFO    | scraper.hybrid_email_extractor | Static pass found 0 on https://www.daf.com/en/about-daf/daf-history/timeline
2025-08-22 21:14:45,269 | INFO    | scraper.hybrid_email_extractor | JS fallback for https://www.daf.com/en/about-daf/daf-history/timeline
2025-08-22 21:14:46,435 | INFO    | scraper.email_extractor |   0 emails on https://us.mitsuichemicals.com/service/new_business/index.htm (def from text)
2025-08-22 21:14:47,994 | INFO    | scraper.email_extractor |   0 emails on https://www.daf.com/en/about-daf/daf-history/timeline (def from text)
2025-08-22 21:14:48,279 | INFO    | scraper.email_extractor |   0 emails on https://www.daf.com/en/about-daf/sustainability/environment-emission-reduction/sustainable-sourcing (def from text)
2025-08-22 21:14:48,310 | INFO    | scraper.hybrid_email_extractor | Static pass found 0 on https://www.daf.com/en/about-daf/sustainability/environment-emission-reduction/sustainable-sourcing
2025-08-22 21:14:48,310 | INFO    | scraper.hybrid_email_extractor | JS fallback for https://www.daf.com/en/about-daf/sustainability/environment-emission-reduction/sustainable-sourcing
2025-08-22 21:14:48,757 | INFO    | scraper.email_extractor |   0 emails on https://us.mitsuichemicals.com/service/search/index.htm (def from text)
2025-08-22 21:14:48,845 | INFO    | scraper.hybrid_email_extractor | JS fallback for https://us.mitsuichemicals.com/service/search/index.htm
2025-08-22 21:14:49,694 | INFO    | scraper.email_extractor |   0 emails on https://www.daf.com/en/about-daf/sustainability/environment-emission-reduction/sustainable-sourcing (def from text)
2025-08-22 21:14:49,860 | INFO    | scraper.email_extractor |   0 emails on https://www.daf.com/en/about-daf/sustainability/environment-circularity (def from text)
2025-08-22 21:14:49,890 | INFO    | scraper.hybrid_email_extractor | Static pass found 0 on https://www.daf.com/en/about-daf/sustainability/environment-circularity
2025-08-22 21:14:49,890 | INFO    | scraper.hybrid_email_extractor | JS fallback for https://www.daf.com/en/about-daf/sustainability/environment-circularity
2025-08-22 21:14:51,141 | INFO    | scraper.email_extractor |   0 emails on https://us.mitsuichemicals.com/service/search/index.htm (def from text)
2025-08-22 21:14:51,970 | INFO    | scraper.email_extractor |   0 emails on https://us.mitsuichemicals.com/service/application/index.htm (def from text)
2025-08-22 21:14:51,992 | INFO    | scraper.hybrid_email_extractor | JS fallback for https://us.mitsuichemicals.com/service/application/index.htm
2025-08-22 21:14:53,102 | INFO    | scraper.email_extractor |   0 emails on https://www.daf.com/en/about-daf/sustainability/environment-circularity (def from text)
2025-08-22 21:14:53,302 | INFO    | scraper.email_extractor |   0 emails on https://www.daf.com/en/about-daf (def from text)
2025-08-22 21:14:53,334 | INFO    | scraper.hybrid_email_extractor | Static pass found 0 on https://www.daf.com/en/about-daf
2025-08-22 21:14:53,335 | INFO    | scraper.hybrid_email_extractor | JS fallback for https://www.daf.com/en/about-daf
2025-08-22 21:14:54,966 | INFO    | scraper.email_extractor |   0 emails on https://us.mitsuichemicals.com/service/application/index.htm (def from text)
2025-08-22 21:14:55,645 | INFO    | scraper.email_extractor |   0 emails on https://us.mitsuichemicals.com/service/exhibition/index.htm (def from text)
2025-08-22 21:14:55,660 | INFO    | scraper.hybrid_email_extractor | JS fallback for https://us.mitsuichemicals.com/service/exhibition/index.htm
2025-08-22 21:14:56,329 | INFO    | scraper.email_extractor |   0 emails on https://www.daf.com/en/about-daf (def from text)
2025-08-22 21:14:56,603 | INFO    | scraper.email_extractor |   0 emails on https://www.daf.com/en/about-daf/board-of-management (def from text)
2025-08-22 21:14:56,632 | INFO    | scraper.hybrid_email_extractor | Static pass found 0 on https://www.daf.com/en/about-daf/board-of-management
2025-08-22 21:14:56,633 | INFO    | scraper.hybrid_email_extractor | JS fallback for https://www.daf.com/en/about-daf/board-of-management
2025-08-22 21:14:57,548 | INFO    | scraper.email_extractor |   0 emails on https://us.mitsuichemicals.com/service/exhibition/index.htm (def from text)
2025-08-22 21:14:57,869 | INFO    | scraper.email_extractor |   0 emails on https://us.mitsuichemicals.com/career/index.htm (def from text)
2025-08-22 21:14:57,896 | INFO    | scraper.hybrid_email_extractor | JS fallback for https://us.mitsuichemicals.com/career/index.htm
2025-08-22 21:14:59,158 | INFO    | scraper.email_extractor |   0 emails on https://www.daf.com/en/about-daf/board-of-management (def from text)
2025-08-22 21:14:59,372 | INFO    | scraper.email_extractor |   0 emails on https://www.daf.com/en/about-daf/sustainability (def from text)
2025-08-22 21:14:59,401 | INFO    | scraper.hybrid_email_extractor | Static pass found 0 on https://www.daf.com/en/about-daf/sustainability
2025-08-22 21:14:59,401 | INFO    | scraper.hybrid_email_extractor | JS fallback for https://www.daf.com/en/about-daf/sustainability
2025-08-22 21:15:00,520 | INFO    | scraper.email_extractor |   0 emails on https://us.mitsuichemicals.com/career/index.htm (def from text)
2025-08-22 21:15:00,590 | INFO    | scraper.crawler      | Crawl of us.mitsuichemicals.com completed: 19 pages fetched, 130 unique URLs seen, 0 emails, 60.3 s
2025-08-22 21:15:00,590 | INFO    | scraper.orchestrator | ✗ No emails found for mitsui toatsu chemicals 
2025-08-22 21:15:02,010 | INFO    | scraper.email_extractor |   0 emails on https://www.daf.com/en/about-daf/sustainability (def from text)
2025-08-22 21:15:02,318 | INFO    | scraper.email_extractor |   0 emails on https://www.daf.com/en/about-daf/daf-history (def from text)
2025-08-22 21:15:02,354 | INFO    | scraper.hybrid_email_extractor | Static pass found 0 on https://www.daf.com/en/about-daf/daf-history
2025-08-22 21:15:02,354 | INFO    | scraper.hybrid_email_extractor | JS fallback for https://www.daf.com/en/about-daf/daf-history
2025-08-22 21:15:04,106 | INFO    | scraper.email_extractor |   0 emails on https://www.daf.com/en/about-daf/daf-history (def from text)
2025-08-22 21:15:04,352 | INFO    | scraper.email_extractor |   0 emails on https://www.daf.com/en/about-daf/daf-worldwide (def from text)
2025-08-22 21:15:04,387 | INFO    | scraper.hybrid_email_extractor | Static pass found 0 on https://www.daf.com/en/about-daf/daf-worldwide
2025-08-22 21:15:04,387 | INFO    | scraper.hybrid_email_extractor | JS fallback for https://www.daf.com/en/about-daf/daf-worldwide
2025-08-22 21:15:05,804 | INFO    | scraper.email_extractor |   0 emails on https://www.daf.com/en/about-daf/daf-worldwide (def from text)
2025-08-22 21:15:06,247 | INFO    | scraper.email_extractor |   0 emails on https://www.daf.com/en/contact (def from text)
2025-08-22 21:15:06,304 | INFO    | scraper.hybrid_email_extractor | Static pass found 0 on https://www.daf.com/en/contact
2025-08-22 21:15:06,304 | INFO    | scraper.hybrid_email_extractor | JS fallback for https://www.daf.com/en/contact
2025-08-22 21:15:07,859 | INFO    | scraper.email_extractor |   0 emails on https://www.daf.com/en/contact (def from text)
2025-08-22 21:15:08,722 | INFO    | scraper.email_extractor |   0 emails on https://www.daf.com/nl-nl/werken-bij-daf/contact-recruitment (def from text)
2025-08-22 21:15:08,768 | INFO    | scraper.hybrid_email_extractor | Static pass found 0 on https://www.daf.com/nl-nl/werken-bij-daf/contact-recruitment
2025-08-22 21:15:08,768 | INFO    | scraper.hybrid_email_extractor | JS fallback for https://www.daf.com/nl-nl/werken-bij-daf/contact-recruitment
2025-08-22 21:15:11,001 | INFO    | scraper.email_extractor |   0 emails on https://www.daf.com/nl-nl/werken-bij-daf/contact-recruitment (def from text)
2025-08-22 21:15:11,028 | INFO    | scraper.orchestrator | Used sitemap for daf.com
2025-08-22 21:15:11,028 | INFO    | scraper.orchestrator | No emails found in sitemap, attempting fallback crawl: daf.com
2025-08-22 21:15:11,029 | INFO    | scraper.crawler      | Start crawl daf.com (limit=50, timeout=60s, workers=16)
2025-08-22 21:15:11,282 | INFO    | scraper.email_extractor |   0 emails on https://www.daf.com/en/sites-landing (def from text)
2025-08-22 21:15:12,660 | INFO    | scraper.email_extractor |   0 emails on https://parts.daf.com/en-gb/ (def from text)
2025-08-22 21:15:12,672 | INFO    | scraper.hybrid_email_extractor | JS fallback for https://parts.daf.com/en-gb/
2025-08-22 21:15:12,787 | INFO    | scraper.sitemap      | Found sitemap via standard filenames: https://walter-schmidt-chemie.de/sitemap.xml (46.79s)
2025-08-22 21:15:14,598 | INFO    | scraper.email_extractor |   0 emails on https://parts.daf.com/en-gb/ (def from text)
2025-08-22 21:15:15,625 | INFO    | scraper.email_extractor |   0 emails on https://eportal.daf.com/my.policy (def from text)
2025-08-22 21:15:15,625 | INFO    | scraper.hybrid_email_extractor | JS fallback for https://eportal.daf.com/my.policy
2025-08-22 21:15:16,996 | INFO    | scraper.email_extractor |   0 emails on https://eportal.daf.com/my.policy (def from text)
2025-08-22 21:15:20,294 | INFO    | scraper.email_extractor |   1 emails on https://www.daf.com/en/news-and-media (def from text)
2025-08-22 21:15:20,294 | INFO    | scraper.hybrid_email_extractor | Static pass found 1 emails in https://www.daf.com/en/news-and-media
2025-08-22 21:15:20,527 | INFO    | scraper.email_extractor |   0 emails on https://www.daf.com/en/suppliers (def from text)
2025-08-22 21:15:20,553 | INFO    | scraper.hybrid_email_extractor | JS fallback for https://www.daf.com/en/suppliers
2025-08-22 21:15:21,924 | INFO    | scraper.email_extractor |   0 emails on https://www.daf.com/en/suppliers (def from text)
2025-08-22 21:15:22,402 | INFO    | scraper.email_extractor |   0 emails on https://www.daf.com/en/working-at-daf (def from text)
2025-08-22 21:15:22,437 | INFO    | scraper.hybrid_email_extractor | JS fallback for https://www.daf.com/en/working-at-daf
2025-08-22 21:15:23,604 | INFO    | scraper.email_extractor |   0 emails on https://www.walter-schmidt-chemie.de/kontakt/kontaktformular/nachricht-erfolgreich-versandt.html (def from text)
2025-08-22 21:15:23,619 | INFO    | scraper.hybrid_email_extractor | Static pass found 0 on https://www.walter-schmidt-chemie.de/kontakt/kontaktformular/nachricht-erfolgreich-versandt.html
2025-08-22 21:15:23,619 | INFO    | scraper.hybrid_email_extractor | JS fallback for https://www.walter-schmidt-chemie.de/kontakt/kontaktformular/nachricht-erfolgreich-versandt.html
2025-08-22 21:15:24,334 | INFO    | scraper.email_extractor |   0 emails on https://www.daf.com/en/working-at-daf (def from text)
2025-08-22 21:15:24,582 | INFO    | scraper.email_extractor |   0 emails on https://www.daf.com/en (def from text)
2025-08-22 21:15:24,622 | INFO    | scraper.hybrid_email_extractor | JS fallback for https://www.daf.com/en
2025-08-22 21:15:25,599 | INFO    | scraper.email_extractor |   0 emails on https://www.walter-schmidt-chemie.de/kontakt/kontaktformular/nachricht-erfolgreich-versandt.html (def from text)
2025-08-22 21:15:26,312 | INFO    | scraper.email_extractor |   0 emails on https://www.walter-schmidt-chemie.de/kontakt/inhaltsverzeichnis.html (def from text)
2025-08-22 21:15:26,324 | INFO    | scraper.hybrid_email_extractor | Static pass found 0 on https://www.walter-schmidt-chemie.de/kontakt/inhaltsverzeichnis.html
2025-08-22 21:15:26,324 | INFO    | scraper.hybrid_email_extractor | JS fallback for https://www.walter-schmidt-chemie.de/kontakt/inhaltsverzeichnis.html
2025-08-22 21:15:29,440 | INFO    | scraper.email_extractor |   0 emails on https://www.daf.com/en (def from text)
2025-08-22 21:15:29,856 | INFO    | scraper.email_extractor |   0 emails on https://www.daf.com/nl-nl (def from text)
2025-08-22 21:15:29,904 | INFO    | scraper.hybrid_email_extractor | JS fallback for https://www.daf.com/nl-nl
2025-08-22 21:15:30,418 | INFO    | scraper.email_extractor |   0 emails on https://www.walter-schmidt-chemie.de/kontakt/inhaltsverzeichnis.html (def from text)
2025-08-22 21:15:31,070 | INFO    | scraper.email_extractor |   0 emails on https://www.walter-schmidt-chemie.de/kontakt/kontaktformular/ (def from text)
2025-08-22 21:15:31,081 | INFO    | scraper.hybrid_email_extractor | Static pass found 0 on https://www.walter-schmidt-chemie.de/kontakt/kontaktformular/
2025-08-22 21:15:31,081 | INFO    | scraper.hybrid_email_extractor | JS fallback for https://www.walter-schmidt-chemie.de/kontakt/kontaktformular/
2025-08-22 21:15:32,042 | INFO    | scraper.email_extractor |   0 emails on https://www.daf.com/nl-nl (def from text)
2025-08-22 21:15:32,305 | INFO    | scraper.email_extractor |   0 emails on https://www.daf.com/en/dealer-locator-page (def from text)
2025-08-22 21:15:32,322 | INFO    | scraper.hybrid_email_extractor | JS fallback for https://www.daf.com/en/dealer-locator-page
2025-08-22 21:15:32,983 | INFO    | scraper.email_extractor |   0 emails on https://www.walter-schmidt-chemie.de/kontakt/kontaktformular/ (def from text)
2025-08-22 21:15:33,216 | INFO    | scraper.email_extractor |   0 emails on https://www.walter-schmidt-chemie.de/produkte/adblue/adblue.html (def from text)
2025-08-22 21:15:33,223 | INFO    | scraper.hybrid_email_extractor | Static pass found 0 on https://www.walter-schmidt-chemie.de/produkte/adblue/adblue.html
2025-08-22 21:15:33,223 | INFO    | scraper.hybrid_email_extractor | JS fallback for https://www.walter-schmidt-chemie.de/produkte/adblue/adblue.html
2025-08-22 21:15:39,632 | INFO    | scraper.email_extractor |   0 emails on https://www.daf.com/en/dealer-locator-page (def from text)
2025-08-22 21:15:40,723 | INFO    | scraper.email_extractor |   0 emails on https://www.walter-schmidt-chemie.de/produkte/adblue/adblue.html (def from text)
2025-08-22 21:15:41,750 | INFO    | scraper.email_extractor |   0 emails on https://www.daf.com.au/ (def from text)
2025-08-22 21:15:41,773 | INFO    | scraper.email_extractor |   0 emails on https://www.walter-schmidt-chemie.de/kontakt/kontaktformular/formhandler.html (def from text)
2025-08-22 21:15:41,781 | INFO    | scraper.hybrid_email_extractor | JS fallback for https://www.daf.com.au/
2025-08-22 21:15:41,788 | INFO    | scraper.hybrid_email_extractor | Static pass found 0 on https://www.walter-schmidt-chemie.de/kontakt/kontaktformular/formhandler.html
2025-08-22 21:15:41,788 | INFO    | scraper.hybrid_email_extractor | JS fallback for https://www.walter-schmidt-chemie.de/kontakt/kontaktformular/formhandler.html
2025-08-22 21:15:47,528 | INFO    | scraper.email_extractor |   0 emails on https://www.daf.com.au/ (def from text)
2025-08-22 21:15:49,464 | INFO    | scraper.email_extractor |   0 emails on https://www.walter-schmidt-chemie.de/kontakt/kontaktformular/formhandler.html (def from text)
2025-08-22 21:15:50,475 | INFO    | scraper.email_extractor |   0 emails on https://www.walter-schmidt-chemie.de/kontakt/ (def from text)
2025-08-22 21:15:50,486 | INFO    | scraper.hybrid_email_extractor | Static pass found 0 on https://www.walter-schmidt-chemie.de/kontakt/
2025-08-22 21:15:50,486 | INFO    | scraper.hybrid_email_extractor | JS fallback for https://www.walter-schmidt-chemie.de/kontakt/
2025-08-22 21:15:52,081 | INFO    | scraper.email_extractor |   0 emails on https://www.walter-schmidt-chemie.de/kontakt/ (def from text)
2025-08-22 21:15:53,219 | INFO    | scraper.email_extractor |   0 emails on https://www.walter-schmidt-chemie.de/produkte/adblue/ (def from text)
2025-08-22 21:15:53,226 | INFO    | scraper.hybrid_email_extractor | Static pass found 0 on https://www.walter-schmidt-chemie.de/produkte/adblue/
2025-08-22 21:15:53,226 | INFO    | scraper.hybrid_email_extractor | JS fallback for https://www.walter-schmidt-chemie.de/produkte/adblue/
2025-08-22 21:15:53,632 | ERROR   | scraper.performance_optimizer | Optimized request failed for https://www.daf.com.tw?MarketCode=TW: HTTPSConnectionPool(host='www.daf.com.tw', port=443): Max retries exceeded with url: /?MarketCode=TW (Caused by SSLError(SSLCertVerificationError(1, "[SSL: CERTIFICATE_VERIFY_FAILED] certificate verify failed: Hostname mismatch, certificate is not valid for 'www.daf.com.tw'. (_ssl.c:1028)")))
2025-08-22 21:15:54,698 | INFO    | scraper.http_client  | HTTP GET https://www.daf.com.tw?MarketCode=TW → 200
2025-08-22 21:15:54,704 | INFO    | scraper.email_extractor |   0 emails on https://www.daf.com.tw/?MarketCode=TW (def from text)
2025-08-22 21:15:54,711 | INFO    | scraper.hybrid_email_extractor | JS fallback for https://www.daf.com.tw/?MarketCode=TW
2025-08-22 21:15:55,058 | INFO    | scraper.email_extractor |   0 emails on https://www.walter-schmidt-chemie.de/produkte/adblue/ (def from text)
2025-08-22 21:15:55,717 | INFO    | scraper.email_extractor |   0 emails on https://www.walter-schmidt-chemie.de/kontakt/meldeplattform-hinschg/ (def from text)
2025-08-22 21:15:55,718 | INFO    | scraper.hybrid_email_extractor | Static pass found 0 on https://www.walter-schmidt-chemie.de/kontakt/meldeplattform-hinschg/
2025-08-22 21:15:55,718 | INFO    | scraper.hybrid_email_extractor | JS fallback for https://www.walter-schmidt-chemie.de/kontakt/meldeplattform-hinschg/
2025-08-22 21:16:02,317 | INFO    | scraper.email_extractor |   0 emails on https://www.daf.com.tw/?MarketCode=TW (def from text)
2025-08-22 21:16:03,305 | INFO    | scraper.email_extractor |   0 emails on https://readytogo.daf.com/en (def from text)
2025-08-22 21:16:03,317 | INFO    | scraper.hybrid_email_extractor | JS fallback for https://readytogo.daf.com/en
2025-08-22 21:16:03,978 | INFO    | scraper.email_extractor |   0 emails on https://www.walter-schmidt-chemie.de/kontakt/meldeplattform-hinschg/ (def from text)
2025-08-22 21:16:04,246 | INFO    | scraper.email_extractor |   1 emails on https://www.walter-schmidt-chemie.de/kontakt/impressum.html (def from text)
2025-08-22 21:16:04,246 | INFO    | scraper.hybrid_email_extractor | Static pass found 1 on https://www.walter-schmidt-chemie.de/kontakt/impressum.html
2025-08-22 21:16:04,246 | INFO    | scraper.orchestrator | Used sitemap for walter-schmidt-chemie.de
2025-08-22 21:16:04,246 | INFO    | scraper.orchestrator | Skipping crawl for walter-schmidt-chemie.de: 1 emails already found
2025-08-22 21:16:04,246 | INFO    | scraper.orchestrator | ✓ Found 1 emails for walter schmidt chemie gmbh
2025-08-22 21:16:06,576 | INFO    | scraper.email_extractor |   0 emails on https://readytogo.daf.com/en (def from text)
2025-08-22 21:16:06,961 | INFO    | scraper.email_extractor |   0 emails on https://www.daf.com/en/driver-information/driver-manuals (def from text)
2025-08-22 21:16:06,990 | INFO    | scraper.hybrid_email_extractor | JS fallback for https://www.daf.com/en/driver-information/driver-manuals
2025-08-22 21:16:08,396 | INFO    | scraper.email_extractor |   0 emails on https://www.daf.com/en/driver-information/driver-manuals (def from text)
2025-08-22 21:16:09,739 | INFO    | scraper.email_extractor |   0 emails on https://rmi.daf.com/en (def from text)
2025-08-22 21:16:09,764 | INFO    | scraper.hybrid_email_extractor | JS fallback for https://rmi.daf.com/en
2025-08-22 21:16:11,201 | INFO    | scraper.email_extractor |   0 emails on https://rmi.daf.com/en (def from text)
2025-08-22 21:16:11,255 | INFO    | scraper.crawler      | Crawl of daf.com completed: 14 pages fetched, 345 unique URLs seen, 1 emails, 60.2 s
2025-08-22 21:16:11,255 | INFO    | scraper.orchestrator | ✓ Found 1 emails for daf trucks
